23:29 INFO    : Running for label 'inj_0', output will be saved to '/home/liteul/memoir_code/condor_nlive2048/inj_0'
23:57 INFO    : Running for label 'inj_0', output will be saved to '/home/liteul/memoir_code/condor_nlive2048/inj_0'
02:54 INFO    : Running for label 'inj_0', output will be saved to '/home/liteul/memoir_code/condor_nlive2048/inj_0'
02:54 INFO    : Analysis priors:
02:54 INFO    : luminosity_distance=Uniform(minimum=0.0, maximum=500.0, name='luminosity_distance', latex_label='$D_L$', unit=None, boundary=None)
02:54 INFO    : KNphi=Uniform(minimum=15.0, maximum=75.0, name='KNphi', latex_label='$\\Phi$', unit=None, boundary=None)
02:54 INFO    : KNtheta=Uniform(minimum=0.0, maximum=90.0, name='KNtheta', latex_label='$\\Phi$', unit=None, boundary=None)
02:54 INFO    : inclination_EM=Sine(minimum=0.0, maximum=1.5707963267948966, name='inclination_EM', latex_label='$\\iota$', unit=None, boundary=None)
02:54 INFO    : timeshift=Uniform(minimum=-2.0, maximum=0.0, name='timeshift', latex_label='$t_0$', unit=None, boundary=None)
02:54 INFO    : log10_mej_dyn=Uniform(minimum=-3.0, maximum=-1.0, name='log10_mej_dyn', latex_label='$\\log_{10}M^{\\rm{dyn}}_{\\rm{ej}}$', unit=None, boundary=None)
02:54 INFO    : log10_mej_wind=Uniform(minimum=-3.0, maximum=-0.5, name='log10_mej_wind', latex_label='$\\log_{10}M^{\\rm{wind}}_{\\rm{ej}}$', unit=None, boundary=None)
02:54 INFO    : Ebv=0.0
02:54 INFO    : Analysis likelihood class: <class 'nmma.em.likelihood.OpticalLightCurve'>
02:54 INFO    : Analysis likelihood noise evidence: 0.0
02:54 INFO    : Single likelihood evaluation took 1.061e-01 s
02:54 WARNING : Supplied argument 'queue_size' not an argument of 'Pymultinest', removing.
02:54 WARNING : Supplied argument 'check_point_delta_t' not an argument of 'Pymultinest', removing.
02:54 INFO    : Using sampler Pymultinest with kwargs {'importance_nested_sampling': False, 'resume': True, 'verbose': True, 'sampling_efficiency': 'parameter', 'n_live_points': 2048, 'n_params': 7, 'n_clustering_params': None, 'wrapped_params': None, 'multimodal': True, 'const_efficiency_mode': False, 'evidence_tolerance': 0.5, 'n_iter_before_update': 100, 'null_log_evidence': -1e+90, 'max_modes': 100, 'mode_tolerance': -1e+90, 'seed': 42, 'context': 0, 'write_output': True, 'log_zero': -1e+100, 'max_iter': 0, 'init_MPI': False, 'dump_callback': <bound method Pymultinest._dump_callback of <bilby.core.sampler.pymultinest.Pymultinest object at 0x79e617f1f00>>}
02:54 INFO    : Global meta data was removed from the result object for compatibility. Use the `BILBY_INCLUDE_GLOBAL_METADATA` environment variable to include it. This behaviour will be removed in a future release. For more details see: https://bilby-dev.github.io/bilby/faq.html#global-meta-data
02:54 INFO    : Using temporary file /tmp/tmpdaqmm6tm
03:00 INFO    : Overwriting /home/liteul/memoir_code/condor_nlive2048/inj_0/pm_inj_0/ with /tmp/tmpdaqmm6tm/
03:03 INFO    : Overwriting /home/liteul/memoir_code/condor_nlive2048/inj_0/pm_inj_0/ with /tmp/tmpdaqmm6tm/
03:06 INFO    : Overwriting /home/liteul/memoir_code/condor_nlive2048/inj_0/pm_inj_0/ with /tmp/tmpdaqmm6tm/
03:09 INFO    : Overwriting /home/liteul/memoir_code/condor_nlive2048/inj_0/pm_inj_0/ with /tmp/tmpdaqmm6tm/
03:13 INFO    : Overwriting /home/liteul/memoir_code/condor_nlive2048/inj_0/pm_inj_0/ with /tmp/tmpdaqmm6tm/
03:16 INFO    : Overwriting /home/liteul/memoir_code/condor_nlive2048/inj_0/pm_inj_0/ with /tmp/tmpdaqmm6tm/
03:20 INFO    : Overwriting /home/liteul/memoir_code/condor_nlive2048/inj_0/pm_inj_0/ with /tmp/tmpdaqmm6tm/
03:24 INFO    : Overwriting /home/liteul/memoir_code/condor_nlive2048/inj_0/pm_inj_0/ with /tmp/tmpdaqmm6tm/
03:28 INFO    : Overwriting /home/liteul/memoir_code/condor_nlive2048/inj_0/pm_inj_0/ with /tmp/tmpdaqmm6tm/
03:32 INFO    : Overwriting /home/liteul/memoir_code/condor_nlive2048/inj_0/pm_inj_0/ with /tmp/tmpdaqmm6tm/
03:36 INFO    : Overwriting /home/liteul/memoir_code/condor_nlive2048/inj_0/pm_inj_0/ with /tmp/tmpdaqmm6tm/
03:40 INFO    : Overwriting /home/liteul/memoir_code/condor_nlive2048/inj_0/pm_inj_0/ with /tmp/tmpdaqmm6tm/
03:43 INFO    : Overwriting /home/liteul/memoir_code/condor_nlive2048/inj_0/pm_inj_0/ with /tmp/tmpdaqmm6tm/
03:47 INFO    : Overwriting /home/liteul/memoir_code/condor_nlive2048/inj_0/pm_inj_0/ with /tmp/tmpdaqmm6tm/
03:50 INFO    : Overwriting /home/liteul/memoir_code/condor_nlive2048/inj_0/pm_inj_0/ with /tmp/tmpdaqmm6tm/
03:53 INFO    : Overwriting /home/liteul/memoir_code/condor_nlive2048/inj_0/pm_inj_0/ with /tmp/tmpdaqmm6tm/
03:56 INFO    : Overwriting /home/liteul/memoir_code/condor_nlive2048/inj_0/pm_inj_0/ with /tmp/tmpdaqmm6tm/
04:00 INFO    : Overwriting /home/liteul/memoir_code/condor_nlive2048/inj_0/pm_inj_0/ with /tmp/tmpdaqmm6tm/
04:05 INFO    : Overwriting /home/liteul/memoir_code/condor_nlive2048/inj_0/pm_inj_0/ with /tmp/tmpdaqmm6tm/
04:09 INFO    : Overwriting /home/liteul/memoir_code/condor_nlive2048/inj_0/pm_inj_0/ with /tmp/tmpdaqmm6tm/
04:13 INFO    : Overwriting /home/liteul/memoir_code/condor_nlive2048/inj_0/pm_inj_0/ with /tmp/tmpdaqmm6tm/
04:17 INFO    : Overwriting /home/liteul/memoir_code/condor_nlive2048/inj_0/pm_inj_0/ with /tmp/tmpdaqmm6tm/
04:20 INFO    : Overwriting /home/liteul/memoir_code/condor_nlive2048/inj_0/pm_inj_0/ with /tmp/tmpdaqmm6tm/
04:24 INFO    : Overwriting /home/liteul/memoir_code/condor_nlive2048/inj_0/pm_inj_0/ with /tmp/tmpdaqmm6tm/
04:29 INFO    : Overwriting /home/liteul/memoir_code/condor_nlive2048/inj_0/pm_inj_0/ with /tmp/tmpdaqmm6tm/
04:33 INFO    : Overwriting /home/liteul/memoir_code/condor_nlive2048/inj_0/pm_inj_0/ with /tmp/tmpdaqmm6tm/
04:37 INFO    : Overwriting /home/liteul/memoir_code/condor_nlive2048/inj_0/pm_inj_0/ with /tmp/tmpdaqmm6tm/
04:41 INFO    : Overwriting /home/liteul/memoir_code/condor_nlive2048/inj_0/pm_inj_0/ with /tmp/tmpdaqmm6tm/
04:45 INFO    : Overwriting /home/liteul/memoir_code/condor_nlive2048/inj_0/pm_inj_0/ with /tmp/tmpdaqmm6tm/
04:49 INFO    : Overwriting /home/liteul/memoir_code/condor_nlive2048/inj_0/pm_inj_0/ with /tmp/tmpdaqmm6tm/
04:53 INFO    : Overwriting /home/liteul/memoir_code/condor_nlive2048/inj_0/pm_inj_0/ with /tmp/tmpdaqmm6tm/
04:56 INFO    : Overwriting /home/liteul/memoir_code/condor_nlive2048/inj_0/pm_inj_0/ with /tmp/tmpdaqmm6tm/
05:01 INFO    : Overwriting /home/liteul/memoir_code/condor_nlive2048/inj_0/pm_inj_0/ with /tmp/tmpdaqmm6tm/
05:05 INFO    : Overwriting /home/liteul/memoir_code/condor_nlive2048/inj_0/pm_inj_0/ with /tmp/tmpdaqmm6tm/
05:08 INFO    : Overwriting /home/liteul/memoir_code/condor_nlive2048/inj_0/pm_inj_0/ with /tmp/tmpdaqmm6tm/
05:10 INFO    : Overwriting /home/liteul/memoir_code/condor_nlive2048/inj_0/pm_inj_0/ with /tmp/tmpdaqmm6tm/
05:13 INFO    : Overwriting /home/liteul/memoir_code/condor_nlive2048/inj_0/pm_inj_0/ with /tmp/tmpdaqmm6tm/
05:16 INFO    : Overwriting /home/liteul/memoir_code/condor_nlive2048/inj_0/pm_inj_0/ with /tmp/tmpdaqmm6tm/
05:19 INFO    : Overwriting /home/liteul/memoir_code/condor_nlive2048/inj_0/pm_inj_0/ with /tmp/tmpdaqmm6tm/
05:22 INFO    : Overwriting /home/liteul/memoir_code/condor_nlive2048/inj_0/pm_inj_0/ with /tmp/tmpdaqmm6tm/
05:25 INFO    : Overwriting /home/liteul/memoir_code/condor_nlive2048/inj_0/pm_inj_0/ with /tmp/tmpdaqmm6tm/
05:27 INFO    : Overwriting /home/liteul/memoir_code/condor_nlive2048/inj_0/pm_inj_0/ with /tmp/tmpdaqmm6tm/
05:30 INFO    : Overwriting /home/liteul/memoir_code/condor_nlive2048/inj_0/pm_inj_0/ with /tmp/tmpdaqmm6tm/
05:33 INFO    : Overwriting /home/liteul/memoir_code/condor_nlive2048/inj_0/pm_inj_0/ with /tmp/tmpdaqmm6tm/
05:36 INFO    : Overwriting /home/liteul/memoir_code/condor_nlive2048/inj_0/pm_inj_0/ with /tmp/tmpdaqmm6tm/
05:37 INFO    : Overwriting /home/liteul/memoir_code/condor_nlive2048/inj_0/pm_inj_0/ with /tmp/tmpdaqmm6tm/
05:37 INFO    : Overwriting /home/liteul/memoir_code/condor_nlive2048/inj_0/pm_inj_0/ with /tmp/tmpdaqmm6tm/
05:37 INFO    : Overwriting /home/liteul/memoir_code/condor_nlive2048/inj_0/pm_inj_0/ with /tmp/tmpdaqmm6tm/
05:37 INFO    : Sampling time: 2:42:37.054556
05:37 INFO    : Summary of results:
nsamples: 12968
ln_noise_evidence:  0.000
ln_evidence: -325.920 +/-  0.094
ln_bayes_factor: -325.920 +/-  0.094

05:37 INFO    : Writing samples file to /home/liteul/memoir_code/condor_nlive2048/inj_0/inj_0_posterior_samples.dat
11:46 INFO    : Running for label 'inj_0', output will be saved to '/home/liteul/memoir_code/condor_nlive2048/inj_0'
11:47 INFO    : Running for label 'inj_0', output will be saved to '/home/liteul/memoir_code/condor_nlive2048/inj_0'
11:47 INFO    : Analysis priors:
11:47 INFO    : luminosity_distance=Uniform(minimum=0.0, maximum=500.0, name='luminosity_distance', latex_label='$D_L$', unit=None, boundary=None)
11:47 INFO    : KNphi=Uniform(minimum=15.0, maximum=75.0, name='KNphi', latex_label='$\\Phi$', unit=None, boundary=None)
11:47 INFO    : KNtheta=Uniform(minimum=0.0, maximum=90.0, name='KNtheta', latex_label='$\\Phi$', unit=None, boundary=None)
11:47 INFO    : inclination_EM=Sine(minimum=0.0, maximum=1.5707963267948966, name='inclination_EM', latex_label='$\\iota$', unit=None, boundary=None)
11:47 INFO    : timeshift=Uniform(minimum=-2.0, maximum=0.0, name='timeshift', latex_label='$t_0$', unit=None, boundary=None)
11:47 INFO    : log10_mej_dyn=Uniform(minimum=-3.0, maximum=-1.0, name='log10_mej_dyn', latex_label='$\\log_{10}M^{\\rm{dyn}}_{\\rm{ej}}$', unit=None, boundary=None)
11:47 INFO    : log10_mej_wind=Uniform(minimum=-3.0, maximum=-0.5, name='log10_mej_wind', latex_label='$\\log_{10}M^{\\rm{wind}}_{\\rm{ej}}$', unit=None, boundary=None)
11:47 INFO    : Ebv=0.0
11:47 INFO    : Analysis likelihood class: <class 'nmma.em.likelihood.OpticalLightCurve'>
11:47 INFO    : Analysis likelihood noise evidence: 0.0
11:47 INFO    : Single likelihood evaluation took 6.271e-02 s
11:47 WARNING : Supplied argument 'queue_size' not an argument of 'Pymultinest', removing.
11:47 WARNING : Supplied argument 'check_point_delta_t' not an argument of 'Pymultinest', removing.
11:47 INFO    : Global meta data was removed from the result object for compatibility. Use the `BILBY_INCLUDE_GLOBAL_METADATA` environment variable to include it. This behaviour will be removed in a future release. For more details see: https://bilby-dev.github.io/bilby/faq.html#global-meta-data
11:47 WARNING : Using cached result
11:47 INFO    : Summary of results:
nsamples: 12968
ln_noise_evidence:  0.000
ln_evidence: -325.920 +/-  0.094
ln_bayes_factor: -325.920 +/-  0.094

11:47 INFO    : Writing samples file to /home/liteul/memoir_code/condor_nlive2048/inj_0/inj_0_posterior_samples.dat
13:10 INFO    : Running for label 'inj_0', output will be saved to '/home/liteul/memoir_code/condor_nlive2048/inj_0'
13:14 INFO    : Running for label 'inj_0', output will be saved to '/home/liteul/memoir_code/condor_nlive2048/inj_0'
13:14 INFO    : Analysis priors:
13:14 INFO    : luminosity_distance=Uniform(minimum=0.0, maximum=500.0, name='luminosity_distance', latex_label='$D_L$', unit=None, boundary=None)
13:14 INFO    : KNphi=Uniform(minimum=15.0, maximum=75.0, name='KNphi', latex_label='$\\Phi$', unit=None, boundary=None)
13:14 INFO    : KNtheta=Uniform(minimum=0.0, maximum=90.0, name='KNtheta', latex_label='$\\Phi$', unit=None, boundary=None)
13:14 INFO    : inclination_EM=Sine(minimum=0.0, maximum=1.5707963267948966, name='inclination_EM', latex_label='$\\iota$', unit=None, boundary=None)
13:14 INFO    : timeshift=Uniform(minimum=-2.0, maximum=0.0, name='timeshift', latex_label='$t_0$', unit=None, boundary=None)
13:14 INFO    : log10_mej_dyn=Uniform(minimum=-3.0, maximum=-1.0, name='log10_mej_dyn', latex_label='$\\log_{10}M^{\\rm{dyn}}_{\\rm{ej}}$', unit=None, boundary=None)
13:14 INFO    : log10_mej_wind=Uniform(minimum=-3.0, maximum=-0.5, name='log10_mej_wind', latex_label='$\\log_{10}M^{\\rm{wind}}_{\\rm{ej}}$', unit=None, boundary=None)
13:14 INFO    : Ebv=0.0
13:14 INFO    : Analysis likelihood class: <class 'nmma.em.likelihood.OpticalLightCurve'>
13:14 INFO    : Analysis likelihood noise evidence: 0.0
13:14 INFO    : Single likelihood evaluation took 5.539e-02 s
13:14 WARNING : Supplied argument 'queue_size' not an argument of 'Pymultinest', removing.
13:14 WARNING : Supplied argument 'check_point_delta_t' not an argument of 'Pymultinest', removing.
13:14 INFO    : Global meta data was removed from the result object for compatibility. Use the `BILBY_INCLUDE_GLOBAL_METADATA` environment variable to include it. This behaviour will be removed in a future release. For more details see: https://bilby-dev.github.io/bilby/faq.html#global-meta-data
13:14 WARNING : Using cached result
13:14 INFO    : Summary of results:
nsamples: 12968
ln_noise_evidence:  0.000
ln_evidence: -325.920 +/-  0.094
ln_bayes_factor: -325.920 +/-  0.094

13:14 INFO    : Writing samples file to /home/liteul/memoir_code/condor_nlive2048/inj_0/inj_0_posterior_samples.dat
17:21 INFO    : Running for label 'inj_0', output will be saved to '/home/liteul/memoir_code/condor_nlive2048/inj_0'
17:24 INFO    : Running for label 'inj_0', output will be saved to '/home/liteul/memoir_code/condor_nlive2048/inj_0'
17:24 INFO    : Analysis priors:
17:24 INFO    : luminosity_distance=Uniform(minimum=0.0, maximum=500.0, name='luminosity_distance', latex_label='$D_L$', unit=None, boundary=None)
17:24 INFO    : KNphi=Uniform(minimum=15.0, maximum=75.0, name='KNphi', latex_label='$\\Phi$', unit=None, boundary=None)
17:24 INFO    : KNtheta=Uniform(minimum=0.0, maximum=90.0, name='KNtheta', latex_label='$\\Phi$', unit=None, boundary=None)
17:24 INFO    : inclination_EM=Sine(minimum=0.0, maximum=1.5707963267948966, name='inclination_EM', latex_label='$\\iota$', unit=None, boundary=None)
17:24 INFO    : timeshift=Uniform(minimum=-2.0, maximum=0.0, name='timeshift', latex_label='$t_0$', unit=None, boundary=None)
17:24 INFO    : log10_mej_dyn=Uniform(minimum=-3.0, maximum=-1.0, name='log10_mej_dyn', latex_label='$\\log_{10}M^{\\rm{dyn}}_{\\rm{ej}}$', unit=None, boundary=None)
17:24 INFO    : log10_mej_wind=Uniform(minimum=-3.0, maximum=-0.5, name='log10_mej_wind', latex_label='$\\log_{10}M^{\\rm{wind}}_{\\rm{ej}}$', unit=None, boundary=None)
17:24 INFO    : Ebv=0.0
17:24 INFO    : Analysis likelihood class: <class 'nmma.em.likelihood.OpticalLightCurve'>
17:24 INFO    : Analysis likelihood noise evidence: 0.0
17:24 INFO    : Single likelihood evaluation took 6.165e-02 s
17:24 WARNING : Supplied argument 'queue_size' not an argument of 'Pymultinest', removing.
17:24 WARNING : Supplied argument 'check_point_delta_t' not an argument of 'Pymultinest', removing.
17:24 INFO    : Global meta data was removed from the result object for compatibility. Use the `BILBY_INCLUDE_GLOBAL_METADATA` environment variable to include it. This behaviour will be removed in a future release. For more details see: https://bilby-dev.github.io/bilby/faq.html#global-meta-data
17:24 WARNING : Using cached result
17:24 INFO    : Summary of results:
nsamples: 12968
ln_noise_evidence:  0.000
ln_evidence: -325.920 +/-  0.094
ln_bayes_factor: -325.920 +/-  0.094

17:24 INFO    : Writing samples file to /home/liteul/memoir_code/condor_nlive2048/inj_0/inj_0_posterior_samples.dat
17:30 INFO    : Running for label 'inj_0', output will be saved to '/home/liteul/memoir_code/condor_nlive2048/inj_0'
17:32 INFO    : Running for label 'inj_0', output will be saved to '/home/liteul/memoir_code/condor_nlive2048/inj_0'
17:32 INFO    : Analysis priors:
17:32 INFO    : luminosity_distance=Uniform(minimum=0.0, maximum=500.0, name='luminosity_distance', latex_label='$D_L$', unit=None, boundary=None)
17:32 INFO    : KNphi=Uniform(minimum=15.0, maximum=75.0, name='KNphi', latex_label='$\\Phi$', unit=None, boundary=None)
17:32 INFO    : KNtheta=Uniform(minimum=0.0, maximum=90.0, name='KNtheta', latex_label='$\\Phi$', unit=None, boundary=None)
17:32 INFO    : inclination_EM=Sine(minimum=0.0, maximum=1.5707963267948966, name='inclination_EM', latex_label='$\\iota$', unit=None, boundary=None)
17:32 INFO    : timeshift=Uniform(minimum=-2.0, maximum=0.0, name='timeshift', latex_label='$t_0$', unit=None, boundary=None)
17:32 INFO    : log10_mej_dyn=Uniform(minimum=-3.0, maximum=-1.0, name='log10_mej_dyn', latex_label='$\\log_{10}M^{\\rm{dyn}}_{\\rm{ej}}$', unit=None, boundary=None)
17:32 INFO    : log10_mej_wind=Uniform(minimum=-3.0, maximum=-0.5, name='log10_mej_wind', latex_label='$\\log_{10}M^{\\rm{wind}}_{\\rm{ej}}$', unit=None, boundary=None)
17:32 INFO    : Ebv=0.0
17:32 INFO    : Analysis likelihood class: <class 'nmma.em.likelihood.OpticalLightCurve'>
17:32 INFO    : Analysis likelihood noise evidence: 0.0
17:32 INFO    : Single likelihood evaluation took 5.190e-02 s
17:32 WARNING : Supplied argument 'queue_size' not an argument of 'Pymultinest', removing.
17:32 WARNING : Supplied argument 'check_point_delta_t' not an argument of 'Pymultinest', removing.
17:32 INFO    : Global meta data was removed from the result object for compatibility. Use the `BILBY_INCLUDE_GLOBAL_METADATA` environment variable to include it. This behaviour will be removed in a future release. For more details see: https://bilby-dev.github.io/bilby/faq.html#global-meta-data
17:32 WARNING : Using cached result
17:32 INFO    : Summary of results:
nsamples: 12968
ln_noise_evidence:  0.000
ln_evidence: -325.920 +/-  0.094
ln_bayes_factor: -325.920 +/-  0.094

17:32 INFO    : Writing samples file to /home/liteul/memoir_code/condor_nlive2048/inj_0/inj_0_posterior_samples.dat
