21:36 INFO    : Running for label '19', output will be saved to '/home/stu_jamsin/jamsin/semi_anal/19'
21:36 INFO    : Analysis priors:
21:36 INFO    : luminosity_distance=Uniform(minimum=0.0, maximum=500.0, name='luminosity_distance', latex_label='$D_L$', unit=None, boundary=None)
21:36 INFO    : KNphi=Uniform(minimum=15.0, maximum=75.0, name='KNphi', latex_label='$\\Phi$', unit=None, boundary=None)
21:36 INFO    : KNtheta=Uniform(minimum=0.0, maximum=90.0, name='KNtheta', latex_label='$\\Phi$', unit=None, boundary=None)
21:36 INFO    : inclination_EM=Sine(minimum=0.0, maximum=1.5707963267948966, name='inclination_EM', latex_label='$\\iota$', unit=None, boundary=None)
21:36 INFO    : timeshift=Uniform(minimum=-2.0, maximum=0.0, name='timeshift', latex_label='$t_0$', unit=None, boundary=None)
21:36 INFO    : log10_mej_dyn=Uniform(minimum=-3.0, maximum=-1.0, name='log10_mej_dyn', latex_label='$\\log_{10}M^{\\rm{dyn}}_{\\rm{ej}}$', unit=None, boundary=None)
21:36 INFO    : log10_mej_wind=Uniform(minimum=-3.0, maximum=-0.5, name='log10_mej_wind', latex_label='$\\log_{10}M^{\\rm{wind}}_{\\rm{ej}}$', unit=None, boundary=None)
21:36 INFO    : Ebv=0.0
21:36 INFO    : Analysis likelihood class: <class 'nmma.em.likelihood.OpticalLightCurve'>
21:36 INFO    : Analysis likelihood noise evidence: 0.0
21:37 INFO    : Single likelihood evaluation took 2.565e-01 s
21:37 WARNING : Supplied argument 'queue_size' not an argument of 'Pymultinest', removing.
21:37 WARNING : Supplied argument 'check_point_delta_t' not an argument of 'Pymultinest', removing.
21:37 INFO    : Using sampler Pymultinest with kwargs {'importance_nested_sampling': False, 'resume': True, 'verbose': True, 'sampling_efficiency': 'parameter', 'n_live_points': 2048, 'n_params': 7, 'n_clustering_params': None, 'wrapped_params': None, 'multimodal': True, 'const_efficiency_mode': False, 'evidence_tolerance': 0.5, 'n_iter_before_update': 100, 'null_log_evidence': -1e+90, 'max_modes': 100, 'mode_tolerance': -1e+90, 'seed': 42, 'context': 0, 'write_output': True, 'log_zero': -1e+100, 'max_iter': 0, 'init_MPI': False, 'dump_callback': <bound method Pymultinest._dump_callback of <bilby.core.sampler.pymultinest.Pymultinest object at 0xe8431679c90>>}
21:37 INFO    : Global meta data was removed from the result object for compatibility. Use the `BILBY_INCLUDE_GLOBAL_METADATA` environment variable to include it. This behaviour will be removed in a future release. For more details see: https://bilby-dev.github.io/bilby/faq.html#global-meta-data
21:37 INFO    : Using temporary file /tmp/tmpb9dwafsu
21:53 INFO    : Overwriting /home/stu_jamsin/jamsin/semi_anal/19/pm_19/ with /tmp/tmpb9dwafsu/
22:00 INFO    : Overwriting /home/stu_jamsin/jamsin/semi_anal/19/pm_19/ with /tmp/tmpb9dwafsu/
22:09 INFO    : Overwriting /home/stu_jamsin/jamsin/semi_anal/19/pm_19/ with /tmp/tmpb9dwafsu/
22:18 INFO    : Overwriting /home/stu_jamsin/jamsin/semi_anal/19/pm_19/ with /tmp/tmpb9dwafsu/
22:27 INFO    : Overwriting /home/stu_jamsin/jamsin/semi_anal/19/pm_19/ with /tmp/tmpb9dwafsu/
22:37 INFO    : Overwriting /home/stu_jamsin/jamsin/semi_anal/19/pm_19/ with /tmp/tmpb9dwafsu/
22:46 INFO    : Overwriting /home/stu_jamsin/jamsin/semi_anal/19/pm_19/ with /tmp/tmpb9dwafsu/
22:57 INFO    : Overwriting /home/stu_jamsin/jamsin/semi_anal/19/pm_19/ with /tmp/tmpb9dwafsu/
23:07 INFO    : Overwriting /home/stu_jamsin/jamsin/semi_anal/19/pm_19/ with /tmp/tmpb9dwafsu/
23:18 INFO    : Overwriting /home/stu_jamsin/jamsin/semi_anal/19/pm_19/ with /tmp/tmpb9dwafsu/
23:29 INFO    : Overwriting /home/stu_jamsin/jamsin/semi_anal/19/pm_19/ with /tmp/tmpb9dwafsu/
23:40 INFO    : Overwriting /home/stu_jamsin/jamsin/semi_anal/19/pm_19/ with /tmp/tmpb9dwafsu/
23:53 INFO    : Overwriting /home/stu_jamsin/jamsin/semi_anal/19/pm_19/ with /tmp/tmpb9dwafsu/
00:06 INFO    : Overwriting /home/stu_jamsin/jamsin/semi_anal/19/pm_19/ with /tmp/tmpb9dwafsu/
00:20 INFO    : Overwriting /home/stu_jamsin/jamsin/semi_anal/19/pm_19/ with /tmp/tmpb9dwafsu/
00:34 INFO    : Overwriting /home/stu_jamsin/jamsin/semi_anal/19/pm_19/ with /tmp/tmpb9dwafsu/
00:48 INFO    : Overwriting /home/stu_jamsin/jamsin/semi_anal/19/pm_19/ with /tmp/tmpb9dwafsu/
01:02 INFO    : Overwriting /home/stu_jamsin/jamsin/semi_anal/19/pm_19/ with /tmp/tmpb9dwafsu/
01:15 INFO    : Overwriting /home/stu_jamsin/jamsin/semi_anal/19/pm_19/ with /tmp/tmpb9dwafsu/
01:28 INFO    : Overwriting /home/stu_jamsin/jamsin/semi_anal/19/pm_19/ with /tmp/tmpb9dwafsu/
01:41 INFO    : Overwriting /home/stu_jamsin/jamsin/semi_anal/19/pm_19/ with /tmp/tmpb9dwafsu/
01:52 INFO    : Overwriting /home/stu_jamsin/jamsin/semi_anal/19/pm_19/ with /tmp/tmpb9dwafsu/
02:01 INFO    : Overwriting /home/stu_jamsin/jamsin/semi_anal/19/pm_19/ with /tmp/tmpb9dwafsu/
02:10 INFO    : Overwriting /home/stu_jamsin/jamsin/semi_anal/19/pm_19/ with /tmp/tmpb9dwafsu/
02:17 INFO    : Overwriting /home/stu_jamsin/jamsin/semi_anal/19/pm_19/ with /tmp/tmpb9dwafsu/
02:19 INFO    : Overwriting /home/stu_jamsin/jamsin/semi_anal/19/pm_19/ with /tmp/tmpb9dwafsu/
02:19 INFO    : Overwriting /home/stu_jamsin/jamsin/semi_anal/19/pm_19/ with /tmp/tmpb9dwafsu/
02:19 INFO    : Overwriting /home/stu_jamsin/jamsin/semi_anal/19/pm_19/ with /tmp/tmpb9dwafsu/
02:19 INFO    : Sampling time: 4:42:27.801758
02:19 INFO    : Summary of results:
nsamples: 13388
ln_noise_evidence:  0.000
ln_evidence: -36.809 +/-  0.064
ln_bayes_factor: -36.809 +/-  0.064

02:19 INFO    : Writing samples file to /home/stu_jamsin/jamsin/semi_anal/19/19_posterior_samples.dat
