13:31 INFO    : Running for label '1', output will be saved to '/home/stu_jamsin/jamsin/condor_synth_1t0_no_noise_nojitter/1'
13:31 INFO    : Analysis priors:
13:31 INFO    : luminosity_distance=Uniform(minimum=0.0, maximum=200.0, name='luminosity_distance', latex_label='$D_L$', unit=None, boundary=None)
13:31 INFO    : KNphi=Uniform(minimum=15.0, maximum=75.0, name='KNphi', latex_label='$\\Phi$', unit=None, boundary=None)
13:31 INFO    : KNtheta=Uniform(minimum=0.0, maximum=90.0, name='KNtheta', latex_label='$\\Phi$', unit=None, boundary=None)
13:31 INFO    : inclination_EM=Sine(minimum=0.0, maximum=1.5707963267948966, name='inclination_EM', latex_label='$\\iota$', unit=None, boundary=None)
13:31 INFO    : timeshift=Uniform(minimum=-1.0, maximum=0.0, name='timeshift', latex_label='$t_0$', unit=None, boundary=None)
13:31 INFO    : log10_mej_dyn=Uniform(minimum=-3.0, maximum=-1.0, name='log10_mej_dyn', latex_label='$\\log_{10}M^{\\rm{dyn}}_{\\rm{ej}}$', unit=None, boundary=None)
13:31 INFO    : log10_mej_wind=Uniform(minimum=-3.0, maximum=-0.5, name='log10_mej_wind', latex_label='$\\log_{10}M^{\\rm{wind}}_{\\rm{ej}}$', unit=None, boundary=None)
13:31 INFO    : Ebv=0.0
13:31 INFO    : Analysis likelihood class: <class 'nmma.em.likelihood.OpticalLightCurve'>
13:31 INFO    : Analysis likelihood noise evidence: 0.0
13:31 INFO    : Single likelihood evaluation took 7.942e-02 s
13:31 WARNING : Supplied argument 'queue_size' not an argument of 'Pymultinest', removing.
13:31 WARNING : Supplied argument 'check_point_delta_t' not an argument of 'Pymultinest', removing.
13:31 INFO    : Using sampler Pymultinest with kwargs {'importance_nested_sampling': False, 'resume': True, 'verbose': True, 'sampling_efficiency': 'parameter', 'n_live_points': 2048, 'n_params': 7, 'n_clustering_params': None, 'wrapped_params': None, 'multimodal': True, 'const_efficiency_mode': False, 'evidence_tolerance': 0.5, 'n_iter_before_update': 100, 'null_log_evidence': -1e+90, 'max_modes': 100, 'mode_tolerance': -1e+90, 'seed': 42, 'context': 0, 'write_output': True, 'log_zero': -1e+100, 'max_iter': 0, 'init_MPI': False, 'dump_callback': <bound method Pymultinest._dump_callback of <bilby.core.sampler.pymultinest.Pymultinest object at 0x8c76f74a9e0>>}
13:31 INFO    : Global meta data was removed from the result object for compatibility. Use the `BILBY_INCLUDE_GLOBAL_METADATA` environment variable to include it. This behaviour will be removed in a future release. For more details see: https://bilby-dev.github.io/bilby/faq.html#global-meta-data
13:31 INFO    : Using temporary file /tmp/tmpfmz2l_yn
13:36 INFO    : Overwriting /home/stu_jamsin/jamsin/condor_synth_1t0_no_noise_nojitter/1/pm_1/ with /tmp/tmpfmz2l_yn/
13:38 INFO    : Overwriting /home/stu_jamsin/jamsin/condor_synth_1t0_no_noise_nojitter/1/pm_1/ with /tmp/tmpfmz2l_yn/
13:41 INFO    : Overwriting /home/stu_jamsin/jamsin/condor_synth_1t0_no_noise_nojitter/1/pm_1/ with /tmp/tmpfmz2l_yn/
13:43 INFO    : Overwriting /home/stu_jamsin/jamsin/condor_synth_1t0_no_noise_nojitter/1/pm_1/ with /tmp/tmpfmz2l_yn/
13:46 INFO    : Overwriting /home/stu_jamsin/jamsin/condor_synth_1t0_no_noise_nojitter/1/pm_1/ with /tmp/tmpfmz2l_yn/
13:49 INFO    : Overwriting /home/stu_jamsin/jamsin/condor_synth_1t0_no_noise_nojitter/1/pm_1/ with /tmp/tmpfmz2l_yn/
13:52 INFO    : Overwriting /home/stu_jamsin/jamsin/condor_synth_1t0_no_noise_nojitter/1/pm_1/ with /tmp/tmpfmz2l_yn/
13:55 INFO    : Overwriting /home/stu_jamsin/jamsin/condor_synth_1t0_no_noise_nojitter/1/pm_1/ with /tmp/tmpfmz2l_yn/
13:58 INFO    : Overwriting /home/stu_jamsin/jamsin/condor_synth_1t0_no_noise_nojitter/1/pm_1/ with /tmp/tmpfmz2l_yn/
14:01 INFO    : Overwriting /home/stu_jamsin/jamsin/condor_synth_1t0_no_noise_nojitter/1/pm_1/ with /tmp/tmpfmz2l_yn/
14:05 INFO    : Overwriting /home/stu_jamsin/jamsin/condor_synth_1t0_no_noise_nojitter/1/pm_1/ with /tmp/tmpfmz2l_yn/
14:08 INFO    : Overwriting /home/stu_jamsin/jamsin/condor_synth_1t0_no_noise_nojitter/1/pm_1/ with /tmp/tmpfmz2l_yn/
14:12 INFO    : Overwriting /home/stu_jamsin/jamsin/condor_synth_1t0_no_noise_nojitter/1/pm_1/ with /tmp/tmpfmz2l_yn/
14:15 INFO    : Overwriting /home/stu_jamsin/jamsin/condor_synth_1t0_no_noise_nojitter/1/pm_1/ with /tmp/tmpfmz2l_yn/
14:19 INFO    : Overwriting /home/stu_jamsin/jamsin/condor_synth_1t0_no_noise_nojitter/1/pm_1/ with /tmp/tmpfmz2l_yn/
14:23 INFO    : Overwriting /home/stu_jamsin/jamsin/condor_synth_1t0_no_noise_nojitter/1/pm_1/ with /tmp/tmpfmz2l_yn/
14:27 INFO    : Overwriting /home/stu_jamsin/jamsin/condor_synth_1t0_no_noise_nojitter/1/pm_1/ with /tmp/tmpfmz2l_yn/
14:31 INFO    : Overwriting /home/stu_jamsin/jamsin/condor_synth_1t0_no_noise_nojitter/1/pm_1/ with /tmp/tmpfmz2l_yn/
14:35 INFO    : Overwriting /home/stu_jamsin/jamsin/condor_synth_1t0_no_noise_nojitter/1/pm_1/ with /tmp/tmpfmz2l_yn/
14:39 INFO    : Overwriting /home/stu_jamsin/jamsin/condor_synth_1t0_no_noise_nojitter/1/pm_1/ with /tmp/tmpfmz2l_yn/
14:43 INFO    : Overwriting /home/stu_jamsin/jamsin/condor_synth_1t0_no_noise_nojitter/1/pm_1/ with /tmp/tmpfmz2l_yn/
14:47 INFO    : Overwriting /home/stu_jamsin/jamsin/condor_synth_1t0_no_noise_nojitter/1/pm_1/ with /tmp/tmpfmz2l_yn/
14:50 INFO    : Overwriting /home/stu_jamsin/jamsin/condor_synth_1t0_no_noise_nojitter/1/pm_1/ with /tmp/tmpfmz2l_yn/
14:53 INFO    : Overwriting /home/stu_jamsin/jamsin/condor_synth_1t0_no_noise_nojitter/1/pm_1/ with /tmp/tmpfmz2l_yn/
14:57 INFO    : Overwriting /home/stu_jamsin/jamsin/condor_synth_1t0_no_noise_nojitter/1/pm_1/ with /tmp/tmpfmz2l_yn/
14:57 INFO    : Overwriting /home/stu_jamsin/jamsin/condor_synth_1t0_no_noise_nojitter/1/pm_1/ with /tmp/tmpfmz2l_yn/
14:57 INFO    : Overwriting /home/stu_jamsin/jamsin/condor_synth_1t0_no_noise_nojitter/1/pm_1/ with /tmp/tmpfmz2l_yn/
14:57 INFO    : Overwriting /home/stu_jamsin/jamsin/condor_synth_1t0_no_noise_nojitter/1/pm_1/ with /tmp/tmpfmz2l_yn/
14:57 INFO    : Sampling time: 1:26:24.886188
14:58 INFO    : Summary of results:
nsamples: 9967
ln_noise_evidence:  0.000
ln_evidence: -42.934 +/-  0.067
ln_bayes_factor: -42.934 +/-  0.067

14:58 INFO    : Writing samples file to /home/stu_jamsin/jamsin/condor_synth_1t0_no_noise_nojitter/1/1_posterior_samples.dat
