03:58 INFO    : Running for label 'inj_6', output will be saved to '/home/liteul/memoir_code/condor_nlive2048/inj_6'
03:58 INFO    : Analysis priors:
03:58 INFO    : luminosity_distance=Uniform(minimum=0.0, maximum=500.0, name='luminosity_distance', latex_label='$D_L$', unit=None, boundary=None)
03:58 INFO    : KNphi=Uniform(minimum=15.0, maximum=75.0, name='KNphi', latex_label='$\\Phi$', unit=None, boundary=None)
03:58 INFO    : KNtheta=Uniform(minimum=0.0, maximum=90.0, name='KNtheta', latex_label='$\\Phi$', unit=None, boundary=None)
03:58 INFO    : inclination_EM=Sine(minimum=0.0, maximum=1.5707963267948966, name='inclination_EM', latex_label='$\\iota$', unit=None, boundary=None)
03:58 INFO    : timeshift=Uniform(minimum=-2.0, maximum=0.0, name='timeshift', latex_label='$t_0$', unit=None, boundary=None)
03:58 INFO    : log10_mej_dyn=Uniform(minimum=-3.0, maximum=-1.0, name='log10_mej_dyn', latex_label='$\\log_{10}M^{\\rm{dyn}}_{\\rm{ej}}$', unit=None, boundary=None)
03:58 INFO    : log10_mej_wind=Uniform(minimum=-3.0, maximum=-0.5, name='log10_mej_wind', latex_label='$\\log_{10}M^{\\rm{wind}}_{\\rm{ej}}$', unit=None, boundary=None)
03:58 INFO    : Ebv=0.0
03:58 INFO    : Analysis likelihood class: <class 'nmma.em.likelihood.OpticalLightCurve'>
03:58 INFO    : Analysis likelihood noise evidence: 0.0
03:58 INFO    : Single likelihood evaluation took 7.150e-02 s
03:58 WARNING : Supplied argument 'queue_size' not an argument of 'Pymultinest', removing.
03:58 WARNING : Supplied argument 'check_point_delta_t' not an argument of 'Pymultinest', removing.
03:58 INFO    : Using sampler Pymultinest with kwargs {'importance_nested_sampling': False, 'resume': True, 'verbose': True, 'sampling_efficiency': 'parameter', 'n_live_points': 2048, 'n_params': 7, 'n_clustering_params': None, 'wrapped_params': None, 'multimodal': True, 'const_efficiency_mode': False, 'evidence_tolerance': 0.5, 'n_iter_before_update': 100, 'null_log_evidence': -1e+90, 'max_modes': 100, 'mode_tolerance': -1e+90, 'seed': 42, 'context': 0, 'write_output': True, 'log_zero': -1e+100, 'max_iter': 0, 'init_MPI': False, 'dump_callback': <bound method Pymultinest._dump_callback of <bilby.core.sampler.pymultinest.Pymultinest object at 0x685d4693f10>>}
03:58 INFO    : Global meta data was removed from the result object for compatibility. Use the `BILBY_INCLUDE_GLOBAL_METADATA` environment variable to include it. This behaviour will be removed in a future release. For more details see: https://bilby-dev.github.io/bilby/faq.html#global-meta-data
03:58 INFO    : Using temporary file /tmp/tmp6p1a2a7c
04:02 INFO    : Overwriting /home/liteul/memoir_code/condor_nlive2048/inj_6/pm_inj_6/ with /tmp/tmp6p1a2a7c/
04:04 INFO    : Overwriting /home/liteul/memoir_code/condor_nlive2048/inj_6/pm_inj_6/ with /tmp/tmp6p1a2a7c/
04:06 INFO    : Overwriting /home/liteul/memoir_code/condor_nlive2048/inj_6/pm_inj_6/ with /tmp/tmp6p1a2a7c/
04:08 INFO    : Overwriting /home/liteul/memoir_code/condor_nlive2048/inj_6/pm_inj_6/ with /tmp/tmp6p1a2a7c/
04:10 INFO    : Overwriting /home/liteul/memoir_code/condor_nlive2048/inj_6/pm_inj_6/ with /tmp/tmp6p1a2a7c/
04:13 INFO    : Overwriting /home/liteul/memoir_code/condor_nlive2048/inj_6/pm_inj_6/ with /tmp/tmp6p1a2a7c/
04:14 INFO    : Overwriting /home/liteul/memoir_code/condor_nlive2048/inj_6/pm_inj_6/ with /tmp/tmp6p1a2a7c/
04:16 INFO    : Overwriting /home/liteul/memoir_code/condor_nlive2048/inj_6/pm_inj_6/ with /tmp/tmp6p1a2a7c/
04:18 INFO    : Overwriting /home/liteul/memoir_code/condor_nlive2048/inj_6/pm_inj_6/ with /tmp/tmp6p1a2a7c/
04:21 INFO    : Overwriting /home/liteul/memoir_code/condor_nlive2048/inj_6/pm_inj_6/ with /tmp/tmp6p1a2a7c/
04:23 INFO    : Overwriting /home/liteul/memoir_code/condor_nlive2048/inj_6/pm_inj_6/ with /tmp/tmp6p1a2a7c/
04:25 INFO    : Overwriting /home/liteul/memoir_code/condor_nlive2048/inj_6/pm_inj_6/ with /tmp/tmp6p1a2a7c/
04:27 INFO    : Overwriting /home/liteul/memoir_code/condor_nlive2048/inj_6/pm_inj_6/ with /tmp/tmp6p1a2a7c/
04:30 INFO    : Overwriting /home/liteul/memoir_code/condor_nlive2048/inj_6/pm_inj_6/ with /tmp/tmp6p1a2a7c/
04:33 INFO    : Overwriting /home/liteul/memoir_code/condor_nlive2048/inj_6/pm_inj_6/ with /tmp/tmp6p1a2a7c/
04:35 INFO    : Overwriting /home/liteul/memoir_code/condor_nlive2048/inj_6/pm_inj_6/ with /tmp/tmp6p1a2a7c/
04:38 INFO    : Overwriting /home/liteul/memoir_code/condor_nlive2048/inj_6/pm_inj_6/ with /tmp/tmp6p1a2a7c/
04:41 INFO    : Overwriting /home/liteul/memoir_code/condor_nlive2048/inj_6/pm_inj_6/ with /tmp/tmp6p1a2a7c/
04:44 INFO    : Overwriting /home/liteul/memoir_code/condor_nlive2048/inj_6/pm_inj_6/ with /tmp/tmp6p1a2a7c/
04:47 INFO    : Overwriting /home/liteul/memoir_code/condor_nlive2048/inj_6/pm_inj_6/ with /tmp/tmp6p1a2a7c/
04:50 INFO    : Overwriting /home/liteul/memoir_code/condor_nlive2048/inj_6/pm_inj_6/ with /tmp/tmp6p1a2a7c/
04:54 INFO    : Overwriting /home/liteul/memoir_code/condor_nlive2048/inj_6/pm_inj_6/ with /tmp/tmp6p1a2a7c/
04:57 INFO    : Overwriting /home/liteul/memoir_code/condor_nlive2048/inj_6/pm_inj_6/ with /tmp/tmp6p1a2a7c/
05:01 INFO    : Overwriting /home/liteul/memoir_code/condor_nlive2048/inj_6/pm_inj_6/ with /tmp/tmp6p1a2a7c/
05:04 INFO    : Overwriting /home/liteul/memoir_code/condor_nlive2048/inj_6/pm_inj_6/ with /tmp/tmp6p1a2a7c/
05:08 INFO    : Overwriting /home/liteul/memoir_code/condor_nlive2048/inj_6/pm_inj_6/ with /tmp/tmp6p1a2a7c/
05:12 INFO    : Overwriting /home/liteul/memoir_code/condor_nlive2048/inj_6/pm_inj_6/ with /tmp/tmp6p1a2a7c/
05:16 INFO    : Overwriting /home/liteul/memoir_code/condor_nlive2048/inj_6/pm_inj_6/ with /tmp/tmp6p1a2a7c/
05:20 INFO    : Overwriting /home/liteul/memoir_code/condor_nlive2048/inj_6/pm_inj_6/ with /tmp/tmp6p1a2a7c/
05:24 INFO    : Overwriting /home/liteul/memoir_code/condor_nlive2048/inj_6/pm_inj_6/ with /tmp/tmp6p1a2a7c/
05:29 INFO    : Overwriting /home/liteul/memoir_code/condor_nlive2048/inj_6/pm_inj_6/ with /tmp/tmp6p1a2a7c/
05:34 INFO    : Overwriting /home/liteul/memoir_code/condor_nlive2048/inj_6/pm_inj_6/ with /tmp/tmp6p1a2a7c/
05:38 INFO    : Overwriting /home/liteul/memoir_code/condor_nlive2048/inj_6/pm_inj_6/ with /tmp/tmp6p1a2a7c/
05:41 INFO    : Overwriting /home/liteul/memoir_code/condor_nlive2048/inj_6/pm_inj_6/ with /tmp/tmp6p1a2a7c/
05:44 INFO    : Overwriting /home/liteul/memoir_code/condor_nlive2048/inj_6/pm_inj_6/ with /tmp/tmp6p1a2a7c/
05:47 INFO    : Overwriting /home/liteul/memoir_code/condor_nlive2048/inj_6/pm_inj_6/ with /tmp/tmp6p1a2a7c/
05:50 INFO    : Overwriting /home/liteul/memoir_code/condor_nlive2048/inj_6/pm_inj_6/ with /tmp/tmp6p1a2a7c/
05:53 INFO    : Overwriting /home/liteul/memoir_code/condor_nlive2048/inj_6/pm_inj_6/ with /tmp/tmp6p1a2a7c/
05:56 INFO    : Overwriting /home/liteul/memoir_code/condor_nlive2048/inj_6/pm_inj_6/ with /tmp/tmp6p1a2a7c/
05:59 INFO    : Overwriting /home/liteul/memoir_code/condor_nlive2048/inj_6/pm_inj_6/ with /tmp/tmp6p1a2a7c/
06:02 INFO    : Overwriting /home/liteul/memoir_code/condor_nlive2048/inj_6/pm_inj_6/ with /tmp/tmp6p1a2a7c/
06:02 INFO    : Overwriting /home/liteul/memoir_code/condor_nlive2048/inj_6/pm_inj_6/ with /tmp/tmp6p1a2a7c/
06:02 INFO    : Overwriting /home/liteul/memoir_code/condor_nlive2048/inj_6/pm_inj_6/ with /tmp/tmp6p1a2a7c/
06:02 INFO    : Overwriting /home/liteul/memoir_code/condor_nlive2048/inj_6/pm_inj_6/ with /tmp/tmp6p1a2a7c/
06:02 INFO    : Sampling time: 2:03:50.522927
06:02 INFO    : Summary of results:
nsamples: 12740
ln_noise_evidence:  0.000
ln_evidence: -329.993 +/-  0.089
ln_bayes_factor: -329.993 +/-  0.089

06:02 INFO    : Writing samples file to /home/liteul/memoir_code/condor_nlive2048/inj_6/inj_6_posterior_samples.dat
11:47 INFO    : Running for label 'inj_6', output will be saved to '/home/liteul/memoir_code/condor_nlive2048/inj_6'
11:47 INFO    : Analysis priors:
11:47 INFO    : luminosity_distance=Uniform(minimum=0.0, maximum=500.0, name='luminosity_distance', latex_label='$D_L$', unit=None, boundary=None)
11:47 INFO    : KNphi=Uniform(minimum=15.0, maximum=75.0, name='KNphi', latex_label='$\\Phi$', unit=None, boundary=None)
11:47 INFO    : KNtheta=Uniform(minimum=0.0, maximum=90.0, name='KNtheta', latex_label='$\\Phi$', unit=None, boundary=None)
11:47 INFO    : inclination_EM=Sine(minimum=0.0, maximum=1.5707963267948966, name='inclination_EM', latex_label='$\\iota$', unit=None, boundary=None)
11:47 INFO    : timeshift=Uniform(minimum=-2.0, maximum=0.0, name='timeshift', latex_label='$t_0$', unit=None, boundary=None)
11:47 INFO    : log10_mej_dyn=Uniform(minimum=-3.0, maximum=-1.0, name='log10_mej_dyn', latex_label='$\\log_{10}M^{\\rm{dyn}}_{\\rm{ej}}$', unit=None, boundary=None)
11:47 INFO    : log10_mej_wind=Uniform(minimum=-3.0, maximum=-0.5, name='log10_mej_wind', latex_label='$\\log_{10}M^{\\rm{wind}}_{\\rm{ej}}$', unit=None, boundary=None)
11:47 INFO    : Ebv=0.0
11:47 INFO    : Analysis likelihood class: <class 'nmma.em.likelihood.OpticalLightCurve'>
11:47 INFO    : Analysis likelihood noise evidence: 0.0
11:47 INFO    : Single likelihood evaluation took 6.244e-02 s
11:47 WARNING : Supplied argument 'queue_size' not an argument of 'Pymultinest', removing.
11:47 WARNING : Supplied argument 'check_point_delta_t' not an argument of 'Pymultinest', removing.
11:47 INFO    : Global meta data was removed from the result object for compatibility. Use the `BILBY_INCLUDE_GLOBAL_METADATA` environment variable to include it. This behaviour will be removed in a future release. For more details see: https://bilby-dev.github.io/bilby/faq.html#global-meta-data
11:47 WARNING : Using cached result
11:47 INFO    : Summary of results:
nsamples: 12740
ln_noise_evidence:  0.000
ln_evidence: -329.993 +/-  0.089
ln_bayes_factor: -329.993 +/-  0.089

11:47 INFO    : Writing samples file to /home/liteul/memoir_code/condor_nlive2048/inj_6/inj_6_posterior_samples.dat
