18:35 INFO    : Running for label 'minus4_0', output will be saved to '/home/stu_jamsin/memoir_grid/bu26_copy/0/minus4'
18:35 INFO    : Analysis priors:
18:35 INFO    : timeshift=Uniform(minimum=-8.0, maximum=-0.25, name='trigger_time', latex_label='$t_0$', unit=None, boundary=None)
18:35 INFO    : inclination_EM=Uniform(minimum=0.0, maximum=1.5707963267948966, name='inclination_EM', latex_label='$\\iota$', unit=None, boundary=None)
18:35 INFO    : log10_mej_dyn=Uniform(minimum=-4.0, maximum=-1.302, name='log10_mej_dyn', latex_label='$\\log_{10}M^{\\rm{dyn}}_{\\rm{ej}}$', unit=None, boundary=None)
18:35 INFO    : log10_mej_wind=Uniform(minimum=-4.0, maximum=-0.56, name='log10_mej_wind', latex_label='$\\log_{10}M^{\\rm{wind}}_{\\rm{ej}}$', unit=None, boundary=None)
18:35 INFO    : v_ej_dyn=Uniform(minimum=0.12, maximum=0.35, name='vej_dyn', latex_label='$V^{\\rm{dyn}}_{\\rm{ej}}$', unit=None, boundary=None)
18:35 INFO    : v_ej_wind=Uniform(minimum=0.05, maximum=0.15, name='vej_wind', latex_label='$V^{\\rm{wind}}_{\\rm{ej}}$', unit=None, boundary=None)
18:35 INFO    : Ye_dyn=Uniform(minimum=0.15, maximum=0.35, name='Ye_dyn', latex_label='$Y_{\\rme}^{\\rm{dyn}}$', unit=None, boundary=None)
18:35 INFO    : Ye_wind=Uniform(minimum=0.2, maximum=0.4, name='Ye_wind', latex_label='$Y_{\\rme}^{\\rm{wind}}$', unit=None, boundary=None)
18:35 INFO    : em_syserr=Uniform(minimum=0.3, maximum=3, name='em_syserr', latex_label='$\\sigma^{\\rm{err}}_{\\rm{ej}}$', unit=None, boundary=None)
18:35 INFO    : luminosity_distance=Uniform(minimum=10, maximum=200, name='luminosity_distance', latex_label='$D_L$', unit=None, boundary=None)
18:35 INFO    : Ebv=0.0
18:35 INFO    : Analysis likelihood class: <class 'nmma.em.em_likelihood.EMTransientLikelihood'>
18:35 INFO    : Analysis likelihood noise evidence: 0.0
18:35 INFO    : Single likelihood evaluation took 1.338e-02 s
18:35 WARNING : Supplied argument 'queue_size' not an argument of 'Pymultinest', removing.
18:35 WARNING : Supplied argument 'check_point_delta_t' not an argument of 'Pymultinest', removing.
18:35 INFO    : Using sampler Pymultinest with kwargs {'importance_nested_sampling': False, 'resume': True, 'verbose': True, 'sampling_efficiency': 'parameter', 'n_live_points': 512, 'n_params': 10, 'n_clustering_params': None, 'wrapped_params': None, 'multimodal': True, 'const_efficiency_mode': False, 'evidence_tolerance': 0.5, 'n_iter_before_update': 100, 'null_log_evidence': -1e+90, 'max_modes': 100, 'mode_tolerance': -1e+90, 'seed': 42, 'context': 0, 'write_output': True, 'log_zero': -1e+100, 'max_iter': 0, 'init_MPI': False, 'dump_callback': <bound method Pymultinest._dump_callback of <bilby.core.sampler.pymultinest.Pymultinest object at 0xf873829f7a0>>}
18:35 INFO    : Global meta data was removed from the result object for compatibility. Use the `BILBY_INCLUDE_GLOBAL_METADATA` environment variable to include it. This behaviour will be removed in a future release. For more details see: https://bilby-dev.github.io/bilby/faq.html#global-meta-data
18:35 INFO    : Using temporary file /tmp/tmpb723dtn3
18:35 INFO    : Overwriting /home/stu_jamsin/memoir_grid/bu26_copy/0/minus4/pm_minus4_0/ with /tmp/tmpb723dtn3/
18:36 INFO    : Overwriting /home/stu_jamsin/memoir_grid/bu26_copy/0/minus4/pm_minus4_0/ with /tmp/tmpb723dtn3/
18:37 INFO    : Overwriting /home/stu_jamsin/memoir_grid/bu26_copy/0/minus4/pm_minus4_0/ with /tmp/tmpb723dtn3/
18:38 INFO    : Overwriting /home/stu_jamsin/memoir_grid/bu26_copy/0/minus4/pm_minus4_0/ with /tmp/tmpb723dtn3/
18:38 INFO    : Overwriting /home/stu_jamsin/memoir_grid/bu26_copy/0/minus4/pm_minus4_0/ with /tmp/tmpb723dtn3/
18:38 INFO    : Overwriting /home/stu_jamsin/memoir_grid/bu26_copy/0/minus4/pm_minus4_0/ with /tmp/tmpb723dtn3/
18:38 INFO    : Overwriting /home/stu_jamsin/memoir_grid/bu26_copy/0/minus4/pm_minus4_0/ with /tmp/tmpb723dtn3/
18:38 INFO    : Sampling time: 0:03:33.163786
18:38 INFO    : Summary of results:
nsamples: 3701
ln_noise_evidence:  0.000
ln_evidence: -8.166 +/-  0.093
ln_bayes_factor: -8.166 +/-  0.093

18:38 INFO    : No extension given, defaulting to JSON.
18:38 INFO    : Writing samples file to /home/stu_jamsin/memoir_grid/bu26_copy/0/minus4/minus4_0_posterior_samples.dat
22:13 INFO    : Running for label 'minus4_0', output will be saved to '/home/stu_jamsin/memoir_grid/bu26_copy/0/minus4'
22:13 INFO    : Analysis priors:
22:13 INFO    : timeshift=Uniform(minimum=-8.0, maximum=-0.25, name='trigger_time', latex_label='$t_0$', unit=None, boundary=None)
22:13 INFO    : inclination_EM=Uniform(minimum=0.0, maximum=1.5707963267948966, name='inclination_EM', latex_label='$\\iota$', unit=None, boundary=None)
22:13 INFO    : log10_mej_dyn=Uniform(minimum=-4.0, maximum=-1.302, name='log10_mej_dyn', latex_label='$\\log_{10}M^{\\rm{dyn}}_{\\rm{ej}}$', unit=None, boundary=None)
22:13 INFO    : log10_mej_wind=Uniform(minimum=-4.0, maximum=-0.56, name='log10_mej_wind', latex_label='$\\log_{10}M^{\\rm{wind}}_{\\rm{ej}}$', unit=None, boundary=None)
22:13 INFO    : v_ej_dyn=Uniform(minimum=0.12, maximum=0.35, name='vej_dyn', latex_label='$V^{\\rm{dyn}}_{\\rm{ej}}$', unit=None, boundary=None)
22:13 INFO    : v_ej_wind=Uniform(minimum=0.05, maximum=0.15, name='vej_wind', latex_label='$V^{\\rm{wind}}_{\\rm{ej}}$', unit=None, boundary=None)
22:13 INFO    : Ye_dyn=Uniform(minimum=0.15, maximum=0.35, name='Ye_dyn', latex_label='$Y_{\\rme}^{\\rm{dyn}}$', unit=None, boundary=None)
22:13 INFO    : Ye_wind=Uniform(minimum=0.2, maximum=0.4, name='Ye_wind', latex_label='$Y_{\\rme}^{\\rm{wind}}$', unit=None, boundary=None)
22:13 INFO    : em_syserr=Uniform(minimum=0.3, maximum=3, name='em_syserr', latex_label='$\\sigma^{\\rm{err}}_{\\rm{ej}}$', unit=None, boundary=None)
22:13 INFO    : luminosity_distance=Uniform(minimum=10, maximum=200, name='luminosity_distance', latex_label='$D_L$', unit=None, boundary=None)
22:13 INFO    : Ebv=0.0
22:13 INFO    : Analysis likelihood class: <class 'nmma.em.em_likelihood.EMTransientLikelihood'>
22:13 INFO    : Analysis likelihood noise evidence: 0.0
22:13 INFO    : Single likelihood evaluation took 1.302e-02 s
22:13 WARNING : Supplied argument 'queue_size' not an argument of 'Pymultinest', removing.
22:13 WARNING : Supplied argument 'check_point_delta_t' not an argument of 'Pymultinest', removing.
22:13 INFO    : Global meta data was removed from the result object for compatibility. Use the `BILBY_INCLUDE_GLOBAL_METADATA` environment variable to include it. This behaviour will be removed in a future release. For more details see: https://bilby-dev.github.io/bilby/faq.html#global-meta-data
22:13 WARNING : Using cached result
22:13 INFO    : Summary of results:
nsamples: 3701
ln_noise_evidence:  0.000
ln_evidence: -8.166 +/-  0.093
ln_bayes_factor: -8.166 +/-  0.093

22:13 INFO    : No extension given, defaulting to JSON.
22:13 INFO    : Writing samples file to /home/stu_jamsin/memoir_grid/bu26_copy/0/minus4/minus4_0_posterior_samples.dat
