16:50 INFO    : Running for label 'minus0_16', output will be saved to '/home/stu_jamsin/jamsin/grid_4_perday/16/minus0'
16:50 INFO    : Analysis priors:
16:50 INFO    : luminosity_distance=Uniform(minimum=0.0, maximum=200.0, name='luminosity_distance', latex_label='$D_L$', unit=None, boundary=None)
16:50 INFO    : KNphi=Uniform(minimum=15.0, maximum=75.0, name='KNphi', latex_label='$\\Phi$', unit=None, boundary=None)
16:50 INFO    : KNtheta=Uniform(minimum=0.0, maximum=90.0, name='KNtheta', latex_label='$\\Theta$', unit=None, boundary=None)
16:50 INFO    : inclination_EM=Sine(minimum=0.0, maximum=1.5707963267948966, name='inclination_EM', latex_label='$\\iota$', unit=None, boundary=None)
16:50 INFO    : timeshift=Uniform(minimum=-2.0, maximum=0.0, name='timeshift', latex_label='$t_0$', unit=None, boundary=None)
16:50 INFO    : log10_mej_dyn=Uniform(minimum=-3.0, maximum=-1.0, name='log10_mej_dyn', latex_label='$\\log_{10}M^{\\rm{dyn}}_{\\rm{ej}}$', unit=None, boundary=None)
16:50 INFO    : log10_mej_wind=Uniform(minimum=-3.0, maximum=-0.5, name='log10_mej_wind', latex_label='$\\log_{10}M^{\\rm{wind}}_{\\rm{ej}}$', unit=None, boundary=None)
16:50 INFO    : Ebv=0.0
16:50 INFO    : Analysis likelihood class: <class 'nmma.em.likelihood.OpticalLightCurve'>
16:50 INFO    : Analysis likelihood noise evidence: 0.0
16:51 INFO    : Single likelihood evaluation took 1.671e-01 s
16:51 WARNING : Supplied argument 'queue_size' not an argument of 'Pymultinest', removing.
16:51 WARNING : Supplied argument 'check_point_delta_t' not an argument of 'Pymultinest', removing.
16:51 INFO    : Using sampler Pymultinest with kwargs {'importance_nested_sampling': False, 'resume': True, 'verbose': True, 'sampling_efficiency': 'parameter', 'n_live_points': 256, 'n_params': 7, 'n_clustering_params': None, 'wrapped_params': None, 'multimodal': True, 'const_efficiency_mode': False, 'evidence_tolerance': 0.5, 'n_iter_before_update': 100, 'null_log_evidence': -1e+90, 'max_modes': 100, 'mode_tolerance': -1e+90, 'seed': 42, 'context': 0, 'write_output': True, 'log_zero': -1e+100, 'max_iter': 0, 'init_MPI': False, 'dump_callback': <bound method Pymultinest._dump_callback of <bilby.core.sampler.pymultinest.Pymultinest object at 0xe9e984ad210>>}
16:51 INFO    : Global meta data was removed from the result object for compatibility. Use the `BILBY_INCLUDE_GLOBAL_METADATA` environment variable to include it. This behaviour will be removed in a future release. For more details see: https://bilby-dev.github.io/bilby/faq.html#global-meta-data
16:51 INFO    : Using temporary file /tmp/tmpx4gqsvrj
16:56 INFO    : Overwriting /home/stu_jamsin/jamsin/grid_4_perday/16/minus0/pm_minus0_16/ with /tmp/tmpx4gqsvrj/
17:03 INFO    : Overwriting /home/stu_jamsin/jamsin/grid_4_perday/16/minus0/pm_minus0_16/ with /tmp/tmpx4gqsvrj/
17:12 INFO    : Overwriting /home/stu_jamsin/jamsin/grid_4_perday/16/minus0/pm_minus0_16/ with /tmp/tmpx4gqsvrj/
17:23 INFO    : Overwriting /home/stu_jamsin/jamsin/grid_4_perday/16/minus0/pm_minus0_16/ with /tmp/tmpx4gqsvrj/
17:23 INFO    : Overwriting /home/stu_jamsin/jamsin/grid_4_perday/16/minus0/pm_minus0_16/ with /tmp/tmpx4gqsvrj/
17:24 INFO    : Overwriting /home/stu_jamsin/jamsin/grid_4_perday/16/minus0/pm_minus0_16/ with /tmp/tmpx4gqsvrj/
17:24 INFO    : Overwriting /home/stu_jamsin/jamsin/grid_4_perday/16/minus0/pm_minus0_16/ with /tmp/tmpx4gqsvrj/
17:24 INFO    : Sampling time: 0:32:38.180653
17:24 INFO    : Summary of results:
nsamples: 1444
ln_noise_evidence:  0.000
ln_evidence: -67.905 +/-  0.218
ln_bayes_factor: -67.905 +/-  0.218

17:24 INFO    : Writing samples file to /home/stu_jamsin/jamsin/grid_4_perday/16/minus0/minus0_16_posterior_samples.dat
16:44 INFO    : Running for label 'minus0_16', output will be saved to '/home/stu_jamsin/jamsin/grid_4_perday/16/minus0'
16:44 INFO    : Analysis priors:
16:44 INFO    : luminosity_distance=Uniform(minimum=0.0, maximum=200.0, name='luminosity_distance', latex_label='$D_L$', unit=None, boundary=None)
16:44 INFO    : KNphi=Uniform(minimum=15.0, maximum=75.0, name='KNphi', latex_label='$\\Phi$', unit=None, boundary=None)
16:44 INFO    : KNtheta=Uniform(minimum=0.0, maximum=90.0, name='KNtheta', latex_label='$\\Theta$', unit=None, boundary=None)
16:44 INFO    : inclination_EM=Sine(minimum=0.0, maximum=1.5707963267948966, name='inclination_EM', latex_label='$\\iota$', unit=None, boundary=None)
16:44 INFO    : timeshift=Uniform(minimum=-2.0, maximum=0.0, name='timeshift', latex_label='$t_0$', unit=None, boundary=None)
16:44 INFO    : log10_mej_dyn=Uniform(minimum=-3.0, maximum=-1.0, name='log10_mej_dyn', latex_label='$\\log_{10}M^{\\rm{dyn}}_{\\rm{ej}}$', unit=None, boundary=None)
16:44 INFO    : log10_mej_wind=Uniform(minimum=-3.0, maximum=-0.5, name='log10_mej_wind', latex_label='$\\log_{10}M^{\\rm{wind}}_{\\rm{ej}}$', unit=None, boundary=None)
16:44 INFO    : Ebv=0.0
16:44 INFO    : Analysis likelihood class: <class 'nmma.em.likelihood.OpticalLightCurve'>
16:44 INFO    : Analysis likelihood noise evidence: 0.0
16:44 INFO    : Single likelihood evaluation took 1.221e-01 s
16:44 WARNING : Supplied argument 'queue_size' not an argument of 'Pymultinest', removing.
16:44 WARNING : Supplied argument 'check_point_delta_t' not an argument of 'Pymultinest', removing.
16:44 INFO    : Global meta data was removed from the result object for compatibility. Use the `BILBY_INCLUDE_GLOBAL_METADATA` environment variable to include it. This behaviour will be removed in a future release. For more details see: https://bilby-dev.github.io/bilby/faq.html#global-meta-data
16:44 WARNING : Using cached result
16:44 INFO    : Summary of results:
nsamples: 1444
ln_noise_evidence:  0.000
ln_evidence: -67.905 +/-  0.218
ln_bayes_factor: -67.905 +/-  0.218

16:44 INFO    : Writing samples file to /home/stu_jamsin/jamsin/grid_4_perday/16/minus0/minus0_16_posterior_samples.dat
16:47 INFO    : Running for label 'minus0_16', output will be saved to '/home/stu_jamsin/jamsin/grid_4_perday/16/minus0'
16:47 INFO    : Analysis priors:
16:47 INFO    : luminosity_distance=Uniform(minimum=0.0, maximum=200.0, name='luminosity_distance', latex_label='$D_L$', unit=None, boundary=None)
16:47 INFO    : KNphi=Uniform(minimum=15.0, maximum=75.0, name='KNphi', latex_label='$\\Phi$', unit=None, boundary=None)
16:47 INFO    : KNtheta=Uniform(minimum=0.0, maximum=90.0, name='KNtheta', latex_label='$\\Theta$', unit=None, boundary=None)
16:47 INFO    : inclination_EM=Sine(minimum=0.0, maximum=1.5707963267948966, name='inclination_EM', latex_label='$\\iota$', unit=None, boundary=None)
16:47 INFO    : timeshift=Uniform(minimum=-2.0, maximum=0.0, name='timeshift', latex_label='$t_0$', unit=None, boundary=None)
16:47 INFO    : log10_mej_dyn=Uniform(minimum=-3.0, maximum=-1.0, name='log10_mej_dyn', latex_label='$\\log_{10}M^{\\rm{dyn}}_{\\rm{ej}}$', unit=None, boundary=None)
16:47 INFO    : log10_mej_wind=Uniform(minimum=-3.0, maximum=-0.5, name='log10_mej_wind', latex_label='$\\log_{10}M^{\\rm{wind}}_{\\rm{ej}}$', unit=None, boundary=None)
16:47 INFO    : Ebv=0.0
16:47 INFO    : Analysis likelihood class: <class 'nmma.em.likelihood.OpticalLightCurve'>
16:47 INFO    : Analysis likelihood noise evidence: 0.0
16:47 INFO    : Single likelihood evaluation took 1.613e-01 s
16:47 WARNING : Supplied argument 'queue_size' not an argument of 'Pymultinest', removing.
16:47 WARNING : Supplied argument 'check_point_delta_t' not an argument of 'Pymultinest', removing.
16:47 INFO    : Global meta data was removed from the result object for compatibility. Use the `BILBY_INCLUDE_GLOBAL_METADATA` environment variable to include it. This behaviour will be removed in a future release. For more details see: https://bilby-dev.github.io/bilby/faq.html#global-meta-data
16:47 WARNING : Using cached result
16:47 INFO    : Summary of results:
nsamples: 1444
ln_noise_evidence:  0.000
ln_evidence: -67.905 +/-  0.218
ln_bayes_factor: -67.905 +/-  0.218

16:47 INFO    : Writing samples file to /home/stu_jamsin/jamsin/grid_4_perday/16/minus0/minus0_16_posterior_samples.dat
16:49 INFO    : Running for label 'minus0_16', output will be saved to '/home/stu_jamsin/jamsin/grid_4_perday/16/minus0'
16:49 INFO    : Analysis priors:
16:49 INFO    : luminosity_distance=Uniform(minimum=0.0, maximum=200.0, name='luminosity_distance', latex_label='$D_L$', unit=None, boundary=None)
16:49 INFO    : KNphi=Uniform(minimum=15.0, maximum=75.0, name='KNphi', latex_label='$\\Phi$', unit=None, boundary=None)
16:49 INFO    : KNtheta=Uniform(minimum=0.0, maximum=90.0, name='KNtheta', latex_label='$\\Theta$', unit=None, boundary=None)
16:49 INFO    : inclination_EM=Sine(minimum=0.0, maximum=1.5707963267948966, name='inclination_EM', latex_label='$\\iota$', unit=None, boundary=None)
16:49 INFO    : timeshift=Uniform(minimum=-2.0, maximum=0.0, name='timeshift', latex_label='$t_0$', unit=None, boundary=None)
16:49 INFO    : log10_mej_dyn=Uniform(minimum=-3.0, maximum=-1.0, name='log10_mej_dyn', latex_label='$\\log_{10}M^{\\rm{dyn}}_{\\rm{ej}}$', unit=None, boundary=None)
16:49 INFO    : log10_mej_wind=Uniform(minimum=-3.0, maximum=-0.5, name='log10_mej_wind', latex_label='$\\log_{10}M^{\\rm{wind}}_{\\rm{ej}}$', unit=None, boundary=None)
16:49 INFO    : Ebv=0.0
16:49 INFO    : Analysis likelihood class: <class 'nmma.em.likelihood.OpticalLightCurve'>
16:49 INFO    : Analysis likelihood noise evidence: 0.0
16:50 INFO    : Single likelihood evaluation took 1.226e-01 s
16:50 WARNING : Supplied argument 'queue_size' not an argument of 'Pymultinest', removing.
16:50 WARNING : Supplied argument 'check_point_delta_t' not an argument of 'Pymultinest', removing.
16:50 INFO    : Global meta data was removed from the result object for compatibility. Use the `BILBY_INCLUDE_GLOBAL_METADATA` environment variable to include it. This behaviour will be removed in a future release. For more details see: https://bilby-dev.github.io/bilby/faq.html#global-meta-data
16:50 WARNING : Using cached result
16:50 INFO    : Summary of results:
nsamples: 1444
ln_noise_evidence:  0.000
ln_evidence: -67.905 +/-  0.218
ln_bayes_factor: -67.905 +/-  0.218

16:50 INFO    : Writing samples file to /home/stu_jamsin/jamsin/grid_4_perday/16/minus0/minus0_16_posterior_samples.dat
16:51 INFO    : Running for label 'minus0_16', output will be saved to '/home/stu_jamsin/jamsin/grid_4_perday/16/minus0'
16:52 INFO    : Analysis priors:
16:52 INFO    : luminosity_distance=Uniform(minimum=0.0, maximum=200.0, name='luminosity_distance', latex_label='$D_L$', unit=None, boundary=None)
16:52 INFO    : KNphi=Uniform(minimum=15.0, maximum=75.0, name='KNphi', latex_label='$\\Phi$', unit=None, boundary=None)
16:52 INFO    : KNtheta=Uniform(minimum=0.0, maximum=90.0, name='KNtheta', latex_label='$\\Theta$', unit=None, boundary=None)
16:52 INFO    : inclination_EM=Sine(minimum=0.0, maximum=1.5707963267948966, name='inclination_EM', latex_label='$\\iota$', unit=None, boundary=None)
16:52 INFO    : timeshift=Uniform(minimum=-2.0, maximum=0.0, name='timeshift', latex_label='$t_0$', unit=None, boundary=None)
16:52 INFO    : log10_mej_dyn=Uniform(minimum=-3.0, maximum=-1.0, name='log10_mej_dyn', latex_label='$\\log_{10}M^{\\rm{dyn}}_{\\rm{ej}}$', unit=None, boundary=None)
16:52 INFO    : log10_mej_wind=Uniform(minimum=-3.0, maximum=-0.5, name='log10_mej_wind', latex_label='$\\log_{10}M^{\\rm{wind}}_{\\rm{ej}}$', unit=None, boundary=None)
16:52 INFO    : Ebv=0.0
16:52 INFO    : Analysis likelihood class: <class 'nmma.em.likelihood.OpticalLightCurve'>
16:52 INFO    : Analysis likelihood noise evidence: 0.0
16:52 INFO    : Single likelihood evaluation took 1.408e-01 s
16:52 WARNING : Supplied argument 'queue_size' not an argument of 'Pymultinest', removing.
16:52 WARNING : Supplied argument 'check_point_delta_t' not an argument of 'Pymultinest', removing.
16:52 INFO    : Global meta data was removed from the result object for compatibility. Use the `BILBY_INCLUDE_GLOBAL_METADATA` environment variable to include it. This behaviour will be removed in a future release. For more details see: https://bilby-dev.github.io/bilby/faq.html#global-meta-data
16:52 WARNING : Using cached result
16:52 INFO    : Summary of results:
nsamples: 1444
ln_noise_evidence:  0.000
ln_evidence: -67.905 +/-  0.218
ln_bayes_factor: -67.905 +/-  0.218

16:52 INFO    : Writing samples file to /home/stu_jamsin/jamsin/grid_4_perday/16/minus0/minus0_16_posterior_samples.dat
17:13 INFO    : Running for label 'minus0_16', output will be saved to '/home/stu_jamsin/jamsin/grid_4_perday/16/minus0'
17:13 INFO    : Analysis priors:
17:13 INFO    : luminosity_distance=Uniform(minimum=0.0, maximum=200.0, name='luminosity_distance', latex_label='$D_L$', unit=None, boundary=None)
17:13 INFO    : KNphi=Uniform(minimum=15.0, maximum=75.0, name='KNphi', latex_label='$\\Phi$', unit=None, boundary=None)
17:13 INFO    : KNtheta=Uniform(minimum=0.0, maximum=90.0, name='KNtheta', latex_label='$\\Theta$', unit=None, boundary=None)
17:13 INFO    : inclination_EM=Sine(minimum=0.0, maximum=1.5707963267948966, name='inclination_EM', latex_label='$\\iota$', unit=None, boundary=None)
17:13 INFO    : timeshift=Uniform(minimum=-2.0, maximum=0.0, name='timeshift', latex_label='$t_0$', unit=None, boundary=None)
17:13 INFO    : log10_mej_dyn=Uniform(minimum=-3.0, maximum=-1.0, name='log10_mej_dyn', latex_label='$\\log_{10}M^{\\rm{dyn}}_{\\rm{ej}}$', unit=None, boundary=None)
17:13 INFO    : log10_mej_wind=Uniform(minimum=-3.0, maximum=-0.5, name='log10_mej_wind', latex_label='$\\log_{10}M^{\\rm{wind}}_{\\rm{ej}}$', unit=None, boundary=None)
17:13 INFO    : Ebv=0.0
17:13 INFO    : Analysis likelihood class: <class 'nmma.em.likelihood.OpticalLightCurve'>
17:13 INFO    : Analysis likelihood noise evidence: 0.0
17:13 INFO    : Single likelihood evaluation took 1.137e-01 s
17:13 WARNING : Supplied argument 'queue_size' not an argument of 'Pymultinest', removing.
17:13 WARNING : Supplied argument 'check_point_delta_t' not an argument of 'Pymultinest', removing.
17:13 INFO    : Global meta data was removed from the result object for compatibility. Use the `BILBY_INCLUDE_GLOBAL_METADATA` environment variable to include it. This behaviour will be removed in a future release. For more details see: https://bilby-dev.github.io/bilby/faq.html#global-meta-data
17:13 WARNING : Using cached result
17:13 INFO    : Summary of results:
nsamples: 1444
ln_noise_evidence:  0.000
ln_evidence: -67.905 +/-  0.218
ln_bayes_factor: -67.905 +/-  0.218

17:13 INFO    : Writing samples file to /home/stu_jamsin/jamsin/grid_4_perday/16/minus0/minus0_16_posterior_samples.dat
17:16 INFO    : Running for label 'minus0_16', output will be saved to '/home/stu_jamsin/jamsin/grid_4_perday/16/minus0'
17:16 INFO    : Analysis priors:
17:16 INFO    : luminosity_distance=Uniform(minimum=0.0, maximum=200.0, name='luminosity_distance', latex_label='$D_L$', unit=None, boundary=None)
17:16 INFO    : KNphi=Uniform(minimum=15.0, maximum=75.0, name='KNphi', latex_label='$\\Phi$', unit=None, boundary=None)
17:16 INFO    : KNtheta=Uniform(minimum=0.0, maximum=90.0, name='KNtheta', latex_label='$\\Theta$', unit=None, boundary=None)
17:16 INFO    : inclination_EM=Sine(minimum=0.0, maximum=1.5707963267948966, name='inclination_EM', latex_label='$\\iota$', unit=None, boundary=None)
17:16 INFO    : timeshift=Uniform(minimum=-2.0, maximum=0.0, name='timeshift', latex_label='$t_0$', unit=None, boundary=None)
17:16 INFO    : log10_mej_dyn=Uniform(minimum=-3.0, maximum=-1.0, name='log10_mej_dyn', latex_label='$\\log_{10}M^{\\rm{dyn}}_{\\rm{ej}}$', unit=None, boundary=None)
17:16 INFO    : log10_mej_wind=Uniform(minimum=-3.0, maximum=-0.5, name='log10_mej_wind', latex_label='$\\log_{10}M^{\\rm{wind}}_{\\rm{ej}}$', unit=None, boundary=None)
17:16 INFO    : Ebv=0.0
17:16 INFO    : Analysis likelihood class: <class 'nmma.em.likelihood.OpticalLightCurve'>
17:16 INFO    : Analysis likelihood noise evidence: 0.0
17:16 INFO    : Single likelihood evaluation took 1.001e-01 s
17:16 WARNING : Supplied argument 'queue_size' not an argument of 'Pymultinest', removing.
17:16 WARNING : Supplied argument 'check_point_delta_t' not an argument of 'Pymultinest', removing.
17:16 INFO    : Global meta data was removed from the result object for compatibility. Use the `BILBY_INCLUDE_GLOBAL_METADATA` environment variable to include it. This behaviour will be removed in a future release. For more details see: https://bilby-dev.github.io/bilby/faq.html#global-meta-data
17:16 WARNING : Using cached result
17:16 INFO    : Summary of results:
nsamples: 1444
ln_noise_evidence:  0.000
ln_evidence: -67.905 +/-  0.218
ln_bayes_factor: -67.905 +/-  0.218

17:16 INFO    : Writing samples file to /home/stu_jamsin/jamsin/grid_4_perday/16/minus0/minus0_16_posterior_samples.dat
17:19 INFO    : Running for label 'minus0_16', output will be saved to '/home/stu_jamsin/jamsin/grid_4_perday/16/minus0'
17:20 INFO    : Analysis priors:
17:20 INFO    : luminosity_distance=Uniform(minimum=0.0, maximum=200.0, name='luminosity_distance', latex_label='$D_L$', unit=None, boundary=None)
17:20 INFO    : KNphi=Uniform(minimum=15.0, maximum=75.0, name='KNphi', latex_label='$\\Phi$', unit=None, boundary=None)
17:20 INFO    : KNtheta=Uniform(minimum=0.0, maximum=90.0, name='KNtheta', latex_label='$\\Theta$', unit=None, boundary=None)
17:20 INFO    : inclination_EM=Sine(minimum=0.0, maximum=1.5707963267948966, name='inclination_EM', latex_label='$\\iota$', unit=None, boundary=None)
17:20 INFO    : timeshift=Uniform(minimum=-2.0, maximum=0.0, name='timeshift', latex_label='$t_0$', unit=None, boundary=None)
17:20 INFO    : log10_mej_dyn=Uniform(minimum=-3.0, maximum=-1.0, name='log10_mej_dyn', latex_label='$\\log_{10}M^{\\rm{dyn}}_{\\rm{ej}}$', unit=None, boundary=None)
17:20 INFO    : log10_mej_wind=Uniform(minimum=-3.0, maximum=-0.5, name='log10_mej_wind', latex_label='$\\log_{10}M^{\\rm{wind}}_{\\rm{ej}}$', unit=None, boundary=None)
17:20 INFO    : Ebv=0.0
17:20 INFO    : Analysis likelihood class: <class 'nmma.em.likelihood.OpticalLightCurve'>
17:20 INFO    : Analysis likelihood noise evidence: 0.0
17:20 INFO    : Single likelihood evaluation took 1.783e-01 s
17:20 WARNING : Supplied argument 'queue_size' not an argument of 'Pymultinest', removing.
17:20 WARNING : Supplied argument 'check_point_delta_t' not an argument of 'Pymultinest', removing.
17:20 INFO    : Global meta data was removed from the result object for compatibility. Use the `BILBY_INCLUDE_GLOBAL_METADATA` environment variable to include it. This behaviour will be removed in a future release. For more details see: https://bilby-dev.github.io/bilby/faq.html#global-meta-data
17:20 WARNING : Using cached result
17:20 INFO    : Summary of results:
nsamples: 1444
ln_noise_evidence:  0.000
ln_evidence: -67.905 +/-  0.218
ln_bayes_factor: -67.905 +/-  0.218

17:20 INFO    : Writing samples file to /home/stu_jamsin/jamsin/grid_4_perday/16/minus0/minus0_16_posterior_samples.dat
17:23 INFO    : Running for label 'minus0_16', output will be saved to '/home/stu_jamsin/jamsin/grid_4_perday/16/minus0'
17:23 INFO    : Analysis priors:
17:23 INFO    : luminosity_distance=Uniform(minimum=0.0, maximum=200.0, name='luminosity_distance', latex_label='$D_L$', unit=None, boundary=None)
17:23 INFO    : KNphi=Uniform(minimum=15.0, maximum=75.0, name='KNphi', latex_label='$\\Phi$', unit=None, boundary=None)
17:23 INFO    : KNtheta=Uniform(minimum=0.0, maximum=90.0, name='KNtheta', latex_label='$\\Theta$', unit=None, boundary=None)
17:23 INFO    : inclination_EM=Sine(minimum=0.0, maximum=1.5707963267948966, name='inclination_EM', latex_label='$\\iota$', unit=None, boundary=None)
17:23 INFO    : timeshift=Uniform(minimum=-2.0, maximum=0.0, name='timeshift', latex_label='$t_0$', unit=None, boundary=None)
17:23 INFO    : log10_mej_dyn=Uniform(minimum=-3.0, maximum=-1.0, name='log10_mej_dyn', latex_label='$\\log_{10}M^{\\rm{dyn}}_{\\rm{ej}}$', unit=None, boundary=None)
17:23 INFO    : log10_mej_wind=Uniform(minimum=-3.0, maximum=-0.5, name='log10_mej_wind', latex_label='$\\log_{10}M^{\\rm{wind}}_{\\rm{ej}}$', unit=None, boundary=None)
17:23 INFO    : Ebv=0.0
17:23 INFO    : Analysis likelihood class: <class 'nmma.em.likelihood.OpticalLightCurve'>
17:23 INFO    : Analysis likelihood noise evidence: 0.0
17:23 INFO    : Single likelihood evaluation took 1.185e-01 s
17:23 WARNING : Supplied argument 'queue_size' not an argument of 'Pymultinest', removing.
17:23 WARNING : Supplied argument 'check_point_delta_t' not an argument of 'Pymultinest', removing.
17:23 INFO    : Global meta data was removed from the result object for compatibility. Use the `BILBY_INCLUDE_GLOBAL_METADATA` environment variable to include it. This behaviour will be removed in a future release. For more details see: https://bilby-dev.github.io/bilby/faq.html#global-meta-data
17:23 WARNING : Using cached result
17:23 INFO    : Summary of results:
nsamples: 1444
ln_noise_evidence:  0.000
ln_evidence: -67.905 +/-  0.218
ln_bayes_factor: -67.905 +/-  0.218

17:23 INFO    : Writing samples file to /home/stu_jamsin/jamsin/grid_4_perday/16/minus0/minus0_16_posterior_samples.dat
17:38 INFO    : Running for label 'minus0_16', output will be saved to '/home/stu_jamsin/jamsin/grid_4_perday/16/minus0'
17:38 INFO    : Analysis priors:
17:38 INFO    : luminosity_distance=Uniform(minimum=0.0, maximum=200.0, name='luminosity_distance', latex_label='$D_L$', unit=None, boundary=None)
17:38 INFO    : KNphi=Uniform(minimum=15.0, maximum=75.0, name='KNphi', latex_label='$\\Phi$', unit=None, boundary=None)
17:38 INFO    : KNtheta=Uniform(minimum=0.0, maximum=90.0, name='KNtheta', latex_label='$\\Theta$', unit=None, boundary=None)
17:38 INFO    : inclination_EM=Sine(minimum=0.0, maximum=1.5707963267948966, name='inclination_EM', latex_label='$\\iota$', unit=None, boundary=None)
17:38 INFO    : timeshift=Uniform(minimum=-2.0, maximum=0.0, name='timeshift', latex_label='$t_0$', unit=None, boundary=None)
17:38 INFO    : log10_mej_dyn=Uniform(minimum=-3.0, maximum=-1.0, name='log10_mej_dyn', latex_label='$\\log_{10}M^{\\rm{dyn}}_{\\rm{ej}}$', unit=None, boundary=None)
17:38 INFO    : log10_mej_wind=Uniform(minimum=-3.0, maximum=-0.5, name='log10_mej_wind', latex_label='$\\log_{10}M^{\\rm{wind}}_{\\rm{ej}}$', unit=None, boundary=None)
17:38 INFO    : Ebv=0.0
17:38 INFO    : Analysis likelihood class: <class 'nmma.em.likelihood.OpticalLightCurve'>
17:38 INFO    : Analysis likelihood noise evidence: 0.0
17:38 INFO    : Single likelihood evaluation took 9.932e-02 s
17:38 WARNING : Supplied argument 'queue_size' not an argument of 'Pymultinest', removing.
17:38 WARNING : Supplied argument 'check_point_delta_t' not an argument of 'Pymultinest', removing.
17:38 INFO    : Global meta data was removed from the result object for compatibility. Use the `BILBY_INCLUDE_GLOBAL_METADATA` environment variable to include it. This behaviour will be removed in a future release. For more details see: https://bilby-dev.github.io/bilby/faq.html#global-meta-data
17:38 WARNING : Using cached result
17:38 INFO    : Summary of results:
nsamples: 1444
ln_noise_evidence:  0.000
ln_evidence: -67.905 +/-  0.218
ln_bayes_factor: -67.905 +/-  0.218

17:38 INFO    : Writing samples file to /home/stu_jamsin/jamsin/grid_4_perday/16/minus0/minus0_16_posterior_samples.dat
