11:32 INFO    : Running for label 'minus0_7', output will be saved to '/home/liteul/memoir_code/GRIDS/LSST_bu26_5/7/minus0'
11:32 INFO    : Analysis priors:
11:32 INFO    : timeshift=Uniform(minimum=-10.0, maximum=-0.25, name='trigger_time', latex_label='$t_0$', unit=None, boundary=None)
11:32 INFO    : inclination_EM=Uniform(minimum=0.0, maximum=1.5707963267948966, name='inclination_EM', latex_label='$\\iota$', unit=None, boundary=None)
11:32 INFO    : log10_mej_dyn=Uniform(minimum=-4.0, maximum=-1.302, name='log10_mej_dyn', latex_label='$\\log_{10}M^{\\rm{dyn}}_{\\rm{ej}}$', unit=None, boundary=None)
11:32 INFO    : log10_mej_wind=Uniform(minimum=-4.0, maximum=-0.56, name='log10_mej_wind', latex_label='$\\log_{10}M^{\\rm{wind}}_{\\rm{ej}}$', unit=None, boundary=None)
11:32 INFO    : v_ej_dyn=Uniform(minimum=0.12, maximum=0.35, name='vej_dyn', latex_label='$V^{\\rm{dyn}}_{\\rm{ej}}$', unit=None, boundary=None)
11:32 INFO    : v_ej_wind=Uniform(minimum=0.05, maximum=0.15, name='vej_wind', latex_label='$V^{\\rm{wind}}_{\\rm{ej}}$', unit=None, boundary=None)
11:32 INFO    : Ye_dyn=Uniform(minimum=0.15, maximum=0.35, name='Ye_dyn', latex_label='$Y_{\\rme}^{\\rm{dyn}}$', unit=None, boundary=None)
11:32 INFO    : Ye_wind=Uniform(minimum=0.2, maximum=0.4, name='Ye_wind', latex_label='$Y_{\\rme}^{\\rm{wind}}$', unit=None, boundary=None)
11:32 INFO    : em_syserr=Uniform(minimum=0.3, maximum=3, name='em_syserr', latex_label='$\\sigma^{\\rm{err}}_{\\rm{ej}}$', unit=None, boundary=None)
11:32 INFO    : luminosity_distance=Uniform(minimum=10, maximum=200, name='luminosity_distance', latex_label='$D_L$', unit=None, boundary=None)
11:32 INFO    : Ebv=0.0
11:32 INFO    : Analysis likelihood class: <class 'nmma.em.em_likelihood.EMTransientLikelihood'>
11:32 INFO    : Analysis likelihood noise evidence: 0.0
11:32 INFO    : Single likelihood evaluation took 9.434e-03 s
11:32 WARNING : Supplied argument 'queue_size' not an argument of 'Pymultinest', removing.
11:32 WARNING : Supplied argument 'check_point_delta_t' not an argument of 'Pymultinest', removing.
11:32 INFO    : Using sampler Pymultinest with kwargs {'importance_nested_sampling': False, 'resume': True, 'verbose': True, 'sampling_efficiency': 'parameter', 'n_live_points': 512, 'n_params': 10, 'n_clustering_params': None, 'wrapped_params': None, 'multimodal': True, 'const_efficiency_mode': False, 'evidence_tolerance': 0.5, 'n_iter_before_update': 100, 'null_log_evidence': -1e+90, 'max_modes': 100, 'mode_tolerance': -1e+90, 'seed': 42, 'context': 0, 'write_output': True, 'log_zero': -1e+100, 'max_iter': 0, 'init_MPI': False, 'dump_callback': <bound method Pymultinest._dump_callback of <bilby.core.sampler.pymultinest.Pymultinest object at 0x8f129b0ede0>>}
11:32 INFO    : Global meta data was removed from the result object for compatibility. Use the `BILBY_INCLUDE_GLOBAL_METADATA` environment variable to include it. This behaviour will be removed in a future release. For more details see: https://bilby-dev.github.io/bilby/faq.html#global-meta-data
11:32 INFO    : Using temporary file /tmp/tmpd2rdaf5g
11:32 INFO    : Overwriting /home/liteul/memoir_code/GRIDS/LSST_bu26_5/7/minus0/pm_minus0_7/ with /tmp/tmpd2rdaf5g/
11:33 INFO    : Overwriting /home/liteul/memoir_code/GRIDS/LSST_bu26_5/7/minus0/pm_minus0_7/ with /tmp/tmpd2rdaf5g/
11:33 INFO    : Overwriting /home/liteul/memoir_code/GRIDS/LSST_bu26_5/7/minus0/pm_minus0_7/ with /tmp/tmpd2rdaf5g/
11:33 INFO    : Overwriting /home/liteul/memoir_code/GRIDS/LSST_bu26_5/7/minus0/pm_minus0_7/ with /tmp/tmpd2rdaf5g/
11:33 INFO    : Overwriting /home/liteul/memoir_code/GRIDS/LSST_bu26_5/7/minus0/pm_minus0_7/ with /tmp/tmpd2rdaf5g/
11:33 INFO    : Sampling time: 0:01:12.807461
11:33 INFO    : Summary of results:
nsamples: 2177
ln_noise_evidence:  0.000
ln_evidence: -3.717 +/-  0.048
ln_bayes_factor: -3.717 +/-  0.048

11:33 INFO    : No extension given, defaulting to JSON.
11:33 INFO    : Writing samples file to /home/liteul/memoir_code/GRIDS/LSST_bu26_5/7/minus0/minus0_7_posterior_samples.dat
13:23 INFO    : Running for label 'minus0_7', output will be saved to '/home/liteul/memoir_code/GRIDS/LSST_bu26_5/7/minus0'
13:23 INFO    : Analysis priors:
13:23 INFO    : timeshift=Uniform(minimum=-10.0, maximum=-0.25, name='trigger_time', latex_label='$t_0$', unit=None, boundary=None)
13:23 INFO    : inclination_EM=Uniform(minimum=0.0, maximum=1.5707963267948966, name='inclination_EM', latex_label='$\\iota$', unit=None, boundary=None)
13:23 INFO    : log10_mej_dyn=Uniform(minimum=-4.0, maximum=-1.302, name='log10_mej_dyn', latex_label='$\\log_{10}M^{\\rm{dyn}}_{\\rm{ej}}$', unit=None, boundary=None)
13:23 INFO    : log10_mej_wind=Uniform(minimum=-4.0, maximum=-0.56, name='log10_mej_wind', latex_label='$\\log_{10}M^{\\rm{wind}}_{\\rm{ej}}$', unit=None, boundary=None)
13:23 INFO    : v_ej_dyn=Uniform(minimum=0.12, maximum=0.35, name='vej_dyn', latex_label='$V^{\\rm{dyn}}_{\\rm{ej}}$', unit=None, boundary=None)
13:23 INFO    : v_ej_wind=Uniform(minimum=0.05, maximum=0.15, name='vej_wind', latex_label='$V^{\\rm{wind}}_{\\rm{ej}}$', unit=None, boundary=None)
13:23 INFO    : Ye_dyn=Uniform(minimum=0.15, maximum=0.35, name='Ye_dyn', latex_label='$Y_{\\rme}^{\\rm{dyn}}$', unit=None, boundary=None)
13:23 INFO    : Ye_wind=Uniform(minimum=0.2, maximum=0.4, name='Ye_wind', latex_label='$Y_{\\rme}^{\\rm{wind}}$', unit=None, boundary=None)
13:23 INFO    : em_syserr=Uniform(minimum=0.3, maximum=3, name='em_syserr', latex_label='$\\sigma^{\\rm{err}}_{\\rm{ej}}$', unit=None, boundary=None)
13:23 INFO    : luminosity_distance=Uniform(minimum=10, maximum=200, name='luminosity_distance', latex_label='$D_L$', unit=None, boundary=None)
13:23 INFO    : Ebv=0.0
13:23 INFO    : Analysis likelihood class: <class 'nmma.em.em_likelihood.EMTransientLikelihood'>
13:23 INFO    : Analysis likelihood noise evidence: 0.0
13:23 INFO    : Single likelihood evaluation took 7.234e-03 s
13:23 WARNING : Supplied argument 'queue_size' not an argument of 'Pymultinest', removing.
13:23 WARNING : Supplied argument 'check_point_delta_t' not an argument of 'Pymultinest', removing.
13:23 INFO    : Global meta data was removed from the result object for compatibility. Use the `BILBY_INCLUDE_GLOBAL_METADATA` environment variable to include it. This behaviour will be removed in a future release. For more details see: https://bilby-dev.github.io/bilby/faq.html#global-meta-data
13:23 WARNING : Using cached result
13:23 INFO    : Summary of results:
nsamples: 2177
ln_noise_evidence:  0.000
ln_evidence: -3.717 +/-  0.048
ln_bayes_factor: -3.717 +/-  0.048

13:23 INFO    : No extension given, defaulting to JSON.
13:23 INFO    : Writing samples file to /home/liteul/memoir_code/GRIDS/LSST_bu26_5/7/minus0/minus0_7_posterior_samples.dat
