14:28 INFO    : Running for label '11', output will be saved to '/home/stu_jamsin/jamsin/condor_synth_lc_2perday/11'
14:28 INFO    : Analysis priors:
14:28 INFO    : luminosity_distance=Uniform(minimum=0.0, maximum=500.0, name='luminosity_distance', latex_label='$D_L$', unit=None, boundary=None)
14:28 INFO    : KNphi=Uniform(minimum=15.0, maximum=75.0, name='KNphi', latex_label='$\\Phi$', unit=None, boundary=None)
14:28 INFO    : KNtheta=Uniform(minimum=0.0, maximum=90.0, name='KNtheta', latex_label='$\\Phi$', unit=None, boundary=None)
14:28 INFO    : inclination_EM=Sine(minimum=0.0, maximum=1.5707963267948966, name='inclination_EM', latex_label='$\\iota$', unit=None, boundary=None)
14:28 INFO    : timeshift=Uniform(minimum=-2.0, maximum=0.0, name='timeshift', latex_label='$t_0$', unit=None, boundary=None)
14:28 INFO    : log10_mej_dyn=Uniform(minimum=-3.0, maximum=-1.0, name='log10_mej_dyn', latex_label='$\\log_{10}M^{\\rm{dyn}}_{\\rm{ej}}$', unit=None, boundary=None)
14:28 INFO    : log10_mej_wind=Uniform(minimum=-3.0, maximum=-0.5, name='log10_mej_wind', latex_label='$\\log_{10}M^{\\rm{wind}}_{\\rm{ej}}$', unit=None, boundary=None)
14:28 INFO    : Ebv=0.0
14:28 INFO    : Analysis likelihood class: <class 'nmma.em.likelihood.OpticalLightCurve'>
14:28 INFO    : Analysis likelihood noise evidence: 0.0
14:29 INFO    : Single likelihood evaluation took 2.174e-01 s
14:29 WARNING : Supplied argument 'queue_size' not an argument of 'Pymultinest', removing.
14:29 WARNING : Supplied argument 'check_point_delta_t' not an argument of 'Pymultinest', removing.
14:29 INFO    : Using sampler Pymultinest with kwargs {'importance_nested_sampling': False, 'resume': True, 'verbose': True, 'sampling_efficiency': 'parameter', 'n_live_points': 2048, 'n_params': 7, 'n_clustering_params': None, 'wrapped_params': None, 'multimodal': True, 'const_efficiency_mode': False, 'evidence_tolerance': 0.5, 'n_iter_before_update': 100, 'null_log_evidence': -1e+90, 'max_modes': 100, 'mode_tolerance': -1e+90, 'seed': 42, 'context': 0, 'write_output': True, 'log_zero': -1e+100, 'max_iter': 0, 'init_MPI': False, 'dump_callback': <bound method Pymultinest._dump_callback of <bilby.core.sampler.pymultinest.Pymultinest object at 0x601528aef80>>}
14:29 INFO    : Global meta data was removed from the result object for compatibility. Use the `BILBY_INCLUDE_GLOBAL_METADATA` environment variable to include it. This behaviour will be removed in a future release. For more details see: https://bilby-dev.github.io/bilby/faq.html#global-meta-data
14:29 INFO    : Using temporary file /tmp/tmppwo4jn36
14:35 INFO    : Running for label '11', output will be saved to '/home/stu_jamsin/jamsin/condor_synth_lc_2perday/11'
14:35 INFO    : Analysis priors:
14:35 INFO    : luminosity_distance=Uniform(minimum=0.0, maximum=500.0, name='luminosity_distance', latex_label='$D_L$', unit=None, boundary=None)
14:35 INFO    : KNphi=Uniform(minimum=15.0, maximum=75.0, name='KNphi', latex_label='$\\Phi$', unit=None, boundary=None)
14:35 INFO    : KNtheta=Uniform(minimum=0.0, maximum=90.0, name='KNtheta', latex_label='$\\Phi$', unit=None, boundary=None)
14:35 INFO    : inclination_EM=Sine(minimum=0.0, maximum=1.5707963267948966, name='inclination_EM', latex_label='$\\iota$', unit=None, boundary=None)
14:35 INFO    : timeshift=Uniform(minimum=-2.0, maximum=0.0, name='timeshift', latex_label='$t_0$', unit=None, boundary=None)
14:35 INFO    : log10_mej_dyn=Uniform(minimum=-3.0, maximum=-1.0, name='log10_mej_dyn', latex_label='$\\log_{10}M^{\\rm{dyn}}_{\\rm{ej}}$', unit=None, boundary=None)
14:35 INFO    : log10_mej_wind=Uniform(minimum=-3.0, maximum=-0.5, name='log10_mej_wind', latex_label='$\\log_{10}M^{\\rm{wind}}_{\\rm{ej}}$', unit=None, boundary=None)
14:35 INFO    : Ebv=0.0
14:35 INFO    : Analysis likelihood class: <class 'nmma.em.likelihood.OpticalLightCurve'>
14:35 INFO    : Analysis likelihood noise evidence: 0.0
14:35 INFO    : Single likelihood evaluation took 1.884e-01 s
14:35 WARNING : Supplied argument 'queue_size' not an argument of 'Pymultinest', removing.
14:35 WARNING : Supplied argument 'check_point_delta_t' not an argument of 'Pymultinest', removing.
14:35 INFO    : Using sampler Pymultinest with kwargs {'importance_nested_sampling': False, 'resume': True, 'verbose': True, 'sampling_efficiency': 'parameter', 'n_live_points': 2048, 'n_params': 7, 'n_clustering_params': None, 'wrapped_params': None, 'multimodal': True, 'const_efficiency_mode': False, 'evidence_tolerance': 0.5, 'n_iter_before_update': 100, 'null_log_evidence': -1e+90, 'max_modes': 100, 'mode_tolerance': -1e+90, 'seed': 42, 'context': 0, 'write_output': True, 'log_zero': -1e+100, 'max_iter': 0, 'init_MPI': False, 'dump_callback': <bound method Pymultinest._dump_callback of <bilby.core.sampler.pymultinest.Pymultinest object at 0x8c7a754ab60>>}
14:35 INFO    : Global meta data was removed from the result object for compatibility. Use the `BILBY_INCLUDE_GLOBAL_METADATA` environment variable to include it. This behaviour will be removed in a future release. For more details see: https://bilby-dev.github.io/bilby/faq.html#global-meta-data
14:35 INFO    : Using temporary file /tmp/tmp9_fo2opk
14:47 INFO    : Overwriting /home/stu_jamsin/jamsin/condor_synth_lc_2perday/11/pm_11/ with /tmp/tmp9_fo2opk/
14:55 INFO    : Overwriting /home/stu_jamsin/jamsin/condor_synth_lc_2perday/11/pm_11/ with /tmp/tmp9_fo2opk/
15:02 INFO    : Overwriting /home/stu_jamsin/jamsin/condor_synth_lc_2perday/11/pm_11/ with /tmp/tmp9_fo2opk/
15:09 INFO    : Overwriting /home/stu_jamsin/jamsin/condor_synth_lc_2perday/11/pm_11/ with /tmp/tmp9_fo2opk/
15:16 INFO    : Overwriting /home/stu_jamsin/jamsin/condor_synth_lc_2perday/11/pm_11/ with /tmp/tmp9_fo2opk/
15:23 INFO    : Overwriting /home/stu_jamsin/jamsin/condor_synth_lc_2perday/11/pm_11/ with /tmp/tmp9_fo2opk/
15:31 INFO    : Overwriting /home/stu_jamsin/jamsin/condor_synth_lc_2perday/11/pm_11/ with /tmp/tmp9_fo2opk/
15:40 INFO    : Overwriting /home/stu_jamsin/jamsin/condor_synth_lc_2perday/11/pm_11/ with /tmp/tmp9_fo2opk/
15:51 INFO    : Overwriting /home/stu_jamsin/jamsin/condor_synth_lc_2perday/11/pm_11/ with /tmp/tmp9_fo2opk/
16:02 INFO    : Overwriting /home/stu_jamsin/jamsin/condor_synth_lc_2perday/11/pm_11/ with /tmp/tmp9_fo2opk/
16:13 INFO    : Overwriting /home/stu_jamsin/jamsin/condor_synth_lc_2perday/11/pm_11/ with /tmp/tmp9_fo2opk/
16:27 INFO    : Overwriting /home/stu_jamsin/jamsin/condor_synth_lc_2perday/11/pm_11/ with /tmp/tmp9_fo2opk/
16:40 INFO    : Overwriting /home/stu_jamsin/jamsin/condor_synth_lc_2perday/11/pm_11/ with /tmp/tmp9_fo2opk/
16:55 INFO    : Overwriting /home/stu_jamsin/jamsin/condor_synth_lc_2perday/11/pm_11/ with /tmp/tmp9_fo2opk/
17:08 INFO    : Overwriting /home/stu_jamsin/jamsin/condor_synth_lc_2perday/11/pm_11/ with /tmp/tmp9_fo2opk/
17:21 INFO    : Overwriting /home/stu_jamsin/jamsin/condor_synth_lc_2perday/11/pm_11/ with /tmp/tmp9_fo2opk/
17:36 INFO    : Overwriting /home/stu_jamsin/jamsin/condor_synth_lc_2perday/11/pm_11/ with /tmp/tmp9_fo2opk/
17:50 INFO    : Overwriting /home/stu_jamsin/jamsin/condor_synth_lc_2perday/11/pm_11/ with /tmp/tmp9_fo2opk/
18:06 INFO    : Overwriting /home/stu_jamsin/jamsin/condor_synth_lc_2perday/11/pm_11/ with /tmp/tmp9_fo2opk/
18:23 INFO    : Overwriting /home/stu_jamsin/jamsin/condor_synth_lc_2perday/11/pm_11/ with /tmp/tmp9_fo2opk/
18:41 INFO    : Overwriting /home/stu_jamsin/jamsin/condor_synth_lc_2perday/11/pm_11/ with /tmp/tmp9_fo2opk/
18:59 INFO    : Overwriting /home/stu_jamsin/jamsin/condor_synth_lc_2perday/11/pm_11/ with /tmp/tmp9_fo2opk/
19:16 INFO    : Overwriting /home/stu_jamsin/jamsin/condor_synth_lc_2perday/11/pm_11/ with /tmp/tmp9_fo2opk/
19:34 INFO    : Overwriting /home/stu_jamsin/jamsin/condor_synth_lc_2perday/11/pm_11/ with /tmp/tmp9_fo2opk/
19:54 INFO    : Overwriting /home/stu_jamsin/jamsin/condor_synth_lc_2perday/11/pm_11/ with /tmp/tmp9_fo2opk/
20:16 INFO    : Overwriting /home/stu_jamsin/jamsin/condor_synth_lc_2perday/11/pm_11/ with /tmp/tmp9_fo2opk/
20:39 INFO    : Overwriting /home/stu_jamsin/jamsin/condor_synth_lc_2perday/11/pm_11/ with /tmp/tmp9_fo2opk/
20:59 INFO    : Overwriting /home/stu_jamsin/jamsin/condor_synth_lc_2perday/11/pm_11/ with /tmp/tmp9_fo2opk/
21:20 INFO    : Overwriting /home/stu_jamsin/jamsin/condor_synth_lc_2perday/11/pm_11/ with /tmp/tmp9_fo2opk/
21:23 INFO    : Overwriting /home/stu_jamsin/jamsin/condor_synth_lc_2perday/11/pm_11/ with /tmp/tmp9_fo2opk/
21:23 INFO    : Overwriting /home/stu_jamsin/jamsin/condor_synth_lc_2perday/11/pm_11/ with /tmp/tmp9_fo2opk/
21:24 INFO    : Overwriting /home/stu_jamsin/jamsin/condor_synth_lc_2perday/11/pm_11/ with /tmp/tmp9_fo2opk/
21:24 INFO    : Sampling time: 6:48:21.499376
21:24 INFO    : Summary of results:
nsamples: 11424
ln_noise_evidence:  0.000
ln_evidence: -125.665 +/-  0.072
ln_bayes_factor: -125.665 +/-  0.072

21:24 INFO    : Writing samples file to /home/stu_jamsin/jamsin/condor_synth_lc_2perday/11/11_posterior_samples.dat
