23:29 INFO    : Running for label 'inj_2', output will be saved to '/home/liteul/memoir_code/condor_nlive2048/inj_2'
23:29 INFO    : Analysis priors:
23:29 INFO    : luminosity_distance=Uniform(minimum=0.0, maximum=500.0, name='luminosity_distance', latex_label='$D_L$', unit=None, boundary=None)
23:29 INFO    : KNphi=Uniform(minimum=15.0, maximum=75.0, name='KNphi', latex_label='$\\Phi$', unit=None, boundary=None)
23:29 INFO    : KNtheta=Uniform(minimum=0.0, maximum=90.0, name='KNtheta', latex_label='$\\Phi$', unit=None, boundary=None)
23:29 INFO    : inclination_EM=Sine(minimum=0.0, maximum=1.5707963267948966, name='inclination_EM', latex_label='$\\iota$', unit=None, boundary=None)
23:29 INFO    : timeshift=Uniform(minimum=-2.0, maximum=0.0, name='timeshift', latex_label='$t_0$', unit=None, boundary=None)
23:29 INFO    : log10_mej_dyn=Uniform(minimum=-3.0, maximum=-1.0, name='log10_mej_dyn', latex_label='$\\log_{10}M^{\\rm{dyn}}_{\\rm{ej}}$', unit=None, boundary=None)
23:29 INFO    : log10_mej_wind=Uniform(minimum=-3.0, maximum=-0.5, name='log10_mej_wind', latex_label='$\\log_{10}M^{\\rm{wind}}_{\\rm{ej}}$', unit=None, boundary=None)
23:29 INFO    : Ebv=0.0
23:29 INFO    : Analysis likelihood class: <class 'nmma.em.likelihood.OpticalLightCurve'>
23:29 INFO    : Analysis likelihood noise evidence: 0.0
23:29 INFO    : Single likelihood evaluation took 9.861e-02 s
23:29 WARNING : Supplied argument 'queue_size' not an argument of 'Pymultinest', removing.
23:29 WARNING : Supplied argument 'check_point_delta_t' not an argument of 'Pymultinest', removing.
23:29 INFO    : Using sampler Pymultinest with kwargs {'importance_nested_sampling': False, 'resume': True, 'verbose': True, 'sampling_efficiency': 'parameter', 'n_live_points': 2048, 'n_params': 7, 'n_clustering_params': None, 'wrapped_params': None, 'multimodal': True, 'const_efficiency_mode': False, 'evidence_tolerance': 0.5, 'n_iter_before_update': 100, 'null_log_evidence': -1e+90, 'max_modes': 100, 'mode_tolerance': -1e+90, 'seed': 42, 'context': 0, 'write_output': True, 'log_zero': -1e+100, 'max_iter': 0, 'init_MPI': False, 'dump_callback': <bound method Pymultinest._dump_callback of <bilby.core.sampler.pymultinest.Pymultinest object at 0x11ccc44c4a60>>}
23:29 INFO    : Global meta data was removed from the result object for compatibility. Use the `BILBY_INCLUDE_GLOBAL_METADATA` environment variable to include it. This behaviour will be removed in a future release. For more details see: https://bilby-dev.github.io/bilby/faq.html#global-meta-data
23:29 INFO    : Using temporary file /tmp/tmph0kve0mo
23:35 INFO    : Overwriting /home/liteul/memoir_code/condor_nlive2048/inj_2/pm_inj_2/ with /tmp/tmph0kve0mo/
23:38 INFO    : Overwriting /home/liteul/memoir_code/condor_nlive2048/inj_2/pm_inj_2/ with /tmp/tmph0kve0mo/
23:41 INFO    : Overwriting /home/liteul/memoir_code/condor_nlive2048/inj_2/pm_inj_2/ with /tmp/tmph0kve0mo/
23:56 INFO    : Overwriting /home/liteul/memoir_code/condor_nlive2048/inj_2/pm_inj_2/ with /tmp/tmph0kve0mo/
23:57 INFO    : Running for label 'inj_2', output will be saved to '/home/liteul/memoir_code/condor_nlive2048/inj_2'
23:58 INFO    : Analysis priors:
23:58 INFO    : luminosity_distance=Uniform(minimum=0.0, maximum=500.0, name='luminosity_distance', latex_label='$D_L$', unit=None, boundary=None)
23:58 INFO    : KNphi=Uniform(minimum=15.0, maximum=75.0, name='KNphi', latex_label='$\\Phi$', unit=None, boundary=None)
23:58 INFO    : KNtheta=Uniform(minimum=0.0, maximum=90.0, name='KNtheta', latex_label='$\\Phi$', unit=None, boundary=None)
23:58 INFO    : inclination_EM=Sine(minimum=0.0, maximum=1.5707963267948966, name='inclination_EM', latex_label='$\\iota$', unit=None, boundary=None)
23:58 INFO    : timeshift=Uniform(minimum=-2.0, maximum=0.0, name='timeshift', latex_label='$t_0$', unit=None, boundary=None)
23:58 INFO    : log10_mej_dyn=Uniform(minimum=-3.0, maximum=-1.0, name='log10_mej_dyn', latex_label='$\\log_{10}M^{\\rm{dyn}}_{\\rm{ej}}$', unit=None, boundary=None)
23:58 INFO    : log10_mej_wind=Uniform(minimum=-3.0, maximum=-0.5, name='log10_mej_wind', latex_label='$\\log_{10}M^{\\rm{wind}}_{\\rm{ej}}$', unit=None, boundary=None)
23:58 INFO    : Ebv=0.0
23:58 INFO    : Analysis likelihood class: <class 'nmma.em.likelihood.OpticalLightCurve'>
23:58 INFO    : Analysis likelihood noise evidence: 0.0
23:58 INFO    : Single likelihood evaluation took 9.845e-02 s
23:58 WARNING : Supplied argument 'queue_size' not an argument of 'Pymultinest', removing.
23:58 WARNING : Supplied argument 'check_point_delta_t' not an argument of 'Pymultinest', removing.
23:58 INFO    : Using sampler Pymultinest with kwargs {'importance_nested_sampling': False, 'resume': True, 'verbose': True, 'sampling_efficiency': 'parameter', 'n_live_points': 2048, 'n_params': 7, 'n_clustering_params': None, 'wrapped_params': None, 'multimodal': True, 'const_efficiency_mode': False, 'evidence_tolerance': 0.5, 'n_iter_before_update': 100, 'null_log_evidence': -1e+90, 'max_modes': 100, 'mode_tolerance': -1e+90, 'seed': 42, 'context': 0, 'write_output': True, 'log_zero': -1e+100, 'max_iter': 0, 'init_MPI': False, 'dump_callback': <bound method Pymultinest._dump_callback of <bilby.core.sampler.pymultinest.Pymultinest object at 0xda9b05aa380>>}
23:58 INFO    : Global meta data was removed from the result object for compatibility. Use the `BILBY_INCLUDE_GLOBAL_METADATA` environment variable to include it. This behaviour will be removed in a future release. For more details see: https://bilby-dev.github.io/bilby/faq.html#global-meta-data
23:58 INFO    : Using temporary file /tmp/tmp9ewf65bj
00:01 INFO    : Overwriting /home/liteul/memoir_code/condor_nlive2048/inj_2/pm_inj_2/ with /tmp/tmp9ewf65bj/
00:05 INFO    : Overwriting /home/liteul/memoir_code/condor_nlive2048/inj_2/pm_inj_2/ with /tmp/tmp9ewf65bj/
00:09 INFO    : Overwriting /home/liteul/memoir_code/condor_nlive2048/inj_2/pm_inj_2/ with /tmp/tmp9ewf65bj/
00:13 INFO    : Overwriting /home/liteul/memoir_code/condor_nlive2048/inj_2/pm_inj_2/ with /tmp/tmp9ewf65bj/
00:17 INFO    : Overwriting /home/liteul/memoir_code/condor_nlive2048/inj_2/pm_inj_2/ with /tmp/tmp9ewf65bj/
00:21 INFO    : Overwriting /home/liteul/memoir_code/condor_nlive2048/inj_2/pm_inj_2/ with /tmp/tmp9ewf65bj/
00:25 INFO    : Overwriting /home/liteul/memoir_code/condor_nlive2048/inj_2/pm_inj_2/ with /tmp/tmp9ewf65bj/
00:30 INFO    : Overwriting /home/liteul/memoir_code/condor_nlive2048/inj_2/pm_inj_2/ with /tmp/tmp9ewf65bj/
00:34 INFO    : Overwriting /home/liteul/memoir_code/condor_nlive2048/inj_2/pm_inj_2/ with /tmp/tmp9ewf65bj/
00:39 INFO    : Overwriting /home/liteul/memoir_code/condor_nlive2048/inj_2/pm_inj_2/ with /tmp/tmp9ewf65bj/
00:44 INFO    : Overwriting /home/liteul/memoir_code/condor_nlive2048/inj_2/pm_inj_2/ with /tmp/tmp9ewf65bj/
00:50 INFO    : Overwriting /home/liteul/memoir_code/condor_nlive2048/inj_2/pm_inj_2/ with /tmp/tmp9ewf65bj/
00:55 INFO    : Overwriting /home/liteul/memoir_code/condor_nlive2048/inj_2/pm_inj_2/ with /tmp/tmp9ewf65bj/
01:01 INFO    : Overwriting /home/liteul/memoir_code/condor_nlive2048/inj_2/pm_inj_2/ with /tmp/tmp9ewf65bj/
01:07 INFO    : Overwriting /home/liteul/memoir_code/condor_nlive2048/inj_2/pm_inj_2/ with /tmp/tmp9ewf65bj/
01:14 INFO    : Overwriting /home/liteul/memoir_code/condor_nlive2048/inj_2/pm_inj_2/ with /tmp/tmp9ewf65bj/
01:21 INFO    : Overwriting /home/liteul/memoir_code/condor_nlive2048/inj_2/pm_inj_2/ with /tmp/tmp9ewf65bj/
01:27 INFO    : Overwriting /home/liteul/memoir_code/condor_nlive2048/inj_2/pm_inj_2/ with /tmp/tmp9ewf65bj/
01:35 INFO    : Overwriting /home/liteul/memoir_code/condor_nlive2048/inj_2/pm_inj_2/ with /tmp/tmp9ewf65bj/
01:42 INFO    : Overwriting /home/liteul/memoir_code/condor_nlive2048/inj_2/pm_inj_2/ with /tmp/tmp9ewf65bj/
01:49 INFO    : Overwriting /home/liteul/memoir_code/condor_nlive2048/inj_2/pm_inj_2/ with /tmp/tmp9ewf65bj/
01:56 INFO    : Overwriting /home/liteul/memoir_code/condor_nlive2048/inj_2/pm_inj_2/ with /tmp/tmp9ewf65bj/
02:04 INFO    : Overwriting /home/liteul/memoir_code/condor_nlive2048/inj_2/pm_inj_2/ with /tmp/tmp9ewf65bj/
02:13 INFO    : Overwriting /home/liteul/memoir_code/condor_nlive2048/inj_2/pm_inj_2/ with /tmp/tmp9ewf65bj/
02:22 INFO    : Overwriting /home/liteul/memoir_code/condor_nlive2048/inj_2/pm_inj_2/ with /tmp/tmp9ewf65bj/
02:30 INFO    : Overwriting /home/liteul/memoir_code/condor_nlive2048/inj_2/pm_inj_2/ with /tmp/tmp9ewf65bj/
02:38 INFO    : Overwriting /home/liteul/memoir_code/condor_nlive2048/inj_2/pm_inj_2/ with /tmp/tmp9ewf65bj/
02:45 INFO    : Overwriting /home/liteul/memoir_code/condor_nlive2048/inj_2/pm_inj_2/ with /tmp/tmp9ewf65bj/
02:53 INFO    : Overwriting /home/liteul/memoir_code/condor_nlive2048/inj_2/pm_inj_2/ with /tmp/tmp9ewf65bj/
03:02 INFO    : Overwriting /home/liteul/memoir_code/condor_nlive2048/inj_2/pm_inj_2/ with /tmp/tmp9ewf65bj/
03:12 INFO    : Overwriting /home/liteul/memoir_code/condor_nlive2048/inj_2/pm_inj_2/ with /tmp/tmp9ewf65bj/
03:22 INFO    : Overwriting /home/liteul/memoir_code/condor_nlive2048/inj_2/pm_inj_2/ with /tmp/tmp9ewf65bj/
03:31 INFO    : Overwriting /home/liteul/memoir_code/condor_nlive2048/inj_2/pm_inj_2/ with /tmp/tmp9ewf65bj/
03:38 INFO    : Overwriting /home/liteul/memoir_code/condor_nlive2048/inj_2/pm_inj_2/ with /tmp/tmp9ewf65bj/
03:44 INFO    : Overwriting /home/liteul/memoir_code/condor_nlive2048/inj_2/pm_inj_2/ with /tmp/tmp9ewf65bj/
03:45 INFO    : Overwriting /home/liteul/memoir_code/condor_nlive2048/inj_2/pm_inj_2/ with /tmp/tmp9ewf65bj/
03:45 INFO    : Overwriting /home/liteul/memoir_code/condor_nlive2048/inj_2/pm_inj_2/ with /tmp/tmp9ewf65bj/
03:45 INFO    : Overwriting /home/liteul/memoir_code/condor_nlive2048/inj_2/pm_inj_2/ with /tmp/tmp9ewf65bj/
03:45 INFO    : Sampling time: 3:58:43.130667
03:45 INFO    : Summary of results:
nsamples: 11793
ln_noise_evidence:  0.000
ln_evidence: -328.977 +/-  0.087
ln_bayes_factor: -328.977 +/-  0.087

03:45 INFO    : Writing samples file to /home/liteul/memoir_code/condor_nlive2048/inj_2/inj_2_posterior_samples.dat
11:46 INFO    : Running for label 'inj_2', output will be saved to '/home/liteul/memoir_code/condor_nlive2048/inj_2'
11:46 INFO    : Analysis priors:
11:46 INFO    : luminosity_distance=Uniform(minimum=0.0, maximum=500.0, name='luminosity_distance', latex_label='$D_L$', unit=None, boundary=None)
11:46 INFO    : KNphi=Uniform(minimum=15.0, maximum=75.0, name='KNphi', latex_label='$\\Phi$', unit=None, boundary=None)
11:46 INFO    : KNtheta=Uniform(minimum=0.0, maximum=90.0, name='KNtheta', latex_label='$\\Phi$', unit=None, boundary=None)
11:46 INFO    : inclination_EM=Sine(minimum=0.0, maximum=1.5707963267948966, name='inclination_EM', latex_label='$\\iota$', unit=None, boundary=None)
11:46 INFO    : timeshift=Uniform(minimum=-2.0, maximum=0.0, name='timeshift', latex_label='$t_0$', unit=None, boundary=None)
11:46 INFO    : log10_mej_dyn=Uniform(minimum=-3.0, maximum=-1.0, name='log10_mej_dyn', latex_label='$\\log_{10}M^{\\rm{dyn}}_{\\rm{ej}}$', unit=None, boundary=None)
11:46 INFO    : log10_mej_wind=Uniform(minimum=-3.0, maximum=-0.5, name='log10_mej_wind', latex_label='$\\log_{10}M^{\\rm{wind}}_{\\rm{ej}}$', unit=None, boundary=None)
11:46 INFO    : Ebv=0.0
11:46 INFO    : Analysis likelihood class: <class 'nmma.em.likelihood.OpticalLightCurve'>
11:46 INFO    : Analysis likelihood noise evidence: 0.0
11:46 INFO    : Single likelihood evaluation took 1.274e-01 s
11:46 WARNING : Supplied argument 'queue_size' not an argument of 'Pymultinest', removing.
11:46 WARNING : Supplied argument 'check_point_delta_t' not an argument of 'Pymultinest', removing.
11:46 INFO    : Global meta data was removed from the result object for compatibility. Use the `BILBY_INCLUDE_GLOBAL_METADATA` environment variable to include it. This behaviour will be removed in a future release. For more details see: https://bilby-dev.github.io/bilby/faq.html#global-meta-data
11:46 WARNING : Using cached result
11:46 INFO    : Summary of results:
nsamples: 11793
ln_noise_evidence:  0.000
ln_evidence: -328.977 +/-  0.087
ln_bayes_factor: -328.977 +/-  0.087

11:46 INFO    : Writing samples file to /home/liteul/memoir_code/condor_nlive2048/inj_2/inj_2_posterior_samples.dat
13:10 INFO    : Running for label 'inj_2', output will be saved to '/home/liteul/memoir_code/condor_nlive2048/inj_2'
13:10 INFO    : Analysis priors:
13:10 INFO    : luminosity_distance=Uniform(minimum=0.0, maximum=500.0, name='luminosity_distance', latex_label='$D_L$', unit=None, boundary=None)
13:10 INFO    : KNphi=Uniform(minimum=15.0, maximum=75.0, name='KNphi', latex_label='$\\Phi$', unit=None, boundary=None)
13:10 INFO    : KNtheta=Uniform(minimum=0.0, maximum=90.0, name='KNtheta', latex_label='$\\Phi$', unit=None, boundary=None)
13:10 INFO    : inclination_EM=Sine(minimum=0.0, maximum=1.5707963267948966, name='inclination_EM', latex_label='$\\iota$', unit=None, boundary=None)
13:10 INFO    : timeshift=Uniform(minimum=-2.0, maximum=0.0, name='timeshift', latex_label='$t_0$', unit=None, boundary=None)
13:10 INFO    : log10_mej_dyn=Uniform(minimum=-3.0, maximum=-1.0, name='log10_mej_dyn', latex_label='$\\log_{10}M^{\\rm{dyn}}_{\\rm{ej}}$', unit=None, boundary=None)
13:10 INFO    : log10_mej_wind=Uniform(minimum=-3.0, maximum=-0.5, name='log10_mej_wind', latex_label='$\\log_{10}M^{\\rm{wind}}_{\\rm{ej}}$', unit=None, boundary=None)
13:10 INFO    : Ebv=0.0
13:10 INFO    : Analysis likelihood class: <class 'nmma.em.likelihood.OpticalLightCurve'>
13:10 INFO    : Analysis likelihood noise evidence: 0.0
13:10 INFO    : Single likelihood evaluation took 1.348e-01 s
13:10 WARNING : Supplied argument 'queue_size' not an argument of 'Pymultinest', removing.
13:10 WARNING : Supplied argument 'check_point_delta_t' not an argument of 'Pymultinest', removing.
13:10 INFO    : Global meta data was removed from the result object for compatibility. Use the `BILBY_INCLUDE_GLOBAL_METADATA` environment variable to include it. This behaviour will be removed in a future release. For more details see: https://bilby-dev.github.io/bilby/faq.html#global-meta-data
13:10 WARNING : Using cached result
13:11 INFO    : Summary of results:
nsamples: 11793
ln_noise_evidence:  0.000
ln_evidence: -328.977 +/-  0.087
ln_bayes_factor: -328.977 +/-  0.087

13:11 INFO    : Writing samples file to /home/liteul/memoir_code/condor_nlive2048/inj_2/inj_2_posterior_samples.dat
17:20 INFO    : Running for label 'inj_2', output will be saved to '/home/liteul/memoir_code/condor_nlive2048/inj_2'
17:23 INFO    : Analysis priors:
17:23 INFO    : luminosity_distance=Uniform(minimum=0.0, maximum=500.0, name='luminosity_distance', latex_label='$D_L$', unit=None, boundary=None)
17:23 INFO    : KNphi=Uniform(minimum=15.0, maximum=75.0, name='KNphi', latex_label='$\\Phi$', unit=None, boundary=None)
17:23 INFO    : KNtheta=Uniform(minimum=0.0, maximum=90.0, name='KNtheta', latex_label='$\\Phi$', unit=None, boundary=None)
17:23 INFO    : inclination_EM=Sine(minimum=0.0, maximum=1.5707963267948966, name='inclination_EM', latex_label='$\\iota$', unit=None, boundary=None)
17:23 INFO    : timeshift=Uniform(minimum=-2.0, maximum=0.0, name='timeshift', latex_label='$t_0$', unit=None, boundary=None)
17:23 INFO    : log10_mej_dyn=Uniform(minimum=-3.0, maximum=-1.0, name='log10_mej_dyn', latex_label='$\\log_{10}M^{\\rm{dyn}}_{\\rm{ej}}$', unit=None, boundary=None)
17:23 INFO    : log10_mej_wind=Uniform(minimum=-3.0, maximum=-0.5, name='log10_mej_wind', latex_label='$\\log_{10}M^{\\rm{wind}}_{\\rm{ej}}$', unit=None, boundary=None)
17:23 INFO    : Ebv=0.0
17:23 INFO    : Analysis likelihood class: <class 'nmma.em.likelihood.OpticalLightCurve'>
17:23 INFO    : Analysis likelihood noise evidence: 0.0
17:23 INFO    : Single likelihood evaluation took 1.204e-01 s
17:23 WARNING : Supplied argument 'queue_size' not an argument of 'Pymultinest', removing.
17:23 WARNING : Supplied argument 'check_point_delta_t' not an argument of 'Pymultinest', removing.
17:23 INFO    : Global meta data was removed from the result object for compatibility. Use the `BILBY_INCLUDE_GLOBAL_METADATA` environment variable to include it. This behaviour will be removed in a future release. For more details see: https://bilby-dev.github.io/bilby/faq.html#global-meta-data
17:23 WARNING : Using cached result
17:23 INFO    : Summary of results:
nsamples: 11793
ln_noise_evidence:  0.000
ln_evidence: -328.977 +/-  0.087
ln_bayes_factor: -328.977 +/-  0.087

17:23 INFO    : Writing samples file to /home/liteul/memoir_code/condor_nlive2048/inj_2/inj_2_posterior_samples.dat
17:30 INFO    : Running for label 'inj_2', output will be saved to '/home/liteul/memoir_code/condor_nlive2048/inj_2'
17:31 INFO    : Analysis priors:
17:31 INFO    : luminosity_distance=Uniform(minimum=0.0, maximum=500.0, name='luminosity_distance', latex_label='$D_L$', unit=None, boundary=None)
17:31 INFO    : KNphi=Uniform(minimum=15.0, maximum=75.0, name='KNphi', latex_label='$\\Phi$', unit=None, boundary=None)
17:31 INFO    : KNtheta=Uniform(minimum=0.0, maximum=90.0, name='KNtheta', latex_label='$\\Phi$', unit=None, boundary=None)
17:31 INFO    : inclination_EM=Sine(minimum=0.0, maximum=1.5707963267948966, name='inclination_EM', latex_label='$\\iota$', unit=None, boundary=None)
17:31 INFO    : timeshift=Uniform(minimum=-2.0, maximum=0.0, name='timeshift', latex_label='$t_0$', unit=None, boundary=None)
17:31 INFO    : log10_mej_dyn=Uniform(minimum=-3.0, maximum=-1.0, name='log10_mej_dyn', latex_label='$\\log_{10}M^{\\rm{dyn}}_{\\rm{ej}}$', unit=None, boundary=None)
17:31 INFO    : log10_mej_wind=Uniform(minimum=-3.0, maximum=-0.5, name='log10_mej_wind', latex_label='$\\log_{10}M^{\\rm{wind}}_{\\rm{ej}}$', unit=None, boundary=None)
17:31 INFO    : Ebv=0.0
17:31 INFO    : Analysis likelihood class: <class 'nmma.em.likelihood.OpticalLightCurve'>
17:31 INFO    : Analysis likelihood noise evidence: 0.0
17:31 INFO    : Single likelihood evaluation took 1.063e-01 s
17:31 WARNING : Supplied argument 'queue_size' not an argument of 'Pymultinest', removing.
17:31 WARNING : Supplied argument 'check_point_delta_t' not an argument of 'Pymultinest', removing.
17:31 INFO    : Global meta data was removed from the result object for compatibility. Use the `BILBY_INCLUDE_GLOBAL_METADATA` environment variable to include it. This behaviour will be removed in a future release. For more details see: https://bilby-dev.github.io/bilby/faq.html#global-meta-data
17:31 WARNING : Using cached result
17:31 INFO    : Summary of results:
nsamples: 11793
ln_noise_evidence:  0.000
ln_evidence: -328.977 +/-  0.087
ln_bayes_factor: -328.977 +/-  0.087

17:31 INFO    : Writing samples file to /home/liteul/memoir_code/condor_nlive2048/inj_2/inj_2_posterior_samples.dat
