23:29 INFO    : Running for label 'inj_1', output will be saved to '/home/liteul/memoir_code/condor_nlive2048/inj_1'
23:29 INFO    : Analysis priors:
23:29 INFO    : luminosity_distance=Uniform(minimum=0.0, maximum=500.0, name='luminosity_distance', latex_label='$D_L$', unit=None, boundary=None)
23:29 INFO    : KNphi=Uniform(minimum=15.0, maximum=75.0, name='KNphi', latex_label='$\\Phi$', unit=None, boundary=None)
23:29 INFO    : KNtheta=Uniform(minimum=0.0, maximum=90.0, name='KNtheta', latex_label='$\\Phi$', unit=None, boundary=None)
23:29 INFO    : inclination_EM=Sine(minimum=0.0, maximum=1.5707963267948966, name='inclination_EM', latex_label='$\\iota$', unit=None, boundary=None)
23:29 INFO    : timeshift=Uniform(minimum=-2.0, maximum=0.0, name='timeshift', latex_label='$t_0$', unit=None, boundary=None)
23:29 INFO    : log10_mej_dyn=Uniform(minimum=-3.0, maximum=-1.0, name='log10_mej_dyn', latex_label='$\\log_{10}M^{\\rm{dyn}}_{\\rm{ej}}$', unit=None, boundary=None)
23:29 INFO    : log10_mej_wind=Uniform(minimum=-3.0, maximum=-0.5, name='log10_mej_wind', latex_label='$\\log_{10}M^{\\rm{wind}}_{\\rm{ej}}$', unit=None, boundary=None)
23:29 INFO    : Ebv=0.0
23:29 INFO    : Analysis likelihood class: <class 'nmma.em.likelihood.OpticalLightCurve'>
23:29 INFO    : Analysis likelihood noise evidence: 0.0
23:29 INFO    : Single likelihood evaluation took 9.915e-02 s
23:29 WARNING : Supplied argument 'queue_size' not an argument of 'Pymultinest', removing.
23:29 WARNING : Supplied argument 'check_point_delta_t' not an argument of 'Pymultinest', removing.
23:29 INFO    : Using sampler Pymultinest with kwargs {'importance_nested_sampling': False, 'resume': True, 'verbose': True, 'sampling_efficiency': 'parameter', 'n_live_points': 2048, 'n_params': 7, 'n_clustering_params': None, 'wrapped_params': None, 'multimodal': True, 'const_efficiency_mode': False, 'evidence_tolerance': 0.5, 'n_iter_before_update': 100, 'null_log_evidence': -1e+90, 'max_modes': 100, 'mode_tolerance': -1e+90, 'seed': 42, 'context': 0, 'write_output': True, 'log_zero': -1e+100, 'max_iter': 0, 'init_MPI': False, 'dump_callback': <bound method Pymultinest._dump_callback of <bilby.core.sampler.pymultinest.Pymultinest object at 0xc6d1179bd00>>}
23:29 INFO    : Global meta data was removed from the result object for compatibility. Use the `BILBY_INCLUDE_GLOBAL_METADATA` environment variable to include it. This behaviour will be removed in a future release. For more details see: https://bilby-dev.github.io/bilby/faq.html#global-meta-data
23:29 INFO    : Using temporary file /tmp/tmpfqoer4nx
23:35 INFO    : Overwriting /home/liteul/memoir_code/condor_nlive2048/inj_1/pm_inj_1/ with /tmp/tmpfqoer4nx/
23:38 INFO    : Overwriting /home/liteul/memoir_code/condor_nlive2048/inj_1/pm_inj_1/ with /tmp/tmpfqoer4nx/
23:41 INFO    : Overwriting /home/liteul/memoir_code/condor_nlive2048/inj_1/pm_inj_1/ with /tmp/tmpfqoer4nx/
23:57 INFO    : Running for label 'inj_1', output will be saved to '/home/liteul/memoir_code/condor_nlive2048/inj_1'
23:58 INFO    : Analysis priors:
23:58 INFO    : luminosity_distance=Uniform(minimum=0.0, maximum=500.0, name='luminosity_distance', latex_label='$D_L$', unit=None, boundary=None)
23:58 INFO    : KNphi=Uniform(minimum=15.0, maximum=75.0, name='KNphi', latex_label='$\\Phi$', unit=None, boundary=None)
23:58 INFO    : KNtheta=Uniform(minimum=0.0, maximum=90.0, name='KNtheta', latex_label='$\\Phi$', unit=None, boundary=None)
23:58 INFO    : inclination_EM=Sine(minimum=0.0, maximum=1.5707963267948966, name='inclination_EM', latex_label='$\\iota$', unit=None, boundary=None)
23:58 INFO    : timeshift=Uniform(minimum=-2.0, maximum=0.0, name='timeshift', latex_label='$t_0$', unit=None, boundary=None)
23:58 INFO    : log10_mej_dyn=Uniform(minimum=-3.0, maximum=-1.0, name='log10_mej_dyn', latex_label='$\\log_{10}M^{\\rm{dyn}}_{\\rm{ej}}$', unit=None, boundary=None)
23:58 INFO    : log10_mej_wind=Uniform(minimum=-3.0, maximum=-0.5, name='log10_mej_wind', latex_label='$\\log_{10}M^{\\rm{wind}}_{\\rm{ej}}$', unit=None, boundary=None)
23:58 INFO    : Ebv=0.0
23:58 INFO    : Analysis likelihood class: <class 'nmma.em.likelihood.OpticalLightCurve'>
23:58 INFO    : Analysis likelihood noise evidence: 0.0
23:58 INFO    : Single likelihood evaluation took 9.835e-02 s
23:58 WARNING : Supplied argument 'queue_size' not an argument of 'Pymultinest', removing.
23:58 WARNING : Supplied argument 'check_point_delta_t' not an argument of 'Pymultinest', removing.
23:58 INFO    : Using sampler Pymultinest with kwargs {'importance_nested_sampling': False, 'resume': True, 'verbose': True, 'sampling_efficiency': 'parameter', 'n_live_points': 2048, 'n_params': 7, 'n_clustering_params': None, 'wrapped_params': None, 'multimodal': True, 'const_efficiency_mode': False, 'evidence_tolerance': 0.5, 'n_iter_before_update': 100, 'null_log_evidence': -1e+90, 'max_modes': 100, 'mode_tolerance': -1e+90, 'seed': 42, 'context': 0, 'write_output': True, 'log_zero': -1e+100, 'max_iter': 0, 'init_MPI': False, 'dump_callback': <bound method Pymultinest._dump_callback of <bilby.core.sampler.pymultinest.Pymultinest object at 0x6722245bee0>>}
23:58 INFO    : Global meta data was removed from the result object for compatibility. Use the `BILBY_INCLUDE_GLOBAL_METADATA` environment variable to include it. This behaviour will be removed in a future release. For more details see: https://bilby-dev.github.io/bilby/faq.html#global-meta-data
23:58 INFO    : Using temporary file /tmp/tmp21hg8hgw
00:01 INFO    : Overwriting /home/liteul/memoir_code/condor_nlive2048/inj_1/pm_inj_1/ with /tmp/tmp21hg8hgw/
00:05 INFO    : Overwriting /home/liteul/memoir_code/condor_nlive2048/inj_1/pm_inj_1/ with /tmp/tmp21hg8hgw/
00:08 INFO    : Overwriting /home/liteul/memoir_code/condor_nlive2048/inj_1/pm_inj_1/ with /tmp/tmp21hg8hgw/
00:12 INFO    : Overwriting /home/liteul/memoir_code/condor_nlive2048/inj_1/pm_inj_1/ with /tmp/tmp21hg8hgw/
00:16 INFO    : Overwriting /home/liteul/memoir_code/condor_nlive2048/inj_1/pm_inj_1/ with /tmp/tmp21hg8hgw/
00:21 INFO    : Overwriting /home/liteul/memoir_code/condor_nlive2048/inj_1/pm_inj_1/ with /tmp/tmp21hg8hgw/
00:26 INFO    : Overwriting /home/liteul/memoir_code/condor_nlive2048/inj_1/pm_inj_1/ with /tmp/tmp21hg8hgw/
00:30 INFO    : Overwriting /home/liteul/memoir_code/condor_nlive2048/inj_1/pm_inj_1/ with /tmp/tmp21hg8hgw/
00:35 INFO    : Overwriting /home/liteul/memoir_code/condor_nlive2048/inj_1/pm_inj_1/ with /tmp/tmp21hg8hgw/
00:40 INFO    : Overwriting /home/liteul/memoir_code/condor_nlive2048/inj_1/pm_inj_1/ with /tmp/tmp21hg8hgw/
00:45 INFO    : Overwriting /home/liteul/memoir_code/condor_nlive2048/inj_1/pm_inj_1/ with /tmp/tmp21hg8hgw/
00:50 INFO    : Overwriting /home/liteul/memoir_code/condor_nlive2048/inj_1/pm_inj_1/ with /tmp/tmp21hg8hgw/
00:55 INFO    : Overwriting /home/liteul/memoir_code/condor_nlive2048/inj_1/pm_inj_1/ with /tmp/tmp21hg8hgw/
01:01 INFO    : Overwriting /home/liteul/memoir_code/condor_nlive2048/inj_1/pm_inj_1/ with /tmp/tmp21hg8hgw/
01:07 INFO    : Overwriting /home/liteul/memoir_code/condor_nlive2048/inj_1/pm_inj_1/ with /tmp/tmp21hg8hgw/
01:13 INFO    : Overwriting /home/liteul/memoir_code/condor_nlive2048/inj_1/pm_inj_1/ with /tmp/tmp21hg8hgw/
01:19 INFO    : Overwriting /home/liteul/memoir_code/condor_nlive2048/inj_1/pm_inj_1/ with /tmp/tmp21hg8hgw/
01:26 INFO    : Overwriting /home/liteul/memoir_code/condor_nlive2048/inj_1/pm_inj_1/ with /tmp/tmp21hg8hgw/
01:33 INFO    : Overwriting /home/liteul/memoir_code/condor_nlive2048/inj_1/pm_inj_1/ with /tmp/tmp21hg8hgw/
01:41 INFO    : Overwriting /home/liteul/memoir_code/condor_nlive2048/inj_1/pm_inj_1/ with /tmp/tmp21hg8hgw/
01:48 INFO    : Overwriting /home/liteul/memoir_code/condor_nlive2048/inj_1/pm_inj_1/ with /tmp/tmp21hg8hgw/
01:57 INFO    : Overwriting /home/liteul/memoir_code/condor_nlive2048/inj_1/pm_inj_1/ with /tmp/tmp21hg8hgw/
02:05 INFO    : Overwriting /home/liteul/memoir_code/condor_nlive2048/inj_1/pm_inj_1/ with /tmp/tmp21hg8hgw/
02:13 INFO    : Overwriting /home/liteul/memoir_code/condor_nlive2048/inj_1/pm_inj_1/ with /tmp/tmp21hg8hgw/
02:22 INFO    : Overwriting /home/liteul/memoir_code/condor_nlive2048/inj_1/pm_inj_1/ with /tmp/tmp21hg8hgw/
02:29 INFO    : Overwriting /home/liteul/memoir_code/condor_nlive2048/inj_1/pm_inj_1/ with /tmp/tmp21hg8hgw/
02:36 INFO    : Overwriting /home/liteul/memoir_code/condor_nlive2048/inj_1/pm_inj_1/ with /tmp/tmp21hg8hgw/
02:44 INFO    : Overwriting /home/liteul/memoir_code/condor_nlive2048/inj_1/pm_inj_1/ with /tmp/tmp21hg8hgw/
02:51 INFO    : Overwriting /home/liteul/memoir_code/condor_nlive2048/inj_1/pm_inj_1/ with /tmp/tmp21hg8hgw/
02:59 INFO    : Overwriting /home/liteul/memoir_code/condor_nlive2048/inj_1/pm_inj_1/ with /tmp/tmp21hg8hgw/
03:07 INFO    : Overwriting /home/liteul/memoir_code/condor_nlive2048/inj_1/pm_inj_1/ with /tmp/tmp21hg8hgw/
03:16 INFO    : Overwriting /home/liteul/memoir_code/condor_nlive2048/inj_1/pm_inj_1/ with /tmp/tmp21hg8hgw/
03:25 INFO    : Overwriting /home/liteul/memoir_code/condor_nlive2048/inj_1/pm_inj_1/ with /tmp/tmp21hg8hgw/
03:32 INFO    : Overwriting /home/liteul/memoir_code/condor_nlive2048/inj_1/pm_inj_1/ with /tmp/tmp21hg8hgw/
03:39 INFO    : Overwriting /home/liteul/memoir_code/condor_nlive2048/inj_1/pm_inj_1/ with /tmp/tmp21hg8hgw/
03:45 INFO    : Overwriting /home/liteul/memoir_code/condor_nlive2048/inj_1/pm_inj_1/ with /tmp/tmp21hg8hgw/
03:50 INFO    : Overwriting /home/liteul/memoir_code/condor_nlive2048/inj_1/pm_inj_1/ with /tmp/tmp21hg8hgw/
03:55 INFO    : Overwriting /home/liteul/memoir_code/condor_nlive2048/inj_1/pm_inj_1/ with /tmp/tmp21hg8hgw/
03:59 INFO    : Overwriting /home/liteul/memoir_code/condor_nlive2048/inj_1/pm_inj_1/ with /tmp/tmp21hg8hgw/
04:04 INFO    : Overwriting /home/liteul/memoir_code/condor_nlive2048/inj_1/pm_inj_1/ with /tmp/tmp21hg8hgw/
04:09 INFO    : Overwriting /home/liteul/memoir_code/condor_nlive2048/inj_1/pm_inj_1/ with /tmp/tmp21hg8hgw/
04:11 INFO    : Overwriting /home/liteul/memoir_code/condor_nlive2048/inj_1/pm_inj_1/ with /tmp/tmp21hg8hgw/
04:11 INFO    : Overwriting /home/liteul/memoir_code/condor_nlive2048/inj_1/pm_inj_1/ with /tmp/tmp21hg8hgw/
04:11 INFO    : Overwriting /home/liteul/memoir_code/condor_nlive2048/inj_1/pm_inj_1/ with /tmp/tmp21hg8hgw/
04:11 INFO    : Sampling time: 4:21:52.592579
04:11 INFO    : Summary of results:
nsamples: 13111
ln_noise_evidence:  0.000
ln_evidence: -330.116 +/-  0.093
ln_bayes_factor: -330.116 +/-  0.093

04:11 INFO    : Writing samples file to /home/liteul/memoir_code/condor_nlive2048/inj_1/inj_1_posterior_samples.dat
11:46 INFO    : Running for label 'inj_1', output will be saved to '/home/liteul/memoir_code/condor_nlive2048/inj_1'
11:46 INFO    : Analysis priors:
11:46 INFO    : luminosity_distance=Uniform(minimum=0.0, maximum=500.0, name='luminosity_distance', latex_label='$D_L$', unit=None, boundary=None)
11:46 INFO    : KNphi=Uniform(minimum=15.0, maximum=75.0, name='KNphi', latex_label='$\\Phi$', unit=None, boundary=None)
11:46 INFO    : KNtheta=Uniform(minimum=0.0, maximum=90.0, name='KNtheta', latex_label='$\\Phi$', unit=None, boundary=None)
11:46 INFO    : inclination_EM=Sine(minimum=0.0, maximum=1.5707963267948966, name='inclination_EM', latex_label='$\\iota$', unit=None, boundary=None)
11:46 INFO    : timeshift=Uniform(minimum=-2.0, maximum=0.0, name='timeshift', latex_label='$t_0$', unit=None, boundary=None)
11:46 INFO    : log10_mej_dyn=Uniform(minimum=-3.0, maximum=-1.0, name='log10_mej_dyn', latex_label='$\\log_{10}M^{\\rm{dyn}}_{\\rm{ej}}$', unit=None, boundary=None)
11:46 INFO    : log10_mej_wind=Uniform(minimum=-3.0, maximum=-0.5, name='log10_mej_wind', latex_label='$\\log_{10}M^{\\rm{wind}}_{\\rm{ej}}$', unit=None, boundary=None)
11:46 INFO    : Ebv=0.0
11:46 INFO    : Analysis likelihood class: <class 'nmma.em.likelihood.OpticalLightCurve'>
11:46 INFO    : Analysis likelihood noise evidence: 0.0
11:46 INFO    : Single likelihood evaluation took 1.262e-01 s
11:46 WARNING : Supplied argument 'queue_size' not an argument of 'Pymultinest', removing.
11:46 WARNING : Supplied argument 'check_point_delta_t' not an argument of 'Pymultinest', removing.
11:46 INFO    : Global meta data was removed from the result object for compatibility. Use the `BILBY_INCLUDE_GLOBAL_METADATA` environment variable to include it. This behaviour will be removed in a future release. For more details see: https://bilby-dev.github.io/bilby/faq.html#global-meta-data
11:46 WARNING : Using cached result
11:46 INFO    : Summary of results:
nsamples: 13111
ln_noise_evidence:  0.000
ln_evidence: -330.116 +/-  0.093
ln_bayes_factor: -330.116 +/-  0.093

11:46 INFO    : Writing samples file to /home/liteul/memoir_code/condor_nlive2048/inj_1/inj_1_posterior_samples.dat
