17:15 INFO    : Running for label '2', output will be saved to '/home/stu_jamsin/jamsin/testezu/2'
17:15 INFO    : Analysis priors:
17:15 INFO    : luminosity_distance=Uniform(minimum=0.0, maximum=500.0, name='luminosity_distance', latex_label='$D_L$', unit=None, boundary=None)
17:15 INFO    : KNphi=Uniform(minimum=15.0, maximum=75.0, name='KNphi', latex_label='$\\Phi$', unit=None, boundary=None)
17:15 INFO    : KNtheta=Uniform(minimum=0.0, maximum=90.0, name='KNtheta', latex_label='$\\Phi$', unit=None, boundary=None)
17:15 INFO    : inclination_EM=Sine(minimum=0.0, maximum=1.5707963267948966, name='inclination_EM', latex_label='$\\iota$', unit=None, boundary=None)
17:15 INFO    : timeshift=Uniform(minimum=-2.0, maximum=0.0, name='timeshift', latex_label='$t_0$', unit=None, boundary=None)
17:15 INFO    : log10_mej_dyn=Uniform(minimum=-3.0, maximum=-1.0, name='log10_mej_dyn', latex_label='$\\log_{10}M^{\\rm{dyn}}_{\\rm{ej}}$', unit=None, boundary=None)
17:15 INFO    : log10_mej_wind=Uniform(minimum=-3.0, maximum=-0.5, name='log10_mej_wind', latex_label='$\\log_{10}M^{\\rm{wind}}_{\\rm{ej}}$', unit=None, boundary=None)
17:15 INFO    : Ebv=0.0
17:15 INFO    : Analysis likelihood class: <class 'nmma.em.likelihood.OpticalLightCurve'>
17:15 INFO    : Analysis likelihood noise evidence: 0.0
17:16 INFO    : Single likelihood evaluation took 6.887e-02 s
17:16 WARNING : Supplied argument 'queue_size' not an argument of 'Pymultinest', removing.
17:16 WARNING : Supplied argument 'check_point_delta_t' not an argument of 'Pymultinest', removing.
17:16 INFO    : Using sampler Pymultinest with kwargs {'importance_nested_sampling': False, 'resume': True, 'verbose': True, 'sampling_efficiency': 'parameter', 'n_live_points': 2048, 'n_params': 7, 'n_clustering_params': None, 'wrapped_params': None, 'multimodal': True, 'const_efficiency_mode': False, 'evidence_tolerance': 0.5, 'n_iter_before_update': 100, 'null_log_evidence': -1e+90, 'max_modes': 100, 'mode_tolerance': -1e+90, 'seed': 42, 'context': 0, 'write_output': True, 'log_zero': -1e+100, 'max_iter': 0, 'init_MPI': False, 'dump_callback': <bound method Pymultinest._dump_callback of <bilby.core.sampler.pymultinest.Pymultinest object at 0xb1f3ceb4c40>>}
17:16 INFO    : Global meta data was removed from the result object for compatibility. Use the `BILBY_INCLUDE_GLOBAL_METADATA` environment variable to include it. This behaviour will be removed in a future release. For more details see: https://bilby-dev.github.io/bilby/faq.html#global-meta-data
17:16 INFO    : Using temporary file /tmp/tmp4r81_0vw
17:20 INFO    : Overwriting /home/stu_jamsin/jamsin/testezu/2/pm_2/ with /tmp/tmp4r81_0vw/
17:22 INFO    : Overwriting /home/stu_jamsin/jamsin/testezu/2/pm_2/ with /tmp/tmp4r81_0vw/
17:24 INFO    : Overwriting /home/stu_jamsin/jamsin/testezu/2/pm_2/ with /tmp/tmp4r81_0vw/
17:27 INFO    : Overwriting /home/stu_jamsin/jamsin/testezu/2/pm_2/ with /tmp/tmp4r81_0vw/
17:29 INFO    : Overwriting /home/stu_jamsin/jamsin/testezu/2/pm_2/ with /tmp/tmp4r81_0vw/
17:32 INFO    : Overwriting /home/stu_jamsin/jamsin/testezu/2/pm_2/ with /tmp/tmp4r81_0vw/
17:34 INFO    : Overwriting /home/stu_jamsin/jamsin/testezu/2/pm_2/ with /tmp/tmp4r81_0vw/
17:37 INFO    : Overwriting /home/stu_jamsin/jamsin/testezu/2/pm_2/ with /tmp/tmp4r81_0vw/
17:41 INFO    : Overwriting /home/stu_jamsin/jamsin/testezu/2/pm_2/ with /tmp/tmp4r81_0vw/
17:44 INFO    : Overwriting /home/stu_jamsin/jamsin/testezu/2/pm_2/ with /tmp/tmp4r81_0vw/
17:47 INFO    : Overwriting /home/stu_jamsin/jamsin/testezu/2/pm_2/ with /tmp/tmp4r81_0vw/
17:51 INFO    : Overwriting /home/stu_jamsin/jamsin/testezu/2/pm_2/ with /tmp/tmp4r81_0vw/
17:57 INFO    : Overwriting /home/stu_jamsin/jamsin/testezu/2/pm_2/ with /tmp/tmp4r81_0vw/
18:03 INFO    : Overwriting /home/stu_jamsin/jamsin/testezu/2/pm_2/ with /tmp/tmp4r81_0vw/
18:09 INFO    : Overwriting /home/stu_jamsin/jamsin/testezu/2/pm_2/ with /tmp/tmp4r81_0vw/
18:16 INFO    : Overwriting /home/stu_jamsin/jamsin/testezu/2/pm_2/ with /tmp/tmp4r81_0vw/
18:22 INFO    : Overwriting /home/stu_jamsin/jamsin/testezu/2/pm_2/ with /tmp/tmp4r81_0vw/
18:29 INFO    : Overwriting /home/stu_jamsin/jamsin/testezu/2/pm_2/ with /tmp/tmp4r81_0vw/
18:36 INFO    : Overwriting /home/stu_jamsin/jamsin/testezu/2/pm_2/ with /tmp/tmp4r81_0vw/
18:43 INFO    : Overwriting /home/stu_jamsin/jamsin/testezu/2/pm_2/ with /tmp/tmp4r81_0vw/
18:51 INFO    : Overwriting /home/stu_jamsin/jamsin/testezu/2/pm_2/ with /tmp/tmp4r81_0vw/
18:58 INFO    : Overwriting /home/stu_jamsin/jamsin/testezu/2/pm_2/ with /tmp/tmp4r81_0vw/
19:05 INFO    : Overwriting /home/stu_jamsin/jamsin/testezu/2/pm_2/ with /tmp/tmp4r81_0vw/
19:13 INFO    : Overwriting /home/stu_jamsin/jamsin/testezu/2/pm_2/ with /tmp/tmp4r81_0vw/
19:18 INFO    : Overwriting /home/stu_jamsin/jamsin/testezu/2/pm_2/ with /tmp/tmp4r81_0vw/
19:18 INFO    : Overwriting /home/stu_jamsin/jamsin/testezu/2/pm_2/ with /tmp/tmp4r81_0vw/
19:18 INFO    : Overwriting /home/stu_jamsin/jamsin/testezu/2/pm_2/ with /tmp/tmp4r81_0vw/
19:18 INFO    : Sampling time: 2:02:27.414988
19:18 INFO    : Summary of results:
nsamples: 11720
ln_noise_evidence:  0.000
ln_evidence: -40.403 +/-  0.064
ln_bayes_factor: -40.403 +/-  0.064

19:18 INFO    : Writing samples file to /home/stu_jamsin/jamsin/testezu/2/2_posterior_samples.dat
