22:27 INFO    : Running for label '5', output will be saved to '/home/stu_jamsin/jamsin/condor_synth_lc/5'
22:27 INFO    : Analysis priors:
22:27 INFO    : luminosity_distance=Uniform(minimum=0.0, maximum=500.0, name='luminosity_distance', latex_label='$D_L$', unit=None, boundary=None)
22:27 INFO    : KNphi=Uniform(minimum=15.0, maximum=75.0, name='KNphi', latex_label='$\\Phi$', unit=None, boundary=None)
22:27 INFO    : KNtheta=Uniform(minimum=0.0, maximum=90.0, name='KNtheta', latex_label='$\\Phi$', unit=None, boundary=None)
22:27 INFO    : inclination_EM=Sine(minimum=0.0, maximum=1.5707963267948966, name='inclination_EM', latex_label='$\\iota$', unit=None, boundary=None)
22:27 INFO    : timeshift=Uniform(minimum=-2.0, maximum=0.0, name='timeshift', latex_label='$t_0$', unit=None, boundary=None)
22:27 INFO    : log10_mej_dyn=Uniform(minimum=-3.0, maximum=-1.0, name='log10_mej_dyn', latex_label='$\\log_{10}M^{\\rm{dyn}}_{\\rm{ej}}$', unit=None, boundary=None)
22:27 INFO    : log10_mej_wind=Uniform(minimum=-3.0, maximum=-0.5, name='log10_mej_wind', latex_label='$\\log_{10}M^{\\rm{wind}}_{\\rm{ej}}$', unit=None, boundary=None)
22:27 INFO    : Ebv=0.0
22:27 INFO    : Analysis likelihood class: <class 'nmma.em.likelihood.OpticalLightCurve'>
22:27 INFO    : Analysis likelihood noise evidence: 0.0
22:27 INFO    : Single likelihood evaluation took 6.521e-02 s
22:27 WARNING : Supplied argument 'queue_size' not an argument of 'Pymultinest', removing.
22:27 WARNING : Supplied argument 'check_point_delta_t' not an argument of 'Pymultinest', removing.
22:27 INFO    : Using sampler Pymultinest with kwargs {'importance_nested_sampling': False, 'resume': True, 'verbose': True, 'sampling_efficiency': 'parameter', 'n_live_points': 2048, 'n_params': 7, 'n_clustering_params': None, 'wrapped_params': None, 'multimodal': True, 'const_efficiency_mode': False, 'evidence_tolerance': 0.5, 'n_iter_before_update': 100, 'null_log_evidence': -1e+90, 'max_modes': 100, 'mode_tolerance': -1e+90, 'seed': 42, 'context': 0, 'write_output': True, 'log_zero': -1e+100, 'max_iter': 0, 'init_MPI': False, 'dump_callback': <bound method Pymultinest._dump_callback of <bilby.core.sampler.pymultinest.Pymultinest object at 0x71d1f008a680>>}
22:27 INFO    : Global meta data was removed from the result object for compatibility. Use the `BILBY_INCLUDE_GLOBAL_METADATA` environment variable to include it. This behaviour will be removed in a future release. For more details see: https://bilby-dev.github.io/bilby/faq.html#global-meta-data
22:27 INFO    : Using temporary file /tmp/tmp2944z7n0
22:31 INFO    : Overwriting /home/stu_jamsin/jamsin/condor_synth_lc/5/pm_5/ with /tmp/tmp2944z7n0/
22:32 INFO    : Overwriting /home/stu_jamsin/jamsin/condor_synth_lc/5/pm_5/ with /tmp/tmp2944z7n0/
22:34 INFO    : Overwriting /home/stu_jamsin/jamsin/condor_synth_lc/5/pm_5/ with /tmp/tmp2944z7n0/
22:36 INFO    : Overwriting /home/stu_jamsin/jamsin/condor_synth_lc/5/pm_5/ with /tmp/tmp2944z7n0/
22:38 INFO    : Overwriting /home/stu_jamsin/jamsin/condor_synth_lc/5/pm_5/ with /tmp/tmp2944z7n0/
22:40 INFO    : Overwriting /home/stu_jamsin/jamsin/condor_synth_lc/5/pm_5/ with /tmp/tmp2944z7n0/
22:42 INFO    : Overwriting /home/stu_jamsin/jamsin/condor_synth_lc/5/pm_5/ with /tmp/tmp2944z7n0/
22:44 INFO    : Overwriting /home/stu_jamsin/jamsin/condor_synth_lc/5/pm_5/ with /tmp/tmp2944z7n0/
22:46 INFO    : Overwriting /home/stu_jamsin/jamsin/condor_synth_lc/5/pm_5/ with /tmp/tmp2944z7n0/
22:49 INFO    : Overwriting /home/stu_jamsin/jamsin/condor_synth_lc/5/pm_5/ with /tmp/tmp2944z7n0/
22:51 INFO    : Overwriting /home/stu_jamsin/jamsin/condor_synth_lc/5/pm_5/ with /tmp/tmp2944z7n0/
22:54 INFO    : Overwriting /home/stu_jamsin/jamsin/condor_synth_lc/5/pm_5/ with /tmp/tmp2944z7n0/
22:56 INFO    : Overwriting /home/stu_jamsin/jamsin/condor_synth_lc/5/pm_5/ with /tmp/tmp2944z7n0/
22:59 INFO    : Overwriting /home/stu_jamsin/jamsin/condor_synth_lc/5/pm_5/ with /tmp/tmp2944z7n0/
23:02 INFO    : Overwriting /home/stu_jamsin/jamsin/condor_synth_lc/5/pm_5/ with /tmp/tmp2944z7n0/
23:05 INFO    : Overwriting /home/stu_jamsin/jamsin/condor_synth_lc/5/pm_5/ with /tmp/tmp2944z7n0/
23:07 INFO    : Overwriting /home/stu_jamsin/jamsin/condor_synth_lc/5/pm_5/ with /tmp/tmp2944z7n0/
23:10 INFO    : Overwriting /home/stu_jamsin/jamsin/condor_synth_lc/5/pm_5/ with /tmp/tmp2944z7n0/
23:12 INFO    : Running for label '5', output will be saved to '/home/stu_jamsin/jamsin/condor_synth_lc/5'
23:12 INFO    : Running for label '5', output will be saved to '/home/stu_jamsin/jamsin/condor_synth_lc/5'
23:12 INFO    : Running for label '5', output will be saved to '/home/stu_jamsin/jamsin/condor_synth_lc/5'
23:12 INFO    : Running for label '5', output will be saved to '/home/stu_jamsin/jamsin/condor_synth_lc/5'
23:12 INFO    : Running for label '5', output will be saved to '/home/stu_jamsin/jamsin/condor_synth_lc/5'
23:12 INFO    : Analysis priors:
23:12 INFO    : luminosity_distance=Uniform(minimum=0.0, maximum=500.0, name='luminosity_distance', latex_label='$D_L$', unit=None, boundary=None)
23:12 INFO    : KNphi=Uniform(minimum=15.0, maximum=75.0, name='KNphi', latex_label='$\\Phi$', unit=None, boundary=None)
23:12 INFO    : KNtheta=Uniform(minimum=0.0, maximum=90.0, name='KNtheta', latex_label='$\\Phi$', unit=None, boundary=None)
23:12 INFO    : inclination_EM=Sine(minimum=0.0, maximum=1.5707963267948966, name='inclination_EM', latex_label='$\\iota$', unit=None, boundary=None)
23:12 INFO    : timeshift=Uniform(minimum=-2.0, maximum=0.0, name='timeshift', latex_label='$t_0$', unit=None, boundary=None)
23:12 INFO    : log10_mej_dyn=Uniform(minimum=-3.0, maximum=-1.0, name='log10_mej_dyn', latex_label='$\\log_{10}M^{\\rm{dyn}}_{\\rm{ej}}$', unit=None, boundary=None)
23:12 INFO    : log10_mej_wind=Uniform(minimum=-3.0, maximum=-0.5, name='log10_mej_wind', latex_label='$\\log_{10}M^{\\rm{wind}}_{\\rm{ej}}$', unit=None, boundary=None)
23:12 INFO    : Ebv=0.0
23:12 INFO    : Analysis likelihood class: <class 'nmma.em.likelihood.OpticalLightCurve'>
23:12 INFO    : Analysis likelihood noise evidence: 0.0
23:12 INFO    : Analysis priors:
23:12 INFO    : luminosity_distance=Uniform(minimum=0.0, maximum=500.0, name='luminosity_distance', latex_label='$D_L$', unit=None, boundary=None)
23:12 INFO    : KNphi=Uniform(minimum=15.0, maximum=75.0, name='KNphi', latex_label='$\\Phi$', unit=None, boundary=None)
23:12 INFO    : KNtheta=Uniform(minimum=0.0, maximum=90.0, name='KNtheta', latex_label='$\\Phi$', unit=None, boundary=None)
23:12 INFO    : inclination_EM=Sine(minimum=0.0, maximum=1.5707963267948966, name='inclination_EM', latex_label='$\\iota$', unit=None, boundary=None)
23:12 INFO    : timeshift=Uniform(minimum=-2.0, maximum=0.0, name='timeshift', latex_label='$t_0$', unit=None, boundary=None)
23:12 INFO    : log10_mej_dyn=Uniform(minimum=-3.0, maximum=-1.0, name='log10_mej_dyn', latex_label='$\\log_{10}M^{\\rm{dyn}}_{\\rm{ej}}$', unit=None, boundary=None)
23:12 INFO    : log10_mej_wind=Uniform(minimum=-3.0, maximum=-0.5, name='log10_mej_wind', latex_label='$\\log_{10}M^{\\rm{wind}}_{\\rm{ej}}$', unit=None, boundary=None)
23:12 INFO    : Ebv=0.0
23:12 INFO    : Analysis likelihood class: <class 'nmma.em.likelihood.OpticalLightCurve'>
23:12 INFO    : Analysis likelihood noise evidence: 0.0
23:12 INFO    : Analysis priors:
23:12 INFO    : luminosity_distance=Uniform(minimum=0.0, maximum=500.0, name='luminosity_distance', latex_label='$D_L$', unit=None, boundary=None)
23:12 INFO    : KNphi=Uniform(minimum=15.0, maximum=75.0, name='KNphi', latex_label='$\\Phi$', unit=None, boundary=None)
23:12 INFO    : KNtheta=Uniform(minimum=0.0, maximum=90.0, name='KNtheta', latex_label='$\\Phi$', unit=None, boundary=None)
23:12 INFO    : inclination_EM=Sine(minimum=0.0, maximum=1.5707963267948966, name='inclination_EM', latex_label='$\\iota$', unit=None, boundary=None)
23:12 INFO    : timeshift=Uniform(minimum=-2.0, maximum=0.0, name='timeshift', latex_label='$t_0$', unit=None, boundary=None)
23:12 INFO    : log10_mej_dyn=Uniform(minimum=-3.0, maximum=-1.0, name='log10_mej_dyn', latex_label='$\\log_{10}M^{\\rm{dyn}}_{\\rm{ej}}$', unit=None, boundary=None)
23:12 INFO    : log10_mej_wind=Uniform(minimum=-3.0, maximum=-0.5, name='log10_mej_wind', latex_label='$\\log_{10}M^{\\rm{wind}}_{\\rm{ej}}$', unit=None, boundary=None)
23:12 INFO    : Ebv=0.0
23:12 INFO    : Analysis likelihood class: <class 'nmma.em.likelihood.OpticalLightCurve'>
23:12 INFO    : Analysis likelihood noise evidence: 0.0
23:12 INFO    : Analysis priors:
23:12 INFO    : luminosity_distance=Uniform(minimum=0.0, maximum=500.0, name='luminosity_distance', latex_label='$D_L$', unit=None, boundary=None)
23:12 INFO    : KNphi=Uniform(minimum=15.0, maximum=75.0, name='KNphi', latex_label='$\\Phi$', unit=None, boundary=None)
23:12 INFO    : KNtheta=Uniform(minimum=0.0, maximum=90.0, name='KNtheta', latex_label='$\\Phi$', unit=None, boundary=None)
23:12 INFO    : inclination_EM=Sine(minimum=0.0, maximum=1.5707963267948966, name='inclination_EM', latex_label='$\\iota$', unit=None, boundary=None)
23:12 INFO    : timeshift=Uniform(minimum=-2.0, maximum=0.0, name='timeshift', latex_label='$t_0$', unit=None, boundary=None)
23:12 INFO    : log10_mej_dyn=Uniform(minimum=-3.0, maximum=-1.0, name='log10_mej_dyn', latex_label='$\\log_{10}M^{\\rm{dyn}}_{\\rm{ej}}$', unit=None, boundary=None)
23:12 INFO    : log10_mej_wind=Uniform(minimum=-3.0, maximum=-0.5, name='log10_mej_wind', latex_label='$\\log_{10}M^{\\rm{wind}}_{\\rm{ej}}$', unit=None, boundary=None)
23:12 INFO    : Ebv=0.0
23:12 INFO    : Analysis likelihood class: <class 'nmma.em.likelihood.OpticalLightCurve'>
23:12 INFO    : Analysis likelihood noise evidence: 0.0
23:12 INFO    : Analysis priors:
23:12 INFO    : luminosity_distance=Uniform(minimum=0.0, maximum=500.0, name='luminosity_distance', latex_label='$D_L$', unit=None, boundary=None)
23:12 INFO    : KNphi=Uniform(minimum=15.0, maximum=75.0, name='KNphi', latex_label='$\\Phi$', unit=None, boundary=None)
23:12 INFO    : KNtheta=Uniform(minimum=0.0, maximum=90.0, name='KNtheta', latex_label='$\\Phi$', unit=None, boundary=None)
23:12 INFO    : inclination_EM=Sine(minimum=0.0, maximum=1.5707963267948966, name='inclination_EM', latex_label='$\\iota$', unit=None, boundary=None)
23:12 INFO    : timeshift=Uniform(minimum=-2.0, maximum=0.0, name='timeshift', latex_label='$t_0$', unit=None, boundary=None)
23:12 INFO    : log10_mej_dyn=Uniform(minimum=-3.0, maximum=-1.0, name='log10_mej_dyn', latex_label='$\\log_{10}M^{\\rm{dyn}}_{\\rm{ej}}$', unit=None, boundary=None)
23:12 INFO    : log10_mej_wind=Uniform(minimum=-3.0, maximum=-0.5, name='log10_mej_wind', latex_label='$\\log_{10}M^{\\rm{wind}}_{\\rm{ej}}$', unit=None, boundary=None)
23:12 INFO    : Ebv=0.0
23:12 INFO    : Analysis likelihood class: <class 'nmma.em.likelihood.OpticalLightCurve'>
23:12 INFO    : Analysis likelihood noise evidence: 0.0
23:12 INFO    : Single likelihood evaluation took 8.444e-02 s
23:12 WARNING : Supplied argument 'queue_size' not an argument of 'Pymultinest', removing.
23:12 WARNING : Supplied argument 'check_point_delta_t' not an argument of 'Pymultinest', removing.
23:12 INFO    : Using sampler Pymultinest with kwargs {'importance_nested_sampling': False, 'resume': True, 'verbose': True, 'sampling_efficiency': 'parameter', 'n_live_points': 2048, 'n_params': 7, 'n_clustering_params': None, 'wrapped_params': None, 'multimodal': True, 'const_efficiency_mode': False, 'evidence_tolerance': 0.5, 'n_iter_before_update': 100, 'null_log_evidence': -1e+90, 'max_modes': 100, 'mode_tolerance': -1e+90, 'seed': 42, 'context': 0, 'write_output': True, 'log_zero': -1e+100, 'max_iter': 0, 'init_MPI': False, 'dump_callback': <bound method Pymultinest._dump_callback of <bilby.core.sampler.pymultinest.Pymultinest object at 0xbbcaca52b00>>}
23:12 INFO    : Global meta data was removed from the result object for compatibility. Use the `BILBY_INCLUDE_GLOBAL_METADATA` environment variable to include it. This behaviour will be removed in a future release. For more details see: https://bilby-dev.github.io/bilby/faq.html#global-meta-data
23:12 INFO    : Single likelihood evaluation took 9.131e-02 s
23:12 WARNING : Supplied argument 'queue_size' not an argument of 'Pymultinest', removing.
23:12 WARNING : Supplied argument 'check_point_delta_t' not an argument of 'Pymultinest', removing.
23:12 INFO    : Using sampler Pymultinest with kwargs {'importance_nested_sampling': False, 'resume': True, 'verbose': True, 'sampling_efficiency': 'parameter', 'n_live_points': 2048, 'n_params': 7, 'n_clustering_params': None, 'wrapped_params': None, 'multimodal': True, 'const_efficiency_mode': False, 'evidence_tolerance': 0.5, 'n_iter_before_update': 100, 'null_log_evidence': -1e+90, 'max_modes': 100, 'mode_tolerance': -1e+90, 'seed': 42, 'context': 0, 'write_output': True, 'log_zero': -1e+100, 'max_iter': 0, 'init_MPI': False, 'dump_callback': <bound method Pymultinest._dump_callback of <bilby.core.sampler.pymultinest.Pymultinest object at 0x8ae7f18eb60>>}
23:12 INFO    : Global meta data was removed from the result object for compatibility. Use the `BILBY_INCLUDE_GLOBAL_METADATA` environment variable to include it. This behaviour will be removed in a future release. For more details see: https://bilby-dev.github.io/bilby/faq.html#global-meta-data
23:12 INFO    : Single likelihood evaluation took 9.731e-02 s
23:12 WARNING : Supplied argument 'queue_size' not an argument of 'Pymultinest', removing.
23:12 WARNING : Supplied argument 'check_point_delta_t' not an argument of 'Pymultinest', removing.
23:12 INFO    : Using sampler Pymultinest with kwargs {'importance_nested_sampling': False, 'resume': True, 'verbose': True, 'sampling_efficiency': 'parameter', 'n_live_points': 2048, 'n_params': 7, 'n_clustering_params': None, 'wrapped_params': None, 'multimodal': True, 'const_efficiency_mode': False, 'evidence_tolerance': 0.5, 'n_iter_before_update': 100, 'null_log_evidence': -1e+90, 'max_modes': 100, 'mode_tolerance': -1e+90, 'seed': 42, 'context': 0, 'write_output': True, 'log_zero': -1e+100, 'max_iter': 0, 'init_MPI': False, 'dump_callback': <bound method Pymultinest._dump_callback of <bilby.core.sampler.pymultinest.Pymultinest object at 0xdb3c98aac80>>}
23:12 INFO    : Global meta data was removed from the result object for compatibility. Use the `BILBY_INCLUDE_GLOBAL_METADATA` environment variable to include it. This behaviour will be removed in a future release. For more details see: https://bilby-dev.github.io/bilby/faq.html#global-meta-data
23:12 INFO    : Single likelihood evaluation took 9.461e-02 s
23:12 INFO    : Using temporary file /tmp/tmpzuubx2kc
23:12 WARNING : Supplied argument 'queue_size' not an argument of 'Pymultinest', removing.
23:12 WARNING : Supplied argument 'check_point_delta_t' not an argument of 'Pymultinest', removing.
23:12 INFO    : Using sampler Pymultinest with kwargs {'importance_nested_sampling': False, 'resume': True, 'verbose': True, 'sampling_efficiency': 'parameter', 'n_live_points': 2048, 'n_params': 7, 'n_clustering_params': None, 'wrapped_params': None, 'multimodal': True, 'const_efficiency_mode': False, 'evidence_tolerance': 0.5, 'n_iter_before_update': 100, 'null_log_evidence': -1e+90, 'max_modes': 100, 'mode_tolerance': -1e+90, 'seed': 42, 'context': 0, 'write_output': True, 'log_zero': -1e+100, 'max_iter': 0, 'init_MPI': False, 'dump_callback': <bound method Pymultinest._dump_callback of <bilby.core.sampler.pymultinest.Pymultinest object at 0x115d0578eec0>>}
23:12 INFO    : Global meta data was removed from the result object for compatibility. Use the `BILBY_INCLUDE_GLOBAL_METADATA` environment variable to include it. This behaviour will be removed in a future release. For more details see: https://bilby-dev.github.io/bilby/faq.html#global-meta-data
23:12 INFO    : Single likelihood evaluation took 1.039e-01 s
23:12 WARNING : Supplied argument 'queue_size' not an argument of 'Pymultinest', removing.
23:12 WARNING : Supplied argument 'check_point_delta_t' not an argument of 'Pymultinest', removing.
23:12 INFO    : Using sampler Pymultinest with kwargs {'importance_nested_sampling': False, 'resume': True, 'verbose': True, 'sampling_efficiency': 'parameter', 'n_live_points': 2048, 'n_params': 7, 'n_clustering_params': None, 'wrapped_params': None, 'multimodal': True, 'const_efficiency_mode': False, 'evidence_tolerance': 0.5, 'n_iter_before_update': 100, 'null_log_evidence': -1e+90, 'max_modes': 100, 'mode_tolerance': -1e+90, 'seed': 42, 'context': 0, 'write_output': True, 'log_zero': -1e+100, 'max_iter': 0, 'init_MPI': False, 'dump_callback': <bound method Pymultinest._dump_callback of <bilby.core.sampler.pymultinest.Pymultinest object at 0x118442703220>>}
23:12 INFO    : Global meta data was removed from the result object for compatibility. Use the `BILBY_INCLUDE_GLOBAL_METADATA` environment variable to include it. This behaviour will be removed in a future release. For more details see: https://bilby-dev.github.io/bilby/faq.html#global-meta-data
23:12 INFO    : Using temporary file /tmp/tmpnfa6isj4
23:12 INFO    : Using temporary file /tmp/tmp0pt9ktx_
23:12 INFO    : Using temporary file /tmp/tmp2cazav84
23:12 INFO    : Using temporary file /tmp/tmpvppd4kja
23:14 INFO    : Overwriting /home/stu_jamsin/jamsin/condor_synth_lc/5/pm_5/ with /tmp/tmp2944z7n0/
23:19 INFO    : Overwriting /home/stu_jamsin/jamsin/condor_synth_lc/5/pm_5/ with /tmp/tmp2944z7n0/
23:23 INFO    : Overwriting /home/stu_jamsin/jamsin/condor_synth_lc/5/pm_5/ with /tmp/tmp2944z7n0/
23:28 INFO    : Overwriting /home/stu_jamsin/jamsin/condor_synth_lc/5/pm_5/ with /tmp/tmp2944z7n0/
23:33 INFO    : Overwriting /home/stu_jamsin/jamsin/condor_synth_lc/5/pm_5/ with /tmp/tmp2944z7n0/
23:38 INFO    : Overwriting /home/stu_jamsin/jamsin/condor_synth_lc/5/pm_5/ with /tmp/tmp2944z7n0/
23:43 INFO    : Overwriting /home/stu_jamsin/jamsin/condor_synth_lc/5/pm_5/ with /tmp/tmp2944z7n0/
23:48 INFO    : Overwriting /home/stu_jamsin/jamsin/condor_synth_lc/5/pm_5/ with /tmp/tmp2944z7n0/
23:53 INFO    : Overwriting /home/stu_jamsin/jamsin/condor_synth_lc/5/pm_5/ with /tmp/tmp2944z7n0/
23:59 INFO    : Overwriting /home/stu_jamsin/jamsin/condor_synth_lc/5/pm_5/ with /tmp/tmp2944z7n0/
00:05 INFO    : Overwriting /home/stu_jamsin/jamsin/condor_synth_lc/5/pm_5/ with /tmp/tmp2944z7n0/
00:11 INFO    : Overwriting /home/stu_jamsin/jamsin/condor_synth_lc/5/pm_5/ with /tmp/tmp2944z7n0/
00:14 INFO    : Overwriting /home/stu_jamsin/jamsin/condor_synth_lc/5/pm_5/ with /tmp/tmp2944z7n0/
00:14 INFO    : Overwriting /home/stu_jamsin/jamsin/condor_synth_lc/5/pm_5/ with /tmp/tmp2944z7n0/
