14:52 INFO    : Running for label 'inj_43', output will be saved to '/home/liteul/memoir_code/condor_other_eos_small_nlive128/inj_43'
14:52 INFO    : Analysis priors:
14:52 INFO    : luminosity_distance=Uniform(minimum=0.0, maximum=500.0, name='luminosity_distance', latex_label='$D_L$', unit=None, boundary=None)
14:52 INFO    : KNphi=Uniform(minimum=15.0, maximum=75.0, name='KNphi', latex_label='$\\Phi$', unit=None, boundary=None)
14:52 INFO    : KNtheta=Uniform(minimum=0.0, maximum=90.0, name='KNtheta', latex_label='$\\Phi$', unit=None, boundary=None)
14:52 INFO    : timeshift=Uniform(minimum=-2.0, maximum=0.0, name='timeshift', latex_label='$t_0$', unit=None, boundary=None)
14:52 INFO    : log10_mej_dyn=Uniform(minimum=-3.0, maximum=-1.0, name='log10_mej_dyn', latex_label='$\\log_{10}M^{\\rm{dyn}}_{\\rm{ej}}$', unit=None, boundary=None)
14:52 INFO    : log10_mej_wind=Uniform(minimum=-3.0, maximum=-0.5, name='log10_mej_wind', latex_label='$\\log_{10}M^{\\rm{wind}}_{\\rm{ej}}$', unit=None, boundary=None)
14:52 INFO    : Ebv=0.0
14:52 INFO    : Analysis likelihood class: <class 'nmma.em.likelihood.OpticalLightCurve'>
14:52 INFO    : Analysis likelihood noise evidence: 0.0
14:52 INFO    : Single likelihood evaluation took 7.968e-02 s
14:52 WARNING : Supplied argument 'queue_size' not an argument of 'Pymultinest', removing.
14:52 WARNING : Supplied argument 'check_point_delta_t' not an argument of 'Pymultinest', removing.
14:52 INFO    : Using sampler Pymultinest with kwargs {'importance_nested_sampling': False, 'resume': True, 'verbose': True, 'sampling_efficiency': 'parameter', 'n_live_points': 128, 'n_params': 6, 'n_clustering_params': None, 'wrapped_params': None, 'multimodal': True, 'const_efficiency_mode': False, 'evidence_tolerance': 0.5, 'n_iter_before_update': 100, 'null_log_evidence': -1e+90, 'max_modes': 100, 'mode_tolerance': -1e+90, 'seed': 42, 'context': 0, 'write_output': True, 'log_zero': -1e+100, 'max_iter': 0, 'init_MPI': False, 'dump_callback': <bound method Pymultinest._dump_callback of <bilby.core.sampler.pymultinest.Pymultinest object at 0x11ebeff53a90>>}
14:52 INFO    : Global meta data was removed from the result object for compatibility. Use the `BILBY_INCLUDE_GLOBAL_METADATA` environment variable to include it. This behaviour will be removed in a future release. For more details see: https://bilby-dev.github.io/bilby/faq.html#global-meta-data
14:52 INFO    : Using temporary file /tmp/tmp6pjl2k_x
14:57 INFO    : Overwriting /home/liteul/memoir_code/condor_other_eos_small_nlive128/inj_43/pm_inj_43/ with /tmp/tmp6pjl2k_x/
15:07 INFO    : Overwriting /home/liteul/memoir_code/condor_other_eos_small_nlive128/inj_43/pm_inj_43/ with /tmp/tmp6pjl2k_x/
15:16 INFO    : Overwriting /home/liteul/memoir_code/condor_other_eos_small_nlive128/inj_43/pm_inj_43/ with /tmp/tmp6pjl2k_x/
15:16 INFO    : Overwriting /home/liteul/memoir_code/condor_other_eos_small_nlive128/inj_43/pm_inj_43/ with /tmp/tmp6pjl2k_x/
15:16 INFO    : Overwriting /home/liteul/memoir_code/condor_other_eos_small_nlive128/inj_43/pm_inj_43/ with /tmp/tmp6pjl2k_x/
15:16 INFO    : Sampling time: 0:23:40.489077
15:16 INFO    : Summary of results:
nsamples: 727
ln_noise_evidence:  0.000
ln_evidence: -326.905 +/-  0.375
ln_bayes_factor: -326.905 +/-  0.375

15:16 INFO    : Writing samples file to /home/liteul/memoir_code/condor_other_eos_small_nlive128/inj_43/inj_43_posterior_samples.dat
