23:15 INFO    : Running for label '3', output will be saved to '/home/stu_jamsin/jamsin/condor_synth_lc/3'
23:15 INFO    : Analysis priors:
23:15 INFO    : luminosity_distance=Uniform(minimum=0.0, maximum=500.0, name='luminosity_distance', latex_label='$D_L$', unit=None, boundary=None)
23:15 INFO    : KNphi=Uniform(minimum=15.0, maximum=75.0, name='KNphi', latex_label='$\\Phi$', unit=None, boundary=None)
23:15 INFO    : KNtheta=Uniform(minimum=0.0, maximum=90.0, name='KNtheta', latex_label='$\\Phi$', unit=None, boundary=None)
23:15 INFO    : inclination_EM=Sine(minimum=0.0, maximum=1.5707963267948966, name='inclination_EM', latex_label='$\\iota$', unit=None, boundary=None)
23:15 INFO    : timeshift=Uniform(minimum=-2.0, maximum=0.0, name='timeshift', latex_label='$t_0$', unit=None, boundary=None)
23:15 INFO    : log10_mej_dyn=Uniform(minimum=-3.0, maximum=-1.0, name='log10_mej_dyn', latex_label='$\\log_{10}M^{\\rm{dyn}}_{\\rm{ej}}$', unit=None, boundary=None)
23:15 INFO    : log10_mej_wind=Uniform(minimum=-3.0, maximum=-0.5, name='log10_mej_wind', latex_label='$\\log_{10}M^{\\rm{wind}}_{\\rm{ej}}$', unit=None, boundary=None)
23:15 INFO    : Ebv=0.0
23:15 INFO    : Analysis likelihood class: <class 'nmma.em.likelihood.OpticalLightCurve'>
23:15 INFO    : Analysis likelihood noise evidence: 0.0
23:15 INFO    : Single likelihood evaluation took 7.072e-02 s
23:15 WARNING : Supplied argument 'queue_size' not an argument of 'Pymultinest', removing.
23:15 WARNING : Supplied argument 'check_point_delta_t' not an argument of 'Pymultinest', removing.
23:15 INFO    : Using sampler Pymultinest with kwargs {'importance_nested_sampling': False, 'resume': True, 'verbose': True, 'sampling_efficiency': 'parameter', 'n_live_points': 2048, 'n_params': 7, 'n_clustering_params': None, 'wrapped_params': None, 'multimodal': True, 'const_efficiency_mode': False, 'evidence_tolerance': 0.5, 'n_iter_before_update': 100, 'null_log_evidence': -1e+90, 'max_modes': 100, 'mode_tolerance': -1e+90, 'seed': 42, 'context': 0, 'write_output': True, 'log_zero': -1e+100, 'max_iter': 0, 'init_MPI': False, 'dump_callback': <bound method Pymultinest._dump_callback of <bilby.core.sampler.pymultinest.Pymultinest object at 0x14f54345e650>>}
23:15 INFO    : Global meta data was removed from the result object for compatibility. Use the `BILBY_INCLUDE_GLOBAL_METADATA` environment variable to include it. This behaviour will be removed in a future release. For more details see: https://bilby-dev.github.io/bilby/faq.html#global-meta-data
23:15 INFO    : Using temporary file /tmp/tmpg_st16po
23:20 INFO    : Overwriting /home/stu_jamsin/jamsin/condor_synth_lc/3/pm_3/ with /tmp/tmpg_st16po/
23:23 INFO    : Overwriting /home/stu_jamsin/jamsin/condor_synth_lc/3/pm_3/ with /tmp/tmpg_st16po/
23:25 INFO    : Overwriting /home/stu_jamsin/jamsin/condor_synth_lc/3/pm_3/ with /tmp/tmpg_st16po/
23:28 INFO    : Overwriting /home/stu_jamsin/jamsin/condor_synth_lc/3/pm_3/ with /tmp/tmpg_st16po/
23:31 INFO    : Overwriting /home/stu_jamsin/jamsin/condor_synth_lc/3/pm_3/ with /tmp/tmpg_st16po/
23:34 INFO    : Overwriting /home/stu_jamsin/jamsin/condor_synth_lc/3/pm_3/ with /tmp/tmpg_st16po/
23:38 INFO    : Overwriting /home/stu_jamsin/jamsin/condor_synth_lc/3/pm_3/ with /tmp/tmpg_st16po/
23:41 INFO    : Overwriting /home/stu_jamsin/jamsin/condor_synth_lc/3/pm_3/ with /tmp/tmpg_st16po/
23:45 INFO    : Overwriting /home/stu_jamsin/jamsin/condor_synth_lc/3/pm_3/ with /tmp/tmpg_st16po/
23:48 INFO    : Overwriting /home/stu_jamsin/jamsin/condor_synth_lc/3/pm_3/ with /tmp/tmpg_st16po/
23:52 INFO    : Overwriting /home/stu_jamsin/jamsin/condor_synth_lc/3/pm_3/ with /tmp/tmpg_st16po/
23:56 INFO    : Overwriting /home/stu_jamsin/jamsin/condor_synth_lc/3/pm_3/ with /tmp/tmpg_st16po/
00:00 INFO    : Overwriting /home/stu_jamsin/jamsin/condor_synth_lc/3/pm_3/ with /tmp/tmpg_st16po/
00:04 INFO    : Overwriting /home/stu_jamsin/jamsin/condor_synth_lc/3/pm_3/ with /tmp/tmpg_st16po/
00:08 INFO    : Overwriting /home/stu_jamsin/jamsin/condor_synth_lc/3/pm_3/ with /tmp/tmpg_st16po/
00:12 INFO    : Overwriting /home/stu_jamsin/jamsin/condor_synth_lc/3/pm_3/ with /tmp/tmpg_st16po/
00:17 INFO    : Overwriting /home/stu_jamsin/jamsin/condor_synth_lc/3/pm_3/ with /tmp/tmpg_st16po/
00:22 INFO    : Overwriting /home/stu_jamsin/jamsin/condor_synth_lc/3/pm_3/ with /tmp/tmpg_st16po/
00:26 INFO    : Overwriting /home/stu_jamsin/jamsin/condor_synth_lc/3/pm_3/ with /tmp/tmpg_st16po/
00:32 INFO    : Overwriting /home/stu_jamsin/jamsin/condor_synth_lc/3/pm_3/ with /tmp/tmpg_st16po/
00:36 INFO    : Overwriting /home/stu_jamsin/jamsin/condor_synth_lc/3/pm_3/ with /tmp/tmpg_st16po/
00:41 INFO    : Overwriting /home/stu_jamsin/jamsin/condor_synth_lc/3/pm_3/ with /tmp/tmpg_st16po/
00:46 INFO    : Overwriting /home/stu_jamsin/jamsin/condor_synth_lc/3/pm_3/ with /tmp/tmpg_st16po/
00:52 INFO    : Overwriting /home/stu_jamsin/jamsin/condor_synth_lc/3/pm_3/ with /tmp/tmpg_st16po/
00:58 INFO    : Overwriting /home/stu_jamsin/jamsin/condor_synth_lc/3/pm_3/ with /tmp/tmpg_st16po/
01:03 INFO    : Overwriting /home/stu_jamsin/jamsin/condor_synth_lc/3/pm_3/ with /tmp/tmpg_st16po/
01:08 INFO    : Overwriting /home/stu_jamsin/jamsin/condor_synth_lc/3/pm_3/ with /tmp/tmpg_st16po/
01:10 INFO    : Overwriting /home/stu_jamsin/jamsin/condor_synth_lc/3/pm_3/ with /tmp/tmpg_st16po/
01:10 INFO    : Overwriting /home/stu_jamsin/jamsin/condor_synth_lc/3/pm_3/ with /tmp/tmpg_st16po/
01:10 INFO    : Overwriting /home/stu_jamsin/jamsin/condor_synth_lc/3/pm_3/ with /tmp/tmpg_st16po/
01:10 INFO    : Sampling time: 1:54:43.165938
01:10 INFO    : Summary of results:
nsamples: 10960
ln_noise_evidence:  0.000
ln_evidence: -73.269 +/-  0.070
ln_bayes_factor: -73.269 +/-  0.070

01:10 INFO    : Writing samples file to /home/stu_jamsin/jamsin/condor_synth_lc/3/3_posterior_samples.dat
19:08 INFO    : Running for label '3', output will be saved to '/home/stu_jamsin/jamsin/condor_synth_lc/3'
19:08 INFO    : Analysis priors:
19:08 INFO    : luminosity_distance=Uniform(minimum=0.0, maximum=500.0, name='luminosity_distance', latex_label='$D_L$', unit=None, boundary=None)
19:08 INFO    : KNphi=Uniform(minimum=15.0, maximum=75.0, name='KNphi', latex_label='$\\Phi$', unit=None, boundary=None)
19:08 INFO    : KNtheta=Uniform(minimum=0.0, maximum=90.0, name='KNtheta', latex_label='$\\Phi$', unit=None, boundary=None)
19:08 INFO    : inclination_EM=Sine(minimum=0.0, maximum=1.5707963267948966, name='inclination_EM', latex_label='$\\iota$', unit=None, boundary=None)
19:08 INFO    : timeshift=Uniform(minimum=-2.0, maximum=0.0, name='timeshift', latex_label='$t_0$', unit=None, boundary=None)
19:08 INFO    : log10_mej_dyn=Uniform(minimum=-3.0, maximum=-1.0, name='log10_mej_dyn', latex_label='$\\log_{10}M^{\\rm{dyn}}_{\\rm{ej}}$', unit=None, boundary=None)
19:08 INFO    : log10_mej_wind=Uniform(minimum=-3.0, maximum=-0.5, name='log10_mej_wind', latex_label='$\\log_{10}M^{\\rm{wind}}_{\\rm{ej}}$', unit=None, boundary=None)
19:08 INFO    : Ebv=0.0
19:08 INFO    : Analysis likelihood class: <class 'nmma.em.likelihood.OpticalLightCurve'>
19:08 INFO    : Analysis likelihood noise evidence: 0.0
19:09 INFO    : Single likelihood evaluation took 2.836e-01 s
19:09 WARNING : Supplied argument 'queue_size' not an argument of 'Pymultinest', removing.
19:09 WARNING : Supplied argument 'check_point_delta_t' not an argument of 'Pymultinest', removing.
19:09 INFO    : Global meta data was removed from the result object for compatibility. Use the `BILBY_INCLUDE_GLOBAL_METADATA` environment variable to include it. This behaviour will be removed in a future release. For more details see: https://bilby-dev.github.io/bilby/faq.html#global-meta-data
19:09 WARNING : Using cached result
19:09 INFO    : Summary of results:
nsamples: 10960
ln_noise_evidence:  0.000
ln_evidence: -73.269 +/-  0.070
ln_bayes_factor: -73.269 +/-  0.070

19:09 INFO    : Writing samples file to /home/stu_jamsin/jamsin/condor_synth_lc/3/3_posterior_samples.dat
20:43 INFO    : Running for label '3', output will be saved to '/home/stu_jamsin/jamsin/condor_synth_lc/3'
20:43 INFO    : Analysis priors:
20:43 INFO    : luminosity_distance=Uniform(minimum=0.0, maximum=500.0, name='luminosity_distance', latex_label='$D_L$', unit=None, boundary=None)
20:43 INFO    : KNphi=Uniform(minimum=15.0, maximum=75.0, name='KNphi', latex_label='$\\Phi$', unit=None, boundary=None)
20:43 INFO    : KNtheta=Uniform(minimum=0.0, maximum=90.0, name='KNtheta', latex_label='$\\Phi$', unit=None, boundary=None)
20:43 INFO    : inclination_EM=Sine(minimum=0.0, maximum=1.5707963267948966, name='inclination_EM', latex_label='$\\iota$', unit=None, boundary=None)
20:43 INFO    : timeshift=Uniform(minimum=-2.0, maximum=0.0, name='timeshift', latex_label='$t_0$', unit=None, boundary=None)
20:43 INFO    : log10_mej_dyn=Uniform(minimum=-3.0, maximum=-1.0, name='log10_mej_dyn', latex_label='$\\log_{10}M^{\\rm{dyn}}_{\\rm{ej}}$', unit=None, boundary=None)
20:43 INFO    : log10_mej_wind=Uniform(minimum=-3.0, maximum=-0.5, name='log10_mej_wind', latex_label='$\\log_{10}M^{\\rm{wind}}_{\\rm{ej}}$', unit=None, boundary=None)
20:43 INFO    : Ebv=0.0
20:43 INFO    : Analysis likelihood class: <class 'nmma.em.likelihood.OpticalLightCurve'>
20:43 INFO    : Analysis likelihood noise evidence: 0.0
20:44 INFO    : Single likelihood evaluation took 3.115e-01 s
20:44 WARNING : Supplied argument 'queue_size' not an argument of 'Pymultinest', removing.
20:44 WARNING : Supplied argument 'check_point_delta_t' not an argument of 'Pymultinest', removing.
20:44 INFO    : Global meta data was removed from the result object for compatibility. Use the `BILBY_INCLUDE_GLOBAL_METADATA` environment variable to include it. This behaviour will be removed in a future release. For more details see: https://bilby-dev.github.io/bilby/faq.html#global-meta-data
20:44 WARNING : Using cached result
20:44 INFO    : Summary of results:
nsamples: 10960
ln_noise_evidence:  0.000
ln_evidence: -73.269 +/-  0.070
ln_bayes_factor: -73.269 +/-  0.070

20:44 INFO    : Writing samples file to /home/stu_jamsin/jamsin/condor_synth_lc/3/3_posterior_samples.dat
