17:58 INFO    : Running for label 'minus2_10', output will be saved to '/home/stu_jamsin/jamsin/grid_4_perday/10/minus2'
17:58 INFO    : Analysis priors:
17:58 INFO    : luminosity_distance=Uniform(minimum=0.0, maximum=200.0, name='luminosity_distance', latex_label='$D_L$', unit=None, boundary=None)
17:58 INFO    : KNphi=Uniform(minimum=15.0, maximum=75.0, name='KNphi', latex_label='$\\Phi$', unit=None, boundary=None)
17:58 INFO    : KNtheta=Uniform(minimum=0.0, maximum=90.0, name='KNtheta', latex_label='$\\Theta$', unit=None, boundary=None)
17:58 INFO    : inclination_EM=Sine(minimum=0.0, maximum=1.5707963267948966, name='inclination_EM', latex_label='$\\iota$', unit=None, boundary=None)
17:58 INFO    : timeshift=Uniform(minimum=-2.0, maximum=0.0, name='timeshift', latex_label='$t_0$', unit=None, boundary=None)
17:58 INFO    : log10_mej_dyn=Uniform(minimum=-3.0, maximum=-1.0, name='log10_mej_dyn', latex_label='$\\log_{10}M^{\\rm{dyn}}_{\\rm{ej}}$', unit=None, boundary=None)
17:58 INFO    : log10_mej_wind=Uniform(minimum=-3.0, maximum=-0.5, name='log10_mej_wind', latex_label='$\\log_{10}M^{\\rm{wind}}_{\\rm{ej}}$', unit=None, boundary=None)
17:58 INFO    : Ebv=0.0
17:58 INFO    : Analysis likelihood class: <class 'nmma.em.likelihood.OpticalLightCurve'>
17:58 INFO    : Analysis likelihood noise evidence: 0.0
17:59 INFO    : Single likelihood evaluation took 1.639e-01 s
17:59 WARNING : Supplied argument 'queue_size' not an argument of 'Pymultinest', removing.
17:59 WARNING : Supplied argument 'check_point_delta_t' not an argument of 'Pymultinest', removing.
17:59 INFO    : Using sampler Pymultinest with kwargs {'importance_nested_sampling': False, 'resume': True, 'verbose': True, 'sampling_efficiency': 'parameter', 'n_live_points': 256, 'n_params': 7, 'n_clustering_params': None, 'wrapped_params': None, 'multimodal': True, 'const_efficiency_mode': False, 'evidence_tolerance': 0.5, 'n_iter_before_update': 100, 'null_log_evidence': -1e+90, 'max_modes': 100, 'mode_tolerance': -1e+90, 'seed': 42, 'context': 0, 'write_output': True, 'log_zero': -1e+100, 'max_iter': 0, 'init_MPI': False, 'dump_callback': <bound method Pymultinest._dump_callback of <bilby.core.sampler.pymultinest.Pymultinest object at 0x74809fb7700>>}
17:59 INFO    : Global meta data was removed from the result object for compatibility. Use the `BILBY_INCLUDE_GLOBAL_METADATA` environment variable to include it. This behaviour will be removed in a future release. For more details see: https://bilby-dev.github.io/bilby/faq.html#global-meta-data
17:59 INFO    : Using temporary file /tmp/tmpk1149l5f
18:05 INFO    : Overwriting /home/stu_jamsin/jamsin/grid_4_perday/10/minus2/pm_minus2_10/ with /tmp/tmpk1149l5f/
18:12 INFO    : Overwriting /home/stu_jamsin/jamsin/grid_4_perday/10/minus2/pm_minus2_10/ with /tmp/tmpk1149l5f/
18:20 INFO    : Overwriting /home/stu_jamsin/jamsin/grid_4_perday/10/minus2/pm_minus2_10/ with /tmp/tmpk1149l5f/
18:27 INFO    : Overwriting /home/stu_jamsin/jamsin/grid_4_perday/10/minus2/pm_minus2_10/ with /tmp/tmpk1149l5f/
18:27 INFO    : Overwriting /home/stu_jamsin/jamsin/grid_4_perday/10/minus2/pm_minus2_10/ with /tmp/tmpk1149l5f/
18:27 INFO    : Overwriting /home/stu_jamsin/jamsin/grid_4_perday/10/minus2/pm_minus2_10/ with /tmp/tmpk1149l5f/
18:27 INFO    : Sampling time: 0:28:20.276874
18:27 INFO    : Summary of results:
nsamples: 1513
ln_noise_evidence:  0.000
ln_evidence: -74.869 +/-  0.204
ln_bayes_factor: -74.869 +/-  0.204

18:27 INFO    : Writing samples file to /home/stu_jamsin/jamsin/grid_4_perday/10/minus2/minus2_10_posterior_samples.dat
