00:12 INFO    : Running for label '1', output will be saved to '/home/stu_jamsin/jamsin/condor_synth_large/1'
00:12 INFO    : Analysis priors:
00:12 INFO    : luminosity_distance=Uniform(minimum=0.0, maximum=500.0, name='luminosity_distance', latex_label='$D_L$', unit=None, boundary=None)
00:12 INFO    : KNphi=Uniform(minimum=15.0, maximum=75.0, name='KNphi', latex_label='$\\Phi$', unit=None, boundary=None)
00:12 INFO    : KNtheta=Uniform(minimum=0.0, maximum=90.0, name='KNtheta', latex_label='$\\Phi$', unit=None, boundary=None)
00:12 INFO    : inclination_EM=Sine(minimum=0.0, maximum=1.5707963267948966, name='inclination_EM', latex_label='$\\iota$', unit=None, boundary=None)
00:12 INFO    : timeshift=Uniform(minimum=-2.0, maximum=0.0, name='timeshift', latex_label='$t_0$', unit=None, boundary=None)
00:12 INFO    : log10_mej_dyn=Uniform(minimum=-3.0, maximum=-1.0, name='log10_mej_dyn', latex_label='$\\log_{10}M^{\\rm{dyn}}_{\\rm{ej}}$', unit=None, boundary=None)
00:12 INFO    : log10_mej_wind=Uniform(minimum=-3.0, maximum=-0.5, name='log10_mej_wind', latex_label='$\\log_{10}M^{\\rm{wind}}_{\\rm{ej}}$', unit=None, boundary=None)
00:12 INFO    : Ebv=0.0
00:12 INFO    : Analysis likelihood class: <class 'nmma.em.likelihood.OpticalLightCurve'>
00:12 INFO    : Analysis likelihood noise evidence: 0.0
00:12 INFO    : Single likelihood evaluation took 1.413e-01 s
00:12 WARNING : Supplied argument 'queue_size' not an argument of 'Pymultinest', removing.
00:12 WARNING : Supplied argument 'check_point_delta_t' not an argument of 'Pymultinest', removing.
00:12 INFO    : Using sampler Pymultinest with kwargs {'importance_nested_sampling': False, 'resume': True, 'verbose': True, 'sampling_efficiency': 'parameter', 'n_live_points': 2048, 'n_params': 7, 'n_clustering_params': None, 'wrapped_params': None, 'multimodal': True, 'const_efficiency_mode': False, 'evidence_tolerance': 0.5, 'n_iter_before_update': 100, 'null_log_evidence': -1e+90, 'max_modes': 100, 'mode_tolerance': -1e+90, 'seed': 42, 'context': 0, 'write_output': True, 'log_zero': -1e+100, 'max_iter': 0, 'init_MPI': False, 'dump_callback': <bound method Pymultinest._dump_callback of <bilby.core.sampler.pymultinest.Pymultinest object at 0x9b45f1e9840>>}
00:12 INFO    : Global meta data was removed from the result object for compatibility. Use the `BILBY_INCLUDE_GLOBAL_METADATA` environment variable to include it. This behaviour will be removed in a future release. For more details see: https://bilby-dev.github.io/bilby/faq.html#global-meta-data
00:12 INFO    : Using temporary file /tmp/tmpjvu8bewe
00:28 INFO    : Overwriting /home/stu_jamsin/jamsin/condor_synth_large/1/pm_1/ with /tmp/tmpjvu8bewe/
00:36 INFO    : Overwriting /home/stu_jamsin/jamsin/condor_synth_large/1/pm_1/ with /tmp/tmpjvu8bewe/
00:44 INFO    : Overwriting /home/stu_jamsin/jamsin/condor_synth_large/1/pm_1/ with /tmp/tmpjvu8bewe/
00:53 INFO    : Overwriting /home/stu_jamsin/jamsin/condor_synth_large/1/pm_1/ with /tmp/tmpjvu8bewe/
01:03 INFO    : Overwriting /home/stu_jamsin/jamsin/condor_synth_large/1/pm_1/ with /tmp/tmpjvu8bewe/
01:14 INFO    : Overwriting /home/stu_jamsin/jamsin/condor_synth_large/1/pm_1/ with /tmp/tmpjvu8bewe/
01:24 INFO    : Overwriting /home/stu_jamsin/jamsin/condor_synth_large/1/pm_1/ with /tmp/tmpjvu8bewe/
01:36 INFO    : Overwriting /home/stu_jamsin/jamsin/condor_synth_large/1/pm_1/ with /tmp/tmpjvu8bewe/
01:48 INFO    : Overwriting /home/stu_jamsin/jamsin/condor_synth_large/1/pm_1/ with /tmp/tmpjvu8bewe/
02:00 INFO    : Overwriting /home/stu_jamsin/jamsin/condor_synth_large/1/pm_1/ with /tmp/tmpjvu8bewe/
02:11 INFO    : Overwriting /home/stu_jamsin/jamsin/condor_synth_large/1/pm_1/ with /tmp/tmpjvu8bewe/
02:24 INFO    : Overwriting /home/stu_jamsin/jamsin/condor_synth_large/1/pm_1/ with /tmp/tmpjvu8bewe/
02:38 INFO    : Overwriting /home/stu_jamsin/jamsin/condor_synth_large/1/pm_1/ with /tmp/tmpjvu8bewe/
02:52 INFO    : Overwriting /home/stu_jamsin/jamsin/condor_synth_large/1/pm_1/ with /tmp/tmpjvu8bewe/
03:08 INFO    : Overwriting /home/stu_jamsin/jamsin/condor_synth_large/1/pm_1/ with /tmp/tmpjvu8bewe/
03:24 INFO    : Overwriting /home/stu_jamsin/jamsin/condor_synth_large/1/pm_1/ with /tmp/tmpjvu8bewe/
03:41 INFO    : Overwriting /home/stu_jamsin/jamsin/condor_synth_large/1/pm_1/ with /tmp/tmpjvu8bewe/
03:57 INFO    : Overwriting /home/stu_jamsin/jamsin/condor_synth_large/1/pm_1/ with /tmp/tmpjvu8bewe/
04:13 INFO    : Overwriting /home/stu_jamsin/jamsin/condor_synth_large/1/pm_1/ with /tmp/tmpjvu8bewe/
04:29 INFO    : Overwriting /home/stu_jamsin/jamsin/condor_synth_large/1/pm_1/ with /tmp/tmpjvu8bewe/
04:45 INFO    : Overwriting /home/stu_jamsin/jamsin/condor_synth_large/1/pm_1/ with /tmp/tmpjvu8bewe/
04:57 INFO    : Overwriting /home/stu_jamsin/jamsin/condor_synth_large/1/pm_1/ with /tmp/tmpjvu8bewe/
05:04 INFO    : Overwriting /home/stu_jamsin/jamsin/condor_synth_large/1/pm_1/ with /tmp/tmpjvu8bewe/
05:05 INFO    : Overwriting /home/stu_jamsin/jamsin/condor_synth_large/1/pm_1/ with /tmp/tmpjvu8bewe/
05:05 INFO    : Overwriting /home/stu_jamsin/jamsin/condor_synth_large/1/pm_1/ with /tmp/tmpjvu8bewe/
05:05 INFO    : Sampling time: 4:52:09.380861
05:05 INFO    : Summary of results:
nsamples: 9928
ln_noise_evidence:  0.000
ln_evidence: -46.448 +/-  0.063
ln_bayes_factor: -46.448 +/-  0.063

05:05 INFO    : Writing samples file to /home/stu_jamsin/jamsin/condor_synth_large/1/1_posterior_samples.dat
