19:35 INFO    : Running for label 'minus5_1', output will be saved to '/home/stu_jamsin/jamsin/grid_4_perday/1/minus5'
19:35 INFO    : Analysis priors:
19:35 INFO    : luminosity_distance=Uniform(minimum=0.0, maximum=200.0, name='luminosity_distance', latex_label='$D_L$', unit=None, boundary=None)
19:35 INFO    : KNphi=Uniform(minimum=15.0, maximum=75.0, name='KNphi', latex_label='$\\Phi$', unit=None, boundary=None)
19:35 INFO    : KNtheta=Uniform(minimum=0.0, maximum=90.0, name='KNtheta', latex_label='$\\Theta$', unit=None, boundary=None)
19:35 INFO    : inclination_EM=Sine(minimum=0.0, maximum=1.5707963267948966, name='inclination_EM', latex_label='$\\iota$', unit=None, boundary=None)
19:35 INFO    : timeshift=Uniform(minimum=-2.0, maximum=0.0, name='timeshift', latex_label='$t_0$', unit=None, boundary=None)
19:35 INFO    : log10_mej_dyn=Uniform(minimum=-3.0, maximum=-1.0, name='log10_mej_dyn', latex_label='$\\log_{10}M^{\\rm{dyn}}_{\\rm{ej}}$', unit=None, boundary=None)
19:35 INFO    : log10_mej_wind=Uniform(minimum=-3.0, maximum=-0.5, name='log10_mej_wind', latex_label='$\\log_{10}M^{\\rm{wind}}_{\\rm{ej}}$', unit=None, boundary=None)
19:35 INFO    : Ebv=0.0
19:35 INFO    : Analysis likelihood class: <class 'nmma.em.likelihood.OpticalLightCurve'>
19:35 INFO    : Analysis likelihood noise evidence: 0.0
19:35 INFO    : Single likelihood evaluation took 1.351e-01 s
19:35 WARNING : Supplied argument 'queue_size' not an argument of 'Pymultinest', removing.
19:35 WARNING : Supplied argument 'check_point_delta_t' not an argument of 'Pymultinest', removing.
19:35 INFO    : Using sampler Pymultinest with kwargs {'importance_nested_sampling': False, 'resume': True, 'verbose': True, 'sampling_efficiency': 'parameter', 'n_live_points': 256, 'n_params': 7, 'n_clustering_params': None, 'wrapped_params': None, 'multimodal': True, 'const_efficiency_mode': False, 'evidence_tolerance': 0.5, 'n_iter_before_update': 100, 'null_log_evidence': -1e+90, 'max_modes': 100, 'mode_tolerance': -1e+90, 'seed': 42, 'context': 0, 'write_output': True, 'log_zero': -1e+100, 'max_iter': 0, 'init_MPI': False, 'dump_callback': <bound method Pymultinest._dump_callback of <bilby.core.sampler.pymultinest.Pymultinest object at 0x5cb383b0d30>>}
19:35 INFO    : Global meta data was removed from the result object for compatibility. Use the `BILBY_INCLUDE_GLOBAL_METADATA` environment variable to include it. This behaviour will be removed in a future release. For more details see: https://bilby-dev.github.io/bilby/faq.html#global-meta-data
19:35 INFO    : Using temporary file /tmp/tmpq_1yphbu
19:39 INFO    : Overwriting /home/stu_jamsin/jamsin/grid_4_perday/1/minus5/pm_minus5_1/ with /tmp/tmpq_1yphbu/
19:43 INFO    : Overwriting /home/stu_jamsin/jamsin/grid_4_perday/1/minus5/pm_minus5_1/ with /tmp/tmpq_1yphbu/
19:52 INFO    : Overwriting /home/stu_jamsin/jamsin/grid_4_perday/1/minus5/pm_minus5_1/ with /tmp/tmpq_1yphbu/
20:01 INFO    : Overwriting /home/stu_jamsin/jamsin/grid_4_perday/1/minus5/pm_minus5_1/ with /tmp/tmpq_1yphbu/
20:03 INFO    : Overwriting /home/stu_jamsin/jamsin/grid_4_perday/1/minus5/pm_minus5_1/ with /tmp/tmpq_1yphbu/
20:03 INFO    : Overwriting /home/stu_jamsin/jamsin/grid_4_perday/1/minus5/pm_minus5_1/ with /tmp/tmpq_1yphbu/
20:03 INFO    : Overwriting /home/stu_jamsin/jamsin/grid_4_perday/1/minus5/pm_minus5_1/ with /tmp/tmpq_1yphbu/
20:03 INFO    : Sampling time: 0:27:21.158626
20:03 INFO    : Summary of results:
nsamples: 1656
ln_noise_evidence:  0.000
ln_evidence: -88.274 +/-  0.218
ln_bayes_factor: -88.274 +/-  0.218

20:03 INFO    : Writing samples file to /home/stu_jamsin/jamsin/grid_4_perday/1/minus5/minus5_1_posterior_samples.dat
16:55 INFO    : Running for label 'minus5_1', output will be saved to '/home/stu_jamsin/jamsin/grid_4_perday/1/minus5'
16:55 INFO    : Analysis priors:
16:55 INFO    : luminosity_distance=Uniform(minimum=0.0, maximum=200.0, name='luminosity_distance', latex_label='$D_L$', unit=None, boundary=None)
16:55 INFO    : KNphi=Uniform(minimum=15.0, maximum=75.0, name='KNphi', latex_label='$\\Phi$', unit=None, boundary=None)
16:55 INFO    : KNtheta=Uniform(minimum=0.0, maximum=90.0, name='KNtheta', latex_label='$\\Theta$', unit=None, boundary=None)
16:55 INFO    : inclination_EM=Sine(minimum=0.0, maximum=1.5707963267948966, name='inclination_EM', latex_label='$\\iota$', unit=None, boundary=None)
16:55 INFO    : timeshift=Uniform(minimum=-2.0, maximum=0.0, name='timeshift', latex_label='$t_0$', unit=None, boundary=None)
16:55 INFO    : log10_mej_dyn=Uniform(minimum=-3.0, maximum=-1.0, name='log10_mej_dyn', latex_label='$\\log_{10}M^{\\rm{dyn}}_{\\rm{ej}}$', unit=None, boundary=None)
16:55 INFO    : log10_mej_wind=Uniform(minimum=-3.0, maximum=-0.5, name='log10_mej_wind', latex_label='$\\log_{10}M^{\\rm{wind}}_{\\rm{ej}}$', unit=None, boundary=None)
16:55 INFO    : Ebv=0.0
16:55 INFO    : Analysis likelihood class: <class 'nmma.em.likelihood.OpticalLightCurve'>
16:55 INFO    : Analysis likelihood noise evidence: 0.0
16:55 INFO    : Single likelihood evaluation took 6.883e-02 s
16:55 WARNING : Supplied argument 'queue_size' not an argument of 'Pymultinest', removing.
16:55 WARNING : Supplied argument 'check_point_delta_t' not an argument of 'Pymultinest', removing.
16:55 INFO    : Global meta data was removed from the result object for compatibility. Use the `BILBY_INCLUDE_GLOBAL_METADATA` environment variable to include it. This behaviour will be removed in a future release. For more details see: https://bilby-dev.github.io/bilby/faq.html#global-meta-data
16:55 WARNING : Using cached result
16:55 INFO    : Summary of results:
nsamples: 1656
ln_noise_evidence:  0.000
ln_evidence: -88.274 +/-  0.218
ln_bayes_factor: -88.274 +/-  0.218

16:55 INFO    : Writing samples file to /home/stu_jamsin/jamsin/grid_4_perday/1/minus5/minus5_1_posterior_samples.dat
17:19 INFO    : Running for label 'minus5_1', output will be saved to '/home/stu_jamsin/jamsin/grid_4_perday/1/minus5'
17:19 INFO    : Analysis priors:
17:19 INFO    : luminosity_distance=Uniform(minimum=0.0, maximum=200.0, name='luminosity_distance', latex_label='$D_L$', unit=None, boundary=None)
17:19 INFO    : KNphi=Uniform(minimum=15.0, maximum=75.0, name='KNphi', latex_label='$\\Phi$', unit=None, boundary=None)
17:19 INFO    : KNtheta=Uniform(minimum=0.0, maximum=90.0, name='KNtheta', latex_label='$\\Theta$', unit=None, boundary=None)
17:19 INFO    : inclination_EM=Sine(minimum=0.0, maximum=1.5707963267948966, name='inclination_EM', latex_label='$\\iota$', unit=None, boundary=None)
17:19 INFO    : timeshift=Uniform(minimum=-2.0, maximum=0.0, name='timeshift', latex_label='$t_0$', unit=None, boundary=None)
17:19 INFO    : log10_mej_dyn=Uniform(minimum=-3.0, maximum=-1.0, name='log10_mej_dyn', latex_label='$\\log_{10}M^{\\rm{dyn}}_{\\rm{ej}}$', unit=None, boundary=None)
17:19 INFO    : log10_mej_wind=Uniform(minimum=-3.0, maximum=-0.5, name='log10_mej_wind', latex_label='$\\log_{10}M^{\\rm{wind}}_{\\rm{ej}}$', unit=None, boundary=None)
17:19 INFO    : Ebv=0.0
17:19 INFO    : Analysis likelihood class: <class 'nmma.em.likelihood.OpticalLightCurve'>
17:19 INFO    : Analysis likelihood noise evidence: 0.0
17:19 INFO    : Single likelihood evaluation took 8.778e-02 s
17:19 WARNING : Supplied argument 'queue_size' not an argument of 'Pymultinest', removing.
17:19 WARNING : Supplied argument 'check_point_delta_t' not an argument of 'Pymultinest', removing.
17:19 INFO    : Global meta data was removed from the result object for compatibility. Use the `BILBY_INCLUDE_GLOBAL_METADATA` environment variable to include it. This behaviour will be removed in a future release. For more details see: https://bilby-dev.github.io/bilby/faq.html#global-meta-data
17:19 WARNING : Using cached result
17:19 INFO    : Summary of results:
nsamples: 1656
ln_noise_evidence:  0.000
ln_evidence: -88.274 +/-  0.218
ln_bayes_factor: -88.274 +/-  0.218

17:19 INFO    : Writing samples file to /home/stu_jamsin/jamsin/grid_4_perday/1/minus5/minus5_1_posterior_samples.dat
17:25 INFO    : Running for label 'minus5_1', output will be saved to '/home/stu_jamsin/jamsin/grid_4_perday/1/minus5'
17:25 INFO    : Analysis priors:
17:25 INFO    : luminosity_distance=Uniform(minimum=0.0, maximum=200.0, name='luminosity_distance', latex_label='$D_L$', unit=None, boundary=None)
17:25 INFO    : KNphi=Uniform(minimum=15.0, maximum=75.0, name='KNphi', latex_label='$\\Phi$', unit=None, boundary=None)
17:25 INFO    : KNtheta=Uniform(minimum=0.0, maximum=90.0, name='KNtheta', latex_label='$\\Theta$', unit=None, boundary=None)
17:25 INFO    : inclination_EM=Sine(minimum=0.0, maximum=1.5707963267948966, name='inclination_EM', latex_label='$\\iota$', unit=None, boundary=None)
17:25 INFO    : timeshift=Uniform(minimum=-2.0, maximum=0.0, name='timeshift', latex_label='$t_0$', unit=None, boundary=None)
17:25 INFO    : log10_mej_dyn=Uniform(minimum=-3.0, maximum=-1.0, name='log10_mej_dyn', latex_label='$\\log_{10}M^{\\rm{dyn}}_{\\rm{ej}}$', unit=None, boundary=None)
17:25 INFO    : log10_mej_wind=Uniform(minimum=-3.0, maximum=-0.5, name='log10_mej_wind', latex_label='$\\log_{10}M^{\\rm{wind}}_{\\rm{ej}}$', unit=None, boundary=None)
17:25 INFO    : Ebv=0.0
17:25 INFO    : Analysis likelihood class: <class 'nmma.em.likelihood.OpticalLightCurve'>
17:25 INFO    : Analysis likelihood noise evidence: 0.0
17:26 INFO    : Single likelihood evaluation took 5.820e-02 s
17:26 WARNING : Supplied argument 'queue_size' not an argument of 'Pymultinest', removing.
17:26 WARNING : Supplied argument 'check_point_delta_t' not an argument of 'Pymultinest', removing.
17:26 INFO    : Global meta data was removed from the result object for compatibility. Use the `BILBY_INCLUDE_GLOBAL_METADATA` environment variable to include it. This behaviour will be removed in a future release. For more details see: https://bilby-dev.github.io/bilby/faq.html#global-meta-data
17:26 WARNING : Using cached result
17:26 INFO    : Summary of results:
nsamples: 1656
ln_noise_evidence:  0.000
ln_evidence: -88.274 +/-  0.218
ln_bayes_factor: -88.274 +/-  0.218

17:26 INFO    : Writing samples file to /home/stu_jamsin/jamsin/grid_4_perday/1/minus5/minus5_1_posterior_samples.dat
17:40 INFO    : Running for label 'minus5_1', output will be saved to '/home/stu_jamsin/jamsin/grid_4_perday/1/minus5'
17:41 INFO    : Analysis priors:
17:41 INFO    : luminosity_distance=Uniform(minimum=0.0, maximum=200.0, name='luminosity_distance', latex_label='$D_L$', unit=None, boundary=None)
17:41 INFO    : KNphi=Uniform(minimum=15.0, maximum=75.0, name='KNphi', latex_label='$\\Phi$', unit=None, boundary=None)
17:41 INFO    : KNtheta=Uniform(minimum=0.0, maximum=90.0, name='KNtheta', latex_label='$\\Theta$', unit=None, boundary=None)
17:41 INFO    : inclination_EM=Sine(minimum=0.0, maximum=1.5707963267948966, name='inclination_EM', latex_label='$\\iota$', unit=None, boundary=None)
17:41 INFO    : timeshift=Uniform(minimum=-2.0, maximum=0.0, name='timeshift', latex_label='$t_0$', unit=None, boundary=None)
17:41 INFO    : log10_mej_dyn=Uniform(minimum=-3.0, maximum=-1.0, name='log10_mej_dyn', latex_label='$\\log_{10}M^{\\rm{dyn}}_{\\rm{ej}}$', unit=None, boundary=None)
17:41 INFO    : log10_mej_wind=Uniform(minimum=-3.0, maximum=-0.5, name='log10_mej_wind', latex_label='$\\log_{10}M^{\\rm{wind}}_{\\rm{ej}}$', unit=None, boundary=None)
17:41 INFO    : Ebv=0.0
17:41 INFO    : Analysis likelihood class: <class 'nmma.em.likelihood.OpticalLightCurve'>
17:41 INFO    : Analysis likelihood noise evidence: 0.0
17:41 INFO    : Single likelihood evaluation took 7.821e-02 s
17:41 WARNING : Supplied argument 'queue_size' not an argument of 'Pymultinest', removing.
17:41 WARNING : Supplied argument 'check_point_delta_t' not an argument of 'Pymultinest', removing.
17:41 INFO    : Global meta data was removed from the result object for compatibility. Use the `BILBY_INCLUDE_GLOBAL_METADATA` environment variable to include it. This behaviour will be removed in a future release. For more details see: https://bilby-dev.github.io/bilby/faq.html#global-meta-data
17:41 WARNING : Using cached result
17:41 INFO    : Summary of results:
nsamples: 1656
ln_noise_evidence:  0.000
ln_evidence: -88.274 +/-  0.218
ln_bayes_factor: -88.274 +/-  0.218

17:41 INFO    : Writing samples file to /home/stu_jamsin/jamsin/grid_4_perday/1/minus5/minus5_1_posterior_samples.dat
