11:06 INFO    : Running for label 'inj_0', output will be saved to '/home/liteul/memoir_code/condor_small_nlive128_2/inj_0'
11:38 INFO    : Running for label 'inj_0', output will be saved to '/home/liteul/memoir_code/condor_small_nlive128_2/inj_0'
11:38 INFO    : Analysis priors:
11:38 INFO    : luminosity_distance=Uniform(minimum=0.0, maximum=500.0, name='luminosity_distance', latex_label='$D_L$', unit=None, boundary=None)
11:38 INFO    : KNphi=Uniform(minimum=15.0, maximum=75.0, name='KNphi', latex_label='$\\Phi$', unit=None, boundary=None)
11:38 INFO    : KNtheta=Uniform(minimum=0.0, maximum=90.0, name='KNtheta', latex_label='$\\Phi$', unit=None, boundary=None)
11:38 INFO    : inclination_EM=Sine(minimum=0.0, maximum=1.5707963267948966, name='inclination_EM', latex_label='$\\iota$', unit=None, boundary=None)
11:38 INFO    : timeshift=Uniform(minimum=-2.0, maximum=0.0, name='timeshift', latex_label='$t_0$', unit=None, boundary=None)
11:38 INFO    : log10_mej_dyn=Uniform(minimum=-3.0, maximum=-1.0, name='log10_mej_dyn', latex_label='$\\log_{10}M^{\\rm{dyn}}_{\\rm{ej}}$', unit=None, boundary=None)
11:38 INFO    : log10_mej_wind=Uniform(minimum=-3.0, maximum=-0.5, name='log10_mej_wind', latex_label='$\\log_{10}M^{\\rm{wind}}_{\\rm{ej}}$', unit=None, boundary=None)
11:38 INFO    : Ebv=0.0
11:38 INFO    : Analysis likelihood class: <class 'nmma.em.likelihood.OpticalLightCurve'>
11:38 INFO    : Analysis likelihood noise evidence: 0.0
11:38 INFO    : Single likelihood evaluation took 4.712e-02 s
11:38 WARNING : Supplied argument 'queue_size' not an argument of 'Pymultinest', removing.
11:38 WARNING : Supplied argument 'check_point_delta_t' not an argument of 'Pymultinest', removing.
11:38 INFO    : Using sampler Pymultinest with kwargs {'importance_nested_sampling': False, 'resume': True, 'verbose': True, 'sampling_efficiency': 'parameter', 'n_live_points': 128, 'n_params': 7, 'n_clustering_params': None, 'wrapped_params': None, 'multimodal': True, 'const_efficiency_mode': False, 'evidence_tolerance': 0.5, 'n_iter_before_update': 100, 'null_log_evidence': -1e+90, 'max_modes': 100, 'mode_tolerance': -1e+90, 'seed': 42, 'context': 0, 'write_output': True, 'log_zero': -1e+100, 'max_iter': 0, 'init_MPI': False, 'dump_callback': <bound method Pymultinest._dump_callback of <bilby.core.sampler.pymultinest.Pymultinest object at 0xd6cd42acbb0>>}
11:38 INFO    : Global meta data was removed from the result object for compatibility. Use the `BILBY_INCLUDE_GLOBAL_METADATA` environment variable to include it. This behaviour will be removed in a future release. For more details see: https://bilby-dev.github.io/bilby/faq.html#global-meta-data
11:38 INFO    : Using temporary file /tmp/tmpnmus77z4
11:40 INFO    : Overwriting /home/liteul/memoir_code/condor_small_nlive128_2/inj_0/pm_inj_0/ with /tmp/tmpnmus77z4/
11:42 INFO    : Overwriting /home/liteul/memoir_code/condor_small_nlive128_2/inj_0/pm_inj_0/ with /tmp/tmpnmus77z4/
11:44 INFO    : Overwriting /home/liteul/memoir_code/condor_small_nlive128_2/inj_0/pm_inj_0/ with /tmp/tmpnmus77z4/
11:44 INFO    : Overwriting /home/liteul/memoir_code/condor_small_nlive128_2/inj_0/pm_inj_0/ with /tmp/tmpnmus77z4/
11:44 INFO    : Overwriting /home/liteul/memoir_code/condor_small_nlive128_2/inj_0/pm_inj_0/ with /tmp/tmpnmus77z4/
11:44 INFO    : Sampling time: 0:05:56.179769
11:44 INFO    : Summary of results:
nsamples: 768
ln_noise_evidence:  0.000
ln_evidence: -311.123 +/-  0.359
ln_bayes_factor: -311.123 +/-  0.359

11:44 INFO    : Writing samples file to /home/liteul/memoir_code/condor_small_nlive128_2/inj_0/inj_0_posterior_samples.dat
