/home/stu_jamsin/.conda/envs/nmma_env/lib/python3.10/encodings/unicode_escape.py:26: DeprecationWarning: invalid escape sequence '\P'
  return codecs.unicode_escape_decode(input, errors, final)
12:13 bilby INFO    : Running for label 'minus0_12', output will be saved to '/home/stu_jamsin/jamsin/grid_lc12_2/12/minus0'
12:13 bilby INFO    : Analysis priors:
12:13 bilby INFO    : luminosity_distance=Uniform(minimum=0.0, maximum=200.0, name='luminosity_distance', latex_label='$D_L$', unit=None, boundary=None)
12:13 bilby INFO    : KNphi=Uniform(minimum=15.0, maximum=75.0, name='KNphi', latex_label='$\\Phi$', unit=None, boundary=None)
12:13 bilby INFO    : KNtheta=Uniform(minimum=0.0, maximum=90.0, name='KNtheta', latex_label='$\\Theta$', unit=None, boundary=None)
12:13 bilby INFO    : inclination_EM=Sine(minimum=0.0, maximum=1.5707963267948966, name='inclination_EM', latex_label='$\\iota$', unit=None, boundary=None)
12:13 bilby INFO    : timeshift=Uniform(minimum=-2.0, maximum=0.0, name='timeshift', latex_label='$t_0$', unit=None, boundary=None)
12:13 bilby INFO    : log10_mej_dyn=Uniform(minimum=-3.0, maximum=-1.0, name='log10_mej_dyn', latex_label='$\\log_{10}M^{\\rm{dyn}}_{\\rm{ej}}$', unit=None, boundary=None)
12:13 bilby INFO    : log10_mej_wind=Uniform(minimum=-3.0, maximum=-0.5, name='log10_mej_wind', latex_label='$\\log_{10}M^{\\rm{wind}}_{\\rm{ej}}$', unit=None, boundary=None)
12:13 bilby INFO    : Ebv=0.0
12:13 bilby INFO    : Analysis likelihood class: <class 'nmma.em.likelihood.OpticalLightCurve'>
12:13 bilby INFO    : Analysis likelihood noise evidence: 0.0
12:13 bilby INFO    : Single likelihood evaluation took 4.994e-02 s
12:13 bilby WARNING : Supplied argument 'queue_size' not an argument of 'Pymultinest', removing.
12:13 bilby WARNING : Supplied argument 'check_point_delta_t' not an argument of 'Pymultinest', removing.
12:13 bilby INFO    : Using sampler Pymultinest with kwargs {'importance_nested_sampling': False, 'resume': True, 'verbose': True, 'sampling_efficiency': 'parameter', 'n_live_points': 256, 'n_params': 7, 'n_clustering_params': None, 'wrapped_params': None, 'multimodal': True, 'const_efficiency_mode': False, 'evidence_tolerance': 0.5, 'n_iter_before_update': 100, 'null_log_evidence': -1e+90, 'max_modes': 100, 'mode_tolerance': -1e+90, 'seed': 42, 'context': 0, 'write_output': True, 'log_zero': -1e+100, 'max_iter': 0, 'init_MPI': False, 'dump_callback': <bound method Pymultinest._dump_callback of <bilby.core.sampler.pymultinest.Pymultinest object at 0xb56a707d030>>}
12:13 bilby INFO    : Global meta data was removed from the result object for compatibility. Use the `BILBY_INCLUDE_GLOBAL_METADATA` environment variable to include it. This behaviour will be removed in a future release. For more details see: https://bilby-dev.github.io/bilby/faq.html#global-meta-data
12:13 bilby INFO    : Using temporary file /tmp/tmphpym884z
12:15 bilby INFO    : Overwriting /home/stu_jamsin/jamsin/grid_lc12_2/12/minus0/pm_minus0_12/ with /tmp/tmphpym884z/
12:17 bilby INFO    : Overwriting /home/stu_jamsin/jamsin/grid_lc12_2/12/minus0/pm_minus0_12/ with /tmp/tmphpym884z/
12:19 bilby INFO    : Overwriting /home/stu_jamsin/jamsin/grid_lc12_2/12/minus0/pm_minus0_12/ with /tmp/tmphpym884z/
12:19 bilby INFO    : Overwriting /home/stu_jamsin/jamsin/grid_lc12_2/12/minus0/pm_minus0_12/ with /tmp/tmphpym884z/
12:19 bilby INFO    : Overwriting /home/stu_jamsin/jamsin/grid_lc12_2/12/minus0/pm_minus0_12/ with /tmp/tmphpym884z/
12:19 bilby INFO    : Overwriting /home/stu_jamsin/jamsin/grid_lc12_2/12/minus0/pm_minus0_12/ with /tmp/tmphpym884z/
12:19 bilby INFO    : Sampling time: 0:05:49.322912
12:19 bilby INFO    : Summary of results:
nsamples: 1405
ln_noise_evidence:  0.000
ln_evidence: -33.206 +/-  0.181
ln_bayes_factor: -33.206 +/-  0.181

12:19 bilby INFO    : Writing samples file to /home/stu_jamsin/jamsin/grid_lc12_2/12/minus0/minus0_12_posterior_samples.dat
/home/stu_jamsin/.conda/envs/nmma_env/lib/python3.10/site-packages/bokeh/core/property/primitive.py:37: DeprecationWarning: `np.bool8` is a deprecated alias for `np.bool_`.  (Deprecated NumPy 1.24)
  bokeh_bool_types += (np.bool8,)
/home/stu_jamsin/.conda/envs/nmma_env/lib/python3.10/site-packages/matplotlib/_fontconfig_pattern.py:88: PyparsingDeprecationWarning: 'parseString' deprecated - use 'parse_string'
  parse = parser.parseString(pattern)
/home/stu_jamsin/.conda/envs/nmma_env/lib/python3.10/site-packages/matplotlib/_fontconfig_pattern.py:92: PyparsingDeprecationWarning: 'resetCache' deprecated - use 'reset_cache'
  parser.resetCache()
/home/stu_jamsin/.conda/envs/nmma_env/lib/python3.10/site-packages/matplotlib/_mathtext.py:1832: PyparsingDeprecationWarning: 'oneOf' deprecated - use 'one_of'
  p.space          = oneOf(self._space_widths)("space")
/home/stu_jamsin/.conda/envs/nmma_env/lib/python3.10/site-packages/matplotlib/_mathtext.py:1842: PyparsingDeprecationWarning: 'leaveWhitespace' deprecated - use 'leave_whitespace'
  )("sym").leaveWhitespace()
/home/stu_jamsin/.conda/envs/nmma_env/lib/python3.10/site-packages/matplotlib/_mathtext.py:1809: PyparsingDeprecationWarning: 'setName' deprecated - use 'set_name'
  val.setName(key)
/home/stu_jamsin/.conda/envs/nmma_env/lib/python3.10/site-packages/matplotlib/_mathtext.py:1812: PyparsingDeprecationWarning: 'setParseAction' deprecated - use 'set_parse_action'
  val.setParseAction(getattr(self, key))
/home/stu_jamsin/.conda/envs/nmma_env/lib/python3.10/site-packages/matplotlib/_mathtext.py:1944: PyparsingDeprecationWarning: 'unquoteResults' argument is deprecated, use 'unquote_results'
  p.math_string   = QuotedString('$', '\\', unquoteResults=False)
/home/stu_jamsin/.conda/envs/nmma_env/lib/python3.10/site-packages/matplotlib/_mathtext.py:1968: PyparsingDeprecationWarning: 'parseString' deprecated - use 'parse_string'
  result = self._expression.parseString(s)
/home/stu_jamsin/.conda/envs/nmma_env/lib/python3.10/site-packages/matplotlib/_mathtext.py:1976: PyparsingDeprecationWarning: 'resetCache' deprecated - use 'reset_cache'
  self._expression.resetCache()
/home/stu_jamsin/.conda/envs/nmma_env/lib/python3.10/site-packages/matplotlib/_mathtext.py:1968: PyparsingDeprecationWarning: 'parseString' deprecated - use 'parse_string'
  result = self._expression.parseString(s)
/home/stu_jamsin/.conda/envs/nmma_env/lib/python3.10/site-packages/matplotlib/_mathtext.py:1976: PyparsingDeprecationWarning: 'resetCache' deprecated - use 'reset_cache'
  self._expression.resetCache()
/home/stu_jamsin/.conda/envs/nmma_env/lib/python3.10/encodings/unicode_escape.py:26: DeprecationWarning: invalid escape sequence '\P'
  return codecs.unicode_escape_decode(input, errors, final)
12:19 bilby INFO    : Running for label 'minus1_12', output will be saved to '/home/stu_jamsin/jamsin/grid_lc12_2/12/minus1'
12:19 bilby INFO    : Analysis priors:
12:19 bilby INFO    : luminosity_distance=Uniform(minimum=0.0, maximum=200.0, name='luminosity_distance', latex_label='$D_L$', unit=None, boundary=None)
12:19 bilby INFO    : KNphi=Uniform(minimum=15.0, maximum=75.0, name='KNphi', latex_label='$\\Phi$', unit=None, boundary=None)
12:19 bilby INFO    : KNtheta=Uniform(minimum=0.0, maximum=90.0, name='KNtheta', latex_label='$\\Theta$', unit=None, boundary=None)
12:19 bilby INFO    : inclination_EM=Sine(minimum=0.0, maximum=1.5707963267948966, name='inclination_EM', latex_label='$\\iota$', unit=None, boundary=None)
12:19 bilby INFO    : timeshift=Uniform(minimum=-2.0, maximum=0.0, name='timeshift', latex_label='$t_0$', unit=None, boundary=None)
12:19 bilby INFO    : log10_mej_dyn=Uniform(minimum=-3.0, maximum=-1.0, name='log10_mej_dyn', latex_label='$\\log_{10}M^{\\rm{dyn}}_{\\rm{ej}}$', unit=None, boundary=None)
12:19 bilby INFO    : log10_mej_wind=Uniform(minimum=-3.0, maximum=-0.5, name='log10_mej_wind', latex_label='$\\log_{10}M^{\\rm{wind}}_{\\rm{ej}}$', unit=None, boundary=None)
12:19 bilby INFO    : Ebv=0.0
12:19 bilby INFO    : Analysis likelihood class: <class 'nmma.em.likelihood.OpticalLightCurve'>
12:19 bilby INFO    : Analysis likelihood noise evidence: 0.0
12:20 bilby INFO    : Single likelihood evaluation took 5.032e-02 s
12:20 bilby WARNING : Supplied argument 'queue_size' not an argument of 'Pymultinest', removing.
12:20 bilby WARNING : Supplied argument 'check_point_delta_t' not an argument of 'Pymultinest', removing.
12:20 bilby INFO    : Using sampler Pymultinest with kwargs {'importance_nested_sampling': False, 'resume': True, 'verbose': True, 'sampling_efficiency': 'parameter', 'n_live_points': 256, 'n_params': 7, 'n_clustering_params': None, 'wrapped_params': None, 'multimodal': True, 'const_efficiency_mode': False, 'evidence_tolerance': 0.5, 'n_iter_before_update': 100, 'null_log_evidence': -1e+90, 'max_modes': 100, 'mode_tolerance': -1e+90, 'seed': 42, 'context': 0, 'write_output': True, 'log_zero': -1e+100, 'max_iter': 0, 'init_MPI': False, 'dump_callback': <bound method Pymultinest._dump_callback of <bilby.core.sampler.pymultinest.Pymultinest object at 0xa774731d7b0>>}
12:20 bilby INFO    : Global meta data was removed from the result object for compatibility. Use the `BILBY_INCLUDE_GLOBAL_METADATA` environment variable to include it. This behaviour will be removed in a future release. For more details see: https://bilby-dev.github.io/bilby/faq.html#global-meta-data
12:20 bilby INFO    : Using temporary file /tmp/tmpng3jr637
12:21 bilby INFO    : Overwriting /home/stu_jamsin/jamsin/grid_lc12_2/12/minus1/pm_minus1_12/ with /tmp/tmpng3jr637/
12:23 bilby INFO    : Overwriting /home/stu_jamsin/jamsin/grid_lc12_2/12/minus1/pm_minus1_12/ with /tmp/tmpng3jr637/
12:25 bilby INFO    : Overwriting /home/stu_jamsin/jamsin/grid_lc12_2/12/minus1/pm_minus1_12/ with /tmp/tmpng3jr637/
12:25 bilby INFO    : Overwriting /home/stu_jamsin/jamsin/grid_lc12_2/12/minus1/pm_minus1_12/ with /tmp/tmpng3jr637/
12:25 bilby INFO    : Overwriting /home/stu_jamsin/jamsin/grid_lc12_2/12/minus1/pm_minus1_12/ with /tmp/tmpng3jr637/
12:25 bilby INFO    : Overwriting /home/stu_jamsin/jamsin/grid_lc12_2/12/minus1/pm_minus1_12/ with /tmp/tmpng3jr637/
12:25 bilby INFO    : Sampling time: 0:05:51.384609
12:25 bilby INFO    : Summary of results:
nsamples: 1405
ln_noise_evidence:  0.000
ln_evidence: -33.206 +/-  0.181
ln_bayes_factor: -33.206 +/-  0.181

12:25 bilby INFO    : Writing samples file to /home/stu_jamsin/jamsin/grid_lc12_2/12/minus1/minus1_12_posterior_samples.dat
/home/stu_jamsin/.conda/envs/nmma_env/lib/python3.10/site-packages/bokeh/core/property/primitive.py:37: DeprecationWarning: `np.bool8` is a deprecated alias for `np.bool_`.  (Deprecated NumPy 1.24)
  bokeh_bool_types += (np.bool8,)
/home/stu_jamsin/.conda/envs/nmma_env/lib/python3.10/site-packages/matplotlib/_fontconfig_pattern.py:88: PyparsingDeprecationWarning: 'parseString' deprecated - use 'parse_string'
  parse = parser.parseString(pattern)
/home/stu_jamsin/.conda/envs/nmma_env/lib/python3.10/site-packages/matplotlib/_fontconfig_pattern.py:92: PyparsingDeprecationWarning: 'resetCache' deprecated - use 'reset_cache'
  parser.resetCache()
/home/stu_jamsin/.conda/envs/nmma_env/lib/python3.10/site-packages/matplotlib/_mathtext.py:1832: PyparsingDeprecationWarning: 'oneOf' deprecated - use 'one_of'
  p.space          = oneOf(self._space_widths)("space")
/home/stu_jamsin/.conda/envs/nmma_env/lib/python3.10/site-packages/matplotlib/_mathtext.py:1842: PyparsingDeprecationWarning: 'leaveWhitespace' deprecated - use 'leave_whitespace'
  )("sym").leaveWhitespace()
/home/stu_jamsin/.conda/envs/nmma_env/lib/python3.10/site-packages/matplotlib/_mathtext.py:1809: PyparsingDeprecationWarning: 'setName' deprecated - use 'set_name'
  val.setName(key)
/home/stu_jamsin/.conda/envs/nmma_env/lib/python3.10/site-packages/matplotlib/_mathtext.py:1812: PyparsingDeprecationWarning: 'setParseAction' deprecated - use 'set_parse_action'
  val.setParseAction(getattr(self, key))
/home/stu_jamsin/.conda/envs/nmma_env/lib/python3.10/site-packages/matplotlib/_mathtext.py:1944: PyparsingDeprecationWarning: 'unquoteResults' argument is deprecated, use 'unquote_results'
  p.math_string   = QuotedString('$', '\\', unquoteResults=False)
/home/stu_jamsin/.conda/envs/nmma_env/lib/python3.10/site-packages/matplotlib/_mathtext.py:1968: PyparsingDeprecationWarning: 'parseString' deprecated - use 'parse_string'
  result = self._expression.parseString(s)
/home/stu_jamsin/.conda/envs/nmma_env/lib/python3.10/site-packages/matplotlib/_mathtext.py:1976: PyparsingDeprecationWarning: 'resetCache' deprecated - use 'reset_cache'
  self._expression.resetCache()
/home/stu_jamsin/.conda/envs/nmma_env/lib/python3.10/site-packages/matplotlib/axes/_base.py:2503: UserWarning: Warning: converting a masked element to nan.
  xys = np.asarray(xys)
/home/stu_jamsin/.conda/envs/nmma_env/lib/python3.10/site-packages/matplotlib/_mathtext.py:1968: PyparsingDeprecationWarning: 'parseString' deprecated - use 'parse_string'
  result = self._expression.parseString(s)
/home/stu_jamsin/.conda/envs/nmma_env/lib/python3.10/site-packages/matplotlib/_mathtext.py:1976: PyparsingDeprecationWarning: 'resetCache' deprecated - use 'reset_cache'
  self._expression.resetCache()
WARNING:root:Pandas support in corner is deprecated; use ArviZ directly
/home/stu_jamsin/.conda/envs/nmma_env/lib/python3.10/encodings/unicode_escape.py:26: DeprecationWarning: invalid escape sequence '\P'
  return codecs.unicode_escape_decode(input, errors, final)
12:26 bilby INFO    : Running for label 'minus2_12', output will be saved to '/home/stu_jamsin/jamsin/grid_lc12_2/12/minus2'
12:26 bilby INFO    : Analysis priors:
12:26 bilby INFO    : luminosity_distance=Uniform(minimum=0.0, maximum=200.0, name='luminosity_distance', latex_label='$D_L$', unit=None, boundary=None)
12:26 bilby INFO    : KNphi=Uniform(minimum=15.0, maximum=75.0, name='KNphi', latex_label='$\\Phi$', unit=None, boundary=None)
12:26 bilby INFO    : KNtheta=Uniform(minimum=0.0, maximum=90.0, name='KNtheta', latex_label='$\\Theta$', unit=None, boundary=None)
12:26 bilby INFO    : inclination_EM=Sine(minimum=0.0, maximum=1.5707963267948966, name='inclination_EM', latex_label='$\\iota$', unit=None, boundary=None)
12:26 bilby INFO    : timeshift=Uniform(minimum=-2.0, maximum=0.0, name='timeshift', latex_label='$t_0$', unit=None, boundary=None)
12:26 bilby INFO    : log10_mej_dyn=Uniform(minimum=-3.0, maximum=-1.0, name='log10_mej_dyn', latex_label='$\\log_{10}M^{\\rm{dyn}}_{\\rm{ej}}$', unit=None, boundary=None)
12:26 bilby INFO    : log10_mej_wind=Uniform(minimum=-3.0, maximum=-0.5, name='log10_mej_wind', latex_label='$\\log_{10}M^{\\rm{wind}}_{\\rm{ej}}$', unit=None, boundary=None)
12:26 bilby INFO    : Ebv=0.0
12:26 bilby INFO    : Analysis likelihood class: <class 'nmma.em.likelihood.OpticalLightCurve'>
12:26 bilby INFO    : Analysis likelihood noise evidence: 0.0
12:26 bilby INFO    : Single likelihood evaluation took 4.306e-02 s
12:26 bilby WARNING : Supplied argument 'queue_size' not an argument of 'Pymultinest', removing.
12:26 bilby WARNING : Supplied argument 'check_point_delta_t' not an argument of 'Pymultinest', removing.
12:26 bilby INFO    : Using sampler Pymultinest with kwargs {'importance_nested_sampling': False, 'resume': True, 'verbose': True, 'sampling_efficiency': 'parameter', 'n_live_points': 256, 'n_params': 7, 'n_clustering_params': None, 'wrapped_params': None, 'multimodal': True, 'const_efficiency_mode': False, 'evidence_tolerance': 0.5, 'n_iter_before_update': 100, 'null_log_evidence': -1e+90, 'max_modes': 100, 'mode_tolerance': -1e+90, 'seed': 42, 'context': 0, 'write_output': True, 'log_zero': -1e+100, 'max_iter': 0, 'init_MPI': False, 'dump_callback': <bound method Pymultinest._dump_callback of <bilby.core.sampler.pymultinest.Pymultinest object at 0x126cf370cb20>>}
12:26 bilby INFO    : Global meta data was removed from the result object for compatibility. Use the `BILBY_INCLUDE_GLOBAL_METADATA` environment variable to include it. This behaviour will be removed in a future release. For more details see: https://bilby-dev.github.io/bilby/faq.html#global-meta-data
12:26 bilby INFO    : Using temporary file /tmp/tmpprsx45kb
12:27 bilby INFO    : Overwriting /home/stu_jamsin/jamsin/grid_lc12_2/12/minus2/pm_minus2_12/ with /tmp/tmpprsx45kb/
12:29 bilby INFO    : Overwriting /home/stu_jamsin/jamsin/grid_lc12_2/12/minus2/pm_minus2_12/ with /tmp/tmpprsx45kb/
12:32 bilby INFO    : Overwriting /home/stu_jamsin/jamsin/grid_lc12_2/12/minus2/pm_minus2_12/ with /tmp/tmpprsx45kb/
12:32 bilby INFO    : Overwriting /home/stu_jamsin/jamsin/grid_lc12_2/12/minus2/pm_minus2_12/ with /tmp/tmpprsx45kb/
12:32 bilby INFO    : Overwriting /home/stu_jamsin/jamsin/grid_lc12_2/12/minus2/pm_minus2_12/ with /tmp/tmpprsx45kb/
12:32 bilby INFO    : Overwriting /home/stu_jamsin/jamsin/grid_lc12_2/12/minus2/pm_minus2_12/ with /tmp/tmpprsx45kb/
12:32 bilby INFO    : Sampling time: 0:06:07.418746
12:32 bilby INFO    : Summary of results:
nsamples: 1369
ln_noise_evidence:  0.000
ln_evidence: -33.013 +/-  0.183
ln_bayes_factor: -33.013 +/-  0.183

12:32 bilby INFO    : Writing samples file to /home/stu_jamsin/jamsin/grid_lc12_2/12/minus2/minus2_12_posterior_samples.dat
/home/stu_jamsin/.conda/envs/nmma_env/lib/python3.10/site-packages/bokeh/core/property/primitive.py:37: DeprecationWarning: `np.bool8` is a deprecated alias for `np.bool_`.  (Deprecated NumPy 1.24)
  bokeh_bool_types += (np.bool8,)
/home/stu_jamsin/.conda/envs/nmma_env/lib/python3.10/site-packages/matplotlib/_fontconfig_pattern.py:88: PyparsingDeprecationWarning: 'parseString' deprecated - use 'parse_string'
  parse = parser.parseString(pattern)
/home/stu_jamsin/.conda/envs/nmma_env/lib/python3.10/site-packages/matplotlib/_fontconfig_pattern.py:92: PyparsingDeprecationWarning: 'resetCache' deprecated - use 'reset_cache'
  parser.resetCache()
/home/stu_jamsin/.conda/envs/nmma_env/lib/python3.10/site-packages/matplotlib/_mathtext.py:1832: PyparsingDeprecationWarning: 'oneOf' deprecated - use 'one_of'
  p.space          = oneOf(self._space_widths)("space")
/home/stu_jamsin/.conda/envs/nmma_env/lib/python3.10/site-packages/matplotlib/_mathtext.py:1842: PyparsingDeprecationWarning: 'leaveWhitespace' deprecated - use 'leave_whitespace'
  )("sym").leaveWhitespace()
/home/stu_jamsin/.conda/envs/nmma_env/lib/python3.10/site-packages/matplotlib/_mathtext.py:1809: PyparsingDeprecationWarning: 'setName' deprecated - use 'set_name'
  val.setName(key)
/home/stu_jamsin/.conda/envs/nmma_env/lib/python3.10/site-packages/matplotlib/_mathtext.py:1812: PyparsingDeprecationWarning: 'setParseAction' deprecated - use 'set_parse_action'
  val.setParseAction(getattr(self, key))
/home/stu_jamsin/.conda/envs/nmma_env/lib/python3.10/site-packages/matplotlib/_mathtext.py:1944: PyparsingDeprecationWarning: 'unquoteResults' argument is deprecated, use 'unquote_results'
  p.math_string   = QuotedString('$', '\\', unquoteResults=False)
/home/stu_jamsin/.conda/envs/nmma_env/lib/python3.10/site-packages/matplotlib/_mathtext.py:1968: PyparsingDeprecationWarning: 'parseString' deprecated - use 'parse_string'
  result = self._expression.parseString(s)
/home/stu_jamsin/.conda/envs/nmma_env/lib/python3.10/site-packages/matplotlib/_mathtext.py:1976: PyparsingDeprecationWarning: 'resetCache' deprecated - use 'reset_cache'
  self._expression.resetCache()
/home/stu_jamsin/.conda/envs/nmma_env/lib/python3.10/site-packages/matplotlib/axes/_base.py:2503: UserWarning: Warning: converting a masked element to nan.
  xys = np.asarray(xys)
/home/stu_jamsin/.conda/envs/nmma_env/lib/python3.10/site-packages/matplotlib/_mathtext.py:1968: PyparsingDeprecationWarning: 'parseString' deprecated - use 'parse_string'
  result = self._expression.parseString(s)
/home/stu_jamsin/.conda/envs/nmma_env/lib/python3.10/site-packages/matplotlib/_mathtext.py:1976: PyparsingDeprecationWarning: 'resetCache' deprecated - use 'reset_cache'
  self._expression.resetCache()
WARNING:root:Pandas support in corner is deprecated; use ArviZ directly
/home/stu_jamsin/.conda/envs/nmma_env/lib/python3.10/encodings/unicode_escape.py:26: DeprecationWarning: invalid escape sequence '\P'
  return codecs.unicode_escape_decode(input, errors, final)
12:32 bilby INFO    : Running for label 'minus3_12', output will be saved to '/home/stu_jamsin/jamsin/grid_lc12_2/12/minus3'
12:32 bilby INFO    : Analysis priors:
12:32 bilby INFO    : luminosity_distance=Uniform(minimum=0.0, maximum=200.0, name='luminosity_distance', latex_label='$D_L$', unit=None, boundary=None)
12:32 bilby INFO    : KNphi=Uniform(minimum=15.0, maximum=75.0, name='KNphi', latex_label='$\\Phi$', unit=None, boundary=None)
12:32 bilby INFO    : KNtheta=Uniform(minimum=0.0, maximum=90.0, name='KNtheta', latex_label='$\\Theta$', unit=None, boundary=None)
12:32 bilby INFO    : inclination_EM=Sine(minimum=0.0, maximum=1.5707963267948966, name='inclination_EM', latex_label='$\\iota$', unit=None, boundary=None)
12:32 bilby INFO    : timeshift=Uniform(minimum=-2.0, maximum=0.0, name='timeshift', latex_label='$t_0$', unit=None, boundary=None)
12:32 bilby INFO    : log10_mej_dyn=Uniform(minimum=-3.0, maximum=-1.0, name='log10_mej_dyn', latex_label='$\\log_{10}M^{\\rm{dyn}}_{\\rm{ej}}$', unit=None, boundary=None)
12:32 bilby INFO    : log10_mej_wind=Uniform(minimum=-3.0, maximum=-0.5, name='log10_mej_wind', latex_label='$\\log_{10}M^{\\rm{wind}}_{\\rm{ej}}$', unit=None, boundary=None)
12:32 bilby INFO    : Ebv=0.0
12:32 bilby INFO    : Analysis likelihood class: <class 'nmma.em.likelihood.OpticalLightCurve'>
12:32 bilby INFO    : Analysis likelihood noise evidence: 0.0
12:32 bilby INFO    : Single likelihood evaluation took 4.256e-02 s
12:32 bilby WARNING : Supplied argument 'queue_size' not an argument of 'Pymultinest', removing.
12:32 bilby WARNING : Supplied argument 'check_point_delta_t' not an argument of 'Pymultinest', removing.
12:32 bilby INFO    : Using sampler Pymultinest with kwargs {'importance_nested_sampling': False, 'resume': True, 'verbose': True, 'sampling_efficiency': 'parameter', 'n_live_points': 256, 'n_params': 7, 'n_clustering_params': None, 'wrapped_params': None, 'multimodal': True, 'const_efficiency_mode': False, 'evidence_tolerance': 0.5, 'n_iter_before_update': 100, 'null_log_evidence': -1e+90, 'max_modes': 100, 'mode_tolerance': -1e+90, 'seed': 42, 'context': 0, 'write_output': True, 'log_zero': -1e+100, 'max_iter': 0, 'init_MPI': False, 'dump_callback': <bound method Pymultinest._dump_callback of <bilby.core.sampler.pymultinest.Pymultinest object at 0x9c28c096b90>>}
12:32 bilby INFO    : Global meta data was removed from the result object for compatibility. Use the `BILBY_INCLUDE_GLOBAL_METADATA` environment variable to include it. This behaviour will be removed in a future release. For more details see: https://bilby-dev.github.io/bilby/faq.html#global-meta-data
12:32 bilby INFO    : Using temporary file /tmp/tmpixmaqwj6
12:34 bilby INFO    : Overwriting /home/stu_jamsin/jamsin/grid_lc12_2/12/minus3/pm_minus3_12/ with /tmp/tmpixmaqwj6/
12:36 bilby INFO    : Overwriting /home/stu_jamsin/jamsin/grid_lc12_2/12/minus3/pm_minus3_12/ with /tmp/tmpixmaqwj6/
12:39 bilby INFO    : Overwriting /home/stu_jamsin/jamsin/grid_lc12_2/12/minus3/pm_minus3_12/ with /tmp/tmpixmaqwj6/
12:39 bilby INFO    : Overwriting /home/stu_jamsin/jamsin/grid_lc12_2/12/minus3/pm_minus3_12/ with /tmp/tmpixmaqwj6/
12:39 bilby INFO    : Overwriting /home/stu_jamsin/jamsin/grid_lc12_2/12/minus3/pm_minus3_12/ with /tmp/tmpixmaqwj6/
12:39 bilby INFO    : Overwriting /home/stu_jamsin/jamsin/grid_lc12_2/12/minus3/pm_minus3_12/ with /tmp/tmpixmaqwj6/
12:39 bilby INFO    : Sampling time: 0:06:32.036101
12:39 bilby INFO    : Summary of results:
nsamples: 1420
ln_noise_evidence:  0.000
ln_evidence: -32.978 +/-  0.183
ln_bayes_factor: -32.978 +/-  0.183

12:39 bilby INFO    : Writing samples file to /home/stu_jamsin/jamsin/grid_lc12_2/12/minus3/minus3_12_posterior_samples.dat
/home/stu_jamsin/.conda/envs/nmma_env/lib/python3.10/site-packages/bokeh/core/property/primitive.py:37: DeprecationWarning: `np.bool8` is a deprecated alias for `np.bool_`.  (Deprecated NumPy 1.24)
  bokeh_bool_types += (np.bool8,)
/home/stu_jamsin/.conda/envs/nmma_env/lib/python3.10/site-packages/matplotlib/_fontconfig_pattern.py:88: PyparsingDeprecationWarning: 'parseString' deprecated - use 'parse_string'
  parse = parser.parseString(pattern)
/home/stu_jamsin/.conda/envs/nmma_env/lib/python3.10/site-packages/matplotlib/_fontconfig_pattern.py:92: PyparsingDeprecationWarning: 'resetCache' deprecated - use 'reset_cache'
  parser.resetCache()
/home/stu_jamsin/.conda/envs/nmma_env/lib/python3.10/site-packages/matplotlib/_mathtext.py:1832: PyparsingDeprecationWarning: 'oneOf' deprecated - use 'one_of'
  p.space          = oneOf(self._space_widths)("space")
/home/stu_jamsin/.conda/envs/nmma_env/lib/python3.10/site-packages/matplotlib/_mathtext.py:1842: PyparsingDeprecationWarning: 'leaveWhitespace' deprecated - use 'leave_whitespace'
  )("sym").leaveWhitespace()
/home/stu_jamsin/.conda/envs/nmma_env/lib/python3.10/site-packages/matplotlib/_mathtext.py:1809: PyparsingDeprecationWarning: 'setName' deprecated - use 'set_name'
  val.setName(key)
/home/stu_jamsin/.conda/envs/nmma_env/lib/python3.10/site-packages/matplotlib/_mathtext.py:1812: PyparsingDeprecationWarning: 'setParseAction' deprecated - use 'set_parse_action'
  val.setParseAction(getattr(self, key))
/home/stu_jamsin/.conda/envs/nmma_env/lib/python3.10/site-packages/matplotlib/_mathtext.py:1944: PyparsingDeprecationWarning: 'unquoteResults' argument is deprecated, use 'unquote_results'
  p.math_string   = QuotedString('$', '\\', unquoteResults=False)
/home/stu_jamsin/.conda/envs/nmma_env/lib/python3.10/site-packages/matplotlib/_mathtext.py:1968: PyparsingDeprecationWarning: 'parseString' deprecated - use 'parse_string'
  result = self._expression.parseString(s)
/home/stu_jamsin/.conda/envs/nmma_env/lib/python3.10/site-packages/matplotlib/_mathtext.py:1976: PyparsingDeprecationWarning: 'resetCache' deprecated - use 'reset_cache'
  self._expression.resetCache()
/home/stu_jamsin/.conda/envs/nmma_env/lib/python3.10/site-packages/matplotlib/axes/_base.py:2503: UserWarning: Warning: converting a masked element to nan.
  xys = np.asarray(xys)
/home/stu_jamsin/.conda/envs/nmma_env/lib/python3.10/site-packages/matplotlib/_mathtext.py:1968: PyparsingDeprecationWarning: 'parseString' deprecated - use 'parse_string'
  result = self._expression.parseString(s)
/home/stu_jamsin/.conda/envs/nmma_env/lib/python3.10/site-packages/matplotlib/_mathtext.py:1976: PyparsingDeprecationWarning: 'resetCache' deprecated - use 'reset_cache'
  self._expression.resetCache()
WARNING:root:Pandas support in corner is deprecated; use ArviZ directly
/home/stu_jamsin/.conda/envs/nmma_env/lib/python3.10/encodings/unicode_escape.py:26: DeprecationWarning: invalid escape sequence '\P'
  return codecs.unicode_escape_decode(input, errors, final)
12:39 bilby INFO    : Running for label 'minus4_12', output will be saved to '/home/stu_jamsin/jamsin/grid_lc12_2/12/minus4'
12:39 bilby INFO    : Analysis priors:
12:39 bilby INFO    : luminosity_distance=Uniform(minimum=0.0, maximum=200.0, name='luminosity_distance', latex_label='$D_L$', unit=None, boundary=None)
12:39 bilby INFO    : KNphi=Uniform(minimum=15.0, maximum=75.0, name='KNphi', latex_label='$\\Phi$', unit=None, boundary=None)
12:39 bilby INFO    : KNtheta=Uniform(minimum=0.0, maximum=90.0, name='KNtheta', latex_label='$\\Theta$', unit=None, boundary=None)
12:39 bilby INFO    : inclination_EM=Sine(minimum=0.0, maximum=1.5707963267948966, name='inclination_EM', latex_label='$\\iota$', unit=None, boundary=None)
12:39 bilby INFO    : timeshift=Uniform(minimum=-2.0, maximum=0.0, name='timeshift', latex_label='$t_0$', unit=None, boundary=None)
12:39 bilby INFO    : log10_mej_dyn=Uniform(minimum=-3.0, maximum=-1.0, name='log10_mej_dyn', latex_label='$\\log_{10}M^{\\rm{dyn}}_{\\rm{ej}}$', unit=None, boundary=None)
12:39 bilby INFO    : log10_mej_wind=Uniform(minimum=-3.0, maximum=-0.5, name='log10_mej_wind', latex_label='$\\log_{10}M^{\\rm{wind}}_{\\rm{ej}}$', unit=None, boundary=None)
12:39 bilby INFO    : Ebv=0.0
12:39 bilby INFO    : Analysis likelihood class: <class 'nmma.em.likelihood.OpticalLightCurve'>
12:39 bilby INFO    : Analysis likelihood noise evidence: 0.0
12:39 bilby INFO    : Single likelihood evaluation took 4.863e-02 s
12:39 bilby WARNING : Supplied argument 'queue_size' not an argument of 'Pymultinest', removing.
12:39 bilby WARNING : Supplied argument 'check_point_delta_t' not an argument of 'Pymultinest', removing.
12:39 bilby INFO    : Using sampler Pymultinest with kwargs {'importance_nested_sampling': False, 'resume': True, 'verbose': True, 'sampling_efficiency': 'parameter', 'n_live_points': 256, 'n_params': 7, 'n_clustering_params': None, 'wrapped_params': None, 'multimodal': True, 'const_efficiency_mode': False, 'evidence_tolerance': 0.5, 'n_iter_before_update': 100, 'null_log_evidence': -1e+90, 'max_modes': 100, 'mode_tolerance': -1e+90, 'seed': 42, 'context': 0, 'write_output': True, 'log_zero': -1e+100, 'max_iter': 0, 'init_MPI': False, 'dump_callback': <bound method Pymultinest._dump_callback of <bilby.core.sampler.pymultinest.Pymultinest object at 0x9e872270a30>>}
12:39 bilby INFO    : Global meta data was removed from the result object for compatibility. Use the `BILBY_INCLUDE_GLOBAL_METADATA` environment variable to include it. This behaviour will be removed in a future release. For more details see: https://bilby-dev.github.io/bilby/faq.html#global-meta-data
12:39 bilby INFO    : Using temporary file /tmp/tmpgxow3pub
12:41 bilby INFO    : Overwriting /home/stu_jamsin/jamsin/grid_lc12_2/12/minus4/pm_minus4_12/ with /tmp/tmpgxow3pub/
12:43 bilby INFO    : Overwriting /home/stu_jamsin/jamsin/grid_lc12_2/12/minus4/pm_minus4_12/ with /tmp/tmpgxow3pub/
12:45 bilby INFO    : Overwriting /home/stu_jamsin/jamsin/grid_lc12_2/12/minus4/pm_minus4_12/ with /tmp/tmpgxow3pub/
12:46 bilby INFO    : Overwriting /home/stu_jamsin/jamsin/grid_lc12_2/12/minus4/pm_minus4_12/ with /tmp/tmpgxow3pub/
12:46 bilby INFO    : Overwriting /home/stu_jamsin/jamsin/grid_lc12_2/12/minus4/pm_minus4_12/ with /tmp/tmpgxow3pub/
12:46 bilby INFO    : Overwriting /home/stu_jamsin/jamsin/grid_lc12_2/12/minus4/pm_minus4_12/ with /tmp/tmpgxow3pub/
12:46 bilby INFO    : Sampling time: 0:06:23.690393
12:46 bilby INFO    : Summary of results:
nsamples: 1509
ln_noise_evidence:  0.000
ln_evidence: -33.340 +/-  0.191
ln_bayes_factor: -33.340 +/-  0.191

12:46 bilby INFO    : Writing samples file to /home/stu_jamsin/jamsin/grid_lc12_2/12/minus4/minus4_12_posterior_samples.dat
/home/stu_jamsin/.conda/envs/nmma_env/lib/python3.10/site-packages/bokeh/core/property/primitive.py:37: DeprecationWarning: `np.bool8` is a deprecated alias for `np.bool_`.  (Deprecated NumPy 1.24)
  bokeh_bool_types += (np.bool8,)
/home/stu_jamsin/.conda/envs/nmma_env/lib/python3.10/site-packages/matplotlib/_fontconfig_pattern.py:88: PyparsingDeprecationWarning: 'parseString' deprecated - use 'parse_string'
  parse = parser.parseString(pattern)
/home/stu_jamsin/.conda/envs/nmma_env/lib/python3.10/site-packages/matplotlib/_fontconfig_pattern.py:92: PyparsingDeprecationWarning: 'resetCache' deprecated - use 'reset_cache'
  parser.resetCache()
/home/stu_jamsin/.conda/envs/nmma_env/lib/python3.10/site-packages/matplotlib/_mathtext.py:1832: PyparsingDeprecationWarning: 'oneOf' deprecated - use 'one_of'
  p.space          = oneOf(self._space_widths)("space")
/home/stu_jamsin/.conda/envs/nmma_env/lib/python3.10/site-packages/matplotlib/_mathtext.py:1842: PyparsingDeprecationWarning: 'leaveWhitespace' deprecated - use 'leave_whitespace'
  )("sym").leaveWhitespace()
/home/stu_jamsin/.conda/envs/nmma_env/lib/python3.10/site-packages/matplotlib/_mathtext.py:1809: PyparsingDeprecationWarning: 'setName' deprecated - use 'set_name'
  val.setName(key)
/home/stu_jamsin/.conda/envs/nmma_env/lib/python3.10/site-packages/matplotlib/_mathtext.py:1812: PyparsingDeprecationWarning: 'setParseAction' deprecated - use 'set_parse_action'
  val.setParseAction(getattr(self, key))
/home/stu_jamsin/.conda/envs/nmma_env/lib/python3.10/site-packages/matplotlib/_mathtext.py:1944: PyparsingDeprecationWarning: 'unquoteResults' argument is deprecated, use 'unquote_results'
  p.math_string   = QuotedString('$', '\\', unquoteResults=False)
/home/stu_jamsin/.conda/envs/nmma_env/lib/python3.10/site-packages/matplotlib/_mathtext.py:1968: PyparsingDeprecationWarning: 'parseString' deprecated - use 'parse_string'
  result = self._expression.parseString(s)
/home/stu_jamsin/.conda/envs/nmma_env/lib/python3.10/site-packages/matplotlib/_mathtext.py:1976: PyparsingDeprecationWarning: 'resetCache' deprecated - use 'reset_cache'
  self._expression.resetCache()
/home/stu_jamsin/.conda/envs/nmma_env/lib/python3.10/site-packages/matplotlib/axes/_base.py:2503: UserWarning: Warning: converting a masked element to nan.
  xys = np.asarray(xys)
/home/stu_jamsin/.conda/envs/nmma_env/lib/python3.10/site-packages/matplotlib/_mathtext.py:1968: PyparsingDeprecationWarning: 'parseString' deprecated - use 'parse_string'
  result = self._expression.parseString(s)
/home/stu_jamsin/.conda/envs/nmma_env/lib/python3.10/site-packages/matplotlib/_mathtext.py:1976: PyparsingDeprecationWarning: 'resetCache' deprecated - use 'reset_cache'
  self._expression.resetCache()
WARNING:root:Pandas support in corner is deprecated; use ArviZ directly
/home/stu_jamsin/.conda/envs/nmma_env/lib/python3.10/encodings/unicode_escape.py:26: DeprecationWarning: invalid escape sequence '\P'
  return codecs.unicode_escape_decode(input, errors, final)
12:46 bilby INFO    : Running for label 'minus5_12', output will be saved to '/home/stu_jamsin/jamsin/grid_lc12_2/12/minus5'
12:46 bilby INFO    : Analysis priors:
12:46 bilby INFO    : luminosity_distance=Uniform(minimum=0.0, maximum=200.0, name='luminosity_distance', latex_label='$D_L$', unit=None, boundary=None)
12:46 bilby INFO    : KNphi=Uniform(minimum=15.0, maximum=75.0, name='KNphi', latex_label='$\\Phi$', unit=None, boundary=None)
12:46 bilby INFO    : KNtheta=Uniform(minimum=0.0, maximum=90.0, name='KNtheta', latex_label='$\\Theta$', unit=None, boundary=None)
12:46 bilby INFO    : inclination_EM=Sine(minimum=0.0, maximum=1.5707963267948966, name='inclination_EM', latex_label='$\\iota$', unit=None, boundary=None)
12:46 bilby INFO    : timeshift=Uniform(minimum=-2.0, maximum=0.0, name='timeshift', latex_label='$t_0$', unit=None, boundary=None)
12:46 bilby INFO    : log10_mej_dyn=Uniform(minimum=-3.0, maximum=-1.0, name='log10_mej_dyn', latex_label='$\\log_{10}M^{\\rm{dyn}}_{\\rm{ej}}$', unit=None, boundary=None)
12:46 bilby INFO    : log10_mej_wind=Uniform(minimum=-3.0, maximum=-0.5, name='log10_mej_wind', latex_label='$\\log_{10}M^{\\rm{wind}}_{\\rm{ej}}$', unit=None, boundary=None)
12:46 bilby INFO    : Ebv=0.0
12:46 bilby INFO    : Analysis likelihood class: <class 'nmma.em.likelihood.OpticalLightCurve'>
12:46 bilby INFO    : Analysis likelihood noise evidence: 0.0
12:46 bilby INFO    : Single likelihood evaluation took 4.469e-02 s
12:46 bilby WARNING : Supplied argument 'queue_size' not an argument of 'Pymultinest', removing.
12:46 bilby WARNING : Supplied argument 'check_point_delta_t' not an argument of 'Pymultinest', removing.
12:46 bilby INFO    : Using sampler Pymultinest with kwargs {'importance_nested_sampling': False, 'resume': True, 'verbose': True, 'sampling_efficiency': 'parameter', 'n_live_points': 256, 'n_params': 7, 'n_clustering_params': None, 'wrapped_params': None, 'multimodal': True, 'const_efficiency_mode': False, 'evidence_tolerance': 0.5, 'n_iter_before_update': 100, 'null_log_evidence': -1e+90, 'max_modes': 100, 'mode_tolerance': -1e+90, 'seed': 42, 'context': 0, 'write_output': True, 'log_zero': -1e+100, 'max_iter': 0, 'init_MPI': False, 'dump_callback': <bound method Pymultinest._dump_callback of <bilby.core.sampler.pymultinest.Pymultinest object at 0x6da0ff04b20>>}
12:46 bilby INFO    : Global meta data was removed from the result object for compatibility. Use the `BILBY_INCLUDE_GLOBAL_METADATA` environment variable to include it. This behaviour will be removed in a future release. For more details see: https://bilby-dev.github.io/bilby/faq.html#global-meta-data
12:46 bilby INFO    : Using temporary file /tmp/tmputzhf71o
12:48 bilby INFO    : Overwriting /home/stu_jamsin/jamsin/grid_lc12_2/12/minus5/pm_minus5_12/ with /tmp/tmputzhf71o/
12:49 bilby INFO    : Overwriting /home/stu_jamsin/jamsin/grid_lc12_2/12/minus5/pm_minus5_12/ with /tmp/tmputzhf71o/
12:52 bilby INFO    : Overwriting /home/stu_jamsin/jamsin/grid_lc12_2/12/minus5/pm_minus5_12/ with /tmp/tmputzhf71o/
12:53 bilby INFO    : Overwriting /home/stu_jamsin/jamsin/grid_lc12_2/12/minus5/pm_minus5_12/ with /tmp/tmputzhf71o/
12:53 bilby INFO    : Overwriting /home/stu_jamsin/jamsin/grid_lc12_2/12/minus5/pm_minus5_12/ with /tmp/tmputzhf71o/
12:53 bilby INFO    : Overwriting /home/stu_jamsin/jamsin/grid_lc12_2/12/minus5/pm_minus5_12/ with /tmp/tmputzhf71o/
12:53 bilby INFO    : Sampling time: 0:06:37.317471
12:53 bilby INFO    : Summary of results:
nsamples: 1510
ln_noise_evidence:  0.000
ln_evidence: -32.674 +/-  0.193
ln_bayes_factor: -32.674 +/-  0.193

12:53 bilby INFO    : Writing samples file to /home/stu_jamsin/jamsin/grid_lc12_2/12/minus5/minus5_12_posterior_samples.dat
/home/stu_jamsin/.conda/envs/nmma_env/lib/python3.10/site-packages/bokeh/core/property/primitive.py:37: DeprecationWarning: `np.bool8` is a deprecated alias for `np.bool_`.  (Deprecated NumPy 1.24)
  bokeh_bool_types += (np.bool8,)
/home/stu_jamsin/.conda/envs/nmma_env/lib/python3.10/site-packages/matplotlib/_fontconfig_pattern.py:88: PyparsingDeprecationWarning: 'parseString' deprecated - use 'parse_string'
  parse = parser.parseString(pattern)
/home/stu_jamsin/.conda/envs/nmma_env/lib/python3.10/site-packages/matplotlib/_fontconfig_pattern.py:92: PyparsingDeprecationWarning: 'resetCache' deprecated - use 'reset_cache'
  parser.resetCache()
/home/stu_jamsin/.conda/envs/nmma_env/lib/python3.10/site-packages/matplotlib/_mathtext.py:1832: PyparsingDeprecationWarning: 'oneOf' deprecated - use 'one_of'
  p.space          = oneOf(self._space_widths)("space")
/home/stu_jamsin/.conda/envs/nmma_env/lib/python3.10/site-packages/matplotlib/_mathtext.py:1842: PyparsingDeprecationWarning: 'leaveWhitespace' deprecated - use 'leave_whitespace'
  )("sym").leaveWhitespace()
/home/stu_jamsin/.conda/envs/nmma_env/lib/python3.10/site-packages/matplotlib/_mathtext.py:1809: PyparsingDeprecationWarning: 'setName' deprecated - use 'set_name'
  val.setName(key)
/home/stu_jamsin/.conda/envs/nmma_env/lib/python3.10/site-packages/matplotlib/_mathtext.py:1812: PyparsingDeprecationWarning: 'setParseAction' deprecated - use 'set_parse_action'
  val.setParseAction(getattr(self, key))
/home/stu_jamsin/.conda/envs/nmma_env/lib/python3.10/site-packages/matplotlib/_mathtext.py:1944: PyparsingDeprecationWarning: 'unquoteResults' argument is deprecated, use 'unquote_results'
  p.math_string   = QuotedString('$', '\\', unquoteResults=False)
/home/stu_jamsin/.conda/envs/nmma_env/lib/python3.10/site-packages/matplotlib/_mathtext.py:1968: PyparsingDeprecationWarning: 'parseString' deprecated - use 'parse_string'
  result = self._expression.parseString(s)
/home/stu_jamsin/.conda/envs/nmma_env/lib/python3.10/site-packages/matplotlib/_mathtext.py:1976: PyparsingDeprecationWarning: 'resetCache' deprecated - use 'reset_cache'
  self._expression.resetCache()
/home/stu_jamsin/.conda/envs/nmma_env/lib/python3.10/site-packages/matplotlib/axes/_base.py:2503: UserWarning: Warning: converting a masked element to nan.
  xys = np.asarray(xys)
/home/stu_jamsin/.conda/envs/nmma_env/lib/python3.10/site-packages/matplotlib/_mathtext.py:1968: PyparsingDeprecationWarning: 'parseString' deprecated - use 'parse_string'
  result = self._expression.parseString(s)
/home/stu_jamsin/.conda/envs/nmma_env/lib/python3.10/site-packages/matplotlib/_mathtext.py:1976: PyparsingDeprecationWarning: 'resetCache' deprecated - use 'reset_cache'
  self._expression.resetCache()
WARNING:root:Pandas support in corner is deprecated; use ArviZ directly
/home/stu_jamsin/.conda/envs/nmma_env/lib/python3.10/encodings/unicode_escape.py:26: DeprecationWarning: invalid escape sequence '\P'
  return codecs.unicode_escape_decode(input, errors, final)
12:53 bilby INFO    : Running for label 'minus6_12', output will be saved to '/home/stu_jamsin/jamsin/grid_lc12_2/12/minus6'
12:53 bilby INFO    : Analysis priors:
12:53 bilby INFO    : luminosity_distance=Uniform(minimum=0.0, maximum=200.0, name='luminosity_distance', latex_label='$D_L$', unit=None, boundary=None)
12:53 bilby INFO    : KNphi=Uniform(minimum=15.0, maximum=75.0, name='KNphi', latex_label='$\\Phi$', unit=None, boundary=None)
12:53 bilby INFO    : KNtheta=Uniform(minimum=0.0, maximum=90.0, name='KNtheta', latex_label='$\\Theta$', unit=None, boundary=None)
12:53 bilby INFO    : inclination_EM=Sine(minimum=0.0, maximum=1.5707963267948966, name='inclination_EM', latex_label='$\\iota$', unit=None, boundary=None)
12:53 bilby INFO    : timeshift=Uniform(minimum=-2.0, maximum=0.0, name='timeshift', latex_label='$t_0$', unit=None, boundary=None)
12:53 bilby INFO    : log10_mej_dyn=Uniform(minimum=-3.0, maximum=-1.0, name='log10_mej_dyn', latex_label='$\\log_{10}M^{\\rm{dyn}}_{\\rm{ej}}$', unit=None, boundary=None)
12:53 bilby INFO    : log10_mej_wind=Uniform(minimum=-3.0, maximum=-0.5, name='log10_mej_wind', latex_label='$\\log_{10}M^{\\rm{wind}}_{\\rm{ej}}$', unit=None, boundary=None)
12:53 bilby INFO    : Ebv=0.0
12:53 bilby INFO    : Analysis likelihood class: <class 'nmma.em.likelihood.OpticalLightCurve'>
12:53 bilby INFO    : Analysis likelihood noise evidence: 0.0
12:53 bilby INFO    : Single likelihood evaluation took 5.105e-02 s
12:53 bilby WARNING : Supplied argument 'queue_size' not an argument of 'Pymultinest', removing.
12:53 bilby WARNING : Supplied argument 'check_point_delta_t' not an argument of 'Pymultinest', removing.
12:53 bilby INFO    : Using sampler Pymultinest with kwargs {'importance_nested_sampling': False, 'resume': True, 'verbose': True, 'sampling_efficiency': 'parameter', 'n_live_points': 256, 'n_params': 7, 'n_clustering_params': None, 'wrapped_params': None, 'multimodal': True, 'const_efficiency_mode': False, 'evidence_tolerance': 0.5, 'n_iter_before_update': 100, 'null_log_evidence': -1e+90, 'max_modes': 100, 'mode_tolerance': -1e+90, 'seed': 42, 'context': 0, 'write_output': True, 'log_zero': -1e+100, 'max_iter': 0, 'init_MPI': False, 'dump_callback': <bound method Pymultinest._dump_callback of <bilby.core.sampler.pymultinest.Pymultinest object at 0xf2c35c279a0>>}
12:53 bilby INFO    : Global meta data was removed from the result object for compatibility. Use the `BILBY_INCLUDE_GLOBAL_METADATA` environment variable to include it. This behaviour will be removed in a future release. For more details see: https://bilby-dev.github.io/bilby/faq.html#global-meta-data
12:53 bilby INFO    : Using temporary file /tmp/tmpbkmp_9ul
12:55 bilby INFO    : Overwriting /home/stu_jamsin/jamsin/grid_lc12_2/12/minus6/pm_minus6_12/ with /tmp/tmpbkmp_9ul/
12:57 bilby INFO    : Overwriting /home/stu_jamsin/jamsin/grid_lc12_2/12/minus6/pm_minus6_12/ with /tmp/tmpbkmp_9ul/
12:59 bilby INFO    : Overwriting /home/stu_jamsin/jamsin/grid_lc12_2/12/minus6/pm_minus6_12/ with /tmp/tmpbkmp_9ul/
12:59 bilby INFO    : Overwriting /home/stu_jamsin/jamsin/grid_lc12_2/12/minus6/pm_minus6_12/ with /tmp/tmpbkmp_9ul/
12:59 bilby INFO    : Overwriting /home/stu_jamsin/jamsin/grid_lc12_2/12/minus6/pm_minus6_12/ with /tmp/tmpbkmp_9ul/
12:59 bilby INFO    : Overwriting /home/stu_jamsin/jamsin/grid_lc12_2/12/minus6/pm_minus6_12/ with /tmp/tmpbkmp_9ul/
12:59 bilby INFO    : Sampling time: 0:06:17.339409
12:59 bilby INFO    : Summary of results:
nsamples: 1323
ln_noise_evidence:  0.000
ln_evidence: -32.782 +/-  0.192
ln_bayes_factor: -32.782 +/-  0.192

12:59 bilby INFO    : Writing samples file to /home/stu_jamsin/jamsin/grid_lc12_2/12/minus6/minus6_12_posterior_samples.dat
/home/stu_jamsin/.conda/envs/nmma_env/lib/python3.10/site-packages/bokeh/core/property/primitive.py:37: DeprecationWarning: `np.bool8` is a deprecated alias for `np.bool_`.  (Deprecated NumPy 1.24)
  bokeh_bool_types += (np.bool8,)
/home/stu_jamsin/.conda/envs/nmma_env/lib/python3.10/site-packages/matplotlib/_fontconfig_pattern.py:88: PyparsingDeprecationWarning: 'parseString' deprecated - use 'parse_string'
  parse = parser.parseString(pattern)
/home/stu_jamsin/.conda/envs/nmma_env/lib/python3.10/site-packages/matplotlib/_fontconfig_pattern.py:92: PyparsingDeprecationWarning: 'resetCache' deprecated - use 'reset_cache'
  parser.resetCache()
/home/stu_jamsin/.conda/envs/nmma_env/lib/python3.10/site-packages/matplotlib/_mathtext.py:1832: PyparsingDeprecationWarning: 'oneOf' deprecated - use 'one_of'
  p.space          = oneOf(self._space_widths)("space")
/home/stu_jamsin/.conda/envs/nmma_env/lib/python3.10/site-packages/matplotlib/_mathtext.py:1842: PyparsingDeprecationWarning: 'leaveWhitespace' deprecated - use 'leave_whitespace'
  )("sym").leaveWhitespace()
/home/stu_jamsin/.conda/envs/nmma_env/lib/python3.10/site-packages/matplotlib/_mathtext.py:1809: PyparsingDeprecationWarning: 'setName' deprecated - use 'set_name'
  val.setName(key)
/home/stu_jamsin/.conda/envs/nmma_env/lib/python3.10/site-packages/matplotlib/_mathtext.py:1812: PyparsingDeprecationWarning: 'setParseAction' deprecated - use 'set_parse_action'
  val.setParseAction(getattr(self, key))
/home/stu_jamsin/.conda/envs/nmma_env/lib/python3.10/site-packages/matplotlib/_mathtext.py:1944: PyparsingDeprecationWarning: 'unquoteResults' argument is deprecated, use 'unquote_results'
  p.math_string   = QuotedString('$', '\\', unquoteResults=False)
/home/stu_jamsin/.conda/envs/nmma_env/lib/python3.10/site-packages/matplotlib/_mathtext.py:1968: PyparsingDeprecationWarning: 'parseString' deprecated - use 'parse_string'
  result = self._expression.parseString(s)
/home/stu_jamsin/.conda/envs/nmma_env/lib/python3.10/site-packages/matplotlib/_mathtext.py:1976: PyparsingDeprecationWarning: 'resetCache' deprecated - use 'reset_cache'
  self._expression.resetCache()
/home/stu_jamsin/.conda/envs/nmma_env/lib/python3.10/site-packages/matplotlib/axes/_base.py:2503: UserWarning: Warning: converting a masked element to nan.
  xys = np.asarray(xys)
/home/stu_jamsin/.conda/envs/nmma_env/lib/python3.10/site-packages/matplotlib/_mathtext.py:1968: PyparsingDeprecationWarning: 'parseString' deprecated - use 'parse_string'
  result = self._expression.parseString(s)
/home/stu_jamsin/.conda/envs/nmma_env/lib/python3.10/site-packages/matplotlib/_mathtext.py:1976: PyparsingDeprecationWarning: 'resetCache' deprecated - use 'reset_cache'
  self._expression.resetCache()
WARNING:root:Pandas support in corner is deprecated; use ArviZ directly
/home/stu_jamsin/.conda/envs/nmma_env/lib/python3.10/encodings/unicode_escape.py:26: DeprecationWarning: invalid escape sequence '\P'
  return codecs.unicode_escape_decode(input, errors, final)
13:00 bilby INFO    : Running for label 'minus7_12', output will be saved to '/home/stu_jamsin/jamsin/grid_lc12_2/12/minus7'
13:00 bilby INFO    : Analysis priors:
13:00 bilby INFO    : luminosity_distance=Uniform(minimum=0.0, maximum=200.0, name='luminosity_distance', latex_label='$D_L$', unit=None, boundary=None)
13:00 bilby INFO    : KNphi=Uniform(minimum=15.0, maximum=75.0, name='KNphi', latex_label='$\\Phi$', unit=None, boundary=None)
13:00 bilby INFO    : KNtheta=Uniform(minimum=0.0, maximum=90.0, name='KNtheta', latex_label='$\\Theta$', unit=None, boundary=None)
13:00 bilby INFO    : inclination_EM=Sine(minimum=0.0, maximum=1.5707963267948966, name='inclination_EM', latex_label='$\\iota$', unit=None, boundary=None)
13:00 bilby INFO    : timeshift=Uniform(minimum=-2.0, maximum=0.0, name='timeshift', latex_label='$t_0$', unit=None, boundary=None)
13:00 bilby INFO    : log10_mej_dyn=Uniform(minimum=-3.0, maximum=-1.0, name='log10_mej_dyn', latex_label='$\\log_{10}M^{\\rm{dyn}}_{\\rm{ej}}$', unit=None, boundary=None)
13:00 bilby INFO    : log10_mej_wind=Uniform(minimum=-3.0, maximum=-0.5, name='log10_mej_wind', latex_label='$\\log_{10}M^{\\rm{wind}}_{\\rm{ej}}$', unit=None, boundary=None)
13:00 bilby INFO    : Ebv=0.0
13:00 bilby INFO    : Analysis likelihood class: <class 'nmma.em.likelihood.OpticalLightCurve'>
13:00 bilby INFO    : Analysis likelihood noise evidence: 0.0
13:00 bilby INFO    : Single likelihood evaluation took 4.518e-02 s
13:00 bilby WARNING : Supplied argument 'queue_size' not an argument of 'Pymultinest', removing.
13:00 bilby WARNING : Supplied argument 'check_point_delta_t' not an argument of 'Pymultinest', removing.
13:00 bilby INFO    : Using sampler Pymultinest with kwargs {'importance_nested_sampling': False, 'resume': True, 'verbose': True, 'sampling_efficiency': 'parameter', 'n_live_points': 256, 'n_params': 7, 'n_clustering_params': None, 'wrapped_params': None, 'multimodal': True, 'const_efficiency_mode': False, 'evidence_tolerance': 0.5, 'n_iter_before_update': 100, 'null_log_evidence': -1e+90, 'max_modes': 100, 'mode_tolerance': -1e+90, 'seed': 42, 'context': 0, 'write_output': True, 'log_zero': -1e+100, 'max_iter': 0, 'init_MPI': False, 'dump_callback': <bound method Pymultinest._dump_callback of <bilby.core.sampler.pymultinest.Pymultinest object at 0xdf71b3e7a60>>}
13:00 bilby INFO    : Global meta data was removed from the result object for compatibility. Use the `BILBY_INCLUDE_GLOBAL_METADATA` environment variable to include it. This behaviour will be removed in a future release. For more details see: https://bilby-dev.github.io/bilby/faq.html#global-meta-data
13:00 bilby INFO    : Using temporary file /tmp/tmpvs39tjpg
13:02 bilby INFO    : Overwriting /home/stu_jamsin/jamsin/grid_lc12_2/12/minus7/pm_minus7_12/ with /tmp/tmpvs39tjpg/
13:04 bilby INFO    : Overwriting /home/stu_jamsin/jamsin/grid_lc12_2/12/minus7/pm_minus7_12/ with /tmp/tmpvs39tjpg/
13:05 bilby INFO    : Overwriting /home/stu_jamsin/jamsin/grid_lc12_2/12/minus7/pm_minus7_12/ with /tmp/tmpvs39tjpg/
13:05 bilby INFO    : Overwriting /home/stu_jamsin/jamsin/grid_lc12_2/12/minus7/pm_minus7_12/ with /tmp/tmpvs39tjpg/
13:05 bilby INFO    : Overwriting /home/stu_jamsin/jamsin/grid_lc12_2/12/minus7/pm_minus7_12/ with /tmp/tmpvs39tjpg/
13:05 bilby INFO    : Sampling time: 0:05:34.452864
13:05 bilby INFO    : Summary of results:
nsamples: 832
ln_noise_evidence:  0.000
ln_evidence: -32.966 +/-  0.189
ln_bayes_factor: -32.966 +/-  0.189

13:05 bilby INFO    : Writing samples file to /home/stu_jamsin/jamsin/grid_lc12_2/12/minus7/minus7_12_posterior_samples.dat
/home/stu_jamsin/.conda/envs/nmma_env/lib/python3.10/site-packages/bokeh/core/property/primitive.py:37: DeprecationWarning: `np.bool8` is a deprecated alias for `np.bool_`.  (Deprecated NumPy 1.24)
  bokeh_bool_types += (np.bool8,)
/home/stu_jamsin/.conda/envs/nmma_env/lib/python3.10/site-packages/matplotlib/_fontconfig_pattern.py:88: PyparsingDeprecationWarning: 'parseString' deprecated - use 'parse_string'
  parse = parser.parseString(pattern)
/home/stu_jamsin/.conda/envs/nmma_env/lib/python3.10/site-packages/matplotlib/_fontconfig_pattern.py:92: PyparsingDeprecationWarning: 'resetCache' deprecated - use 'reset_cache'
  parser.resetCache()
/home/stu_jamsin/.conda/envs/nmma_env/lib/python3.10/site-packages/matplotlib/_mathtext.py:1832: PyparsingDeprecationWarning: 'oneOf' deprecated - use 'one_of'
  p.space          = oneOf(self._space_widths)("space")
/home/stu_jamsin/.conda/envs/nmma_env/lib/python3.10/site-packages/matplotlib/_mathtext.py:1842: PyparsingDeprecationWarning: 'leaveWhitespace' deprecated - use 'leave_whitespace'
  )("sym").leaveWhitespace()
/home/stu_jamsin/.conda/envs/nmma_env/lib/python3.10/site-packages/matplotlib/_mathtext.py:1809: PyparsingDeprecationWarning: 'setName' deprecated - use 'set_name'
  val.setName(key)
/home/stu_jamsin/.conda/envs/nmma_env/lib/python3.10/site-packages/matplotlib/_mathtext.py:1812: PyparsingDeprecationWarning: 'setParseAction' deprecated - use 'set_parse_action'
  val.setParseAction(getattr(self, key))
/home/stu_jamsin/.conda/envs/nmma_env/lib/python3.10/site-packages/matplotlib/_mathtext.py:1944: PyparsingDeprecationWarning: 'unquoteResults' argument is deprecated, use 'unquote_results'
  p.math_string   = QuotedString('$', '\\', unquoteResults=False)
/home/stu_jamsin/.conda/envs/nmma_env/lib/python3.10/site-packages/matplotlib/_mathtext.py:1968: PyparsingDeprecationWarning: 'parseString' deprecated - use 'parse_string'
  result = self._expression.parseString(s)
/home/stu_jamsin/.conda/envs/nmma_env/lib/python3.10/site-packages/matplotlib/_mathtext.py:1976: PyparsingDeprecationWarning: 'resetCache' deprecated - use 'reset_cache'
  self._expression.resetCache()
/home/stu_jamsin/.conda/envs/nmma_env/lib/python3.10/site-packages/matplotlib/axes/_base.py:2503: UserWarning: Warning: converting a masked element to nan.
  xys = np.asarray(xys)
/home/stu_jamsin/.conda/envs/nmma_env/lib/python3.10/site-packages/matplotlib/_mathtext.py:1968: PyparsingDeprecationWarning: 'parseString' deprecated - use 'parse_string'
  result = self._expression.parseString(s)
/home/stu_jamsin/.conda/envs/nmma_env/lib/python3.10/site-packages/matplotlib/_mathtext.py:1976: PyparsingDeprecationWarning: 'resetCache' deprecated - use 'reset_cache'
  self._expression.resetCache()
WARNING:root:Pandas support in corner is deprecated; use ArviZ directly
/home/stu_jamsin/.conda/envs/nmma_env/lib/python3.10/encodings/unicode_escape.py:26: DeprecationWarning: invalid escape sequence '\P'
  return codecs.unicode_escape_decode(input, errors, final)
13:06 bilby INFO    : Running for label 'minus8_12', output will be saved to '/home/stu_jamsin/jamsin/grid_lc12_2/12/minus8'
13:06 bilby INFO    : Analysis priors:
13:06 bilby INFO    : luminosity_distance=Uniform(minimum=0.0, maximum=200.0, name='luminosity_distance', latex_label='$D_L$', unit=None, boundary=None)
13:06 bilby INFO    : KNphi=Uniform(minimum=15.0, maximum=75.0, name='KNphi', latex_label='$\\Phi$', unit=None, boundary=None)
13:06 bilby INFO    : KNtheta=Uniform(minimum=0.0, maximum=90.0, name='KNtheta', latex_label='$\\Theta$', unit=None, boundary=None)
13:06 bilby INFO    : inclination_EM=Sine(minimum=0.0, maximum=1.5707963267948966, name='inclination_EM', latex_label='$\\iota$', unit=None, boundary=None)
13:06 bilby INFO    : timeshift=Uniform(minimum=-2.0, maximum=0.0, name='timeshift', latex_label='$t_0$', unit=None, boundary=None)
13:06 bilby INFO    : log10_mej_dyn=Uniform(minimum=-3.0, maximum=-1.0, name='log10_mej_dyn', latex_label='$\\log_{10}M^{\\rm{dyn}}_{\\rm{ej}}$', unit=None, boundary=None)
13:06 bilby INFO    : log10_mej_wind=Uniform(minimum=-3.0, maximum=-0.5, name='log10_mej_wind', latex_label='$\\log_{10}M^{\\rm{wind}}_{\\rm{ej}}$', unit=None, boundary=None)
13:06 bilby INFO    : Ebv=0.0
13:06 bilby INFO    : Analysis likelihood class: <class 'nmma.em.likelihood.OpticalLightCurve'>
13:06 bilby INFO    : Analysis likelihood noise evidence: 0.0
13:06 bilby INFO    : Single likelihood evaluation took 4.299e-02 s
13:06 bilby WARNING : Supplied argument 'queue_size' not an argument of 'Pymultinest', removing.
13:06 bilby WARNING : Supplied argument 'check_point_delta_t' not an argument of 'Pymultinest', removing.
13:06 bilby INFO    : Using sampler Pymultinest with kwargs {'importance_nested_sampling': False, 'resume': True, 'verbose': True, 'sampling_efficiency': 'parameter', 'n_live_points': 256, 'n_params': 7, 'n_clustering_params': None, 'wrapped_params': None, 'multimodal': True, 'const_efficiency_mode': False, 'evidence_tolerance': 0.5, 'n_iter_before_update': 100, 'null_log_evidence': -1e+90, 'max_modes': 100, 'mode_tolerance': -1e+90, 'seed': 42, 'context': 0, 'write_output': True, 'log_zero': -1e+100, 'max_iter': 0, 'init_MPI': False, 'dump_callback': <bound method Pymultinest._dump_callback of <bilby.core.sampler.pymultinest.Pymultinest object at 0x7389d99d240>>}
13:06 bilby INFO    : Global meta data was removed from the result object for compatibility. Use the `BILBY_INCLUDE_GLOBAL_METADATA` environment variable to include it. This behaviour will be removed in a future release. For more details see: https://bilby-dev.github.io/bilby/faq.html#global-meta-data
13:06 bilby INFO    : Using temporary file /tmp/tmptjwfec9k
13:07 bilby INFO    : Overwriting /home/stu_jamsin/jamsin/grid_lc12_2/12/minus8/pm_minus8_12/ with /tmp/tmptjwfec9k/
13:09 bilby INFO    : Overwriting /home/stu_jamsin/jamsin/grid_lc12_2/12/minus8/pm_minus8_12/ with /tmp/tmptjwfec9k/
13:10 bilby INFO    : Overwriting /home/stu_jamsin/jamsin/grid_lc12_2/12/minus8/pm_minus8_12/ with /tmp/tmptjwfec9k/
13:10 bilby INFO    : Overwriting /home/stu_jamsin/jamsin/grid_lc12_2/12/minus8/pm_minus8_12/ with /tmp/tmptjwfec9k/
13:10 bilby INFO    : Overwriting /home/stu_jamsin/jamsin/grid_lc12_2/12/minus8/pm_minus8_12/ with /tmp/tmptjwfec9k/
13:10 bilby INFO    : Sampling time: 0:03:52.737031
13:10 bilby INFO    : Summary of results:
nsamples: 278
ln_noise_evidence:  0.000
ln_evidence: -32.969 +/-  0.186
ln_bayes_factor: -32.969 +/-  0.186

13:10 bilby INFO    : Writing samples file to /home/stu_jamsin/jamsin/grid_lc12_2/12/minus8/minus8_12_posterior_samples.dat
/home/stu_jamsin/.conda/envs/nmma_env/lib/python3.10/site-packages/bokeh/core/property/primitive.py:37: DeprecationWarning: `np.bool8` is a deprecated alias for `np.bool_`.  (Deprecated NumPy 1.24)
  bokeh_bool_types += (np.bool8,)
/home/stu_jamsin/.conda/envs/nmma_env/lib/python3.10/site-packages/matplotlib/_fontconfig_pattern.py:88: PyparsingDeprecationWarning: 'parseString' deprecated - use 'parse_string'
  parse = parser.parseString(pattern)
/home/stu_jamsin/.conda/envs/nmma_env/lib/python3.10/site-packages/matplotlib/_fontconfig_pattern.py:92: PyparsingDeprecationWarning: 'resetCache' deprecated - use 'reset_cache'
  parser.resetCache()
/home/stu_jamsin/.conda/envs/nmma_env/lib/python3.10/site-packages/matplotlib/_mathtext.py:1832: PyparsingDeprecationWarning: 'oneOf' deprecated - use 'one_of'
  p.space          = oneOf(self._space_widths)("space")
/home/stu_jamsin/.conda/envs/nmma_env/lib/python3.10/site-packages/matplotlib/_mathtext.py:1842: PyparsingDeprecationWarning: 'leaveWhitespace' deprecated - use 'leave_whitespace'
  )("sym").leaveWhitespace()
/home/stu_jamsin/.conda/envs/nmma_env/lib/python3.10/site-packages/matplotlib/_mathtext.py:1809: PyparsingDeprecationWarning: 'setName' deprecated - use 'set_name'
  val.setName(key)
/home/stu_jamsin/.conda/envs/nmma_env/lib/python3.10/site-packages/matplotlib/_mathtext.py:1812: PyparsingDeprecationWarning: 'setParseAction' deprecated - use 'set_parse_action'
  val.setParseAction(getattr(self, key))
/home/stu_jamsin/.conda/envs/nmma_env/lib/python3.10/site-packages/matplotlib/_mathtext.py:1944: PyparsingDeprecationWarning: 'unquoteResults' argument is deprecated, use 'unquote_results'
  p.math_string   = QuotedString('$', '\\', unquoteResults=False)
/home/stu_jamsin/.conda/envs/nmma_env/lib/python3.10/site-packages/matplotlib/_mathtext.py:1968: PyparsingDeprecationWarning: 'parseString' deprecated - use 'parse_string'
  result = self._expression.parseString(s)
/home/stu_jamsin/.conda/envs/nmma_env/lib/python3.10/site-packages/matplotlib/_mathtext.py:1976: PyparsingDeprecationWarning: 'resetCache' deprecated - use 'reset_cache'
  self._expression.resetCache()
/home/stu_jamsin/.conda/envs/nmma_env/lib/python3.10/site-packages/matplotlib/axes/_base.py:2503: UserWarning: Warning: converting a masked element to nan.
  xys = np.asarray(xys)
/home/stu_jamsin/.conda/envs/nmma_env/lib/python3.10/site-packages/matplotlib/_mathtext.py:1968: PyparsingDeprecationWarning: 'parseString' deprecated - use 'parse_string'
  result = self._expression.parseString(s)
/home/stu_jamsin/.conda/envs/nmma_env/lib/python3.10/site-packages/matplotlib/_mathtext.py:1976: PyparsingDeprecationWarning: 'resetCache' deprecated - use 'reset_cache'
  self._expression.resetCache()
WARNING:root:Pandas support in corner is deprecated; use ArviZ directly
