03:56 INFO    : Running for label '65', output will be saved to '/home/stu_jamsin/jamsin/condor_synth_large/65'
03:56 INFO    : Analysis priors:
03:56 INFO    : luminosity_distance=Uniform(minimum=0.0, maximum=500.0, name='luminosity_distance', latex_label='$D_L$', unit=None, boundary=None)
03:56 INFO    : KNphi=Uniform(minimum=15.0, maximum=75.0, name='KNphi', latex_label='$\\Phi$', unit=None, boundary=None)
03:56 INFO    : KNtheta=Uniform(minimum=0.0, maximum=90.0, name='KNtheta', latex_label='$\\Phi$', unit=None, boundary=None)
03:56 INFO    : inclination_EM=Sine(minimum=0.0, maximum=1.5707963267948966, name='inclination_EM', latex_label='$\\iota$', unit=None, boundary=None)
03:56 INFO    : timeshift=Uniform(minimum=-2.0, maximum=0.0, name='timeshift', latex_label='$t_0$', unit=None, boundary=None)
03:56 INFO    : log10_mej_dyn=Uniform(minimum=-3.0, maximum=-1.0, name='log10_mej_dyn', latex_label='$\\log_{10}M^{\\rm{dyn}}_{\\rm{ej}}$', unit=None, boundary=None)
03:56 INFO    : log10_mej_wind=Uniform(minimum=-3.0, maximum=-0.5, name='log10_mej_wind', latex_label='$\\log_{10}M^{\\rm{wind}}_{\\rm{ej}}$', unit=None, boundary=None)
03:56 INFO    : Ebv=0.0
03:56 INFO    : Analysis likelihood class: <class 'nmma.em.likelihood.OpticalLightCurve'>
03:56 INFO    : Analysis likelihood noise evidence: 0.0
03:56 INFO    : Single likelihood evaluation took 3.051e-01 s
03:56 WARNING : Supplied argument 'queue_size' not an argument of 'Pymultinest', removing.
03:56 WARNING : Supplied argument 'check_point_delta_t' not an argument of 'Pymultinest', removing.
03:56 INFO    : Using sampler Pymultinest with kwargs {'importance_nested_sampling': False, 'resume': True, 'verbose': True, 'sampling_efficiency': 'parameter', 'n_live_points': 2048, 'n_params': 7, 'n_clustering_params': None, 'wrapped_params': None, 'multimodal': True, 'const_efficiency_mode': False, 'evidence_tolerance': 0.5, 'n_iter_before_update': 100, 'null_log_evidence': -1e+90, 'max_modes': 100, 'mode_tolerance': -1e+90, 'seed': 42, 'context': 0, 'write_output': True, 'log_zero': -1e+100, 'max_iter': 0, 'init_MPI': False, 'dump_callback': <bound method Pymultinest._dump_callback of <bilby.core.sampler.pymultinest.Pymultinest object at 0xb8b9c6f1720>>}
03:56 INFO    : Global meta data was removed from the result object for compatibility. Use the `BILBY_INCLUDE_GLOBAL_METADATA` environment variable to include it. This behaviour will be removed in a future release. For more details see: https://bilby-dev.github.io/bilby/faq.html#global-meta-data
03:56 INFO    : Using temporary file /tmp/tmp7zc9bt3h
04:13 INFO    : Overwriting /home/stu_jamsin/jamsin/condor_synth_large/65/pm_65/ with /tmp/tmp7zc9bt3h/
04:20 INFO    : Overwriting /home/stu_jamsin/jamsin/condor_synth_large/65/pm_65/ with /tmp/tmp7zc9bt3h/
04:28 INFO    : Overwriting /home/stu_jamsin/jamsin/condor_synth_large/65/pm_65/ with /tmp/tmp7zc9bt3h/
04:36 INFO    : Overwriting /home/stu_jamsin/jamsin/condor_synth_large/65/pm_65/ with /tmp/tmp7zc9bt3h/
04:44 INFO    : Overwriting /home/stu_jamsin/jamsin/condor_synth_large/65/pm_65/ with /tmp/tmp7zc9bt3h/
04:51 INFO    : Overwriting /home/stu_jamsin/jamsin/condor_synth_large/65/pm_65/ with /tmp/tmp7zc9bt3h/
04:58 INFO    : Overwriting /home/stu_jamsin/jamsin/condor_synth_large/65/pm_65/ with /tmp/tmp7zc9bt3h/
05:03 INFO    : Overwriting /home/stu_jamsin/jamsin/condor_synth_large/65/pm_65/ with /tmp/tmp7zc9bt3h/
05:08 INFO    : Overwriting /home/stu_jamsin/jamsin/condor_synth_large/65/pm_65/ with /tmp/tmp7zc9bt3h/
05:13 INFO    : Overwriting /home/stu_jamsin/jamsin/condor_synth_large/65/pm_65/ with /tmp/tmp7zc9bt3h/
05:16 INFO    : Overwriting /home/stu_jamsin/jamsin/condor_synth_large/65/pm_65/ with /tmp/tmp7zc9bt3h/
05:20 INFO    : Overwriting /home/stu_jamsin/jamsin/condor_synth_large/65/pm_65/ with /tmp/tmp7zc9bt3h/
05:24 INFO    : Overwriting /home/stu_jamsin/jamsin/condor_synth_large/65/pm_65/ with /tmp/tmp7zc9bt3h/
05:27 INFO    : Overwriting /home/stu_jamsin/jamsin/condor_synth_large/65/pm_65/ with /tmp/tmp7zc9bt3h/
05:30 INFO    : Overwriting /home/stu_jamsin/jamsin/condor_synth_large/65/pm_65/ with /tmp/tmp7zc9bt3h/
05:34 INFO    : Overwriting /home/stu_jamsin/jamsin/condor_synth_large/65/pm_65/ with /tmp/tmp7zc9bt3h/
05:37 INFO    : Overwriting /home/stu_jamsin/jamsin/condor_synth_large/65/pm_65/ with /tmp/tmp7zc9bt3h/
05:41 INFO    : Overwriting /home/stu_jamsin/jamsin/condor_synth_large/65/pm_65/ with /tmp/tmp7zc9bt3h/
05:44 INFO    : Overwriting /home/stu_jamsin/jamsin/condor_synth_large/65/pm_65/ with /tmp/tmp7zc9bt3h/
05:48 INFO    : Overwriting /home/stu_jamsin/jamsin/condor_synth_large/65/pm_65/ with /tmp/tmp7zc9bt3h/
05:51 INFO    : Overwriting /home/stu_jamsin/jamsin/condor_synth_large/65/pm_65/ with /tmp/tmp7zc9bt3h/
05:54 INFO    : Overwriting /home/stu_jamsin/jamsin/condor_synth_large/65/pm_65/ with /tmp/tmp7zc9bt3h/
05:57 INFO    : Overwriting /home/stu_jamsin/jamsin/condor_synth_large/65/pm_65/ with /tmp/tmp7zc9bt3h/
06:00 INFO    : Overwriting /home/stu_jamsin/jamsin/condor_synth_large/65/pm_65/ with /tmp/tmp7zc9bt3h/
06:00 INFO    : Overwriting /home/stu_jamsin/jamsin/condor_synth_large/65/pm_65/ with /tmp/tmp7zc9bt3h/
06:00 INFO    : Overwriting /home/stu_jamsin/jamsin/condor_synth_large/65/pm_65/ with /tmp/tmp7zc9bt3h/
06:00 INFO    : Sampling time: 2:03:24.008386
06:00 INFO    : Summary of results:
nsamples: 11403
ln_noise_evidence:  0.000
ln_evidence: -45.222 +/-  0.063
ln_bayes_factor: -45.222 +/-  0.063

06:00 INFO    : Writing samples file to /home/stu_jamsin/jamsin/condor_synth_large/65/65_posterior_samples.dat
