18:08 INFO    : Running for label 'minus4_1', output will be saved to '/home/stu_jamsin/memoir_grid/bu19_copy/1/minus4'
18:08 INFO    : Analysis priors:
18:08 INFO    : timeshift=Uniform(minimum=-8.0, maximum=0.0, name='trigger_time', latex_label='$t_0$', unit=None, boundary=None)
18:08 INFO    : KNphi=Uniform(minimum=15.0, maximum=75.0, name='KNphi', latex_label='$\\Phi$', unit=None, boundary=None)
18:08 INFO    : inclination_EM=Uniform(minimum=0.0, maximum=1.5707963267948966, name='inclination_EM', latex_label='$\\iota$', unit=None, boundary=None)
18:08 INFO    : log10_mej_dyn=Uniform(minimum=-3.0, maximum=-1.69, name='log10_mej_dyn', latex_label='$\\log_{10}M^{\\rm{dyn}}_{\\rm{ej}}$', unit=None, boundary=None)
18:08 INFO    : log10_mej_wind=Uniform(minimum=-2.0, maximum=-0.89, name='log10_mej_wind', latex_label='$\\log_{10}M^{\\rm{wind}}_{\\rm{ej}}$', unit=None, boundary=None)
18:08 INFO    : em_syserr=Uniform(minimum=0.3, maximum=3, name='em_syserr', latex_label='$\\sigma^{\\rm{err}}_{\\rm{ej}}$', unit=None, boundary=None)
18:08 INFO    : luminosity_distance=Uniform(minimum=10, maximum=200, name='luminosity_distance', latex_label='$D_L$', unit=None, boundary=None)
18:08 INFO    : Ebv=0.0
18:08 INFO    : Analysis likelihood class: <class 'nmma.em.em_likelihood.EMTransientLikelihood'>
18:08 INFO    : Analysis likelihood noise evidence: 0.0
18:08 INFO    : Single likelihood evaluation took 1.740e-02 s
18:08 WARNING : Supplied argument 'queue_size' not an argument of 'Pymultinest', removing.
18:08 WARNING : Supplied argument 'check_point_delta_t' not an argument of 'Pymultinest', removing.
18:08 INFO    : Using sampler Pymultinest with kwargs {'importance_nested_sampling': False, 'resume': True, 'verbose': True, 'sampling_efficiency': 'parameter', 'n_live_points': 512, 'n_params': 7, 'n_clustering_params': None, 'wrapped_params': None, 'multimodal': True, 'const_efficiency_mode': False, 'evidence_tolerance': 0.5, 'n_iter_before_update': 100, 'null_log_evidence': -1e+90, 'max_modes': 100, 'mode_tolerance': -1e+90, 'seed': 42, 'context': 0, 'write_output': True, 'log_zero': -1e+100, 'max_iter': 0, 'init_MPI': False, 'dump_callback': <bound method Pymultinest._dump_callback of <bilby.core.sampler.pymultinest.Pymultinest object at 0xa37ce6ed280>>}
18:08 INFO    : Global meta data was removed from the result object for compatibility. Use the `BILBY_INCLUDE_GLOBAL_METADATA` environment variable to include it. This behaviour will be removed in a future release. For more details see: https://bilby-dev.github.io/bilby/faq.html#global-meta-data
18:08 INFO    : Using temporary file /tmp/tmp2fpppp8s
18:08 INFO    : Overwriting /home/stu_jamsin/memoir_grid/bu19_copy/1/minus4/pm_minus4_1/ with /tmp/tmp2fpppp8s/
18:09 INFO    : Overwriting /home/stu_jamsin/memoir_grid/bu19_copy/1/minus4/pm_minus4_1/ with /tmp/tmp2fpppp8s/
18:10 INFO    : Overwriting /home/stu_jamsin/memoir_grid/bu19_copy/1/minus4/pm_minus4_1/ with /tmp/tmp2fpppp8s/
18:10 INFO    : Overwriting /home/stu_jamsin/memoir_grid/bu19_copy/1/minus4/pm_minus4_1/ with /tmp/tmp2fpppp8s/
18:10 INFO    : Overwriting /home/stu_jamsin/memoir_grid/bu19_copy/1/minus4/pm_minus4_1/ with /tmp/tmp2fpppp8s/
18:10 INFO    : Overwriting /home/stu_jamsin/memoir_grid/bu19_copy/1/minus4/pm_minus4_1/ with /tmp/tmp2fpppp8s/
18:10 INFO    : Overwriting /home/stu_jamsin/memoir_grid/bu19_copy/1/minus4/pm_minus4_1/ with /tmp/tmp2fpppp8s/
18:10 INFO    : Sampling time: 0:02:24.018379
18:10 INFO    : Summary of results:
nsamples: 3699
ln_noise_evidence:  0.000
ln_evidence: -8.314 +/-  0.084
ln_bayes_factor: -8.314 +/-  0.084

18:10 INFO    : No extension given, defaulting to JSON.
18:10 INFO    : Writing samples file to /home/stu_jamsin/memoir_grid/bu19_copy/1/minus4/minus4_1_posterior_samples.dat
22:12 INFO    : Running for label 'minus4_1', output will be saved to '/home/stu_jamsin/memoir_grid/bu19_copy/1/minus4'
22:12 INFO    : Analysis priors:
22:12 INFO    : timeshift=Uniform(minimum=-8.0, maximum=0.0, name='trigger_time', latex_label='$t_0$', unit=None, boundary=None)
22:12 INFO    : KNphi=Uniform(minimum=15.0, maximum=75.0, name='KNphi', latex_label='$\\Phi$', unit=None, boundary=None)
22:12 INFO    : inclination_EM=Uniform(minimum=0.0, maximum=1.5707963267948966, name='inclination_EM', latex_label='$\\iota$', unit=None, boundary=None)
22:12 INFO    : log10_mej_dyn=Uniform(minimum=-3.0, maximum=-1.69, name='log10_mej_dyn', latex_label='$\\log_{10}M^{\\rm{dyn}}_{\\rm{ej}}$', unit=None, boundary=None)
22:12 INFO    : log10_mej_wind=Uniform(minimum=-2.0, maximum=-0.89, name='log10_mej_wind', latex_label='$\\log_{10}M^{\\rm{wind}}_{\\rm{ej}}$', unit=None, boundary=None)
22:12 INFO    : em_syserr=Uniform(minimum=0.3, maximum=3, name='em_syserr', latex_label='$\\sigma^{\\rm{err}}_{\\rm{ej}}$', unit=None, boundary=None)
22:12 INFO    : luminosity_distance=Uniform(minimum=10, maximum=200, name='luminosity_distance', latex_label='$D_L$', unit=None, boundary=None)
22:12 INFO    : Ebv=0.0
22:12 INFO    : Analysis likelihood class: <class 'nmma.em.em_likelihood.EMTransientLikelihood'>
22:12 INFO    : Analysis likelihood noise evidence: 0.0
22:12 INFO    : Single likelihood evaluation took 1.312e-02 s
22:12 WARNING : Supplied argument 'queue_size' not an argument of 'Pymultinest', removing.
22:12 WARNING : Supplied argument 'check_point_delta_t' not an argument of 'Pymultinest', removing.
22:12 INFO    : Global meta data was removed from the result object for compatibility. Use the `BILBY_INCLUDE_GLOBAL_METADATA` environment variable to include it. This behaviour will be removed in a future release. For more details see: https://bilby-dev.github.io/bilby/faq.html#global-meta-data
22:12 WARNING : Using cached result
22:12 INFO    : Summary of results:
nsamples: 3699
ln_noise_evidence:  0.000
ln_evidence: -8.314 +/-  0.084
ln_bayes_factor: -8.314 +/-  0.084

22:12 INFO    : No extension given, defaulting to JSON.
22:12 INFO    : Writing samples file to /home/stu_jamsin/memoir_grid/bu19_copy/1/minus4/minus4_1_posterior_samples.dat
