16:50 INFO    : Running for label 'minus0_18', output will be saved to '/home/stu_jamsin/jamsin/grid_4_perday/18/minus0'
16:50 INFO    : Analysis priors:
16:50 INFO    : luminosity_distance=Uniform(minimum=0.0, maximum=200.0, name='luminosity_distance', latex_label='$D_L$', unit=None, boundary=None)
16:50 INFO    : KNphi=Uniform(minimum=15.0, maximum=75.0, name='KNphi', latex_label='$\\Phi$', unit=None, boundary=None)
16:50 INFO    : KNtheta=Uniform(minimum=0.0, maximum=90.0, name='KNtheta', latex_label='$\\Theta$', unit=None, boundary=None)
16:50 INFO    : inclination_EM=Sine(minimum=0.0, maximum=1.5707963267948966, name='inclination_EM', latex_label='$\\iota$', unit=None, boundary=None)
16:50 INFO    : timeshift=Uniform(minimum=-2.0, maximum=0.0, name='timeshift', latex_label='$t_0$', unit=None, boundary=None)
16:50 INFO    : log10_mej_dyn=Uniform(minimum=-3.0, maximum=-1.0, name='log10_mej_dyn', latex_label='$\\log_{10}M^{\\rm{dyn}}_{\\rm{ej}}$', unit=None, boundary=None)
16:50 INFO    : log10_mej_wind=Uniform(minimum=-3.0, maximum=-0.5, name='log10_mej_wind', latex_label='$\\log_{10}M^{\\rm{wind}}_{\\rm{ej}}$', unit=None, boundary=None)
16:50 INFO    : Ebv=0.0
16:50 INFO    : Analysis likelihood class: <class 'nmma.em.likelihood.OpticalLightCurve'>
16:50 INFO    : Analysis likelihood noise evidence: 0.0
16:51 INFO    : Single likelihood evaluation took 1.450e-01 s
16:51 WARNING : Supplied argument 'queue_size' not an argument of 'Pymultinest', removing.
16:51 WARNING : Supplied argument 'check_point_delta_t' not an argument of 'Pymultinest', removing.
16:51 INFO    : Using sampler Pymultinest with kwargs {'importance_nested_sampling': False, 'resume': True, 'verbose': True, 'sampling_efficiency': 'parameter', 'n_live_points': 256, 'n_params': 7, 'n_clustering_params': None, 'wrapped_params': None, 'multimodal': True, 'const_efficiency_mode': False, 'evidence_tolerance': 0.5, 'n_iter_before_update': 100, 'null_log_evidence': -1e+90, 'max_modes': 100, 'mode_tolerance': -1e+90, 'seed': 42, 'context': 0, 'write_output': True, 'log_zero': -1e+100, 'max_iter': 0, 'init_MPI': False, 'dump_callback': <bound method Pymultinest._dump_callback of <bilby.core.sampler.pymultinest.Pymultinest object at 0xe2d96dd54e0>>}
16:51 INFO    : Global meta data was removed from the result object for compatibility. Use the `BILBY_INCLUDE_GLOBAL_METADATA` environment variable to include it. This behaviour will be removed in a future release. For more details see: https://bilby-dev.github.io/bilby/faq.html#global-meta-data
16:51 INFO    : Using temporary file /tmp/tmpt_01wkl3
16:55 INFO    : Overwriting /home/stu_jamsin/jamsin/grid_4_perday/18/minus0/pm_minus0_18/ with /tmp/tmpt_01wkl3/
17:01 INFO    : Overwriting /home/stu_jamsin/jamsin/grid_4_perday/18/minus0/pm_minus0_18/ with /tmp/tmpt_01wkl3/
17:07 INFO    : Overwriting /home/stu_jamsin/jamsin/grid_4_perday/18/minus0/pm_minus0_18/ with /tmp/tmpt_01wkl3/
17:15 INFO    : Overwriting /home/stu_jamsin/jamsin/grid_4_perday/18/minus0/pm_minus0_18/ with /tmp/tmpt_01wkl3/
17:20 INFO    : Overwriting /home/stu_jamsin/jamsin/grid_4_perday/18/minus0/pm_minus0_18/ with /tmp/tmpt_01wkl3/
17:20 INFO    : Overwriting /home/stu_jamsin/jamsin/grid_4_perday/18/minus0/pm_minus0_18/ with /tmp/tmpt_01wkl3/
17:20 INFO    : Overwriting /home/stu_jamsin/jamsin/grid_4_perday/18/minus0/pm_minus0_18/ with /tmp/tmpt_01wkl3/
17:20 INFO    : Sampling time: 0:29:18.422498
17:20 INFO    : Summary of results:
nsamples: 1368
ln_noise_evidence:  0.000
ln_evidence: -88.076 +/-  0.238
ln_bayes_factor: -88.076 +/-  0.238

17:20 INFO    : Writing samples file to /home/stu_jamsin/jamsin/grid_4_perday/18/minus0/minus0_18_posterior_samples.dat
