23:29 INFO    : Running for label 'inj_5', output will be saved to '/home/liteul/memoir_code/condor_nlive2048/inj_5'
23:29 INFO    : Analysis priors:
23:29 INFO    : luminosity_distance=Uniform(minimum=0.0, maximum=500.0, name='luminosity_distance', latex_label='$D_L$', unit=None, boundary=None)
23:29 INFO    : KNphi=Uniform(minimum=15.0, maximum=75.0, name='KNphi', latex_label='$\\Phi$', unit=None, boundary=None)
23:29 INFO    : KNtheta=Uniform(minimum=0.0, maximum=90.0, name='KNtheta', latex_label='$\\Phi$', unit=None, boundary=None)
23:29 INFO    : inclination_EM=Sine(minimum=0.0, maximum=1.5707963267948966, name='inclination_EM', latex_label='$\\iota$', unit=None, boundary=None)
23:29 INFO    : timeshift=Uniform(minimum=-2.0, maximum=0.0, name='timeshift', latex_label='$t_0$', unit=None, boundary=None)
23:29 INFO    : log10_mej_dyn=Uniform(minimum=-3.0, maximum=-1.0, name='log10_mej_dyn', latex_label='$\\log_{10}M^{\\rm{dyn}}_{\\rm{ej}}$', unit=None, boundary=None)
23:29 INFO    : log10_mej_wind=Uniform(minimum=-3.0, maximum=-0.5, name='log10_mej_wind', latex_label='$\\log_{10}M^{\\rm{wind}}_{\\rm{ej}}$', unit=None, boundary=None)
23:29 INFO    : Ebv=0.0
23:29 INFO    : Analysis likelihood class: <class 'nmma.em.likelihood.OpticalLightCurve'>
23:29 INFO    : Analysis likelihood noise evidence: 0.0
23:30 INFO    : Single likelihood evaluation took 1.060e-01 s
23:30 WARNING : Supplied argument 'queue_size' not an argument of 'Pymultinest', removing.
23:30 WARNING : Supplied argument 'check_point_delta_t' not an argument of 'Pymultinest', removing.
23:30 INFO    : Using sampler Pymultinest with kwargs {'importance_nested_sampling': False, 'resume': True, 'verbose': True, 'sampling_efficiency': 'parameter', 'n_live_points': 2048, 'n_params': 7, 'n_clustering_params': None, 'wrapped_params': None, 'multimodal': True, 'const_efficiency_mode': False, 'evidence_tolerance': 0.5, 'n_iter_before_update': 100, 'null_log_evidence': -1e+90, 'max_modes': 100, 'mode_tolerance': -1e+90, 'seed': 42, 'context': 0, 'write_output': True, 'log_zero': -1e+100, 'max_iter': 0, 'init_MPI': False, 'dump_callback': <bound method Pymultinest._dump_callback of <bilby.core.sampler.pymultinest.Pymultinest object at 0x10e7e20bb430>>}
23:30 INFO    : Global meta data was removed from the result object for compatibility. Use the `BILBY_INCLUDE_GLOBAL_METADATA` environment variable to include it. This behaviour will be removed in a future release. For more details see: https://bilby-dev.github.io/bilby/faq.html#global-meta-data
23:30 INFO    : Using temporary file /tmp/tmpu1d6gpqp
23:35 INFO    : Overwriting /home/liteul/memoir_code/condor_nlive2048/inj_5/pm_inj_5/ with /tmp/tmpu1d6gpqp/
23:38 INFO    : Overwriting /home/liteul/memoir_code/condor_nlive2048/inj_5/pm_inj_5/ with /tmp/tmpu1d6gpqp/
23:42 INFO    : Overwriting /home/liteul/memoir_code/condor_nlive2048/inj_5/pm_inj_5/ with /tmp/tmpu1d6gpqp/
23:58 INFO    : Running for label 'inj_5', output will be saved to '/home/liteul/memoir_code/condor_nlive2048/inj_5'
23:58 INFO    : Analysis priors:
23:58 INFO    : luminosity_distance=Uniform(minimum=0.0, maximum=500.0, name='luminosity_distance', latex_label='$D_L$', unit=None, boundary=None)
23:58 INFO    : KNphi=Uniform(minimum=15.0, maximum=75.0, name='KNphi', latex_label='$\\Phi$', unit=None, boundary=None)
23:58 INFO    : KNtheta=Uniform(minimum=0.0, maximum=90.0, name='KNtheta', latex_label='$\\Phi$', unit=None, boundary=None)
23:58 INFO    : inclination_EM=Sine(minimum=0.0, maximum=1.5707963267948966, name='inclination_EM', latex_label='$\\iota$', unit=None, boundary=None)
23:58 INFO    : timeshift=Uniform(minimum=-2.0, maximum=0.0, name='timeshift', latex_label='$t_0$', unit=None, boundary=None)
23:58 INFO    : log10_mej_dyn=Uniform(minimum=-3.0, maximum=-1.0, name='log10_mej_dyn', latex_label='$\\log_{10}M^{\\rm{dyn}}_{\\rm{ej}}$', unit=None, boundary=None)
23:58 INFO    : log10_mej_wind=Uniform(minimum=-3.0, maximum=-0.5, name='log10_mej_wind', latex_label='$\\log_{10}M^{\\rm{wind}}_{\\rm{ej}}$', unit=None, boundary=None)
23:58 INFO    : Ebv=0.0
23:58 INFO    : Analysis likelihood class: <class 'nmma.em.likelihood.OpticalLightCurve'>
23:58 INFO    : Analysis likelihood noise evidence: 0.0
23:58 INFO    : Single likelihood evaluation took 1.092e-01 s
23:58 WARNING : Supplied argument 'queue_size' not an argument of 'Pymultinest', removing.
23:58 WARNING : Supplied argument 'check_point_delta_t' not an argument of 'Pymultinest', removing.
23:58 INFO    : Using sampler Pymultinest with kwargs {'importance_nested_sampling': False, 'resume': True, 'verbose': True, 'sampling_efficiency': 'parameter', 'n_live_points': 2048, 'n_params': 7, 'n_clustering_params': None, 'wrapped_params': None, 'multimodal': True, 'const_efficiency_mode': False, 'evidence_tolerance': 0.5, 'n_iter_before_update': 100, 'null_log_evidence': -1e+90, 'max_modes': 100, 'mode_tolerance': -1e+90, 'seed': 42, 'context': 0, 'write_output': True, 'log_zero': -1e+100, 'max_iter': 0, 'init_MPI': False, 'dump_callback': <bound method Pymultinest._dump_callback of <bilby.core.sampler.pymultinest.Pymultinest object at 0x8bbf9378970>>}
23:58 INFO    : Global meta data was removed from the result object for compatibility. Use the `BILBY_INCLUDE_GLOBAL_METADATA` environment variable to include it. This behaviour will be removed in a future release. For more details see: https://bilby-dev.github.io/bilby/faq.html#global-meta-data
23:58 INFO    : Using temporary file /tmp/tmp0vyld35p
00:01 INFO    : Overwriting /home/liteul/memoir_code/condor_nlive2048/inj_5/pm_inj_5/ with /tmp/tmp0vyld35p/
00:05 INFO    : Overwriting /home/liteul/memoir_code/condor_nlive2048/inj_5/pm_inj_5/ with /tmp/tmp0vyld35p/
00:08 INFO    : Overwriting /home/liteul/memoir_code/condor_nlive2048/inj_5/pm_inj_5/ with /tmp/tmp0vyld35p/
00:12 INFO    : Overwriting /home/liteul/memoir_code/condor_nlive2048/inj_5/pm_inj_5/ with /tmp/tmp0vyld35p/
00:16 INFO    : Overwriting /home/liteul/memoir_code/condor_nlive2048/inj_5/pm_inj_5/ with /tmp/tmp0vyld35p/
00:19 INFO    : Overwriting /home/liteul/memoir_code/condor_nlive2048/inj_5/pm_inj_5/ with /tmp/tmp0vyld35p/
00:23 INFO    : Overwriting /home/liteul/memoir_code/condor_nlive2048/inj_5/pm_inj_5/ with /tmp/tmp0vyld35p/
00:27 INFO    : Overwriting /home/liteul/memoir_code/condor_nlive2048/inj_5/pm_inj_5/ with /tmp/tmp0vyld35p/
00:31 INFO    : Overwriting /home/liteul/memoir_code/condor_nlive2048/inj_5/pm_inj_5/ with /tmp/tmp0vyld35p/
00:35 INFO    : Overwriting /home/liteul/memoir_code/condor_nlive2048/inj_5/pm_inj_5/ with /tmp/tmp0vyld35p/
00:39 INFO    : Overwriting /home/liteul/memoir_code/condor_nlive2048/inj_5/pm_inj_5/ with /tmp/tmp0vyld35p/
00:43 INFO    : Overwriting /home/liteul/memoir_code/condor_nlive2048/inj_5/pm_inj_5/ with /tmp/tmp0vyld35p/
00:48 INFO    : Overwriting /home/liteul/memoir_code/condor_nlive2048/inj_5/pm_inj_5/ with /tmp/tmp0vyld35p/
00:52 INFO    : Overwriting /home/liteul/memoir_code/condor_nlive2048/inj_5/pm_inj_5/ with /tmp/tmp0vyld35p/
00:57 INFO    : Overwriting /home/liteul/memoir_code/condor_nlive2048/inj_5/pm_inj_5/ with /tmp/tmp0vyld35p/
01:02 INFO    : Overwriting /home/liteul/memoir_code/condor_nlive2048/inj_5/pm_inj_5/ with /tmp/tmp0vyld35p/
01:07 INFO    : Overwriting /home/liteul/memoir_code/condor_nlive2048/inj_5/pm_inj_5/ with /tmp/tmp0vyld35p/
01:12 INFO    : Overwriting /home/liteul/memoir_code/condor_nlive2048/inj_5/pm_inj_5/ with /tmp/tmp0vyld35p/
01:17 INFO    : Overwriting /home/liteul/memoir_code/condor_nlive2048/inj_5/pm_inj_5/ with /tmp/tmp0vyld35p/
01:22 INFO    : Overwriting /home/liteul/memoir_code/condor_nlive2048/inj_5/pm_inj_5/ with /tmp/tmp0vyld35p/
01:28 INFO    : Overwriting /home/liteul/memoir_code/condor_nlive2048/inj_5/pm_inj_5/ with /tmp/tmp0vyld35p/
01:34 INFO    : Overwriting /home/liteul/memoir_code/condor_nlive2048/inj_5/pm_inj_5/ with /tmp/tmp0vyld35p/
01:39 INFO    : Overwriting /home/liteul/memoir_code/condor_nlive2048/inj_5/pm_inj_5/ with /tmp/tmp0vyld35p/
01:45 INFO    : Overwriting /home/liteul/memoir_code/condor_nlive2048/inj_5/pm_inj_5/ with /tmp/tmp0vyld35p/
01:52 INFO    : Overwriting /home/liteul/memoir_code/condor_nlive2048/inj_5/pm_inj_5/ with /tmp/tmp0vyld35p/
01:58 INFO    : Overwriting /home/liteul/memoir_code/condor_nlive2048/inj_5/pm_inj_5/ with /tmp/tmp0vyld35p/
02:05 INFO    : Overwriting /home/liteul/memoir_code/condor_nlive2048/inj_5/pm_inj_5/ with /tmp/tmp0vyld35p/
02:11 INFO    : Overwriting /home/liteul/memoir_code/condor_nlive2048/inj_5/pm_inj_5/ with /tmp/tmp0vyld35p/
02:18 INFO    : Overwriting /home/liteul/memoir_code/condor_nlive2048/inj_5/pm_inj_5/ with /tmp/tmp0vyld35p/
02:24 INFO    : Overwriting /home/liteul/memoir_code/condor_nlive2048/inj_5/pm_inj_5/ with /tmp/tmp0vyld35p/
02:24 INFO    : Overwriting /home/liteul/memoir_code/condor_nlive2048/inj_5/pm_inj_5/ with /tmp/tmp0vyld35p/
02:24 INFO    : Overwriting /home/liteul/memoir_code/condor_nlive2048/inj_5/pm_inj_5/ with /tmp/tmp0vyld35p/
02:24 INFO    : Sampling time: 2:35:02.105115
02:24 INFO    : Summary of results:
nsamples: 11021
ln_noise_evidence:  0.000
ln_evidence: -306.700 +/-  0.079
ln_bayes_factor: -306.700 +/-  0.079

02:24 INFO    : Writing samples file to /home/liteul/memoir_code/condor_nlive2048/inj_5/inj_5_posterior_samples.dat
11:46 INFO    : Running for label 'inj_5', output will be saved to '/home/liteul/memoir_code/condor_nlive2048/inj_5'
11:46 INFO    : Analysis priors:
11:46 INFO    : luminosity_distance=Uniform(minimum=0.0, maximum=500.0, name='luminosity_distance', latex_label='$D_L$', unit=None, boundary=None)
11:46 INFO    : KNphi=Uniform(minimum=15.0, maximum=75.0, name='KNphi', latex_label='$\\Phi$', unit=None, boundary=None)
11:46 INFO    : KNtheta=Uniform(minimum=0.0, maximum=90.0, name='KNtheta', latex_label='$\\Phi$', unit=None, boundary=None)
11:46 INFO    : inclination_EM=Sine(minimum=0.0, maximum=1.5707963267948966, name='inclination_EM', latex_label='$\\iota$', unit=None, boundary=None)
11:46 INFO    : timeshift=Uniform(minimum=-2.0, maximum=0.0, name='timeshift', latex_label='$t_0$', unit=None, boundary=None)
11:46 INFO    : log10_mej_dyn=Uniform(minimum=-3.0, maximum=-1.0, name='log10_mej_dyn', latex_label='$\\log_{10}M^{\\rm{dyn}}_{\\rm{ej}}$', unit=None, boundary=None)
11:46 INFO    : log10_mej_wind=Uniform(minimum=-3.0, maximum=-0.5, name='log10_mej_wind', latex_label='$\\log_{10}M^{\\rm{wind}}_{\\rm{ej}}$', unit=None, boundary=None)
11:46 INFO    : Ebv=0.0
11:46 INFO    : Analysis likelihood class: <class 'nmma.em.likelihood.OpticalLightCurve'>
11:46 INFO    : Analysis likelihood noise evidence: 0.0
11:47 INFO    : Single likelihood evaluation took 7.175e-02 s
11:47 WARNING : Supplied argument 'queue_size' not an argument of 'Pymultinest', removing.
11:47 WARNING : Supplied argument 'check_point_delta_t' not an argument of 'Pymultinest', removing.
11:47 INFO    : Global meta data was removed from the result object for compatibility. Use the `BILBY_INCLUDE_GLOBAL_METADATA` environment variable to include it. This behaviour will be removed in a future release. For more details see: https://bilby-dev.github.io/bilby/faq.html#global-meta-data
11:47 WARNING : Using cached result
11:47 INFO    : Summary of results:
nsamples: 11021
ln_noise_evidence:  0.000
ln_evidence: -306.700 +/-  0.079
ln_bayes_factor: -306.700 +/-  0.079

11:47 INFO    : Writing samples file to /home/liteul/memoir_code/condor_nlive2048/inj_5/inj_5_posterior_samples.dat
13:11 INFO    : Running for label 'inj_5', output will be saved to '/home/liteul/memoir_code/condor_nlive2048/inj_5'
13:11 INFO    : Analysis priors:
13:11 INFO    : luminosity_distance=Uniform(minimum=0.0, maximum=500.0, name='luminosity_distance', latex_label='$D_L$', unit=None, boundary=None)
13:11 INFO    : KNphi=Uniform(minimum=15.0, maximum=75.0, name='KNphi', latex_label='$\\Phi$', unit=None, boundary=None)
13:11 INFO    : KNtheta=Uniform(minimum=0.0, maximum=90.0, name='KNtheta', latex_label='$\\Phi$', unit=None, boundary=None)
13:11 INFO    : inclination_EM=Sine(minimum=0.0, maximum=1.5707963267948966, name='inclination_EM', latex_label='$\\iota$', unit=None, boundary=None)
13:11 INFO    : timeshift=Uniform(minimum=-2.0, maximum=0.0, name='timeshift', latex_label='$t_0$', unit=None, boundary=None)
13:11 INFO    : log10_mej_dyn=Uniform(minimum=-3.0, maximum=-1.0, name='log10_mej_dyn', latex_label='$\\log_{10}M^{\\rm{dyn}}_{\\rm{ej}}$', unit=None, boundary=None)
13:11 INFO    : log10_mej_wind=Uniform(minimum=-3.0, maximum=-0.5, name='log10_mej_wind', latex_label='$\\log_{10}M^{\\rm{wind}}_{\\rm{ej}}$', unit=None, boundary=None)
13:11 INFO    : Ebv=0.0
13:11 INFO    : Analysis likelihood class: <class 'nmma.em.likelihood.OpticalLightCurve'>
13:11 INFO    : Analysis likelihood noise evidence: 0.0
13:11 INFO    : Single likelihood evaluation took 6.291e-02 s
13:11 WARNING : Supplied argument 'queue_size' not an argument of 'Pymultinest', removing.
13:11 WARNING : Supplied argument 'check_point_delta_t' not an argument of 'Pymultinest', removing.
13:11 INFO    : Global meta data was removed from the result object for compatibility. Use the `BILBY_INCLUDE_GLOBAL_METADATA` environment variable to include it. This behaviour will be removed in a future release. For more details see: https://bilby-dev.github.io/bilby/faq.html#global-meta-data
13:11 WARNING : Using cached result
13:11 INFO    : Summary of results:
nsamples: 11021
ln_noise_evidence:  0.000
ln_evidence: -306.700 +/-  0.079
ln_bayes_factor: -306.700 +/-  0.079

13:11 INFO    : Writing samples file to /home/liteul/memoir_code/condor_nlive2048/inj_5/inj_5_posterior_samples.dat
17:24 INFO    : Running for label 'inj_5', output will be saved to '/home/liteul/memoir_code/condor_nlive2048/inj_5'
17:24 INFO    : Analysis priors:
17:24 INFO    : luminosity_distance=Uniform(minimum=0.0, maximum=500.0, name='luminosity_distance', latex_label='$D_L$', unit=None, boundary=None)
17:24 INFO    : KNphi=Uniform(minimum=15.0, maximum=75.0, name='KNphi', latex_label='$\\Phi$', unit=None, boundary=None)
17:24 INFO    : KNtheta=Uniform(minimum=0.0, maximum=90.0, name='KNtheta', latex_label='$\\Phi$', unit=None, boundary=None)
17:24 INFO    : inclination_EM=Sine(minimum=0.0, maximum=1.5707963267948966, name='inclination_EM', latex_label='$\\iota$', unit=None, boundary=None)
17:24 INFO    : timeshift=Uniform(minimum=-2.0, maximum=0.0, name='timeshift', latex_label='$t_0$', unit=None, boundary=None)
17:24 INFO    : log10_mej_dyn=Uniform(minimum=-3.0, maximum=-1.0, name='log10_mej_dyn', latex_label='$\\log_{10}M^{\\rm{dyn}}_{\\rm{ej}}$', unit=None, boundary=None)
17:24 INFO    : log10_mej_wind=Uniform(minimum=-3.0, maximum=-0.5, name='log10_mej_wind', latex_label='$\\log_{10}M^{\\rm{wind}}_{\\rm{ej}}$', unit=None, boundary=None)
17:24 INFO    : Ebv=0.0
17:24 INFO    : Analysis likelihood class: <class 'nmma.em.likelihood.OpticalLightCurve'>
17:24 INFO    : Analysis likelihood noise evidence: 0.0
17:24 INFO    : Single likelihood evaluation took 1.017e-01 s
17:24 WARNING : Supplied argument 'queue_size' not an argument of 'Pymultinest', removing.
17:24 WARNING : Supplied argument 'check_point_delta_t' not an argument of 'Pymultinest', removing.
17:24 INFO    : Global meta data was removed from the result object for compatibility. Use the `BILBY_INCLUDE_GLOBAL_METADATA` environment variable to include it. This behaviour will be removed in a future release. For more details see: https://bilby-dev.github.io/bilby/faq.html#global-meta-data
17:24 WARNING : Using cached result
17:24 INFO    : Summary of results:
nsamples: 11021
ln_noise_evidence:  0.000
ln_evidence: -306.700 +/-  0.079
ln_bayes_factor: -306.700 +/-  0.079

17:24 INFO    : Writing samples file to /home/liteul/memoir_code/condor_nlive2048/inj_5/inj_5_posterior_samples.dat
17:31 INFO    : Running for label 'inj_5', output will be saved to '/home/liteul/memoir_code/condor_nlive2048/inj_5'
17:31 INFO    : Analysis priors:
17:31 INFO    : luminosity_distance=Uniform(minimum=0.0, maximum=500.0, name='luminosity_distance', latex_label='$D_L$', unit=None, boundary=None)
17:31 INFO    : KNphi=Uniform(minimum=15.0, maximum=75.0, name='KNphi', latex_label='$\\Phi$', unit=None, boundary=None)
17:31 INFO    : KNtheta=Uniform(minimum=0.0, maximum=90.0, name='KNtheta', latex_label='$\\Phi$', unit=None, boundary=None)
17:31 INFO    : inclination_EM=Sine(minimum=0.0, maximum=1.5707963267948966, name='inclination_EM', latex_label='$\\iota$', unit=None, boundary=None)
17:31 INFO    : timeshift=Uniform(minimum=-2.0, maximum=0.0, name='timeshift', latex_label='$t_0$', unit=None, boundary=None)
17:31 INFO    : log10_mej_dyn=Uniform(minimum=-3.0, maximum=-1.0, name='log10_mej_dyn', latex_label='$\\log_{10}M^{\\rm{dyn}}_{\\rm{ej}}$', unit=None, boundary=None)
17:31 INFO    : log10_mej_wind=Uniform(minimum=-3.0, maximum=-0.5, name='log10_mej_wind', latex_label='$\\log_{10}M^{\\rm{wind}}_{\\rm{ej}}$', unit=None, boundary=None)
17:31 INFO    : Ebv=0.0
17:31 INFO    : Analysis likelihood class: <class 'nmma.em.likelihood.OpticalLightCurve'>
17:31 INFO    : Analysis likelihood noise evidence: 0.0
17:31 INFO    : Single likelihood evaluation took 5.821e-02 s
17:31 WARNING : Supplied argument 'queue_size' not an argument of 'Pymultinest', removing.
17:31 WARNING : Supplied argument 'check_point_delta_t' not an argument of 'Pymultinest', removing.
17:31 INFO    : Global meta data was removed from the result object for compatibility. Use the `BILBY_INCLUDE_GLOBAL_METADATA` environment variable to include it. This behaviour will be removed in a future release. For more details see: https://bilby-dev.github.io/bilby/faq.html#global-meta-data
17:31 WARNING : Using cached result
17:31 INFO    : Summary of results:
nsamples: 11021
ln_noise_evidence:  0.000
ln_evidence: -306.700 +/-  0.079
ln_bayes_factor: -306.700 +/-  0.079

17:31 INFO    : Writing samples file to /home/liteul/memoir_code/condor_nlive2048/inj_5/inj_5_posterior_samples.dat
