14:28 INFO    : Running for label '8', output will be saved to '/home/stu_jamsin/jamsin/condor_synth_lc_2perday/8'
14:28 INFO    : Analysis priors:
14:28 INFO    : luminosity_distance=Uniform(minimum=0.0, maximum=500.0, name='luminosity_distance', latex_label='$D_L$', unit=None, boundary=None)
14:28 INFO    : KNphi=Uniform(minimum=15.0, maximum=75.0, name='KNphi', latex_label='$\\Phi$', unit=None, boundary=None)
14:28 INFO    : KNtheta=Uniform(minimum=0.0, maximum=90.0, name='KNtheta', latex_label='$\\Phi$', unit=None, boundary=None)
14:28 INFO    : inclination_EM=Sine(minimum=0.0, maximum=1.5707963267948966, name='inclination_EM', latex_label='$\\iota$', unit=None, boundary=None)
14:28 INFO    : timeshift=Uniform(minimum=-2.0, maximum=0.0, name='timeshift', latex_label='$t_0$', unit=None, boundary=None)
14:28 INFO    : log10_mej_dyn=Uniform(minimum=-3.0, maximum=-1.0, name='log10_mej_dyn', latex_label='$\\log_{10}M^{\\rm{dyn}}_{\\rm{ej}}$', unit=None, boundary=None)
14:28 INFO    : log10_mej_wind=Uniform(minimum=-3.0, maximum=-0.5, name='log10_mej_wind', latex_label='$\\log_{10}M^{\\rm{wind}}_{\\rm{ej}}$', unit=None, boundary=None)
14:28 INFO    : Ebv=0.0
14:28 INFO    : Analysis likelihood class: <class 'nmma.em.likelihood.OpticalLightCurve'>
14:28 INFO    : Analysis likelihood noise evidence: 0.0
14:28 INFO    : Single likelihood evaluation took 1.078e-01 s
14:28 WARNING : Supplied argument 'queue_size' not an argument of 'Pymultinest', removing.
14:28 WARNING : Supplied argument 'check_point_delta_t' not an argument of 'Pymultinest', removing.
14:28 INFO    : Using sampler Pymultinest with kwargs {'importance_nested_sampling': False, 'resume': True, 'verbose': True, 'sampling_efficiency': 'parameter', 'n_live_points': 2048, 'n_params': 7, 'n_clustering_params': None, 'wrapped_params': None, 'multimodal': True, 'const_efficiency_mode': False, 'evidence_tolerance': 0.5, 'n_iter_before_update': 100, 'null_log_evidence': -1e+90, 'max_modes': 100, 'mode_tolerance': -1e+90, 'seed': 42, 'context': 0, 'write_output': True, 'log_zero': -1e+100, 'max_iter': 0, 'init_MPI': False, 'dump_callback': <bound method Pymultinest._dump_callback of <bilby.core.sampler.pymultinest.Pymultinest object at 0x942e964ec50>>}
14:28 INFO    : Global meta data was removed from the result object for compatibility. Use the `BILBY_INCLUDE_GLOBAL_METADATA` environment variable to include it. This behaviour will be removed in a future release. For more details see: https://bilby-dev.github.io/bilby/faq.html#global-meta-data
14:28 INFO    : Using temporary file /tmp/tmpz89ma09q
14:35 INFO    : Running for label '8', output will be saved to '/home/stu_jamsin/jamsin/condor_synth_lc_2perday/8'
14:35 INFO    : Analysis priors:
14:35 INFO    : luminosity_distance=Uniform(minimum=0.0, maximum=500.0, name='luminosity_distance', latex_label='$D_L$', unit=None, boundary=None)
14:35 INFO    : KNphi=Uniform(minimum=15.0, maximum=75.0, name='KNphi', latex_label='$\\Phi$', unit=None, boundary=None)
14:35 INFO    : KNtheta=Uniform(minimum=0.0, maximum=90.0, name='KNtheta', latex_label='$\\Phi$', unit=None, boundary=None)
14:35 INFO    : inclination_EM=Sine(minimum=0.0, maximum=1.5707963267948966, name='inclination_EM', latex_label='$\\iota$', unit=None, boundary=None)
14:35 INFO    : timeshift=Uniform(minimum=-2.0, maximum=0.0, name='timeshift', latex_label='$t_0$', unit=None, boundary=None)
14:35 INFO    : log10_mej_dyn=Uniform(minimum=-3.0, maximum=-1.0, name='log10_mej_dyn', latex_label='$\\log_{10}M^{\\rm{dyn}}_{\\rm{ej}}$', unit=None, boundary=None)
14:35 INFO    : log10_mej_wind=Uniform(minimum=-3.0, maximum=-0.5, name='log10_mej_wind', latex_label='$\\log_{10}M^{\\rm{wind}}_{\\rm{ej}}$', unit=None, boundary=None)
14:35 INFO    : Ebv=0.0
14:35 INFO    : Analysis likelihood class: <class 'nmma.em.likelihood.OpticalLightCurve'>
14:35 INFO    : Analysis likelihood noise evidence: 0.0
14:35 INFO    : Single likelihood evaluation took 1.738e-01 s
14:35 WARNING : Supplied argument 'queue_size' not an argument of 'Pymultinest', removing.
14:35 WARNING : Supplied argument 'check_point_delta_t' not an argument of 'Pymultinest', removing.
14:35 INFO    : Using sampler Pymultinest with kwargs {'importance_nested_sampling': False, 'resume': True, 'verbose': True, 'sampling_efficiency': 'parameter', 'n_live_points': 2048, 'n_params': 7, 'n_clustering_params': None, 'wrapped_params': None, 'multimodal': True, 'const_efficiency_mode': False, 'evidence_tolerance': 0.5, 'n_iter_before_update': 100, 'null_log_evidence': -1e+90, 'max_modes': 100, 'mode_tolerance': -1e+90, 'seed': 42, 'context': 0, 'write_output': True, 'log_zero': -1e+100, 'max_iter': 0, 'init_MPI': False, 'dump_callback': <bound method Pymultinest._dump_callback of <bilby.core.sampler.pymultinest.Pymultinest object at 0xf51a232b250>>}
14:35 INFO    : Global meta data was removed from the result object for compatibility. Use the `BILBY_INCLUDE_GLOBAL_METADATA` environment variable to include it. This behaviour will be removed in a future release. For more details see: https://bilby-dev.github.io/bilby/faq.html#global-meta-data
14:35 INFO    : Using temporary file /tmp/tmpkushsui4
14:47 INFO    : Overwriting /home/stu_jamsin/jamsin/condor_synth_lc_2perday/8/pm_8/ with /tmp/tmpkushsui4/
14:54 INFO    : Overwriting /home/stu_jamsin/jamsin/condor_synth_lc_2perday/8/pm_8/ with /tmp/tmpkushsui4/
15:01 INFO    : Overwriting /home/stu_jamsin/jamsin/condor_synth_lc_2perday/8/pm_8/ with /tmp/tmpkushsui4/
15:07 INFO    : Overwriting /home/stu_jamsin/jamsin/condor_synth_lc_2perday/8/pm_8/ with /tmp/tmpkushsui4/
15:13 INFO    : Overwriting /home/stu_jamsin/jamsin/condor_synth_lc_2perday/8/pm_8/ with /tmp/tmpkushsui4/
15:20 INFO    : Overwriting /home/stu_jamsin/jamsin/condor_synth_lc_2perday/8/pm_8/ with /tmp/tmpkushsui4/
15:26 INFO    : Overwriting /home/stu_jamsin/jamsin/condor_synth_lc_2perday/8/pm_8/ with /tmp/tmpkushsui4/
15:34 INFO    : Overwriting /home/stu_jamsin/jamsin/condor_synth_lc_2perday/8/pm_8/ with /tmp/tmpkushsui4/
15:44 INFO    : Overwriting /home/stu_jamsin/jamsin/condor_synth_lc_2perday/8/pm_8/ with /tmp/tmpkushsui4/
15:55 INFO    : Overwriting /home/stu_jamsin/jamsin/condor_synth_lc_2perday/8/pm_8/ with /tmp/tmpkushsui4/
16:06 INFO    : Overwriting /home/stu_jamsin/jamsin/condor_synth_lc_2perday/8/pm_8/ with /tmp/tmpkushsui4/
16:18 INFO    : Overwriting /home/stu_jamsin/jamsin/condor_synth_lc_2perday/8/pm_8/ with /tmp/tmpkushsui4/
16:29 INFO    : Overwriting /home/stu_jamsin/jamsin/condor_synth_lc_2perday/8/pm_8/ with /tmp/tmpkushsui4/
16:42 INFO    : Overwriting /home/stu_jamsin/jamsin/condor_synth_lc_2perday/8/pm_8/ with /tmp/tmpkushsui4/
16:56 INFO    : Overwriting /home/stu_jamsin/jamsin/condor_synth_lc_2perday/8/pm_8/ with /tmp/tmpkushsui4/
17:10 INFO    : Overwriting /home/stu_jamsin/jamsin/condor_synth_lc_2perday/8/pm_8/ with /tmp/tmpkushsui4/
17:23 INFO    : Overwriting /home/stu_jamsin/jamsin/condor_synth_lc_2perday/8/pm_8/ with /tmp/tmpkushsui4/
17:36 INFO    : Overwriting /home/stu_jamsin/jamsin/condor_synth_lc_2perday/8/pm_8/ with /tmp/tmpkushsui4/
17:51 INFO    : Overwriting /home/stu_jamsin/jamsin/condor_synth_lc_2perday/8/pm_8/ with /tmp/tmpkushsui4/
18:06 INFO    : Overwriting /home/stu_jamsin/jamsin/condor_synth_lc_2perday/8/pm_8/ with /tmp/tmpkushsui4/
18:22 INFO    : Overwriting /home/stu_jamsin/jamsin/condor_synth_lc_2perday/8/pm_8/ with /tmp/tmpkushsui4/
18:38 INFO    : Overwriting /home/stu_jamsin/jamsin/condor_synth_lc_2perday/8/pm_8/ with /tmp/tmpkushsui4/
18:55 INFO    : Overwriting /home/stu_jamsin/jamsin/condor_synth_lc_2perday/8/pm_8/ with /tmp/tmpkushsui4/
19:11 INFO    : Overwriting /home/stu_jamsin/jamsin/condor_synth_lc_2perday/8/pm_8/ with /tmp/tmpkushsui4/
19:29 INFO    : Overwriting /home/stu_jamsin/jamsin/condor_synth_lc_2perday/8/pm_8/ with /tmp/tmpkushsui4/
19:47 INFO    : Overwriting /home/stu_jamsin/jamsin/condor_synth_lc_2perday/8/pm_8/ with /tmp/tmpkushsui4/
20:05 INFO    : Overwriting /home/stu_jamsin/jamsin/condor_synth_lc_2perday/8/pm_8/ with /tmp/tmpkushsui4/
20:24 INFO    : Overwriting /home/stu_jamsin/jamsin/condor_synth_lc_2perday/8/pm_8/ with /tmp/tmpkushsui4/
20:44 INFO    : Overwriting /home/stu_jamsin/jamsin/condor_synth_lc_2perday/8/pm_8/ with /tmp/tmpkushsui4/
21:02 INFO    : Overwriting /home/stu_jamsin/jamsin/condor_synth_lc_2perday/8/pm_8/ with /tmp/tmpkushsui4/
21:24 INFO    : Overwriting /home/stu_jamsin/jamsin/condor_synth_lc_2perday/8/pm_8/ with /tmp/tmpkushsui4/
21:45 INFO    : Overwriting /home/stu_jamsin/jamsin/condor_synth_lc_2perday/8/pm_8/ with /tmp/tmpkushsui4/
22:04 INFO    : Overwriting /home/stu_jamsin/jamsin/condor_synth_lc_2perday/8/pm_8/ with /tmp/tmpkushsui4/
22:19 INFO    : Overwriting /home/stu_jamsin/jamsin/condor_synth_lc_2perday/8/pm_8/ with /tmp/tmpkushsui4/
22:19 INFO    : Overwriting /home/stu_jamsin/jamsin/condor_synth_lc_2perday/8/pm_8/ with /tmp/tmpkushsui4/
22:19 INFO    : Overwriting /home/stu_jamsin/jamsin/condor_synth_lc_2perday/8/pm_8/ with /tmp/tmpkushsui4/
22:19 INFO    : Sampling time: 7:43:40.302617
22:19 INFO    : Summary of results:
nsamples: 12249
ln_noise_evidence:  0.000
ln_evidence: -131.429 +/-  0.079
ln_bayes_factor: -131.429 +/-  0.079

22:19 INFO    : Writing samples file to /home/stu_jamsin/jamsin/condor_synth_lc_2perday/8/8_posterior_samples.dat
