16:09 INFO    : Running for label 'minus4_5', output will be saved to '/home/stu_jamsin/jamsin/grid_LSST_like_nlive512/5/minus4'
16:09 INFO    : Analysis priors:
16:09 INFO    : luminosity_distance=Uniform(minimum=0.0, maximum=200.0, name='luminosity_distance', latex_label='$D_L$', unit=None, boundary=None)
16:09 INFO    : KNphi=Uniform(minimum=15.0, maximum=75.0, name='KNphi', latex_label='$\\Phi$', unit=None, boundary=None)
16:09 INFO    : KNtheta=Uniform(minimum=0.0, maximum=90.0, name='KNtheta', latex_label='$\\Theta$', unit=None, boundary=None)
16:09 INFO    : inclination_EM=Sine(minimum=0.0, maximum=1.5707963267948966, name='inclination_EM', latex_label='$\\iota$', unit=None, boundary=None)
16:09 INFO    : timeshift=Uniform(minimum=-4.5, maximum=0.5, name='timeshift', latex_label='$t_0$', unit=None, boundary=None)
16:09 INFO    : log10_mej_dyn=Uniform(minimum=-3.0, maximum=-1.0, name='log10_mej_dyn', latex_label='$\\log_{10}M^{\\rm{dyn}}_{\\rm{ej}}$', unit=None, boundary=None)
16:09 INFO    : log10_mej_wind=Uniform(minimum=-3.0, maximum=-0.5, name='log10_mej_wind', latex_label='$\\log_{10}M^{\\rm{wind}}_{\\rm{ej}}$', unit=None, boundary=None)
16:09 INFO    : Ebv=0.0
16:09 INFO    : Analysis likelihood class: <class 'nmma.em.likelihood.OpticalLightCurve'>
16:09 INFO    : Analysis likelihood noise evidence: 0.0
16:09 INFO    : Single likelihood evaluation took 2.374e-01 s
16:09 WARNING : Supplied argument 'queue_size' not an argument of 'Pymultinest', removing.
16:09 WARNING : Supplied argument 'check_point_delta_t' not an argument of 'Pymultinest', removing.
16:09 INFO    : Using sampler Pymultinest with kwargs {'importance_nested_sampling': False, 'resume': True, 'verbose': True, 'sampling_efficiency': 'parameter', 'n_live_points': 512, 'n_params': 7, 'n_clustering_params': None, 'wrapped_params': None, 'multimodal': True, 'const_efficiency_mode': False, 'evidence_tolerance': 0.5, 'n_iter_before_update': 100, 'null_log_evidence': -1e+90, 'max_modes': 100, 'mode_tolerance': -1e+90, 'seed': 42, 'context': 0, 'write_output': True, 'log_zero': -1e+100, 'max_iter': 0, 'init_MPI': False, 'dump_callback': <bound method Pymultinest._dump_callback of <bilby.core.sampler.pymultinest.Pymultinest object at 0x11b3c7a52200>>}
16:09 INFO    : Global meta data was removed from the result object for compatibility. Use the `BILBY_INCLUDE_GLOBAL_METADATA` environment variable to include it. This behaviour will be removed in a future release. For more details see: https://bilby-dev.github.io/bilby/faq.html#global-meta-data
16:09 INFO    : Using temporary file /tmp/tmp441o49fk
16:19 INFO    : Overwriting /home/stu_jamsin/jamsin/grid_LSST_like_nlive512/5/minus4/pm_minus4_5/ with /tmp/tmp441o49fk/
16:27 INFO    : Overwriting /home/stu_jamsin/jamsin/grid_LSST_like_nlive512/5/minus4/pm_minus4_5/ with /tmp/tmp441o49fk/
16:36 INFO    : Overwriting /home/stu_jamsin/jamsin/grid_LSST_like_nlive512/5/minus4/pm_minus4_5/ with /tmp/tmp441o49fk/
16:45 INFO    : Overwriting /home/stu_jamsin/jamsin/grid_LSST_like_nlive512/5/minus4/pm_minus4_5/ with /tmp/tmp441o49fk/
16:45 INFO    : Overwriting /home/stu_jamsin/jamsin/grid_LSST_like_nlive512/5/minus4/pm_minus4_5/ with /tmp/tmp441o49fk/
16:45 INFO    : Overwriting /home/stu_jamsin/jamsin/grid_LSST_like_nlive512/5/minus4/pm_minus4_5/ with /tmp/tmp441o49fk/
16:45 INFO    : Sampling time: 0:36:05.546265
16:45 INFO    : Summary of results:
nsamples: 2100
ln_noise_evidence:  0.000
ln_evidence: -19.911 +/-  0.099
ln_bayes_factor: -19.911 +/-  0.099

16:45 INFO    : Writing samples file to /home/stu_jamsin/jamsin/grid_LSST_like_nlive512/5/minus4/minus4_5_posterior_samples.dat
