22:19 INFO    : Running for label 'minus3_6', output will be saved to '/home/stu_jamsin/jamsin/test_v2/6/minus3'
22:19 INFO    : Analysis priors:
22:19 INFO    : luminosity_distance=Uniform(minimum=0.0, maximum=200.0, name='luminosity_distance', latex_label='$D_L$', unit=None, boundary=None)
22:19 INFO    : KNphi=Uniform(minimum=15.0, maximum=75.0, name='KNphi', latex_label='$\\Phi$', unit=None, boundary=None)
22:19 INFO    : KNtheta=Uniform(minimum=0.0, maximum=90.0, name='KNtheta', latex_label='$\\Theta$', unit=None, boundary=None)
22:19 INFO    : inclination_EM=Sine(minimum=0.0, maximum=1.5707963267948966, name='inclination_EM', latex_label='$\\iota$', unit=None, boundary=None)
22:19 INFO    : timeshift=Uniform(minimum=-2.0, maximum=0.0, name='timeshift', latex_label='$t_0$', unit=None, boundary=None)
22:19 INFO    : log10_mej_dyn=Uniform(minimum=-3.0, maximum=-1.0, name='log10_mej_dyn', latex_label='$\\log_{10}M^{\\rm{dyn}}_{\\rm{ej}}$', unit=None, boundary=None)
22:19 INFO    : log10_mej_wind=Uniform(minimum=-3.0, maximum=-0.5, name='log10_mej_wind', latex_label='$\\log_{10}M^{\\rm{wind}}_{\\rm{ej}}$', unit=None, boundary=None)
22:19 INFO    : Ebv=0.0
22:19 INFO    : Analysis likelihood class: <class 'nmma.em.likelihood.OpticalLightCurve'>
22:19 INFO    : Analysis likelihood noise evidence: 0.0
22:19 INFO    : Single likelihood evaluation took 2.187e-01 s
22:19 WARNING : Supplied argument 'queue_size' not an argument of 'Pymultinest', removing.
22:19 WARNING : Supplied argument 'check_point_delta_t' not an argument of 'Pymultinest', removing.
22:19 INFO    : Using sampler Pymultinest with kwargs {'importance_nested_sampling': False, 'resume': True, 'verbose': True, 'sampling_efficiency': 'parameter', 'n_live_points': 512, 'n_params': 7, 'n_clustering_params': None, 'wrapped_params': None, 'multimodal': True, 'const_efficiency_mode': False, 'evidence_tolerance': 0.5, 'n_iter_before_update': 100, 'null_log_evidence': -1e+90, 'max_modes': 100, 'mode_tolerance': -1e+90, 'seed': 42, 'context': 0, 'write_output': True, 'log_zero': -1e+100, 'max_iter': 0, 'init_MPI': False, 'dump_callback': <bound method Pymultinest._dump_callback of <bilby.core.sampler.pymultinest.Pymultinest object at 0xf157f853c40>>}
22:19 INFO    : Global meta data was removed from the result object for compatibility. Use the `BILBY_INCLUDE_GLOBAL_METADATA` environment variable to include it. This behaviour will be removed in a future release. For more details see: https://bilby-dev.github.io/bilby/faq.html#global-meta-data
22:19 INFO    : Using temporary file /tmp/tmpu88y3js_
22:25 INFO    : Overwriting /home/stu_jamsin/jamsin/test_v2/6/minus3/pm_minus3_6/ with /tmp/tmpu88y3js_/
22:31 INFO    : Overwriting /home/stu_jamsin/jamsin/test_v2/6/minus3/pm_minus3_6/ with /tmp/tmpu88y3js_/
22:40 INFO    : Overwriting /home/stu_jamsin/jamsin/test_v2/6/minus3/pm_minus3_6/ with /tmp/tmpu88y3js_/
22:49 INFO    : Overwriting /home/stu_jamsin/jamsin/test_v2/6/minus3/pm_minus3_6/ with /tmp/tmpu88y3js_/
23:02 INFO    : Overwriting /home/stu_jamsin/jamsin/test_v2/6/minus3/pm_minus3_6/ with /tmp/tmpu88y3js_/
23:14 INFO    : Overwriting /home/stu_jamsin/jamsin/test_v2/6/minus3/pm_minus3_6/ with /tmp/tmpu88y3js_/
23:23 INFO    : Overwriting /home/stu_jamsin/jamsin/test_v2/6/minus3/pm_minus3_6/ with /tmp/tmpu88y3js_/
23:23 INFO    : Overwriting /home/stu_jamsin/jamsin/test_v2/6/minus3/pm_minus3_6/ with /tmp/tmpu88y3js_/
23:23 INFO    : Overwriting /home/stu_jamsin/jamsin/test_v2/6/minus3/pm_minus3_6/ with /tmp/tmpu88y3js_/
23:23 INFO    : Sampling time: 1:04:02.868800
23:23 INFO    : Summary of results:
nsamples: 3661
ln_noise_evidence:  0.000
ln_evidence: -64.038 +/-  0.134
ln_bayes_factor: -64.038 +/-  0.134

23:23 INFO    : Writing samples file to /home/stu_jamsin/jamsin/test_v2/6/minus3/minus3_6_posterior_samples.dat
