18:41 INFO    : Running for label 'minus4_14', output will be saved to '/home/stu_jamsin/jamsin/grid_4_perday/14/minus4'
18:41 INFO    : Analysis priors:
18:41 INFO    : luminosity_distance=Uniform(minimum=0.0, maximum=200.0, name='luminosity_distance', latex_label='$D_L$', unit=None, boundary=None)
18:41 INFO    : KNphi=Uniform(minimum=15.0, maximum=75.0, name='KNphi', latex_label='$\\Phi$', unit=None, boundary=None)
18:41 INFO    : KNtheta=Uniform(minimum=0.0, maximum=90.0, name='KNtheta', latex_label='$\\Theta$', unit=None, boundary=None)
18:41 INFO    : inclination_EM=Sine(minimum=0.0, maximum=1.5707963267948966, name='inclination_EM', latex_label='$\\iota$', unit=None, boundary=None)
18:41 INFO    : timeshift=Uniform(minimum=-2.0, maximum=0.0, name='timeshift', latex_label='$t_0$', unit=None, boundary=None)
18:41 INFO    : log10_mej_dyn=Uniform(minimum=-3.0, maximum=-1.0, name='log10_mej_dyn', latex_label='$\\log_{10}M^{\\rm{dyn}}_{\\rm{ej}}$', unit=None, boundary=None)
18:41 INFO    : log10_mej_wind=Uniform(minimum=-3.0, maximum=-0.5, name='log10_mej_wind', latex_label='$\\log_{10}M^{\\rm{wind}}_{\\rm{ej}}$', unit=None, boundary=None)
18:41 INFO    : Ebv=0.0
18:41 INFO    : Analysis likelihood class: <class 'nmma.em.likelihood.OpticalLightCurve'>
18:41 INFO    : Analysis likelihood noise evidence: 0.0
18:41 INFO    : Single likelihood evaluation took 1.528e-01 s
18:41 WARNING : Supplied argument 'queue_size' not an argument of 'Pymultinest', removing.
18:41 WARNING : Supplied argument 'check_point_delta_t' not an argument of 'Pymultinest', removing.
18:41 INFO    : Using sampler Pymultinest with kwargs {'importance_nested_sampling': False, 'resume': True, 'verbose': True, 'sampling_efficiency': 'parameter', 'n_live_points': 256, 'n_params': 7, 'n_clustering_params': None, 'wrapped_params': None, 'multimodal': True, 'const_efficiency_mode': False, 'evidence_tolerance': 0.5, 'n_iter_before_update': 100, 'null_log_evidence': -1e+90, 'max_modes': 100, 'mode_tolerance': -1e+90, 'seed': 42, 'context': 0, 'write_output': True, 'log_zero': -1e+100, 'max_iter': 0, 'init_MPI': False, 'dump_callback': <bound method Pymultinest._dump_callback of <bilby.core.sampler.pymultinest.Pymultinest object at 0xbb8398f6ce0>>}
18:41 INFO    : Global meta data was removed from the result object for compatibility. Use the `BILBY_INCLUDE_GLOBAL_METADATA` environment variable to include it. This behaviour will be removed in a future release. For more details see: https://bilby-dev.github.io/bilby/faq.html#global-meta-data
18:41 INFO    : Using temporary file /tmp/tmp94mkqirc
18:46 INFO    : Overwriting /home/stu_jamsin/jamsin/grid_4_perday/14/minus4/pm_minus4_14/ with /tmp/tmp94mkqirc/
18:54 INFO    : Overwriting /home/stu_jamsin/jamsin/grid_4_perday/14/minus4/pm_minus4_14/ with /tmp/tmp94mkqirc/
19:01 INFO    : Overwriting /home/stu_jamsin/jamsin/grid_4_perday/14/minus4/pm_minus4_14/ with /tmp/tmp94mkqirc/
19:06 INFO    : Overwriting /home/stu_jamsin/jamsin/grid_4_perday/14/minus4/pm_minus4_14/ with /tmp/tmp94mkqirc/
19:06 INFO    : Overwriting /home/stu_jamsin/jamsin/grid_4_perday/14/minus4/pm_minus4_14/ with /tmp/tmp94mkqirc/
19:06 INFO    : Overwriting /home/stu_jamsin/jamsin/grid_4_perday/14/minus4/pm_minus4_14/ with /tmp/tmp94mkqirc/
19:06 INFO    : Sampling time: 0:24:45.389265
19:06 INFO    : Summary of results:
nsamples: 1371
ln_noise_evidence:  0.000
ln_evidence: -82.035 +/-  0.201
ln_bayes_factor: -82.035 +/-  0.201

19:06 INFO    : Writing samples file to /home/stu_jamsin/jamsin/grid_4_perday/14/minus4/minus4_14_posterior_samples.dat
16:54 INFO    : Running for label 'minus4_14', output will be saved to '/home/stu_jamsin/jamsin/grid_4_perday/14/minus4'
16:54 INFO    : Analysis priors:
16:54 INFO    : luminosity_distance=Uniform(minimum=0.0, maximum=200.0, name='luminosity_distance', latex_label='$D_L$', unit=None, boundary=None)
16:54 INFO    : KNphi=Uniform(minimum=15.0, maximum=75.0, name='KNphi', latex_label='$\\Phi$', unit=None, boundary=None)
16:54 INFO    : KNtheta=Uniform(minimum=0.0, maximum=90.0, name='KNtheta', latex_label='$\\Theta$', unit=None, boundary=None)
16:54 INFO    : inclination_EM=Sine(minimum=0.0, maximum=1.5707963267948966, name='inclination_EM', latex_label='$\\iota$', unit=None, boundary=None)
16:54 INFO    : timeshift=Uniform(minimum=-2.0, maximum=0.0, name='timeshift', latex_label='$t_0$', unit=None, boundary=None)
16:54 INFO    : log10_mej_dyn=Uniform(minimum=-3.0, maximum=-1.0, name='log10_mej_dyn', latex_label='$\\log_{10}M^{\\rm{dyn}}_{\\rm{ej}}$', unit=None, boundary=None)
16:54 INFO    : log10_mej_wind=Uniform(minimum=-3.0, maximum=-0.5, name='log10_mej_wind', latex_label='$\\log_{10}M^{\\rm{wind}}_{\\rm{ej}}$', unit=None, boundary=None)
16:54 INFO    : Ebv=0.0
16:54 INFO    : Analysis likelihood class: <class 'nmma.em.likelihood.OpticalLightCurve'>
16:54 INFO    : Analysis likelihood noise evidence: 0.0
16:54 INFO    : Single likelihood evaluation took 8.994e-02 s
16:54 WARNING : Supplied argument 'queue_size' not an argument of 'Pymultinest', removing.
16:54 WARNING : Supplied argument 'check_point_delta_t' not an argument of 'Pymultinest', removing.
16:54 INFO    : Global meta data was removed from the result object for compatibility. Use the `BILBY_INCLUDE_GLOBAL_METADATA` environment variable to include it. This behaviour will be removed in a future release. For more details see: https://bilby-dev.github.io/bilby/faq.html#global-meta-data
16:54 WARNING : Using cached result
16:54 INFO    : Summary of results:
nsamples: 1371
ln_noise_evidence:  0.000
ln_evidence: -82.035 +/-  0.201
ln_bayes_factor: -82.035 +/-  0.201

16:54 INFO    : Writing samples file to /home/stu_jamsin/jamsin/grid_4_perday/14/minus4/minus4_14_posterior_samples.dat
17:15 INFO    : Running for label 'minus4_14', output will be saved to '/home/stu_jamsin/jamsin/grid_4_perday/14/minus4'
17:15 INFO    : Analysis priors:
17:15 INFO    : luminosity_distance=Uniform(minimum=0.0, maximum=200.0, name='luminosity_distance', latex_label='$D_L$', unit=None, boundary=None)
17:15 INFO    : KNphi=Uniform(minimum=15.0, maximum=75.0, name='KNphi', latex_label='$\\Phi$', unit=None, boundary=None)
17:15 INFO    : KNtheta=Uniform(minimum=0.0, maximum=90.0, name='KNtheta', latex_label='$\\Theta$', unit=None, boundary=None)
17:15 INFO    : inclination_EM=Sine(minimum=0.0, maximum=1.5707963267948966, name='inclination_EM', latex_label='$\\iota$', unit=None, boundary=None)
17:15 INFO    : timeshift=Uniform(minimum=-2.0, maximum=0.0, name='timeshift', latex_label='$t_0$', unit=None, boundary=None)
17:15 INFO    : log10_mej_dyn=Uniform(minimum=-3.0, maximum=-1.0, name='log10_mej_dyn', latex_label='$\\log_{10}M^{\\rm{dyn}}_{\\rm{ej}}$', unit=None, boundary=None)
17:15 INFO    : log10_mej_wind=Uniform(minimum=-3.0, maximum=-0.5, name='log10_mej_wind', latex_label='$\\log_{10}M^{\\rm{wind}}_{\\rm{ej}}$', unit=None, boundary=None)
17:15 INFO    : Ebv=0.0
17:15 INFO    : Analysis likelihood class: <class 'nmma.em.likelihood.OpticalLightCurve'>
17:15 INFO    : Analysis likelihood noise evidence: 0.0
17:18 INFO    : Running for label 'minus4_14', output will be saved to '/home/stu_jamsin/jamsin/grid_4_perday/14/minus4'
17:18 INFO    : Analysis priors:
17:18 INFO    : luminosity_distance=Uniform(minimum=0.0, maximum=200.0, name='luminosity_distance', latex_label='$D_L$', unit=None, boundary=None)
17:18 INFO    : KNphi=Uniform(minimum=15.0, maximum=75.0, name='KNphi', latex_label='$\\Phi$', unit=None, boundary=None)
17:18 INFO    : KNtheta=Uniform(minimum=0.0, maximum=90.0, name='KNtheta', latex_label='$\\Theta$', unit=None, boundary=None)
17:18 INFO    : inclination_EM=Sine(minimum=0.0, maximum=1.5707963267948966, name='inclination_EM', latex_label='$\\iota$', unit=None, boundary=None)
17:18 INFO    : timeshift=Uniform(minimum=-2.0, maximum=0.0, name='timeshift', latex_label='$t_0$', unit=None, boundary=None)
17:18 INFO    : log10_mej_dyn=Uniform(minimum=-3.0, maximum=-1.0, name='log10_mej_dyn', latex_label='$\\log_{10}M^{\\rm{dyn}}_{\\rm{ej}}$', unit=None, boundary=None)
17:18 INFO    : log10_mej_wind=Uniform(minimum=-3.0, maximum=-0.5, name='log10_mej_wind', latex_label='$\\log_{10}M^{\\rm{wind}}_{\\rm{ej}}$', unit=None, boundary=None)
17:18 INFO    : Ebv=0.0
17:18 INFO    : Analysis likelihood class: <class 'nmma.em.likelihood.OpticalLightCurve'>
17:18 INFO    : Analysis likelihood noise evidence: 0.0
17:18 INFO    : Single likelihood evaluation took 1.106e-01 s
17:18 WARNING : Supplied argument 'queue_size' not an argument of 'Pymultinest', removing.
17:18 WARNING : Supplied argument 'check_point_delta_t' not an argument of 'Pymultinest', removing.
17:18 INFO    : Global meta data was removed from the result object for compatibility. Use the `BILBY_INCLUDE_GLOBAL_METADATA` environment variable to include it. This behaviour will be removed in a future release. For more details see: https://bilby-dev.github.io/bilby/faq.html#global-meta-data
17:18 WARNING : Using cached result
17:18 INFO    : Summary of results:
nsamples: 1371
ln_noise_evidence:  0.000
ln_evidence: -82.035 +/-  0.201
ln_bayes_factor: -82.035 +/-  0.201

17:18 INFO    : Writing samples file to /home/stu_jamsin/jamsin/grid_4_perday/14/minus4/minus4_14_posterior_samples.dat
17:22 INFO    : Running for label 'minus4_14', output will be saved to '/home/stu_jamsin/jamsin/grid_4_perday/14/minus4'
17:25 INFO    : Running for label 'minus4_14', output will be saved to '/home/stu_jamsin/jamsin/grid_4_perday/14/minus4'
17:25 INFO    : Analysis priors:
17:25 INFO    : luminosity_distance=Uniform(minimum=0.0, maximum=200.0, name='luminosity_distance', latex_label='$D_L$', unit=None, boundary=None)
17:25 INFO    : KNphi=Uniform(minimum=15.0, maximum=75.0, name='KNphi', latex_label='$\\Phi$', unit=None, boundary=None)
17:25 INFO    : KNtheta=Uniform(minimum=0.0, maximum=90.0, name='KNtheta', latex_label='$\\Theta$', unit=None, boundary=None)
17:25 INFO    : inclination_EM=Sine(minimum=0.0, maximum=1.5707963267948966, name='inclination_EM', latex_label='$\\iota$', unit=None, boundary=None)
17:25 INFO    : timeshift=Uniform(minimum=-2.0, maximum=0.0, name='timeshift', latex_label='$t_0$', unit=None, boundary=None)
17:25 INFO    : log10_mej_dyn=Uniform(minimum=-3.0, maximum=-1.0, name='log10_mej_dyn', latex_label='$\\log_{10}M^{\\rm{dyn}}_{\\rm{ej}}$', unit=None, boundary=None)
17:25 INFO    : log10_mej_wind=Uniform(minimum=-3.0, maximum=-0.5, name='log10_mej_wind', latex_label='$\\log_{10}M^{\\rm{wind}}_{\\rm{ej}}$', unit=None, boundary=None)
17:25 INFO    : Ebv=0.0
17:25 INFO    : Analysis likelihood class: <class 'nmma.em.likelihood.OpticalLightCurve'>
17:25 INFO    : Analysis likelihood noise evidence: 0.0
17:25 INFO    : Single likelihood evaluation took 8.184e-02 s
17:25 WARNING : Supplied argument 'queue_size' not an argument of 'Pymultinest', removing.
17:25 WARNING : Supplied argument 'check_point_delta_t' not an argument of 'Pymultinest', removing.
17:25 INFO    : Global meta data was removed from the result object for compatibility. Use the `BILBY_INCLUDE_GLOBAL_METADATA` environment variable to include it. This behaviour will be removed in a future release. For more details see: https://bilby-dev.github.io/bilby/faq.html#global-meta-data
17:25 WARNING : Using cached result
17:25 INFO    : Summary of results:
nsamples: 1371
ln_noise_evidence:  0.000
ln_evidence: -82.035 +/-  0.201
ln_bayes_factor: -82.035 +/-  0.201

17:25 INFO    : Writing samples file to /home/stu_jamsin/jamsin/grid_4_perday/14/minus4/minus4_14_posterior_samples.dat
17:40 INFO    : Running for label 'minus4_14', output will be saved to '/home/stu_jamsin/jamsin/grid_4_perday/14/minus4'
17:40 INFO    : Analysis priors:
17:40 INFO    : luminosity_distance=Uniform(minimum=0.0, maximum=200.0, name='luminosity_distance', latex_label='$D_L$', unit=None, boundary=None)
17:40 INFO    : KNphi=Uniform(minimum=15.0, maximum=75.0, name='KNphi', latex_label='$\\Phi$', unit=None, boundary=None)
17:40 INFO    : KNtheta=Uniform(minimum=0.0, maximum=90.0, name='KNtheta', latex_label='$\\Theta$', unit=None, boundary=None)
17:40 INFO    : inclination_EM=Sine(minimum=0.0, maximum=1.5707963267948966, name='inclination_EM', latex_label='$\\iota$', unit=None, boundary=None)
17:40 INFO    : timeshift=Uniform(minimum=-2.0, maximum=0.0, name='timeshift', latex_label='$t_0$', unit=None, boundary=None)
17:40 INFO    : log10_mej_dyn=Uniform(minimum=-3.0, maximum=-1.0, name='log10_mej_dyn', latex_label='$\\log_{10}M^{\\rm{dyn}}_{\\rm{ej}}$', unit=None, boundary=None)
17:40 INFO    : log10_mej_wind=Uniform(minimum=-3.0, maximum=-0.5, name='log10_mej_wind', latex_label='$\\log_{10}M^{\\rm{wind}}_{\\rm{ej}}$', unit=None, boundary=None)
17:40 INFO    : Ebv=0.0
17:40 INFO    : Analysis likelihood class: <class 'nmma.em.likelihood.OpticalLightCurve'>
17:40 INFO    : Analysis likelihood noise evidence: 0.0
17:40 INFO    : Single likelihood evaluation took 9.703e-02 s
17:40 WARNING : Supplied argument 'queue_size' not an argument of 'Pymultinest', removing.
17:40 WARNING : Supplied argument 'check_point_delta_t' not an argument of 'Pymultinest', removing.
17:40 INFO    : Global meta data was removed from the result object for compatibility. Use the `BILBY_INCLUDE_GLOBAL_METADATA` environment variable to include it. This behaviour will be removed in a future release. For more details see: https://bilby-dev.github.io/bilby/faq.html#global-meta-data
17:40 WARNING : Using cached result
17:40 INFO    : Summary of results:
nsamples: 1371
ln_noise_evidence:  0.000
ln_evidence: -82.035 +/-  0.201
ln_bayes_factor: -82.035 +/-  0.201

17:40 INFO    : Writing samples file to /home/stu_jamsin/jamsin/grid_4_perday/14/minus4/minus4_14_posterior_samples.dat
