20:09 INFO    : Running for label 'minus6_4', output will be saved to '/home/stu_jamsin/jamsin/grid_4_perday/4/minus6'
20:09 INFO    : Analysis priors:
20:09 INFO    : luminosity_distance=Uniform(minimum=0.0, maximum=200.0, name='luminosity_distance', latex_label='$D_L$', unit=None, boundary=None)
20:09 INFO    : KNphi=Uniform(minimum=15.0, maximum=75.0, name='KNphi', latex_label='$\\Phi$', unit=None, boundary=None)
20:09 INFO    : KNtheta=Uniform(minimum=0.0, maximum=90.0, name='KNtheta', latex_label='$\\Theta$', unit=None, boundary=None)
20:09 INFO    : inclination_EM=Sine(minimum=0.0, maximum=1.5707963267948966, name='inclination_EM', latex_label='$\\iota$', unit=None, boundary=None)
20:09 INFO    : timeshift=Uniform(minimum=-2.0, maximum=0.0, name='timeshift', latex_label='$t_0$', unit=None, boundary=None)
20:09 INFO    : log10_mej_dyn=Uniform(minimum=-3.0, maximum=-1.0, name='log10_mej_dyn', latex_label='$\\log_{10}M^{\\rm{dyn}}_{\\rm{ej}}$', unit=None, boundary=None)
20:09 INFO    : log10_mej_wind=Uniform(minimum=-3.0, maximum=-0.5, name='log10_mej_wind', latex_label='$\\log_{10}M^{\\rm{wind}}_{\\rm{ej}}$', unit=None, boundary=None)
20:09 INFO    : Ebv=0.0
20:09 INFO    : Analysis likelihood class: <class 'nmma.em.likelihood.OpticalLightCurve'>
20:09 INFO    : Analysis likelihood noise evidence: 0.0
20:09 INFO    : Single likelihood evaluation took 1.264e-01 s
20:09 WARNING : Supplied argument 'queue_size' not an argument of 'Pymultinest', removing.
20:09 WARNING : Supplied argument 'check_point_delta_t' not an argument of 'Pymultinest', removing.
20:09 INFO    : Using sampler Pymultinest with kwargs {'importance_nested_sampling': False, 'resume': True, 'verbose': True, 'sampling_efficiency': 'parameter', 'n_live_points': 256, 'n_params': 7, 'n_clustering_params': None, 'wrapped_params': None, 'multimodal': True, 'const_efficiency_mode': False, 'evidence_tolerance': 0.5, 'n_iter_before_update': 100, 'null_log_evidence': -1e+90, 'max_modes': 100, 'mode_tolerance': -1e+90, 'seed': 42, 'context': 0, 'write_output': True, 'log_zero': -1e+100, 'max_iter': 0, 'init_MPI': False, 'dump_callback': <bound method Pymultinest._dump_callback of <bilby.core.sampler.pymultinest.Pymultinest object at 0x75f639f9c30>>}
20:09 INFO    : Global meta data was removed from the result object for compatibility. Use the `BILBY_INCLUDE_GLOBAL_METADATA` environment variable to include it. This behaviour will be removed in a future release. For more details see: https://bilby-dev.github.io/bilby/faq.html#global-meta-data
20:09 INFO    : Using temporary file /tmp/tmp07o7x5yz
20:13 INFO    : Overwriting /home/stu_jamsin/jamsin/grid_4_perday/4/minus6/pm_minus6_4/ with /tmp/tmp07o7x5yz/
20:18 INFO    : Overwriting /home/stu_jamsin/jamsin/grid_4_perday/4/minus6/pm_minus6_4/ with /tmp/tmp07o7x5yz/
20:25 INFO    : Overwriting /home/stu_jamsin/jamsin/grid_4_perday/4/minus6/pm_minus6_4/ with /tmp/tmp07o7x5yz/
20:28 INFO    : Overwriting /home/stu_jamsin/jamsin/grid_4_perday/4/minus6/pm_minus6_4/ with /tmp/tmp07o7x5yz/
20:28 INFO    : Overwriting /home/stu_jamsin/jamsin/grid_4_perday/4/minus6/pm_minus6_4/ with /tmp/tmp07o7x5yz/
20:28 INFO    : Overwriting /home/stu_jamsin/jamsin/grid_4_perday/4/minus6/pm_minus6_4/ with /tmp/tmp07o7x5yz/
20:28 INFO    : Sampling time: 0:19:02.465302
20:28 INFO    : Summary of results:
nsamples: 1500
ln_noise_evidence:  0.000
ln_evidence: -77.483 +/-  0.191
ln_bayes_factor: -77.483 +/-  0.191

20:28 INFO    : Writing samples file to /home/stu_jamsin/jamsin/grid_4_perday/4/minus6/minus6_4_posterior_samples.dat
16:55 INFO    : Running for label 'minus6_4', output will be saved to '/home/stu_jamsin/jamsin/grid_4_perday/4/minus6'
16:55 INFO    : Analysis priors:
16:55 INFO    : luminosity_distance=Uniform(minimum=0.0, maximum=200.0, name='luminosity_distance', latex_label='$D_L$', unit=None, boundary=None)
16:55 INFO    : KNphi=Uniform(minimum=15.0, maximum=75.0, name='KNphi', latex_label='$\\Phi$', unit=None, boundary=None)
16:55 INFO    : KNtheta=Uniform(minimum=0.0, maximum=90.0, name='KNtheta', latex_label='$\\Theta$', unit=None, boundary=None)
16:55 INFO    : inclination_EM=Sine(minimum=0.0, maximum=1.5707963267948966, name='inclination_EM', latex_label='$\\iota$', unit=None, boundary=None)
16:55 INFO    : timeshift=Uniform(minimum=-2.0, maximum=0.0, name='timeshift', latex_label='$t_0$', unit=None, boundary=None)
16:55 INFO    : log10_mej_dyn=Uniform(minimum=-3.0, maximum=-1.0, name='log10_mej_dyn', latex_label='$\\log_{10}M^{\\rm{dyn}}_{\\rm{ej}}$', unit=None, boundary=None)
16:55 INFO    : log10_mej_wind=Uniform(minimum=-3.0, maximum=-0.5, name='log10_mej_wind', latex_label='$\\log_{10}M^{\\rm{wind}}_{\\rm{ej}}$', unit=None, boundary=None)
16:55 INFO    : Ebv=0.0
16:55 INFO    : Analysis likelihood class: <class 'nmma.em.likelihood.OpticalLightCurve'>
16:55 INFO    : Analysis likelihood noise evidence: 0.0
16:55 INFO    : Single likelihood evaluation took 6.231e-02 s
16:55 WARNING : Supplied argument 'queue_size' not an argument of 'Pymultinest', removing.
16:55 WARNING : Supplied argument 'check_point_delta_t' not an argument of 'Pymultinest', removing.
16:55 INFO    : Global meta data was removed from the result object for compatibility. Use the `BILBY_INCLUDE_GLOBAL_METADATA` environment variable to include it. This behaviour will be removed in a future release. For more details see: https://bilby-dev.github.io/bilby/faq.html#global-meta-data
16:55 WARNING : Using cached result
16:55 INFO    : Summary of results:
nsamples: 1500
ln_noise_evidence:  0.000
ln_evidence: -77.483 +/-  0.191
ln_bayes_factor: -77.483 +/-  0.191

16:55 INFO    : Writing samples file to /home/stu_jamsin/jamsin/grid_4_perday/4/minus6/minus6_4_posterior_samples.dat
17:19 INFO    : Running for label 'minus6_4', output will be saved to '/home/stu_jamsin/jamsin/grid_4_perday/4/minus6'
17:19 INFO    : Analysis priors:
17:19 INFO    : luminosity_distance=Uniform(minimum=0.0, maximum=200.0, name='luminosity_distance', latex_label='$D_L$', unit=None, boundary=None)
17:19 INFO    : KNphi=Uniform(minimum=15.0, maximum=75.0, name='KNphi', latex_label='$\\Phi$', unit=None, boundary=None)
17:19 INFO    : KNtheta=Uniform(minimum=0.0, maximum=90.0, name='KNtheta', latex_label='$\\Theta$', unit=None, boundary=None)
17:19 INFO    : inclination_EM=Sine(minimum=0.0, maximum=1.5707963267948966, name='inclination_EM', latex_label='$\\iota$', unit=None, boundary=None)
17:19 INFO    : timeshift=Uniform(minimum=-2.0, maximum=0.0, name='timeshift', latex_label='$t_0$', unit=None, boundary=None)
17:19 INFO    : log10_mej_dyn=Uniform(minimum=-3.0, maximum=-1.0, name='log10_mej_dyn', latex_label='$\\log_{10}M^{\\rm{dyn}}_{\\rm{ej}}$', unit=None, boundary=None)
17:19 INFO    : log10_mej_wind=Uniform(minimum=-3.0, maximum=-0.5, name='log10_mej_wind', latex_label='$\\log_{10}M^{\\rm{wind}}_{\\rm{ej}}$', unit=None, boundary=None)
17:19 INFO    : Ebv=0.0
17:19 INFO    : Analysis likelihood class: <class 'nmma.em.likelihood.OpticalLightCurve'>
17:19 INFO    : Analysis likelihood noise evidence: 0.0
17:26 INFO    : Running for label 'minus6_4', output will be saved to '/home/stu_jamsin/jamsin/grid_4_perday/4/minus6'
17:26 INFO    : Analysis priors:
17:26 INFO    : luminosity_distance=Uniform(minimum=0.0, maximum=200.0, name='luminosity_distance', latex_label='$D_L$', unit=None, boundary=None)
17:26 INFO    : KNphi=Uniform(minimum=15.0, maximum=75.0, name='KNphi', latex_label='$\\Phi$', unit=None, boundary=None)
17:26 INFO    : KNtheta=Uniform(minimum=0.0, maximum=90.0, name='KNtheta', latex_label='$\\Theta$', unit=None, boundary=None)
17:26 INFO    : inclination_EM=Sine(minimum=0.0, maximum=1.5707963267948966, name='inclination_EM', latex_label='$\\iota$', unit=None, boundary=None)
17:26 INFO    : timeshift=Uniform(minimum=-2.0, maximum=0.0, name='timeshift', latex_label='$t_0$', unit=None, boundary=None)
17:26 INFO    : log10_mej_dyn=Uniform(minimum=-3.0, maximum=-1.0, name='log10_mej_dyn', latex_label='$\\log_{10}M^{\\rm{dyn}}_{\\rm{ej}}$', unit=None, boundary=None)
17:26 INFO    : log10_mej_wind=Uniform(minimum=-3.0, maximum=-0.5, name='log10_mej_wind', latex_label='$\\log_{10}M^{\\rm{wind}}_{\\rm{ej}}$', unit=None, boundary=None)
17:26 INFO    : Ebv=0.0
17:26 INFO    : Analysis likelihood class: <class 'nmma.em.likelihood.OpticalLightCurve'>
17:26 INFO    : Analysis likelihood noise evidence: 0.0
17:26 INFO    : Single likelihood evaluation took 8.608e-02 s
17:26 WARNING : Supplied argument 'queue_size' not an argument of 'Pymultinest', removing.
17:26 WARNING : Supplied argument 'check_point_delta_t' not an argument of 'Pymultinest', removing.
17:26 INFO    : Global meta data was removed from the result object for compatibility. Use the `BILBY_INCLUDE_GLOBAL_METADATA` environment variable to include it. This behaviour will be removed in a future release. For more details see: https://bilby-dev.github.io/bilby/faq.html#global-meta-data
17:26 WARNING : Using cached result
17:26 INFO    : Summary of results:
nsamples: 1500
ln_noise_evidence:  0.000
ln_evidence: -77.483 +/-  0.191
ln_bayes_factor: -77.483 +/-  0.191

17:26 INFO    : Writing samples file to /home/stu_jamsin/jamsin/grid_4_perday/4/minus6/minus6_4_posterior_samples.dat
17:41 INFO    : Running for label 'minus6_4', output will be saved to '/home/stu_jamsin/jamsin/grid_4_perday/4/minus6'
17:41 INFO    : Analysis priors:
17:41 INFO    : luminosity_distance=Uniform(minimum=0.0, maximum=200.0, name='luminosity_distance', latex_label='$D_L$', unit=None, boundary=None)
17:41 INFO    : KNphi=Uniform(minimum=15.0, maximum=75.0, name='KNphi', latex_label='$\\Phi$', unit=None, boundary=None)
17:41 INFO    : KNtheta=Uniform(minimum=0.0, maximum=90.0, name='KNtheta', latex_label='$\\Theta$', unit=None, boundary=None)
17:41 INFO    : inclination_EM=Sine(minimum=0.0, maximum=1.5707963267948966, name='inclination_EM', latex_label='$\\iota$', unit=None, boundary=None)
17:41 INFO    : timeshift=Uniform(minimum=-2.0, maximum=0.0, name='timeshift', latex_label='$t_0$', unit=None, boundary=None)
17:41 INFO    : log10_mej_dyn=Uniform(minimum=-3.0, maximum=-1.0, name='log10_mej_dyn', latex_label='$\\log_{10}M^{\\rm{dyn}}_{\\rm{ej}}$', unit=None, boundary=None)
17:41 INFO    : log10_mej_wind=Uniform(minimum=-3.0, maximum=-0.5, name='log10_mej_wind', latex_label='$\\log_{10}M^{\\rm{wind}}_{\\rm{ej}}$', unit=None, boundary=None)
17:41 INFO    : Ebv=0.0
17:41 INFO    : Analysis likelihood class: <class 'nmma.em.likelihood.OpticalLightCurve'>
17:41 INFO    : Analysis likelihood noise evidence: 0.0
17:41 INFO    : Single likelihood evaluation took 7.865e-02 s
17:41 WARNING : Supplied argument 'queue_size' not an argument of 'Pymultinest', removing.
17:41 WARNING : Supplied argument 'check_point_delta_t' not an argument of 'Pymultinest', removing.
17:41 INFO    : Global meta data was removed from the result object for compatibility. Use the `BILBY_INCLUDE_GLOBAL_METADATA` environment variable to include it. This behaviour will be removed in a future release. For more details see: https://bilby-dev.github.io/bilby/faq.html#global-meta-data
17:41 WARNING : Using cached result
17:41 INFO    : Summary of results:
nsamples: 1500
ln_noise_evidence:  0.000
ln_evidence: -77.483 +/-  0.191
ln_bayes_factor: -77.483 +/-  0.191

17:41 INFO    : Writing samples file to /home/stu_jamsin/jamsin/grid_4_perday/4/minus6/minus6_4_posterior_samples.dat
