02:08 INFO    : Running for label 'minus7_3', output will be saved to '/home/stu_jamsin/jamsin/test_v2/3/minus7'
02:08 INFO    : Analysis priors:
02:08 INFO    : luminosity_distance=Uniform(minimum=0.0, maximum=200.0, name='luminosity_distance', latex_label='$D_L$', unit=None, boundary=None)
02:08 INFO    : KNphi=Uniform(minimum=15.0, maximum=75.0, name='KNphi', latex_label='$\\Phi$', unit=None, boundary=None)
02:08 INFO    : KNtheta=Uniform(minimum=0.0, maximum=90.0, name='KNtheta', latex_label='$\\Theta$', unit=None, boundary=None)
02:08 INFO    : inclination_EM=Sine(minimum=0.0, maximum=1.5707963267948966, name='inclination_EM', latex_label='$\\iota$', unit=None, boundary=None)
02:08 INFO    : timeshift=Uniform(minimum=-2.0, maximum=0.0, name='timeshift', latex_label='$t_0$', unit=None, boundary=None)
02:08 INFO    : log10_mej_dyn=Uniform(minimum=-3.0, maximum=-1.0, name='log10_mej_dyn', latex_label='$\\log_{10}M^{\\rm{dyn}}_{\\rm{ej}}$', unit=None, boundary=None)
02:08 INFO    : log10_mej_wind=Uniform(minimum=-3.0, maximum=-0.5, name='log10_mej_wind', latex_label='$\\log_{10}M^{\\rm{wind}}_{\\rm{ej}}$', unit=None, boundary=None)
02:08 INFO    : Ebv=0.0
02:08 INFO    : Analysis likelihood class: <class 'nmma.em.likelihood.OpticalLightCurve'>
02:08 INFO    : Analysis likelihood noise evidence: 0.0
02:08 INFO    : Single likelihood evaluation took 1.189e-01 s
02:08 WARNING : Supplied argument 'queue_size' not an argument of 'Pymultinest', removing.
02:08 WARNING : Supplied argument 'check_point_delta_t' not an argument of 'Pymultinest', removing.
02:08 INFO    : Using sampler Pymultinest with kwargs {'importance_nested_sampling': False, 'resume': True, 'verbose': True, 'sampling_efficiency': 'parameter', 'n_live_points': 512, 'n_params': 7, 'n_clustering_params': None, 'wrapped_params': None, 'multimodal': True, 'const_efficiency_mode': False, 'evidence_tolerance': 0.5, 'n_iter_before_update': 100, 'null_log_evidence': -1e+90, 'max_modes': 100, 'mode_tolerance': -1e+90, 'seed': 42, 'context': 0, 'write_output': True, 'log_zero': -1e+100, 'max_iter': 0, 'init_MPI': False, 'dump_callback': <bound method Pymultinest._dump_callback of <bilby.core.sampler.pymultinest.Pymultinest object at 0xdeb55e5b370>>}
02:08 INFO    : Global meta data was removed from the result object for compatibility. Use the `BILBY_INCLUDE_GLOBAL_METADATA` environment variable to include it. This behaviour will be removed in a future release. For more details see: https://bilby-dev.github.io/bilby/faq.html#global-meta-data
02:08 INFO    : Using temporary file /tmp/tmpwdn8iuh6
02:12 INFO    : Overwriting /home/stu_jamsin/jamsin/test_v2/3/minus7/pm_minus7_3/ with /tmp/tmpwdn8iuh6/
02:15 INFO    : Overwriting /home/stu_jamsin/jamsin/test_v2/3/minus7/pm_minus7_3/ with /tmp/tmpwdn8iuh6/
02:18 INFO    : Overwriting /home/stu_jamsin/jamsin/test_v2/3/minus7/pm_minus7_3/ with /tmp/tmpwdn8iuh6/
02:22 INFO    : Overwriting /home/stu_jamsin/jamsin/test_v2/3/minus7/pm_minus7_3/ with /tmp/tmpwdn8iuh6/
02:26 INFO    : Overwriting /home/stu_jamsin/jamsin/test_v2/3/minus7/pm_minus7_3/ with /tmp/tmpwdn8iuh6/
02:30 INFO    : Overwriting /home/stu_jamsin/jamsin/test_v2/3/minus7/pm_minus7_3/ with /tmp/tmpwdn8iuh6/
02:34 INFO    : Overwriting /home/stu_jamsin/jamsin/test_v2/3/minus7/pm_minus7_3/ with /tmp/tmpwdn8iuh6/
02:37 INFO    : Overwriting /home/stu_jamsin/jamsin/test_v2/3/minus7/pm_minus7_3/ with /tmp/tmpwdn8iuh6/
02:37 INFO    : Overwriting /home/stu_jamsin/jamsin/test_v2/3/minus7/pm_minus7_3/ with /tmp/tmpwdn8iuh6/
02:37 INFO    : Overwriting /home/stu_jamsin/jamsin/test_v2/3/minus7/pm_minus7_3/ with /tmp/tmpwdn8iuh6/
02:37 INFO    : Sampling time: 0:28:59.343401
02:37 INFO    : Summary of results:
nsamples: 2937
ln_noise_evidence:  0.000
ln_evidence: -87.116 +/-  0.151
ln_bayes_factor: -87.116 +/-  0.151

02:37 INFO    : Writing samples file to /home/stu_jamsin/jamsin/test_v2/3/minus7/minus7_3_posterior_samples.dat
