17:12 INFO    : Running for label 'minus1_12', output will be saved to '/home/stu_jamsin/jamsin/grid_4_perday/12/minus1'
17:12 INFO    : Analysis priors:
17:12 INFO    : luminosity_distance=Uniform(minimum=0.0, maximum=200.0, name='luminosity_distance', latex_label='$D_L$', unit=None, boundary=None)
17:12 INFO    : KNphi=Uniform(minimum=15.0, maximum=75.0, name='KNphi', latex_label='$\\Phi$', unit=None, boundary=None)
17:12 INFO    : KNtheta=Uniform(minimum=0.0, maximum=90.0, name='KNtheta', latex_label='$\\Theta$', unit=None, boundary=None)
17:12 INFO    : inclination_EM=Sine(minimum=0.0, maximum=1.5707963267948966, name='inclination_EM', latex_label='$\\iota$', unit=None, boundary=None)
17:12 INFO    : timeshift=Uniform(minimum=-2.0, maximum=0.0, name='timeshift', latex_label='$t_0$', unit=None, boundary=None)
17:12 INFO    : log10_mej_dyn=Uniform(minimum=-3.0, maximum=-1.0, name='log10_mej_dyn', latex_label='$\\log_{10}M^{\\rm{dyn}}_{\\rm{ej}}$', unit=None, boundary=None)
17:12 INFO    : log10_mej_wind=Uniform(minimum=-3.0, maximum=-0.5, name='log10_mej_wind', latex_label='$\\log_{10}M^{\\rm{wind}}_{\\rm{ej}}$', unit=None, boundary=None)
17:12 INFO    : Ebv=0.0
17:12 INFO    : Analysis likelihood class: <class 'nmma.em.likelihood.OpticalLightCurve'>
17:12 INFO    : Analysis likelihood noise evidence: 0.0
17:12 INFO    : Single likelihood evaluation took 1.412e-01 s
17:12 WARNING : Supplied argument 'queue_size' not an argument of 'Pymultinest', removing.
17:12 WARNING : Supplied argument 'check_point_delta_t' not an argument of 'Pymultinest', removing.
17:12 INFO    : Using sampler Pymultinest with kwargs {'importance_nested_sampling': False, 'resume': True, 'verbose': True, 'sampling_efficiency': 'parameter', 'n_live_points': 256, 'n_params': 7, 'n_clustering_params': None, 'wrapped_params': None, 'multimodal': True, 'const_efficiency_mode': False, 'evidence_tolerance': 0.5, 'n_iter_before_update': 100, 'null_log_evidence': -1e+90, 'max_modes': 100, 'mode_tolerance': -1e+90, 'seed': 42, 'context': 0, 'write_output': True, 'log_zero': -1e+100, 'max_iter': 0, 'init_MPI': False, 'dump_callback': <bound method Pymultinest._dump_callback of <bilby.core.sampler.pymultinest.Pymultinest object at 0xc983cfd8d60>>}
17:12 INFO    : Global meta data was removed from the result object for compatibility. Use the `BILBY_INCLUDE_GLOBAL_METADATA` environment variable to include it. This behaviour will be removed in a future release. For more details see: https://bilby-dev.github.io/bilby/faq.html#global-meta-data
17:12 INFO    : Using temporary file /tmp/tmp6g56x7on
17:17 INFO    : Overwriting /home/stu_jamsin/jamsin/grid_4_perday/12/minus1/pm_minus1_12/ with /tmp/tmp6g56x7on/
17:24 INFO    : Overwriting /home/stu_jamsin/jamsin/grid_4_perday/12/minus1/pm_minus1_12/ with /tmp/tmp6g56x7on/
17:32 INFO    : Overwriting /home/stu_jamsin/jamsin/grid_4_perday/12/minus1/pm_minus1_12/ with /tmp/tmp6g56x7on/
17:32 INFO    : Overwriting /home/stu_jamsin/jamsin/grid_4_perday/12/minus1/pm_minus1_12/ with /tmp/tmp6g56x7on/
17:32 INFO    : Overwriting /home/stu_jamsin/jamsin/grid_4_perday/12/minus1/pm_minus1_12/ with /tmp/tmp6g56x7on/
17:32 INFO    : Sampling time: 0:19:53.503049
17:32 INFO    : Summary of results:
nsamples: 1427
ln_noise_evidence:  0.000
ln_evidence: -31.065 +/-  0.171
ln_bayes_factor: -31.065 +/-  0.171

17:32 INFO    : Writing samples file to /home/stu_jamsin/jamsin/grid_4_perday/12/minus1/minus1_12_posterior_samples.dat
13:08 INFO    : Running for label 'minus1_12', output will be saved to '/home/stu_jamsin/jamsin/grid_4_perday/12/minus1'
16:50 INFO    : Running for label 'minus1_12', output will be saved to '/home/stu_jamsin/jamsin/grid_4_perday/12/minus1'
16:50 INFO    : Analysis priors:
16:50 INFO    : luminosity_distance=Uniform(minimum=0.0, maximum=200.0, name='luminosity_distance', latex_label='$D_L$', unit=None, boundary=None)
16:50 INFO    : KNphi=Uniform(minimum=15.0, maximum=75.0, name='KNphi', latex_label='$\\Phi$', unit=None, boundary=None)
16:50 INFO    : KNtheta=Uniform(minimum=0.0, maximum=90.0, name='KNtheta', latex_label='$\\Theta$', unit=None, boundary=None)
16:50 INFO    : inclination_EM=Sine(minimum=0.0, maximum=1.5707963267948966, name='inclination_EM', latex_label='$\\iota$', unit=None, boundary=None)
16:50 INFO    : timeshift=Uniform(minimum=-2.0, maximum=0.0, name='timeshift', latex_label='$t_0$', unit=None, boundary=None)
16:50 INFO    : log10_mej_dyn=Uniform(minimum=-3.0, maximum=-1.0, name='log10_mej_dyn', latex_label='$\\log_{10}M^{\\rm{dyn}}_{\\rm{ej}}$', unit=None, boundary=None)
16:50 INFO    : log10_mej_wind=Uniform(minimum=-3.0, maximum=-0.5, name='log10_mej_wind', latex_label='$\\log_{10}M^{\\rm{wind}}_{\\rm{ej}}$', unit=None, boundary=None)
16:50 INFO    : Ebv=0.0
16:50 INFO    : Analysis likelihood class: <class 'nmma.em.likelihood.OpticalLightCurve'>
16:50 INFO    : Analysis likelihood noise evidence: 0.0
16:50 INFO    : Single likelihood evaluation took 1.026e-01 s
16:50 WARNING : Supplied argument 'queue_size' not an argument of 'Pymultinest', removing.
16:50 WARNING : Supplied argument 'check_point_delta_t' not an argument of 'Pymultinest', removing.
16:50 INFO    : Global meta data was removed from the result object for compatibility. Use the `BILBY_INCLUDE_GLOBAL_METADATA` environment variable to include it. This behaviour will be removed in a future release. For more details see: https://bilby-dev.github.io/bilby/faq.html#global-meta-data
16:50 WARNING : Using cached result
16:50 INFO    : Summary of results:
nsamples: 1427
ln_noise_evidence:  0.000
ln_evidence: -31.065 +/-  0.171
ln_bayes_factor: -31.065 +/-  0.171

16:50 INFO    : Writing samples file to /home/stu_jamsin/jamsin/grid_4_perday/12/minus1/minus1_12_posterior_samples.dat
16:52 INFO    : Running for label 'minus1_12', output will be saved to '/home/stu_jamsin/jamsin/grid_4_perday/12/minus1'
16:52 INFO    : Analysis priors:
16:52 INFO    : luminosity_distance=Uniform(minimum=0.0, maximum=200.0, name='luminosity_distance', latex_label='$D_L$', unit=None, boundary=None)
16:52 INFO    : KNphi=Uniform(minimum=15.0, maximum=75.0, name='KNphi', latex_label='$\\Phi$', unit=None, boundary=None)
16:52 INFO    : KNtheta=Uniform(minimum=0.0, maximum=90.0, name='KNtheta', latex_label='$\\Theta$', unit=None, boundary=None)
16:52 INFO    : inclination_EM=Sine(minimum=0.0, maximum=1.5707963267948966, name='inclination_EM', latex_label='$\\iota$', unit=None, boundary=None)
16:52 INFO    : timeshift=Uniform(minimum=-2.0, maximum=0.0, name='timeshift', latex_label='$t_0$', unit=None, boundary=None)
16:52 INFO    : log10_mej_dyn=Uniform(minimum=-3.0, maximum=-1.0, name='log10_mej_dyn', latex_label='$\\log_{10}M^{\\rm{dyn}}_{\\rm{ej}}$', unit=None, boundary=None)
16:52 INFO    : log10_mej_wind=Uniform(minimum=-3.0, maximum=-0.5, name='log10_mej_wind', latex_label='$\\log_{10}M^{\\rm{wind}}_{\\rm{ej}}$', unit=None, boundary=None)
16:52 INFO    : Ebv=0.0
16:52 INFO    : Analysis likelihood class: <class 'nmma.em.likelihood.OpticalLightCurve'>
16:52 INFO    : Analysis likelihood noise evidence: 0.0
16:52 INFO    : Single likelihood evaluation took 9.827e-02 s
16:52 WARNING : Supplied argument 'queue_size' not an argument of 'Pymultinest', removing.
16:52 WARNING : Supplied argument 'check_point_delta_t' not an argument of 'Pymultinest', removing.
16:52 INFO    : Global meta data was removed from the result object for compatibility. Use the `BILBY_INCLUDE_GLOBAL_METADATA` environment variable to include it. This behaviour will be removed in a future release. For more details see: https://bilby-dev.github.io/bilby/faq.html#global-meta-data
16:52 WARNING : Using cached result
16:52 INFO    : Summary of results:
nsamples: 1427
ln_noise_evidence:  0.000
ln_evidence: -31.065 +/-  0.171
ln_bayes_factor: -31.065 +/-  0.171

16:52 INFO    : Writing samples file to /home/stu_jamsin/jamsin/grid_4_perday/12/minus1/minus1_12_posterior_samples.dat
17:13 INFO    : Running for label 'minus1_12', output will be saved to '/home/stu_jamsin/jamsin/grid_4_perday/12/minus1'
17:13 INFO    : Analysis priors:
17:13 INFO    : luminosity_distance=Uniform(minimum=0.0, maximum=200.0, name='luminosity_distance', latex_label='$D_L$', unit=None, boundary=None)
17:13 INFO    : KNphi=Uniform(minimum=15.0, maximum=75.0, name='KNphi', latex_label='$\\Phi$', unit=None, boundary=None)
17:13 INFO    : KNtheta=Uniform(minimum=0.0, maximum=90.0, name='KNtheta', latex_label='$\\Theta$', unit=None, boundary=None)
17:13 INFO    : inclination_EM=Sine(minimum=0.0, maximum=1.5707963267948966, name='inclination_EM', latex_label='$\\iota$', unit=None, boundary=None)
17:13 INFO    : timeshift=Uniform(minimum=-2.0, maximum=0.0, name='timeshift', latex_label='$t_0$', unit=None, boundary=None)
17:13 INFO    : log10_mej_dyn=Uniform(minimum=-3.0, maximum=-1.0, name='log10_mej_dyn', latex_label='$\\log_{10}M^{\\rm{dyn}}_{\\rm{ej}}$', unit=None, boundary=None)
17:13 INFO    : log10_mej_wind=Uniform(minimum=-3.0, maximum=-0.5, name='log10_mej_wind', latex_label='$\\log_{10}M^{\\rm{wind}}_{\\rm{ej}}$', unit=None, boundary=None)
17:13 INFO    : Ebv=0.0
17:13 INFO    : Analysis likelihood class: <class 'nmma.em.likelihood.OpticalLightCurve'>
17:13 INFO    : Analysis likelihood noise evidence: 0.0
17:13 INFO    : Single likelihood evaluation took 5.678e-02 s
17:13 WARNING : Supplied argument 'queue_size' not an argument of 'Pymultinest', removing.
17:13 WARNING : Supplied argument 'check_point_delta_t' not an argument of 'Pymultinest', removing.
17:13 INFO    : Global meta data was removed from the result object for compatibility. Use the `BILBY_INCLUDE_GLOBAL_METADATA` environment variable to include it. This behaviour will be removed in a future release. For more details see: https://bilby-dev.github.io/bilby/faq.html#global-meta-data
17:13 WARNING : Using cached result
17:13 INFO    : Summary of results:
nsamples: 1427
ln_noise_evidence:  0.000
ln_evidence: -31.065 +/-  0.171
ln_bayes_factor: -31.065 +/-  0.171

17:13 INFO    : Writing samples file to /home/stu_jamsin/jamsin/grid_4_perday/12/minus1/minus1_12_posterior_samples.dat
17:16 INFO    : Running for label 'minus1_12', output will be saved to '/home/stu_jamsin/jamsin/grid_4_perday/12/minus1'
17:16 INFO    : Analysis priors:
17:16 INFO    : luminosity_distance=Uniform(minimum=0.0, maximum=200.0, name='luminosity_distance', latex_label='$D_L$', unit=None, boundary=None)
17:16 INFO    : KNphi=Uniform(minimum=15.0, maximum=75.0, name='KNphi', latex_label='$\\Phi$', unit=None, boundary=None)
17:16 INFO    : KNtheta=Uniform(minimum=0.0, maximum=90.0, name='KNtheta', latex_label='$\\Theta$', unit=None, boundary=None)
17:16 INFO    : inclination_EM=Sine(minimum=0.0, maximum=1.5707963267948966, name='inclination_EM', latex_label='$\\iota$', unit=None, boundary=None)
17:16 INFO    : timeshift=Uniform(minimum=-2.0, maximum=0.0, name='timeshift', latex_label='$t_0$', unit=None, boundary=None)
17:16 INFO    : log10_mej_dyn=Uniform(minimum=-3.0, maximum=-1.0, name='log10_mej_dyn', latex_label='$\\log_{10}M^{\\rm{dyn}}_{\\rm{ej}}$', unit=None, boundary=None)
17:16 INFO    : log10_mej_wind=Uniform(minimum=-3.0, maximum=-0.5, name='log10_mej_wind', latex_label='$\\log_{10}M^{\\rm{wind}}_{\\rm{ej}}$', unit=None, boundary=None)
17:16 INFO    : Ebv=0.0
17:16 INFO    : Analysis likelihood class: <class 'nmma.em.likelihood.OpticalLightCurve'>
17:16 INFO    : Analysis likelihood noise evidence: 0.0
17:17 INFO    : Single likelihood evaluation took 1.123e-01 s
17:17 WARNING : Supplied argument 'queue_size' not an argument of 'Pymultinest', removing.
17:17 WARNING : Supplied argument 'check_point_delta_t' not an argument of 'Pymultinest', removing.
17:17 INFO    : Global meta data was removed from the result object for compatibility. Use the `BILBY_INCLUDE_GLOBAL_METADATA` environment variable to include it. This behaviour will be removed in a future release. For more details see: https://bilby-dev.github.io/bilby/faq.html#global-meta-data
17:17 WARNING : Using cached result
17:17 INFO    : Summary of results:
nsamples: 1427
ln_noise_evidence:  0.000
ln_evidence: -31.065 +/-  0.171
ln_bayes_factor: -31.065 +/-  0.171

17:17 INFO    : Writing samples file to /home/stu_jamsin/jamsin/grid_4_perday/12/minus1/minus1_12_posterior_samples.dat
17:20 INFO    : Running for label 'minus1_12', output will be saved to '/home/stu_jamsin/jamsin/grid_4_perday/12/minus1'
17:20 INFO    : Analysis priors:
17:20 INFO    : luminosity_distance=Uniform(minimum=0.0, maximum=200.0, name='luminosity_distance', latex_label='$D_L$', unit=None, boundary=None)
17:20 INFO    : KNphi=Uniform(minimum=15.0, maximum=75.0, name='KNphi', latex_label='$\\Phi$', unit=None, boundary=None)
17:20 INFO    : KNtheta=Uniform(minimum=0.0, maximum=90.0, name='KNtheta', latex_label='$\\Theta$', unit=None, boundary=None)
17:20 INFO    : inclination_EM=Sine(minimum=0.0, maximum=1.5707963267948966, name='inclination_EM', latex_label='$\\iota$', unit=None, boundary=None)
17:20 INFO    : timeshift=Uniform(minimum=-2.0, maximum=0.0, name='timeshift', latex_label='$t_0$', unit=None, boundary=None)
17:20 INFO    : log10_mej_dyn=Uniform(minimum=-3.0, maximum=-1.0, name='log10_mej_dyn', latex_label='$\\log_{10}M^{\\rm{dyn}}_{\\rm{ej}}$', unit=None, boundary=None)
17:20 INFO    : log10_mej_wind=Uniform(minimum=-3.0, maximum=-0.5, name='log10_mej_wind', latex_label='$\\log_{10}M^{\\rm{wind}}_{\\rm{ej}}$', unit=None, boundary=None)
17:20 INFO    : Ebv=0.0
17:20 INFO    : Analysis likelihood class: <class 'nmma.em.likelihood.OpticalLightCurve'>
17:20 INFO    : Analysis likelihood noise evidence: 0.0
17:21 INFO    : Single likelihood evaluation took 1.046e-01 s
17:21 WARNING : Supplied argument 'queue_size' not an argument of 'Pymultinest', removing.
17:21 WARNING : Supplied argument 'check_point_delta_t' not an argument of 'Pymultinest', removing.
17:21 INFO    : Global meta data was removed from the result object for compatibility. Use the `BILBY_INCLUDE_GLOBAL_METADATA` environment variable to include it. This behaviour will be removed in a future release. For more details see: https://bilby-dev.github.io/bilby/faq.html#global-meta-data
17:21 WARNING : Using cached result
17:21 INFO    : Summary of results:
nsamples: 1427
ln_noise_evidence:  0.000
ln_evidence: -31.065 +/-  0.171
ln_bayes_factor: -31.065 +/-  0.171

17:21 INFO    : Writing samples file to /home/stu_jamsin/jamsin/grid_4_perday/12/minus1/minus1_12_posterior_samples.dat
17:23 INFO    : Running for label 'minus1_12', output will be saved to '/home/stu_jamsin/jamsin/grid_4_perday/12/minus1'
17:23 INFO    : Analysis priors:
17:23 INFO    : luminosity_distance=Uniform(minimum=0.0, maximum=200.0, name='luminosity_distance', latex_label='$D_L$', unit=None, boundary=None)
17:23 INFO    : KNphi=Uniform(minimum=15.0, maximum=75.0, name='KNphi', latex_label='$\\Phi$', unit=None, boundary=None)
17:23 INFO    : KNtheta=Uniform(minimum=0.0, maximum=90.0, name='KNtheta', latex_label='$\\Theta$', unit=None, boundary=None)
17:23 INFO    : inclination_EM=Sine(minimum=0.0, maximum=1.5707963267948966, name='inclination_EM', latex_label='$\\iota$', unit=None, boundary=None)
17:23 INFO    : timeshift=Uniform(minimum=-2.0, maximum=0.0, name='timeshift', latex_label='$t_0$', unit=None, boundary=None)
17:23 INFO    : log10_mej_dyn=Uniform(minimum=-3.0, maximum=-1.0, name='log10_mej_dyn', latex_label='$\\log_{10}M^{\\rm{dyn}}_{\\rm{ej}}$', unit=None, boundary=None)
17:23 INFO    : log10_mej_wind=Uniform(minimum=-3.0, maximum=-0.5, name='log10_mej_wind', latex_label='$\\log_{10}M^{\\rm{wind}}_{\\rm{ej}}$', unit=None, boundary=None)
17:23 INFO    : Ebv=0.0
17:23 INFO    : Analysis likelihood class: <class 'nmma.em.likelihood.OpticalLightCurve'>
17:23 INFO    : Analysis likelihood noise evidence: 0.0
17:24 INFO    : Single likelihood evaluation took 8.680e-02 s
17:24 WARNING : Supplied argument 'queue_size' not an argument of 'Pymultinest', removing.
17:24 WARNING : Supplied argument 'check_point_delta_t' not an argument of 'Pymultinest', removing.
17:24 INFO    : Global meta data was removed from the result object for compatibility. Use the `BILBY_INCLUDE_GLOBAL_METADATA` environment variable to include it. This behaviour will be removed in a future release. For more details see: https://bilby-dev.github.io/bilby/faq.html#global-meta-data
17:24 WARNING : Using cached result
17:24 INFO    : Summary of results:
nsamples: 1427
ln_noise_evidence:  0.000
ln_evidence: -31.065 +/-  0.171
ln_bayes_factor: -31.065 +/-  0.171

17:24 INFO    : Writing samples file to /home/stu_jamsin/jamsin/grid_4_perday/12/minus1/minus1_12_posterior_samples.dat
17:38 INFO    : Running for label 'minus1_12', output will be saved to '/home/stu_jamsin/jamsin/grid_4_perday/12/minus1'
17:38 INFO    : Analysis priors:
17:38 INFO    : luminosity_distance=Uniform(minimum=0.0, maximum=200.0, name='luminosity_distance', latex_label='$D_L$', unit=None, boundary=None)
17:38 INFO    : KNphi=Uniform(minimum=15.0, maximum=75.0, name='KNphi', latex_label='$\\Phi$', unit=None, boundary=None)
17:38 INFO    : KNtheta=Uniform(minimum=0.0, maximum=90.0, name='KNtheta', latex_label='$\\Theta$', unit=None, boundary=None)
17:38 INFO    : inclination_EM=Sine(minimum=0.0, maximum=1.5707963267948966, name='inclination_EM', latex_label='$\\iota$', unit=None, boundary=None)
17:38 INFO    : timeshift=Uniform(minimum=-2.0, maximum=0.0, name='timeshift', latex_label='$t_0$', unit=None, boundary=None)
17:38 INFO    : log10_mej_dyn=Uniform(minimum=-3.0, maximum=-1.0, name='log10_mej_dyn', latex_label='$\\log_{10}M^{\\rm{dyn}}_{\\rm{ej}}$', unit=None, boundary=None)
17:38 INFO    : log10_mej_wind=Uniform(minimum=-3.0, maximum=-0.5, name='log10_mej_wind', latex_label='$\\log_{10}M^{\\rm{wind}}_{\\rm{ej}}$', unit=None, boundary=None)
17:38 INFO    : Ebv=0.0
17:38 INFO    : Analysis likelihood class: <class 'nmma.em.likelihood.OpticalLightCurve'>
17:38 INFO    : Analysis likelihood noise evidence: 0.0
17:39 INFO    : Single likelihood evaluation took 1.182e-01 s
17:39 WARNING : Supplied argument 'queue_size' not an argument of 'Pymultinest', removing.
17:39 WARNING : Supplied argument 'check_point_delta_t' not an argument of 'Pymultinest', removing.
17:39 INFO    : Global meta data was removed from the result object for compatibility. Use the `BILBY_INCLUDE_GLOBAL_METADATA` environment variable to include it. This behaviour will be removed in a future release. For more details see: https://bilby-dev.github.io/bilby/faq.html#global-meta-data
17:39 WARNING : Using cached result
17:39 INFO    : Summary of results:
nsamples: 1427
ln_noise_evidence:  0.000
ln_evidence: -31.065 +/-  0.171
ln_bayes_factor: -31.065 +/-  0.171

17:39 INFO    : Writing samples file to /home/stu_jamsin/jamsin/grid_4_perday/12/minus1/minus1_12_posterior_samples.dat
