21:32 INFO    : Running for label 'minus3_21', output will be saved to '/home/stu_jamsin/jamsin/test_v2/21/minus3'
21:32 INFO    : Analysis priors:
21:32 INFO    : luminosity_distance=Uniform(minimum=0.0, maximum=200.0, name='luminosity_distance', latex_label='$D_L$', unit=None, boundary=None)
21:32 INFO    : KNphi=Uniform(minimum=15.0, maximum=75.0, name='KNphi', latex_label='$\\Phi$', unit=None, boundary=None)
21:32 INFO    : KNtheta=Uniform(minimum=0.0, maximum=90.0, name='KNtheta', latex_label='$\\Theta$', unit=None, boundary=None)
21:32 INFO    : inclination_EM=Sine(minimum=0.0, maximum=1.5707963267948966, name='inclination_EM', latex_label='$\\iota$', unit=None, boundary=None)
21:32 INFO    : timeshift=Uniform(minimum=-2.0, maximum=0.0, name='timeshift', latex_label='$t_0$', unit=None, boundary=None)
21:32 INFO    : log10_mej_dyn=Uniform(minimum=-3.0, maximum=-1.0, name='log10_mej_dyn', latex_label='$\\log_{10}M^{\\rm{dyn}}_{\\rm{ej}}$', unit=None, boundary=None)
21:32 INFO    : log10_mej_wind=Uniform(minimum=-3.0, maximum=-0.5, name='log10_mej_wind', latex_label='$\\log_{10}M^{\\rm{wind}}_{\\rm{ej}}$', unit=None, boundary=None)
21:32 INFO    : Ebv=0.0
21:32 INFO    : Analysis likelihood class: <class 'nmma.em.likelihood.OpticalLightCurve'>
21:32 INFO    : Analysis likelihood noise evidence: 0.0
21:32 INFO    : Single likelihood evaluation took 1.217e-01 s
21:32 WARNING : Supplied argument 'queue_size' not an argument of 'Pymultinest', removing.
21:32 WARNING : Supplied argument 'check_point_delta_t' not an argument of 'Pymultinest', removing.
21:32 INFO    : Using sampler Pymultinest with kwargs {'importance_nested_sampling': False, 'resume': True, 'verbose': True, 'sampling_efficiency': 'parameter', 'n_live_points': 512, 'n_params': 7, 'n_clustering_params': None, 'wrapped_params': None, 'multimodal': True, 'const_efficiency_mode': False, 'evidence_tolerance': 0.5, 'n_iter_before_update': 100, 'null_log_evidence': -1e+90, 'max_modes': 100, 'mode_tolerance': -1e+90, 'seed': 42, 'context': 0, 'write_output': True, 'log_zero': -1e+100, 'max_iter': 0, 'init_MPI': False, 'dump_callback': <bound method Pymultinest._dump_callback of <bilby.core.sampler.pymultinest.Pymultinest object at 0x107e659efa60>>}
21:32 INFO    : Global meta data was removed from the result object for compatibility. Use the `BILBY_INCLUDE_GLOBAL_METADATA` environment variable to include it. This behaviour will be removed in a future release. For more details see: https://bilby-dev.github.io/bilby/faq.html#global-meta-data
21:32 INFO    : Using temporary file /tmp/tmpqqf2a984
21:36 INFO    : Overwriting /home/stu_jamsin/jamsin/test_v2/21/minus3/pm_minus3_21/ with /tmp/tmpqqf2a984/
21:41 INFO    : Overwriting /home/stu_jamsin/jamsin/test_v2/21/minus3/pm_minus3_21/ with /tmp/tmpqqf2a984/
21:48 INFO    : Overwriting /home/stu_jamsin/jamsin/test_v2/21/minus3/pm_minus3_21/ with /tmp/tmpqqf2a984/
21:58 INFO    : Overwriting /home/stu_jamsin/jamsin/test_v2/21/minus3/pm_minus3_21/ with /tmp/tmpqqf2a984/
22:08 INFO    : Overwriting /home/stu_jamsin/jamsin/test_v2/21/minus3/pm_minus3_21/ with /tmp/tmpqqf2a984/
22:19 INFO    : Overwriting /home/stu_jamsin/jamsin/test_v2/21/minus3/pm_minus3_21/ with /tmp/tmpqqf2a984/
22:19 INFO    : Overwriting /home/stu_jamsin/jamsin/test_v2/21/minus3/pm_minus3_21/ with /tmp/tmpqqf2a984/
22:19 INFO    : Overwriting /home/stu_jamsin/jamsin/test_v2/21/minus3/pm_minus3_21/ with /tmp/tmpqqf2a984/
22:19 INFO    : Sampling time: 0:47:09.082439
22:19 INFO    : Summary of results:
nsamples: 2775
ln_noise_evidence:  0.000
ln_evidence: -69.899 +/-  0.124
ln_bayes_factor: -69.899 +/-  0.124

22:19 INFO    : Writing samples file to /home/stu_jamsin/jamsin/test_v2/21/minus3/minus3_21_posterior_samples.dat
