11:47 INFO    : Running for label '6', output will be saved to '/home/stu_jamsin/jamsin/condor_synth_1t0_no_noise/6'
11:47 INFO    : Analysis priors:
11:47 INFO    : luminosity_distance=Uniform(minimum=0.0, maximum=200.0, name='luminosity_distance', latex_label='$D_L$', unit=None, boundary=None)
11:47 INFO    : KNphi=Uniform(minimum=15.0, maximum=75.0, name='KNphi', latex_label='$\\Phi$', unit=None, boundary=None)
11:47 INFO    : KNtheta=Uniform(minimum=0.0, maximum=90.0, name='KNtheta', latex_label='$\\Phi$', unit=None, boundary=None)
11:47 INFO    : inclination_EM=Sine(minimum=0.0, maximum=1.5707963267948966, name='inclination_EM', latex_label='$\\iota$', unit=None, boundary=None)
11:47 INFO    : timeshift=Uniform(minimum=-1.0, maximum=0.0, name='timeshift', latex_label='$t_0$', unit=None, boundary=None)
11:47 INFO    : log10_mej_dyn=Uniform(minimum=-3.0, maximum=-1.0, name='log10_mej_dyn', latex_label='$\\log_{10}M^{\\rm{dyn}}_{\\rm{ej}}$', unit=None, boundary=None)
11:47 INFO    : log10_mej_wind=Uniform(minimum=-3.0, maximum=-0.5, name='log10_mej_wind', latex_label='$\\log_{10}M^{\\rm{wind}}_{\\rm{ej}}$', unit=None, boundary=None)
11:47 INFO    : Ebv=0.0
11:47 INFO    : Analysis likelihood class: <class 'nmma.em.likelihood.OpticalLightCurve'>
11:47 INFO    : Analysis likelihood noise evidence: 0.0
11:47 INFO    : Single likelihood evaluation took 1.003e-01 s
11:47 WARNING : Supplied argument 'queue_size' not an argument of 'Pymultinest', removing.
11:47 WARNING : Supplied argument 'check_point_delta_t' not an argument of 'Pymultinest', removing.
11:47 INFO    : Using sampler Pymultinest with kwargs {'importance_nested_sampling': False, 'resume': True, 'verbose': True, 'sampling_efficiency': 'parameter', 'n_live_points': 2048, 'n_params': 7, 'n_clustering_params': None, 'wrapped_params': None, 'multimodal': True, 'const_efficiency_mode': False, 'evidence_tolerance': 0.5, 'n_iter_before_update': 100, 'null_log_evidence': -1e+90, 'max_modes': 100, 'mode_tolerance': -1e+90, 'seed': 42, 'context': 0, 'write_output': True, 'log_zero': -1e+100, 'max_iter': 0, 'init_MPI': False, 'dump_callback': <bound method Pymultinest._dump_callback of <bilby.core.sampler.pymultinest.Pymultinest object at 0xbe7b9dad570>>}
11:47 INFO    : Global meta data was removed from the result object for compatibility. Use the `BILBY_INCLUDE_GLOBAL_METADATA` environment variable to include it. This behaviour will be removed in a future release. For more details see: https://bilby-dev.github.io/bilby/faq.html#global-meta-data
11:47 INFO    : Using temporary file /tmp/tmp6fn_zerl
11:52 INFO    : Overwriting /home/stu_jamsin/jamsin/condor_synth_1t0_no_noise/6/pm_6/ with /tmp/tmp6fn_zerl/
11:54 INFO    : Overwriting /home/stu_jamsin/jamsin/condor_synth_1t0_no_noise/6/pm_6/ with /tmp/tmp6fn_zerl/
11:57 INFO    : Overwriting /home/stu_jamsin/jamsin/condor_synth_1t0_no_noise/6/pm_6/ with /tmp/tmp6fn_zerl/
11:59 INFO    : Overwriting /home/stu_jamsin/jamsin/condor_synth_1t0_no_noise/6/pm_6/ with /tmp/tmp6fn_zerl/
12:02 INFO    : Overwriting /home/stu_jamsin/jamsin/condor_synth_1t0_no_noise/6/pm_6/ with /tmp/tmp6fn_zerl/
12:05 INFO    : Overwriting /home/stu_jamsin/jamsin/condor_synth_1t0_no_noise/6/pm_6/ with /tmp/tmp6fn_zerl/
12:08 INFO    : Overwriting /home/stu_jamsin/jamsin/condor_synth_1t0_no_noise/6/pm_6/ with /tmp/tmp6fn_zerl/
12:11 INFO    : Overwriting /home/stu_jamsin/jamsin/condor_synth_1t0_no_noise/6/pm_6/ with /tmp/tmp6fn_zerl/
12:14 INFO    : Overwriting /home/stu_jamsin/jamsin/condor_synth_1t0_no_noise/6/pm_6/ with /tmp/tmp6fn_zerl/
12:18 INFO    : Overwriting /home/stu_jamsin/jamsin/condor_synth_1t0_no_noise/6/pm_6/ with /tmp/tmp6fn_zerl/
12:22 INFO    : Overwriting /home/stu_jamsin/jamsin/condor_synth_1t0_no_noise/6/pm_6/ with /tmp/tmp6fn_zerl/
12:26 INFO    : Overwriting /home/stu_jamsin/jamsin/condor_synth_1t0_no_noise/6/pm_6/ with /tmp/tmp6fn_zerl/
12:30 INFO    : Overwriting /home/stu_jamsin/jamsin/condor_synth_1t0_no_noise/6/pm_6/ with /tmp/tmp6fn_zerl/
12:34 INFO    : Overwriting /home/stu_jamsin/jamsin/condor_synth_1t0_no_noise/6/pm_6/ with /tmp/tmp6fn_zerl/
12:38 INFO    : Overwriting /home/stu_jamsin/jamsin/condor_synth_1t0_no_noise/6/pm_6/ with /tmp/tmp6fn_zerl/
12:42 INFO    : Overwriting /home/stu_jamsin/jamsin/condor_synth_1t0_no_noise/6/pm_6/ with /tmp/tmp6fn_zerl/
12:47 INFO    : Overwriting /home/stu_jamsin/jamsin/condor_synth_1t0_no_noise/6/pm_6/ with /tmp/tmp6fn_zerl/
12:51 INFO    : Overwriting /home/stu_jamsin/jamsin/condor_synth_1t0_no_noise/6/pm_6/ with /tmp/tmp6fn_zerl/
12:55 INFO    : Overwriting /home/stu_jamsin/jamsin/condor_synth_1t0_no_noise/6/pm_6/ with /tmp/tmp6fn_zerl/
13:00 INFO    : Overwriting /home/stu_jamsin/jamsin/condor_synth_1t0_no_noise/6/pm_6/ with /tmp/tmp6fn_zerl/
13:03 INFO    : Overwriting /home/stu_jamsin/jamsin/condor_synth_1t0_no_noise/6/pm_6/ with /tmp/tmp6fn_zerl/
13:07 INFO    : Overwriting /home/stu_jamsin/jamsin/condor_synth_1t0_no_noise/6/pm_6/ with /tmp/tmp6fn_zerl/
13:07 INFO    : Overwriting /home/stu_jamsin/jamsin/condor_synth_1t0_no_noise/6/pm_6/ with /tmp/tmp6fn_zerl/
13:07 INFO    : Overwriting /home/stu_jamsin/jamsin/condor_synth_1t0_no_noise/6/pm_6/ with /tmp/tmp6fn_zerl/
13:07 INFO    : Sampling time: 1:19:54.249529
13:07 INFO    : Summary of results:
nsamples: 12812
ln_noise_evidence:  0.000
ln_evidence: -30.282 +/-  0.056
ln_bayes_factor: -30.282 +/-  0.056

13:07 INFO    : Writing samples file to /home/stu_jamsin/jamsin/condor_synth_1t0_no_noise/6/6_posterior_samples.dat
