17:28 INFO    : Running for label 'minus2_13', output will be saved to '/home/stu_jamsin/jamsin/grid_4_perday/13/minus2'
17:28 INFO    : Analysis priors:
17:28 INFO    : luminosity_distance=Uniform(minimum=0.0, maximum=200.0, name='luminosity_distance', latex_label='$D_L$', unit=None, boundary=None)
17:28 INFO    : KNphi=Uniform(minimum=15.0, maximum=75.0, name='KNphi', latex_label='$\\Phi$', unit=None, boundary=None)
17:28 INFO    : KNtheta=Uniform(minimum=0.0, maximum=90.0, name='KNtheta', latex_label='$\\Theta$', unit=None, boundary=None)
17:28 INFO    : inclination_EM=Sine(minimum=0.0, maximum=1.5707963267948966, name='inclination_EM', latex_label='$\\iota$', unit=None, boundary=None)
17:28 INFO    : timeshift=Uniform(minimum=-2.0, maximum=0.0, name='timeshift', latex_label='$t_0$', unit=None, boundary=None)
17:28 INFO    : log10_mej_dyn=Uniform(minimum=-3.0, maximum=-1.0, name='log10_mej_dyn', latex_label='$\\log_{10}M^{\\rm{dyn}}_{\\rm{ej}}$', unit=None, boundary=None)
17:28 INFO    : log10_mej_wind=Uniform(minimum=-3.0, maximum=-0.5, name='log10_mej_wind', latex_label='$\\log_{10}M^{\\rm{wind}}_{\\rm{ej}}$', unit=None, boundary=None)
17:28 INFO    : Ebv=0.0
17:28 INFO    : Analysis likelihood class: <class 'nmma.em.likelihood.OpticalLightCurve'>
17:28 INFO    : Analysis likelihood noise evidence: 0.0
17:29 INFO    : Single likelihood evaluation took 2.170e-01 s
17:29 WARNING : Supplied argument 'queue_size' not an argument of 'Pymultinest', removing.
17:29 WARNING : Supplied argument 'check_point_delta_t' not an argument of 'Pymultinest', removing.
17:29 INFO    : Using sampler Pymultinest with kwargs {'importance_nested_sampling': False, 'resume': True, 'verbose': True, 'sampling_efficiency': 'parameter', 'n_live_points': 256, 'n_params': 7, 'n_clustering_params': None, 'wrapped_params': None, 'multimodal': True, 'const_efficiency_mode': False, 'evidence_tolerance': 0.5, 'n_iter_before_update': 100, 'null_log_evidence': -1e+90, 'max_modes': 100, 'mode_tolerance': -1e+90, 'seed': 42, 'context': 0, 'write_output': True, 'log_zero': -1e+100, 'max_iter': 0, 'init_MPI': False, 'dump_callback': <bound method Pymultinest._dump_callback of <bilby.core.sampler.pymultinest.Pymultinest object at 0xb3d1103d600>>}
17:29 INFO    : Global meta data was removed from the result object for compatibility. Use the `BILBY_INCLUDE_GLOBAL_METADATA` environment variable to include it. This behaviour will be removed in a future release. For more details see: https://bilby-dev.github.io/bilby/faq.html#global-meta-data
17:29 INFO    : Using temporary file /tmp/tmpw1pyd_pw
17:34 INFO    : Overwriting /home/stu_jamsin/jamsin/grid_4_perday/13/minus2/pm_minus2_13/ with /tmp/tmpw1pyd_pw/
17:40 INFO    : Overwriting /home/stu_jamsin/jamsin/grid_4_perday/13/minus2/pm_minus2_13/ with /tmp/tmpw1pyd_pw/
17:44 INFO    : Overwriting /home/stu_jamsin/jamsin/grid_4_perday/13/minus2/pm_minus2_13/ with /tmp/tmpw1pyd_pw/
17:44 INFO    : Overwriting /home/stu_jamsin/jamsin/grid_4_perday/13/minus2/pm_minus2_13/ with /tmp/tmpw1pyd_pw/
17:44 INFO    : Overwriting /home/stu_jamsin/jamsin/grid_4_perday/13/minus2/pm_minus2_13/ with /tmp/tmpw1pyd_pw/
17:44 INFO    : Sampling time: 0:15:29.212162
17:44 INFO    : Summary of results:
nsamples: 1181
ln_noise_evidence:  0.000
ln_evidence: -38.654 +/-  0.163
ln_bayes_factor: -38.654 +/-  0.163

17:44 INFO    : Writing samples file to /home/stu_jamsin/jamsin/grid_4_perday/13/minus2/minus2_13_posterior_samples.dat
16:50 INFO    : Running for label 'minus2_13', output will be saved to '/home/stu_jamsin/jamsin/grid_4_perday/13/minus2'
16:50 INFO    : Analysis priors:
16:50 INFO    : luminosity_distance=Uniform(minimum=0.0, maximum=200.0, name='luminosity_distance', latex_label='$D_L$', unit=None, boundary=None)
16:50 INFO    : KNphi=Uniform(minimum=15.0, maximum=75.0, name='KNphi', latex_label='$\\Phi$', unit=None, boundary=None)
16:50 INFO    : KNtheta=Uniform(minimum=0.0, maximum=90.0, name='KNtheta', latex_label='$\\Theta$', unit=None, boundary=None)
16:50 INFO    : inclination_EM=Sine(minimum=0.0, maximum=1.5707963267948966, name='inclination_EM', latex_label='$\\iota$', unit=None, boundary=None)
16:50 INFO    : timeshift=Uniform(minimum=-2.0, maximum=0.0, name='timeshift', latex_label='$t_0$', unit=None, boundary=None)
16:50 INFO    : log10_mej_dyn=Uniform(minimum=-3.0, maximum=-1.0, name='log10_mej_dyn', latex_label='$\\log_{10}M^{\\rm{dyn}}_{\\rm{ej}}$', unit=None, boundary=None)
16:50 INFO    : log10_mej_wind=Uniform(minimum=-3.0, maximum=-0.5, name='log10_mej_wind', latex_label='$\\log_{10}M^{\\rm{wind}}_{\\rm{ej}}$', unit=None, boundary=None)
16:50 INFO    : Ebv=0.0
16:50 INFO    : Analysis likelihood class: <class 'nmma.em.likelihood.OpticalLightCurve'>
16:50 INFO    : Analysis likelihood noise evidence: 0.0
16:51 INFO    : Single likelihood evaluation took 1.116e-01 s
16:51 WARNING : Supplied argument 'queue_size' not an argument of 'Pymultinest', removing.
16:51 WARNING : Supplied argument 'check_point_delta_t' not an argument of 'Pymultinest', removing.
16:51 INFO    : Global meta data was removed from the result object for compatibility. Use the `BILBY_INCLUDE_GLOBAL_METADATA` environment variable to include it. This behaviour will be removed in a future release. For more details see: https://bilby-dev.github.io/bilby/faq.html#global-meta-data
16:51 WARNING : Using cached result
16:51 INFO    : Summary of results:
nsamples: 1181
ln_noise_evidence:  0.000
ln_evidence: -38.654 +/-  0.163
ln_bayes_factor: -38.654 +/-  0.163

16:51 INFO    : Writing samples file to /home/stu_jamsin/jamsin/grid_4_perday/13/minus2/minus2_13_posterior_samples.dat
16:53 INFO    : Running for label 'minus2_13', output will be saved to '/home/stu_jamsin/jamsin/grid_4_perday/13/minus2'
16:53 INFO    : Analysis priors:
16:53 INFO    : luminosity_distance=Uniform(minimum=0.0, maximum=200.0, name='luminosity_distance', latex_label='$D_L$', unit=None, boundary=None)
16:53 INFO    : KNphi=Uniform(minimum=15.0, maximum=75.0, name='KNphi', latex_label='$\\Phi$', unit=None, boundary=None)
16:53 INFO    : KNtheta=Uniform(minimum=0.0, maximum=90.0, name='KNtheta', latex_label='$\\Theta$', unit=None, boundary=None)
16:53 INFO    : inclination_EM=Sine(minimum=0.0, maximum=1.5707963267948966, name='inclination_EM', latex_label='$\\iota$', unit=None, boundary=None)
16:53 INFO    : timeshift=Uniform(minimum=-2.0, maximum=0.0, name='timeshift', latex_label='$t_0$', unit=None, boundary=None)
16:53 INFO    : log10_mej_dyn=Uniform(minimum=-3.0, maximum=-1.0, name='log10_mej_dyn', latex_label='$\\log_{10}M^{\\rm{dyn}}_{\\rm{ej}}$', unit=None, boundary=None)
16:53 INFO    : log10_mej_wind=Uniform(minimum=-3.0, maximum=-0.5, name='log10_mej_wind', latex_label='$\\log_{10}M^{\\rm{wind}}_{\\rm{ej}}$', unit=None, boundary=None)
16:53 INFO    : Ebv=0.0
16:53 INFO    : Analysis likelihood class: <class 'nmma.em.likelihood.OpticalLightCurve'>
16:53 INFO    : Analysis likelihood noise evidence: 0.0
16:53 INFO    : Single likelihood evaluation took 5.972e-02 s
16:53 WARNING : Supplied argument 'queue_size' not an argument of 'Pymultinest', removing.
16:53 WARNING : Supplied argument 'check_point_delta_t' not an argument of 'Pymultinest', removing.
16:53 INFO    : Global meta data was removed from the result object for compatibility. Use the `BILBY_INCLUDE_GLOBAL_METADATA` environment variable to include it. This behaviour will be removed in a future release. For more details see: https://bilby-dev.github.io/bilby/faq.html#global-meta-data
16:53 WARNING : Using cached result
16:53 INFO    : Summary of results:
nsamples: 1181
ln_noise_evidence:  0.000
ln_evidence: -38.654 +/-  0.163
ln_bayes_factor: -38.654 +/-  0.163

16:53 INFO    : Writing samples file to /home/stu_jamsin/jamsin/grid_4_perday/13/minus2/minus2_13_posterior_samples.dat
17:14 INFO    : Running for label 'minus2_13', output will be saved to '/home/stu_jamsin/jamsin/grid_4_perday/13/minus2'
17:14 INFO    : Analysis priors:
17:14 INFO    : luminosity_distance=Uniform(minimum=0.0, maximum=200.0, name='luminosity_distance', latex_label='$D_L$', unit=None, boundary=None)
17:14 INFO    : KNphi=Uniform(minimum=15.0, maximum=75.0, name='KNphi', latex_label='$\\Phi$', unit=None, boundary=None)
17:14 INFO    : KNtheta=Uniform(minimum=0.0, maximum=90.0, name='KNtheta', latex_label='$\\Theta$', unit=None, boundary=None)
17:14 INFO    : inclination_EM=Sine(minimum=0.0, maximum=1.5707963267948966, name='inclination_EM', latex_label='$\\iota$', unit=None, boundary=None)
17:14 INFO    : timeshift=Uniform(minimum=-2.0, maximum=0.0, name='timeshift', latex_label='$t_0$', unit=None, boundary=None)
17:14 INFO    : log10_mej_dyn=Uniform(minimum=-3.0, maximum=-1.0, name='log10_mej_dyn', latex_label='$\\log_{10}M^{\\rm{dyn}}_{\\rm{ej}}$', unit=None, boundary=None)
17:14 INFO    : log10_mej_wind=Uniform(minimum=-3.0, maximum=-0.5, name='log10_mej_wind', latex_label='$\\log_{10}M^{\\rm{wind}}_{\\rm{ej}}$', unit=None, boundary=None)
17:14 INFO    : Ebv=0.0
17:14 INFO    : Analysis likelihood class: <class 'nmma.em.likelihood.OpticalLightCurve'>
17:14 INFO    : Analysis likelihood noise evidence: 0.0
17:14 INFO    : Single likelihood evaluation took 7.928e-02 s
17:14 WARNING : Supplied argument 'queue_size' not an argument of 'Pymultinest', removing.
17:14 WARNING : Supplied argument 'check_point_delta_t' not an argument of 'Pymultinest', removing.
17:14 INFO    : Global meta data was removed from the result object for compatibility. Use the `BILBY_INCLUDE_GLOBAL_METADATA` environment variable to include it. This behaviour will be removed in a future release. For more details see: https://bilby-dev.github.io/bilby/faq.html#global-meta-data
17:14 WARNING : Using cached result
17:14 INFO    : Summary of results:
nsamples: 1181
ln_noise_evidence:  0.000
ln_evidence: -38.654 +/-  0.163
ln_bayes_factor: -38.654 +/-  0.163

17:14 INFO    : Writing samples file to /home/stu_jamsin/jamsin/grid_4_perday/13/minus2/minus2_13_posterior_samples.dat
17:17 INFO    : Running for label 'minus2_13', output will be saved to '/home/stu_jamsin/jamsin/grid_4_perday/13/minus2'
17:17 INFO    : Analysis priors:
17:17 INFO    : luminosity_distance=Uniform(minimum=0.0, maximum=200.0, name='luminosity_distance', latex_label='$D_L$', unit=None, boundary=None)
17:17 INFO    : KNphi=Uniform(minimum=15.0, maximum=75.0, name='KNphi', latex_label='$\\Phi$', unit=None, boundary=None)
17:17 INFO    : KNtheta=Uniform(minimum=0.0, maximum=90.0, name='KNtheta', latex_label='$\\Theta$', unit=None, boundary=None)
17:17 INFO    : inclination_EM=Sine(minimum=0.0, maximum=1.5707963267948966, name='inclination_EM', latex_label='$\\iota$', unit=None, boundary=None)
17:17 INFO    : timeshift=Uniform(minimum=-2.0, maximum=0.0, name='timeshift', latex_label='$t_0$', unit=None, boundary=None)
17:17 INFO    : log10_mej_dyn=Uniform(minimum=-3.0, maximum=-1.0, name='log10_mej_dyn', latex_label='$\\log_{10}M^{\\rm{dyn}}_{\\rm{ej}}$', unit=None, boundary=None)
17:17 INFO    : log10_mej_wind=Uniform(minimum=-3.0, maximum=-0.5, name='log10_mej_wind', latex_label='$\\log_{10}M^{\\rm{wind}}_{\\rm{ej}}$', unit=None, boundary=None)
17:17 INFO    : Ebv=0.0
17:17 INFO    : Analysis likelihood class: <class 'nmma.em.likelihood.OpticalLightCurve'>
17:17 INFO    : Analysis likelihood noise evidence: 0.0
17:17 INFO    : Single likelihood evaluation took 8.672e-02 s
17:17 WARNING : Supplied argument 'queue_size' not an argument of 'Pymultinest', removing.
17:17 WARNING : Supplied argument 'check_point_delta_t' not an argument of 'Pymultinest', removing.
17:17 INFO    : Global meta data was removed from the result object for compatibility. Use the `BILBY_INCLUDE_GLOBAL_METADATA` environment variable to include it. This behaviour will be removed in a future release. For more details see: https://bilby-dev.github.io/bilby/faq.html#global-meta-data
17:17 WARNING : Using cached result
17:17 INFO    : Summary of results:
nsamples: 1181
ln_noise_evidence:  0.000
ln_evidence: -38.654 +/-  0.163
ln_bayes_factor: -38.654 +/-  0.163

17:17 INFO    : Writing samples file to /home/stu_jamsin/jamsin/grid_4_perday/13/minus2/minus2_13_posterior_samples.dat
17:21 INFO    : Running for label 'minus2_13', output will be saved to '/home/stu_jamsin/jamsin/grid_4_perday/13/minus2'
17:21 INFO    : Analysis priors:
17:21 INFO    : luminosity_distance=Uniform(minimum=0.0, maximum=200.0, name='luminosity_distance', latex_label='$D_L$', unit=None, boundary=None)
17:21 INFO    : KNphi=Uniform(minimum=15.0, maximum=75.0, name='KNphi', latex_label='$\\Phi$', unit=None, boundary=None)
17:21 INFO    : KNtheta=Uniform(minimum=0.0, maximum=90.0, name='KNtheta', latex_label='$\\Theta$', unit=None, boundary=None)
17:21 INFO    : inclination_EM=Sine(minimum=0.0, maximum=1.5707963267948966, name='inclination_EM', latex_label='$\\iota$', unit=None, boundary=None)
17:21 INFO    : timeshift=Uniform(minimum=-2.0, maximum=0.0, name='timeshift', latex_label='$t_0$', unit=None, boundary=None)
17:21 INFO    : log10_mej_dyn=Uniform(minimum=-3.0, maximum=-1.0, name='log10_mej_dyn', latex_label='$\\log_{10}M^{\\rm{dyn}}_{\\rm{ej}}$', unit=None, boundary=None)
17:21 INFO    : log10_mej_wind=Uniform(minimum=-3.0, maximum=-0.5, name='log10_mej_wind', latex_label='$\\log_{10}M^{\\rm{wind}}_{\\rm{ej}}$', unit=None, boundary=None)
17:21 INFO    : Ebv=0.0
17:21 INFO    : Analysis likelihood class: <class 'nmma.em.likelihood.OpticalLightCurve'>
17:21 INFO    : Analysis likelihood noise evidence: 0.0
17:21 INFO    : Single likelihood evaluation took 7.876e-02 s
17:21 WARNING : Supplied argument 'queue_size' not an argument of 'Pymultinest', removing.
17:21 WARNING : Supplied argument 'check_point_delta_t' not an argument of 'Pymultinest', removing.
17:21 INFO    : Global meta data was removed from the result object for compatibility. Use the `BILBY_INCLUDE_GLOBAL_METADATA` environment variable to include it. This behaviour will be removed in a future release. For more details see: https://bilby-dev.github.io/bilby/faq.html#global-meta-data
17:21 WARNING : Using cached result
17:21 INFO    : Summary of results:
nsamples: 1181
ln_noise_evidence:  0.000
ln_evidence: -38.654 +/-  0.163
ln_bayes_factor: -38.654 +/-  0.163

17:21 INFO    : Writing samples file to /home/stu_jamsin/jamsin/grid_4_perday/13/minus2/minus2_13_posterior_samples.dat
17:24 INFO    : Running for label 'minus2_13', output will be saved to '/home/stu_jamsin/jamsin/grid_4_perday/13/minus2'
17:24 INFO    : Analysis priors:
17:24 INFO    : luminosity_distance=Uniform(minimum=0.0, maximum=200.0, name='luminosity_distance', latex_label='$D_L$', unit=None, boundary=None)
17:24 INFO    : KNphi=Uniform(minimum=15.0, maximum=75.0, name='KNphi', latex_label='$\\Phi$', unit=None, boundary=None)
17:24 INFO    : KNtheta=Uniform(minimum=0.0, maximum=90.0, name='KNtheta', latex_label='$\\Theta$', unit=None, boundary=None)
17:24 INFO    : inclination_EM=Sine(minimum=0.0, maximum=1.5707963267948966, name='inclination_EM', latex_label='$\\iota$', unit=None, boundary=None)
17:24 INFO    : timeshift=Uniform(minimum=-2.0, maximum=0.0, name='timeshift', latex_label='$t_0$', unit=None, boundary=None)
17:24 INFO    : log10_mej_dyn=Uniform(minimum=-3.0, maximum=-1.0, name='log10_mej_dyn', latex_label='$\\log_{10}M^{\\rm{dyn}}_{\\rm{ej}}$', unit=None, boundary=None)
17:24 INFO    : log10_mej_wind=Uniform(minimum=-3.0, maximum=-0.5, name='log10_mej_wind', latex_label='$\\log_{10}M^{\\rm{wind}}_{\\rm{ej}}$', unit=None, boundary=None)
17:24 INFO    : Ebv=0.0
17:24 INFO    : Analysis likelihood class: <class 'nmma.em.likelihood.OpticalLightCurve'>
17:24 INFO    : Analysis likelihood noise evidence: 0.0
17:24 INFO    : Single likelihood evaluation took 6.386e-02 s
17:24 WARNING : Supplied argument 'queue_size' not an argument of 'Pymultinest', removing.
17:24 WARNING : Supplied argument 'check_point_delta_t' not an argument of 'Pymultinest', removing.
17:24 INFO    : Global meta data was removed from the result object for compatibility. Use the `BILBY_INCLUDE_GLOBAL_METADATA` environment variable to include it. This behaviour will be removed in a future release. For more details see: https://bilby-dev.github.io/bilby/faq.html#global-meta-data
17:24 WARNING : Using cached result
17:24 INFO    : Summary of results:
nsamples: 1181
ln_noise_evidence:  0.000
ln_evidence: -38.654 +/-  0.163
ln_bayes_factor: -38.654 +/-  0.163

17:24 INFO    : Writing samples file to /home/stu_jamsin/jamsin/grid_4_perday/13/minus2/minus2_13_posterior_samples.dat
17:39 INFO    : Running for label 'minus2_13', output will be saved to '/home/stu_jamsin/jamsin/grid_4_perday/13/minus2'
17:39 INFO    : Analysis priors:
17:39 INFO    : luminosity_distance=Uniform(minimum=0.0, maximum=200.0, name='luminosity_distance', latex_label='$D_L$', unit=None, boundary=None)
17:39 INFO    : KNphi=Uniform(minimum=15.0, maximum=75.0, name='KNphi', latex_label='$\\Phi$', unit=None, boundary=None)
17:39 INFO    : KNtheta=Uniform(minimum=0.0, maximum=90.0, name='KNtheta', latex_label='$\\Theta$', unit=None, boundary=None)
17:39 INFO    : inclination_EM=Sine(minimum=0.0, maximum=1.5707963267948966, name='inclination_EM', latex_label='$\\iota$', unit=None, boundary=None)
17:39 INFO    : timeshift=Uniform(minimum=-2.0, maximum=0.0, name='timeshift', latex_label='$t_0$', unit=None, boundary=None)
17:39 INFO    : log10_mej_dyn=Uniform(minimum=-3.0, maximum=-1.0, name='log10_mej_dyn', latex_label='$\\log_{10}M^{\\rm{dyn}}_{\\rm{ej}}$', unit=None, boundary=None)
17:39 INFO    : log10_mej_wind=Uniform(minimum=-3.0, maximum=-0.5, name='log10_mej_wind', latex_label='$\\log_{10}M^{\\rm{wind}}_{\\rm{ej}}$', unit=None, boundary=None)
17:39 INFO    : Ebv=0.0
17:39 INFO    : Analysis likelihood class: <class 'nmma.em.likelihood.OpticalLightCurve'>
17:39 INFO    : Analysis likelihood noise evidence: 0.0
17:39 INFO    : Single likelihood evaluation took 1.022e-01 s
17:39 WARNING : Supplied argument 'queue_size' not an argument of 'Pymultinest', removing.
17:39 WARNING : Supplied argument 'check_point_delta_t' not an argument of 'Pymultinest', removing.
17:39 INFO    : Global meta data was removed from the result object for compatibility. Use the `BILBY_INCLUDE_GLOBAL_METADATA` environment variable to include it. This behaviour will be removed in a future release. For more details see: https://bilby-dev.github.io/bilby/faq.html#global-meta-data
17:39 WARNING : Using cached result
17:39 INFO    : Summary of results:
nsamples: 1181
ln_noise_evidence:  0.000
ln_evidence: -38.654 +/-  0.163
ln_bayes_factor: -38.654 +/-  0.163

17:39 INFO    : Writing samples file to /home/stu_jamsin/jamsin/grid_4_perday/13/minus2/minus2_13_posterior_samples.dat
