23:15 INFO    : Running for label '2', output will be saved to '/home/stu_jamsin/jamsin/condor_synth_lc/2'
23:15 INFO    : Analysis priors:
23:15 INFO    : luminosity_distance=Uniform(minimum=0.0, maximum=500.0, name='luminosity_distance', latex_label='$D_L$', unit=None, boundary=None)
23:15 INFO    : KNphi=Uniform(minimum=15.0, maximum=75.0, name='KNphi', latex_label='$\\Phi$', unit=None, boundary=None)
23:15 INFO    : KNtheta=Uniform(minimum=0.0, maximum=90.0, name='KNtheta', latex_label='$\\Phi$', unit=None, boundary=None)
23:15 INFO    : inclination_EM=Sine(minimum=0.0, maximum=1.5707963267948966, name='inclination_EM', latex_label='$\\iota$', unit=None, boundary=None)
23:15 INFO    : timeshift=Uniform(minimum=-2.0, maximum=0.0, name='timeshift', latex_label='$t_0$', unit=None, boundary=None)
23:15 INFO    : log10_mej_dyn=Uniform(minimum=-3.0, maximum=-1.0, name='log10_mej_dyn', latex_label='$\\log_{10}M^{\\rm{dyn}}_{\\rm{ej}}$', unit=None, boundary=None)
23:15 INFO    : log10_mej_wind=Uniform(minimum=-3.0, maximum=-0.5, name='log10_mej_wind', latex_label='$\\log_{10}M^{\\rm{wind}}_{\\rm{ej}}$', unit=None, boundary=None)
23:15 INFO    : Ebv=0.0
23:15 INFO    : Analysis likelihood class: <class 'nmma.em.likelihood.OpticalLightCurve'>
23:15 INFO    : Analysis likelihood noise evidence: 0.0
23:15 INFO    : Single likelihood evaluation took 1.100e-01 s
23:15 WARNING : Supplied argument 'queue_size' not an argument of 'Pymultinest', removing.
23:15 WARNING : Supplied argument 'check_point_delta_t' not an argument of 'Pymultinest', removing.
23:15 INFO    : Using sampler Pymultinest with kwargs {'importance_nested_sampling': False, 'resume': True, 'verbose': True, 'sampling_efficiency': 'parameter', 'n_live_points': 2048, 'n_params': 7, 'n_clustering_params': None, 'wrapped_params': None, 'multimodal': True, 'const_efficiency_mode': False, 'evidence_tolerance': 0.5, 'n_iter_before_update': 100, 'null_log_evidence': -1e+90, 'max_modes': 100, 'mode_tolerance': -1e+90, 'seed': 42, 'context': 0, 'write_output': True, 'log_zero': -1e+100, 'max_iter': 0, 'init_MPI': False, 'dump_callback': <bound method Pymultinest._dump_callback of <bilby.core.sampler.pymultinest.Pymultinest object at 0x12084758f490>>}
23:15 INFO    : Global meta data was removed from the result object for compatibility. Use the `BILBY_INCLUDE_GLOBAL_METADATA` environment variable to include it. This behaviour will be removed in a future release. For more details see: https://bilby-dev.github.io/bilby/faq.html#global-meta-data
23:15 INFO    : Using temporary file /tmp/tmpmakyej08
23:20 INFO    : Overwriting /home/stu_jamsin/jamsin/condor_synth_lc/2/pm_2/ with /tmp/tmpmakyej08/
23:22 INFO    : Overwriting /home/stu_jamsin/jamsin/condor_synth_lc/2/pm_2/ with /tmp/tmpmakyej08/
23:25 INFO    : Overwriting /home/stu_jamsin/jamsin/condor_synth_lc/2/pm_2/ with /tmp/tmpmakyej08/
23:28 INFO    : Overwriting /home/stu_jamsin/jamsin/condor_synth_lc/2/pm_2/ with /tmp/tmpmakyej08/
23:31 INFO    : Overwriting /home/stu_jamsin/jamsin/condor_synth_lc/2/pm_2/ with /tmp/tmpmakyej08/
23:34 INFO    : Overwriting /home/stu_jamsin/jamsin/condor_synth_lc/2/pm_2/ with /tmp/tmpmakyej08/
23:38 INFO    : Overwriting /home/stu_jamsin/jamsin/condor_synth_lc/2/pm_2/ with /tmp/tmpmakyej08/
23:42 INFO    : Overwriting /home/stu_jamsin/jamsin/condor_synth_lc/2/pm_2/ with /tmp/tmpmakyej08/
23:45 INFO    : Overwriting /home/stu_jamsin/jamsin/condor_synth_lc/2/pm_2/ with /tmp/tmpmakyej08/
23:49 INFO    : Overwriting /home/stu_jamsin/jamsin/condor_synth_lc/2/pm_2/ with /tmp/tmpmakyej08/
23:53 INFO    : Overwriting /home/stu_jamsin/jamsin/condor_synth_lc/2/pm_2/ with /tmp/tmpmakyej08/
23:57 INFO    : Overwriting /home/stu_jamsin/jamsin/condor_synth_lc/2/pm_2/ with /tmp/tmpmakyej08/
00:01 INFO    : Overwriting /home/stu_jamsin/jamsin/condor_synth_lc/2/pm_2/ with /tmp/tmpmakyej08/
00:05 INFO    : Overwriting /home/stu_jamsin/jamsin/condor_synth_lc/2/pm_2/ with /tmp/tmpmakyej08/
00:09 INFO    : Overwriting /home/stu_jamsin/jamsin/condor_synth_lc/2/pm_2/ with /tmp/tmpmakyej08/
00:14 INFO    : Overwriting /home/stu_jamsin/jamsin/condor_synth_lc/2/pm_2/ with /tmp/tmpmakyej08/
00:18 INFO    : Overwriting /home/stu_jamsin/jamsin/condor_synth_lc/2/pm_2/ with /tmp/tmpmakyej08/
00:23 INFO    : Overwriting /home/stu_jamsin/jamsin/condor_synth_lc/2/pm_2/ with /tmp/tmpmakyej08/
00:28 INFO    : Overwriting /home/stu_jamsin/jamsin/condor_synth_lc/2/pm_2/ with /tmp/tmpmakyej08/
00:33 INFO    : Overwriting /home/stu_jamsin/jamsin/condor_synth_lc/2/pm_2/ with /tmp/tmpmakyej08/
00:38 INFO    : Overwriting /home/stu_jamsin/jamsin/condor_synth_lc/2/pm_2/ with /tmp/tmpmakyej08/
00:43 INFO    : Overwriting /home/stu_jamsin/jamsin/condor_synth_lc/2/pm_2/ with /tmp/tmpmakyej08/
00:48 INFO    : Overwriting /home/stu_jamsin/jamsin/condor_synth_lc/2/pm_2/ with /tmp/tmpmakyej08/
00:53 INFO    : Overwriting /home/stu_jamsin/jamsin/condor_synth_lc/2/pm_2/ with /tmp/tmpmakyej08/
00:59 INFO    : Overwriting /home/stu_jamsin/jamsin/condor_synth_lc/2/pm_2/ with /tmp/tmpmakyej08/
01:05 INFO    : Overwriting /home/stu_jamsin/jamsin/condor_synth_lc/2/pm_2/ with /tmp/tmpmakyej08/
01:09 INFO    : Overwriting /home/stu_jamsin/jamsin/condor_synth_lc/2/pm_2/ with /tmp/tmpmakyej08/
01:09 INFO    : Overwriting /home/stu_jamsin/jamsin/condor_synth_lc/2/pm_2/ with /tmp/tmpmakyej08/
01:09 INFO    : Overwriting /home/stu_jamsin/jamsin/condor_synth_lc/2/pm_2/ with /tmp/tmpmakyej08/
01:10 INFO    : Sampling time: 1:54:28.438972
01:10 INFO    : Summary of results:
nsamples: 11599
ln_noise_evidence:  0.000
ln_evidence: -69.450 +/-  0.068
ln_bayes_factor: -69.450 +/-  0.068

01:10 INFO    : Writing samples file to /home/stu_jamsin/jamsin/condor_synth_lc/2/2_posterior_samples.dat
19:02 INFO    : Running for label '2', output will be saved to '/home/stu_jamsin/jamsin/condor_synth_lc/2'
19:02 INFO    : Analysis priors:
19:02 INFO    : luminosity_distance=Uniform(minimum=0.0, maximum=500.0, name='luminosity_distance', latex_label='$D_L$', unit=None, boundary=None)
19:02 INFO    : KNphi=Uniform(minimum=15.0, maximum=75.0, name='KNphi', latex_label='$\\Phi$', unit=None, boundary=None)
19:02 INFO    : KNtheta=Uniform(minimum=0.0, maximum=90.0, name='KNtheta', latex_label='$\\Phi$', unit=None, boundary=None)
19:02 INFO    : inclination_EM=Sine(minimum=0.0, maximum=1.5707963267948966, name='inclination_EM', latex_label='$\\iota$', unit=None, boundary=None)
19:02 INFO    : timeshift=Uniform(minimum=-2.0, maximum=0.0, name='timeshift', latex_label='$t_0$', unit=None, boundary=None)
19:02 INFO    : log10_mej_dyn=Uniform(minimum=-3.0, maximum=-1.0, name='log10_mej_dyn', latex_label='$\\log_{10}M^{\\rm{dyn}}_{\\rm{ej}}$', unit=None, boundary=None)
19:02 INFO    : log10_mej_wind=Uniform(minimum=-3.0, maximum=-0.5, name='log10_mej_wind', latex_label='$\\log_{10}M^{\\rm{wind}}_{\\rm{ej}}$', unit=None, boundary=None)
19:02 INFO    : Ebv=0.0
19:02 INFO    : Analysis likelihood class: <class 'nmma.em.likelihood.OpticalLightCurve'>
19:02 INFO    : Analysis likelihood noise evidence: 0.0
19:03 INFO    : Single likelihood evaluation took 2.812e-01 s
19:03 WARNING : Supplied argument 'queue_size' not an argument of 'Pymultinest', removing.
19:03 WARNING : Supplied argument 'check_point_delta_t' not an argument of 'Pymultinest', removing.
19:03 INFO    : Global meta data was removed from the result object for compatibility. Use the `BILBY_INCLUDE_GLOBAL_METADATA` environment variable to include it. This behaviour will be removed in a future release. For more details see: https://bilby-dev.github.io/bilby/faq.html#global-meta-data
19:03 WARNING : Using cached result
19:03 INFO    : Summary of results:
nsamples: 11599
ln_noise_evidence:  0.000
ln_evidence: -69.450 +/-  0.068
ln_bayes_factor: -69.450 +/-  0.068

19:03 INFO    : Writing samples file to /home/stu_jamsin/jamsin/condor_synth_lc/2/2_posterior_samples.dat
19:04 INFO    : Running for label '2', output will be saved to '/home/stu_jamsin/jamsin/condor_synth_lc/2'
19:04 INFO    : Analysis priors:
19:04 INFO    : luminosity_distance=Uniform(minimum=0.0, maximum=500.0, name='luminosity_distance', latex_label='$D_L$', unit=None, boundary=None)
19:04 INFO    : KNphi=Uniform(minimum=15.0, maximum=75.0, name='KNphi', latex_label='$\\Phi$', unit=None, boundary=None)
19:04 INFO    : KNtheta=Uniform(minimum=0.0, maximum=90.0, name='KNtheta', latex_label='$\\Phi$', unit=None, boundary=None)
19:04 INFO    : inclination_EM=Sine(minimum=0.0, maximum=1.5707963267948966, name='inclination_EM', latex_label='$\\iota$', unit=None, boundary=None)
19:04 INFO    : timeshift=Uniform(minimum=-2.0, maximum=0.0, name='timeshift', latex_label='$t_0$', unit=None, boundary=None)
19:04 INFO    : log10_mej_dyn=Uniform(minimum=-3.0, maximum=-1.0, name='log10_mej_dyn', latex_label='$\\log_{10}M^{\\rm{dyn}}_{\\rm{ej}}$', unit=None, boundary=None)
19:04 INFO    : log10_mej_wind=Uniform(minimum=-3.0, maximum=-0.5, name='log10_mej_wind', latex_label='$\\log_{10}M^{\\rm{wind}}_{\\rm{ej}}$', unit=None, boundary=None)
19:04 INFO    : Ebv=0.0
19:04 INFO    : Analysis likelihood class: <class 'nmma.em.likelihood.OpticalLightCurve'>
19:04 INFO    : Analysis likelihood noise evidence: 0.0
19:05 INFO    : Single likelihood evaluation took 3.204e-01 s
19:05 WARNING : Supplied argument 'queue_size' not an argument of 'Pymultinest', removing.
19:05 WARNING : Supplied argument 'check_point_delta_t' not an argument of 'Pymultinest', removing.
19:05 INFO    : Global meta data was removed from the result object for compatibility. Use the `BILBY_INCLUDE_GLOBAL_METADATA` environment variable to include it. This behaviour will be removed in a future release. For more details see: https://bilby-dev.github.io/bilby/faq.html#global-meta-data
19:05 WARNING : Using cached result
19:05 INFO    : Summary of results:
nsamples: 11599
ln_noise_evidence:  0.000
ln_evidence: -69.450 +/-  0.068
ln_bayes_factor: -69.450 +/-  0.068

19:05 INFO    : Writing samples file to /home/stu_jamsin/jamsin/condor_synth_lc/2/2_posterior_samples.dat
20:40 INFO    : Running for label '2', output will be saved to '/home/stu_jamsin/jamsin/condor_synth_lc/2'
20:41 INFO    : Analysis priors:
20:41 INFO    : luminosity_distance=Uniform(minimum=0.0, maximum=500.0, name='luminosity_distance', latex_label='$D_L$', unit=None, boundary=None)
20:41 INFO    : KNphi=Uniform(minimum=15.0, maximum=75.0, name='KNphi', latex_label='$\\Phi$', unit=None, boundary=None)
20:41 INFO    : KNtheta=Uniform(minimum=0.0, maximum=90.0, name='KNtheta', latex_label='$\\Phi$', unit=None, boundary=None)
20:41 INFO    : inclination_EM=Sine(minimum=0.0, maximum=1.5707963267948966, name='inclination_EM', latex_label='$\\iota$', unit=None, boundary=None)
20:41 INFO    : timeshift=Uniform(minimum=-2.0, maximum=0.0, name='timeshift', latex_label='$t_0$', unit=None, boundary=None)
20:41 INFO    : log10_mej_dyn=Uniform(minimum=-3.0, maximum=-1.0, name='log10_mej_dyn', latex_label='$\\log_{10}M^{\\rm{dyn}}_{\\rm{ej}}$', unit=None, boundary=None)
20:41 INFO    : log10_mej_wind=Uniform(minimum=-3.0, maximum=-0.5, name='log10_mej_wind', latex_label='$\\log_{10}M^{\\rm{wind}}_{\\rm{ej}}$', unit=None, boundary=None)
20:41 INFO    : Ebv=0.0
20:41 INFO    : Analysis likelihood class: <class 'nmma.em.likelihood.OpticalLightCurve'>
20:41 INFO    : Analysis likelihood noise evidence: 0.0
20:41 INFO    : Single likelihood evaluation took 3.184e-01 s
20:41 WARNING : Supplied argument 'queue_size' not an argument of 'Pymultinest', removing.
20:41 WARNING : Supplied argument 'check_point_delta_t' not an argument of 'Pymultinest', removing.
20:41 INFO    : Global meta data was removed from the result object for compatibility. Use the `BILBY_INCLUDE_GLOBAL_METADATA` environment variable to include it. This behaviour will be removed in a future release. For more details see: https://bilby-dev.github.io/bilby/faq.html#global-meta-data
20:41 WARNING : Using cached result
20:41 INFO    : Summary of results:
nsamples: 11599
ln_noise_evidence:  0.000
ln_evidence: -69.450 +/-  0.068
ln_bayes_factor: -69.450 +/-  0.068

20:41 INFO    : Writing samples file to /home/stu_jamsin/jamsin/condor_synth_lc/2/2_posterior_samples.dat
