12:51 INFO    : Running for label 'inj_9', output will be saved to '/home/liteul/memoir_code/condor_other_eos_small_nlive128/inj_9'
12:51 INFO    : Analysis priors:
12:51 INFO    : luminosity_distance=Uniform(minimum=0.0, maximum=500.0, name='luminosity_distance', latex_label='$D_L$', unit=None, boundary=None)
12:51 INFO    : KNphi=Uniform(minimum=15.0, maximum=75.0, name='KNphi', latex_label='$\\Phi$', unit=None, boundary=None)
12:51 INFO    : KNtheta=Uniform(minimum=0.0, maximum=90.0, name='KNtheta', latex_label='$\\Phi$', unit=None, boundary=None)
12:51 INFO    : timeshift=Uniform(minimum=-2.0, maximum=0.0, name='timeshift', latex_label='$t_0$', unit=None, boundary=None)
12:51 INFO    : log10_mej_dyn=Uniform(minimum=-3.0, maximum=-1.0, name='log10_mej_dyn', latex_label='$\\log_{10}M^{\\rm{dyn}}_{\\rm{ej}}$', unit=None, boundary=None)
12:51 INFO    : log10_mej_wind=Uniform(minimum=-3.0, maximum=-0.5, name='log10_mej_wind', latex_label='$\\log_{10}M^{\\rm{wind}}_{\\rm{ej}}$', unit=None, boundary=None)
12:51 INFO    : Ebv=0.0
12:51 INFO    : Analysis likelihood class: <class 'nmma.em.likelihood.OpticalLightCurve'>
12:51 INFO    : Analysis likelihood noise evidence: 0.0
12:51 INFO    : Single likelihood evaluation took 1.202e-01 s
12:51 WARNING : Supplied argument 'queue_size' not an argument of 'Pymultinest', removing.
12:51 WARNING : Supplied argument 'check_point_delta_t' not an argument of 'Pymultinest', removing.
12:51 INFO    : Using sampler Pymultinest with kwargs {'importance_nested_sampling': False, 'resume': True, 'verbose': True, 'sampling_efficiency': 'parameter', 'n_live_points': 128, 'n_params': 6, 'n_clustering_params': None, 'wrapped_params': None, 'multimodal': True, 'const_efficiency_mode': False, 'evidence_tolerance': 0.5, 'n_iter_before_update': 100, 'null_log_evidence': -1e+90, 'max_modes': 100, 'mode_tolerance': -1e+90, 'seed': 42, 'context': 0, 'write_output': True, 'log_zero': -1e+100, 'max_iter': 0, 'init_MPI': False, 'dump_callback': <bound method Pymultinest._dump_callback of <bilby.core.sampler.pymultinest.Pymultinest object at 0xd52d0a23310>>}
12:51 INFO    : Global meta data was removed from the result object for compatibility. Use the `BILBY_INCLUDE_GLOBAL_METADATA` environment variable to include it. This behaviour will be removed in a future release. For more details see: https://bilby-dev.github.io/bilby/faq.html#global-meta-data
12:51 INFO    : Using temporary file /tmp/tmpg4cpvfiw
12:54 INFO    : Running for label 'inj_9', output will be saved to '/home/liteul/memoir_code/condor_other_eos_small_nlive128/inj_9'
13:01 INFO    : Running for label 'inj_9', output will be saved to '/home/liteul/memoir_code/condor_other_eos_small_nlive128/inj_9'
13:01 INFO    : Analysis priors:
13:01 INFO    : luminosity_distance=Uniform(minimum=0.0, maximum=500.0, name='luminosity_distance', latex_label='$D_L$', unit=None, boundary=None)
13:01 INFO    : KNphi=Uniform(minimum=15.0, maximum=75.0, name='KNphi', latex_label='$\\Phi$', unit=None, boundary=None)
13:01 INFO    : KNtheta=Uniform(minimum=0.0, maximum=90.0, name='KNtheta', latex_label='$\\Phi$', unit=None, boundary=None)
13:01 INFO    : timeshift=Uniform(minimum=-2.0, maximum=0.0, name='timeshift', latex_label='$t_0$', unit=None, boundary=None)
13:01 INFO    : log10_mej_dyn=Uniform(minimum=-3.0, maximum=-1.0, name='log10_mej_dyn', latex_label='$\\log_{10}M^{\\rm{dyn}}_{\\rm{ej}}$', unit=None, boundary=None)
13:01 INFO    : log10_mej_wind=Uniform(minimum=-3.0, maximum=-0.5, name='log10_mej_wind', latex_label='$\\log_{10}M^{\\rm{wind}}_{\\rm{ej}}$', unit=None, boundary=None)
13:01 INFO    : Ebv=0.0
13:01 INFO    : Analysis likelihood class: <class 'nmma.em.likelihood.OpticalLightCurve'>
13:01 INFO    : Analysis likelihood noise evidence: 0.0
13:01 INFO    : Single likelihood evaluation took 1.162e-01 s
13:01 WARNING : Supplied argument 'queue_size' not an argument of 'Pymultinest', removing.
13:01 WARNING : Supplied argument 'check_point_delta_t' not an argument of 'Pymultinest', removing.
13:01 INFO    : Using sampler Pymultinest with kwargs {'importance_nested_sampling': False, 'resume': True, 'verbose': True, 'sampling_efficiency': 'parameter', 'n_live_points': 128, 'n_params': 6, 'n_clustering_params': None, 'wrapped_params': None, 'multimodal': True, 'const_efficiency_mode': False, 'evidence_tolerance': 0.5, 'n_iter_before_update': 100, 'null_log_evidence': -1e+90, 'max_modes': 100, 'mode_tolerance': -1e+90, 'seed': 42, 'context': 0, 'write_output': True, 'log_zero': -1e+100, 'max_iter': 0, 'init_MPI': False, 'dump_callback': <bound method Pymultinest._dump_callback of <bilby.core.sampler.pymultinest.Pymultinest object at 0x8d1443a2320>>}
13:01 INFO    : Global meta data was removed from the result object for compatibility. Use the `BILBY_INCLUDE_GLOBAL_METADATA` environment variable to include it. This behaviour will be removed in a future release. For more details see: https://bilby-dev.github.io/bilby/faq.html#global-meta-data
13:01 INFO    : Using temporary file /tmp/tmp6qxiqf9y
13:04 INFO    : Running for label 'inj_9', output will be saved to '/home/liteul/memoir_code/condor_other_eos_small_nlive128/inj_9'
13:04 INFO    : Analysis priors:
13:04 INFO    : luminosity_distance=Uniform(minimum=0.0, maximum=500.0, name='luminosity_distance', latex_label='$D_L$', unit=None, boundary=None)
13:04 INFO    : KNphi=Uniform(minimum=15.0, maximum=75.0, name='KNphi', latex_label='$\\Phi$', unit=None, boundary=None)
13:04 INFO    : KNtheta=Uniform(minimum=0.0, maximum=90.0, name='KNtheta', latex_label='$\\Phi$', unit=None, boundary=None)
13:04 INFO    : timeshift=Uniform(minimum=-2.0, maximum=0.0, name='timeshift', latex_label='$t_0$', unit=None, boundary=None)
13:04 INFO    : log10_mej_dyn=Uniform(minimum=-3.0, maximum=-1.0, name='log10_mej_dyn', latex_label='$\\log_{10}M^{\\rm{dyn}}_{\\rm{ej}}$', unit=None, boundary=None)
13:04 INFO    : log10_mej_wind=Uniform(minimum=-3.0, maximum=-0.5, name='log10_mej_wind', latex_label='$\\log_{10}M^{\\rm{wind}}_{\\rm{ej}}$', unit=None, boundary=None)
13:04 INFO    : Ebv=0.0
13:04 INFO    : Analysis likelihood class: <class 'nmma.em.likelihood.OpticalLightCurve'>
13:04 INFO    : Analysis likelihood noise evidence: 0.0
13:05 INFO    : Single likelihood evaluation took 1.101e-01 s
13:05 WARNING : Supplied argument 'queue_size' not an argument of 'Pymultinest', removing.
13:05 WARNING : Supplied argument 'check_point_delta_t' not an argument of 'Pymultinest', removing.
13:05 INFO    : Using sampler Pymultinest with kwargs {'importance_nested_sampling': False, 'resume': True, 'verbose': True, 'sampling_efficiency': 'parameter', 'n_live_points': 128, 'n_params': 6, 'n_clustering_params': None, 'wrapped_params': None, 'multimodal': True, 'const_efficiency_mode': False, 'evidence_tolerance': 0.5, 'n_iter_before_update': 100, 'null_log_evidence': -1e+90, 'max_modes': 100, 'mode_tolerance': -1e+90, 'seed': 42, 'context': 0, 'write_output': True, 'log_zero': -1e+100, 'max_iter': 0, 'init_MPI': False, 'dump_callback': <bound method Pymultinest._dump_callback of <bilby.core.sampler.pymultinest.Pymultinest object at 0xe5f0ab142e0>>}
13:05 INFO    : Global meta data was removed from the result object for compatibility. Use the `BILBY_INCLUDE_GLOBAL_METADATA` environment variable to include it. This behaviour will be removed in a future release. For more details see: https://bilby-dev.github.io/bilby/faq.html#global-meta-data
13:05 INFO    : Using temporary file /tmp/tmpgw2ehlgs
13:09 INFO    : Overwriting /home/liteul/memoir_code/condor_other_eos_small_nlive128/inj_9/pm_inj_9/ with /tmp/tmpgw2ehlgs/
13:17 INFO    : Overwriting /home/liteul/memoir_code/condor_other_eos_small_nlive128/inj_9/pm_inj_9/ with /tmp/tmpgw2ehlgs/
13:21 INFO    : Overwriting /home/liteul/memoir_code/condor_other_eos_small_nlive128/inj_9/pm_inj_9/ with /tmp/tmpgw2ehlgs/
13:21 INFO    : Overwriting /home/liteul/memoir_code/condor_other_eos_small_nlive128/inj_9/pm_inj_9/ with /tmp/tmpgw2ehlgs/
13:21 INFO    : Overwriting /home/liteul/memoir_code/condor_other_eos_small_nlive128/inj_9/pm_inj_9/ with /tmp/tmpgw2ehlgs/
13:21 INFO    : Sampling time: 0:16:20.558733
13:21 INFO    : Summary of results:
nsamples: 751
ln_noise_evidence:  0.000
ln_evidence: -327.879 +/-  0.348
ln_bayes_factor: -327.879 +/-  0.348

13:21 INFO    : Writing samples file to /home/liteul/memoir_code/condor_other_eos_small_nlive128/inj_9/inj_9_posterior_samples.dat
