19:10 INFO    : Running for label 'minus0_15', output will be saved to '/home/stu_jamsin/jamsin/test_v2/15/minus0'
19:10 INFO    : Analysis priors:
19:10 INFO    : luminosity_distance=Uniform(minimum=0.0, maximum=200.0, name='luminosity_distance', latex_label='$D_L$', unit=None, boundary=None)
19:10 INFO    : KNphi=Uniform(minimum=15.0, maximum=75.0, name='KNphi', latex_label='$\\Phi$', unit=None, boundary=None)
19:10 INFO    : KNtheta=Uniform(minimum=0.0, maximum=90.0, name='KNtheta', latex_label='$\\Theta$', unit=None, boundary=None)
19:10 INFO    : inclination_EM=Sine(minimum=0.0, maximum=1.5707963267948966, name='inclination_EM', latex_label='$\\iota$', unit=None, boundary=None)
19:10 INFO    : timeshift=Uniform(minimum=-2.0, maximum=0.0, name='timeshift', latex_label='$t_0$', unit=None, boundary=None)
19:10 INFO    : log10_mej_dyn=Uniform(minimum=-3.0, maximum=-1.0, name='log10_mej_dyn', latex_label='$\\log_{10}M^{\\rm{dyn}}_{\\rm{ej}}$', unit=None, boundary=None)
19:10 INFO    : log10_mej_wind=Uniform(minimum=-3.0, maximum=-0.5, name='log10_mej_wind', latex_label='$\\log_{10}M^{\\rm{wind}}_{\\rm{ej}}$', unit=None, boundary=None)
19:10 INFO    : Ebv=0.0
19:10 INFO    : Analysis likelihood class: <class 'nmma.em.likelihood.OpticalLightCurve'>
19:10 INFO    : Analysis likelihood noise evidence: 0.0
19:10 INFO    : Single likelihood evaluation took 1.044e-01 s
19:10 WARNING : Supplied argument 'queue_size' not an argument of 'Pymultinest', removing.
19:10 WARNING : Supplied argument 'check_point_delta_t' not an argument of 'Pymultinest', removing.
19:10 INFO    : Using sampler Pymultinest with kwargs {'importance_nested_sampling': False, 'resume': True, 'verbose': True, 'sampling_efficiency': 'parameter', 'n_live_points': 512, 'n_params': 7, 'n_clustering_params': None, 'wrapped_params': None, 'multimodal': True, 'const_efficiency_mode': False, 'evidence_tolerance': 0.5, 'n_iter_before_update': 100, 'null_log_evidence': -1e+90, 'max_modes': 100, 'mode_tolerance': -1e+90, 'seed': 42, 'context': 0, 'write_output': True, 'log_zero': -1e+100, 'max_iter': 0, 'init_MPI': False, 'dump_callback': <bound method Pymultinest._dump_callback of <bilby.core.sampler.pymultinest.Pymultinest object at 0x624222284f0>>}
19:10 INFO    : Global meta data was removed from the result object for compatibility. Use the `BILBY_INCLUDE_GLOBAL_METADATA` environment variable to include it. This behaviour will be removed in a future release. For more details see: https://bilby-dev.github.io/bilby/faq.html#global-meta-data
19:10 INFO    : Using temporary file /tmp/tmp7f6zk8vb
19:14 INFO    : Overwriting /home/stu_jamsin/jamsin/test_v2/15/minus0/pm_minus0_15/ with /tmp/tmp7f6zk8vb/
19:18 INFO    : Overwriting /home/stu_jamsin/jamsin/test_v2/15/minus0/pm_minus0_15/ with /tmp/tmp7f6zk8vb/
19:22 INFO    : Overwriting /home/stu_jamsin/jamsin/test_v2/15/minus0/pm_minus0_15/ with /tmp/tmp7f6zk8vb/
19:29 INFO    : Overwriting /home/stu_jamsin/jamsin/test_v2/15/minus0/pm_minus0_15/ with /tmp/tmp7f6zk8vb/
19:34 INFO    : Overwriting /home/stu_jamsin/jamsin/test_v2/15/minus0/pm_minus0_15/ with /tmp/tmp7f6zk8vb/
19:39 INFO    : Overwriting /home/stu_jamsin/jamsin/test_v2/15/minus0/pm_minus0_15/ with /tmp/tmp7f6zk8vb/
19:46 INFO    : Overwriting /home/stu_jamsin/jamsin/test_v2/15/minus0/pm_minus0_15/ with /tmp/tmp7f6zk8vb/
19:55 INFO    : Overwriting /home/stu_jamsin/jamsin/test_v2/15/minus0/pm_minus0_15/ with /tmp/tmp7f6zk8vb/
19:57 INFO    : Overwriting /home/stu_jamsin/jamsin/test_v2/15/minus0/pm_minus0_15/ with /tmp/tmp7f6zk8vb/
19:57 INFO    : Overwriting /home/stu_jamsin/jamsin/test_v2/15/minus0/pm_minus0_15/ with /tmp/tmp7f6zk8vb/
19:57 INFO    : Overwriting /home/stu_jamsin/jamsin/test_v2/15/minus0/pm_minus0_15/ with /tmp/tmp7f6zk8vb/
19:57 INFO    : Sampling time: 0:46:31.062308
19:57 INFO    : Summary of results:
nsamples: 2935
ln_noise_evidence:  0.000
ln_evidence: -81.550 +/-  0.156
ln_bayes_factor: -81.550 +/-  0.156

19:57 INFO    : Writing samples file to /home/stu_jamsin/jamsin/test_v2/15/minus0/minus0_15_posterior_samples.dat
