22:29 INFO    : Running for label 'minus4_2', output will be saved to '/home/stu_jamsin/memoir_grid/ka17_copy/2/minus4'
22:29 INFO    : Analysis priors:
22:29 INFO    : luminosity_distance=Uniform(minimum=10, maximum=200.0, name='luminosity_distance', latex_label='$D_L$', unit=None, boundary=None)
22:29 INFO    : timeshift=Uniform(minimum=-8, maximum=0.0, name='trigger_time', latex_label='$t_0$', unit=None, boundary=None)
22:29 INFO    : log10_mej=Uniform(minimum=-3.0, maximum=-0.5, name='log10_mej', latex_label='$\\log_{10}M_{\\rm{ej}}$', unit=None, boundary=None)
22:29 INFO    : log10_vej=Uniform(minimum=-1.52, maximum=-0.53, name='log10_vej', latex_label='$\\log_{10}v_{\\rm{ej}}$', unit=None, boundary=None)
22:29 INFO    : log10_Xlan=Uniform(minimum=-9, maximum=-1, name='log10_Xlan', latex_label='$\\log_{10}X_{\\rm{lan}}$', unit=None, boundary=None)
22:29 INFO    : inclination_EM=Uniform(minimum=0.0, maximum=1.5707963267948966, name='inclination_EM', latex_label='$\\iota$', unit=None, boundary=None)
22:29 INFO    : em_syserr=Uniform(minimum=0.3, maximum=3, name='em_syserr', latex_label='$\\sigma^{\\rm{err}}_{\\rm{ej}}$', unit=None, boundary=None)
22:29 INFO    : Ebv=0.0
22:29 INFO    : Analysis likelihood class: <class 'nmma.em.em_likelihood.EMTransientLikelihood'>
22:29 INFO    : Analysis likelihood noise evidence: 0.0
22:29 INFO    : Single likelihood evaluation took 1.131e-02 s
22:29 WARNING : Supplied argument 'queue_size' not an argument of 'Pymultinest', removing.
22:29 WARNING : Supplied argument 'check_point_delta_t' not an argument of 'Pymultinest', removing.
22:29 INFO    : Using sampler Pymultinest with kwargs {'importance_nested_sampling': False, 'resume': True, 'verbose': True, 'sampling_efficiency': 'parameter', 'n_live_points': 512, 'n_params': 7, 'n_clustering_params': None, 'wrapped_params': None, 'multimodal': True, 'const_efficiency_mode': False, 'evidence_tolerance': 0.5, 'n_iter_before_update': 100, 'null_log_evidence': -1e+90, 'max_modes': 100, 'mode_tolerance': -1e+90, 'seed': 42, 'context': 0, 'write_output': True, 'log_zero': -1e+100, 'max_iter': 0, 'init_MPI': False, 'dump_callback': <bound method Pymultinest._dump_callback of <bilby.core.sampler.pymultinest.Pymultinest object at 0x6251c1320c0>>}
22:29 INFO    : Global meta data was removed from the result object for compatibility. Use the `BILBY_INCLUDE_GLOBAL_METADATA` environment variable to include it. This behaviour will be removed in a future release. For more details see: https://bilby-dev.github.io/bilby/faq.html#global-meta-data
22:29 INFO    : Using temporary file /tmp/tmpos8y4gsc
22:29 INFO    : Overwriting /home/stu_jamsin/memoir_grid/ka17_copy/2/minus4/pm_minus4_2/ with /tmp/tmpos8y4gsc/
22:29 INFO    : Overwriting /home/stu_jamsin/memoir_grid/ka17_copy/2/minus4/pm_minus4_2/ with /tmp/tmpos8y4gsc/
22:30 INFO    : Overwriting /home/stu_jamsin/memoir_grid/ka17_copy/2/minus4/pm_minus4_2/ with /tmp/tmpos8y4gsc/
22:30 INFO    : Overwriting /home/stu_jamsin/memoir_grid/ka17_copy/2/minus4/pm_minus4_2/ with /tmp/tmpos8y4gsc/
22:31 INFO    : Overwriting /home/stu_jamsin/memoir_grid/ka17_copy/2/minus4/pm_minus4_2/ with /tmp/tmpos8y4gsc/
22:31 INFO    : Overwriting /home/stu_jamsin/memoir_grid/ka17_copy/2/minus4/pm_minus4_2/ with /tmp/tmpos8y4gsc/
22:31 INFO    : Overwriting /home/stu_jamsin/memoir_grid/ka17_copy/2/minus4/pm_minus4_2/ with /tmp/tmpos8y4gsc/
22:31 INFO    : Sampling time: 0:01:58.342273
22:31 INFO    : Summary of results:
nsamples: 3842
ln_noise_evidence:  0.000
ln_evidence: -8.041 +/-  0.092
ln_bayes_factor: -8.041 +/-  0.092

22:31 INFO    : No extension given, defaulting to JSON.
22:31 INFO    : Writing samples file to /home/stu_jamsin/memoir_grid/ka17_copy/2/minus4/minus4_2_posterior_samples.dat
