17:15 INFO    : Running for label 'minus1_20', output will be saved to '/home/stu_jamsin/jamsin/grid_4_perday/20/minus1'
17:15 INFO    : Analysis priors:
17:15 INFO    : luminosity_distance=Uniform(minimum=0.0, maximum=200.0, name='luminosity_distance', latex_label='$D_L$', unit=None, boundary=None)
17:15 INFO    : KNphi=Uniform(minimum=15.0, maximum=75.0, name='KNphi', latex_label='$\\Phi$', unit=None, boundary=None)
17:15 INFO    : KNtheta=Uniform(minimum=0.0, maximum=90.0, name='KNtheta', latex_label='$\\Theta$', unit=None, boundary=None)
17:15 INFO    : inclination_EM=Sine(minimum=0.0, maximum=1.5707963267948966, name='inclination_EM', latex_label='$\\iota$', unit=None, boundary=None)
17:15 INFO    : timeshift=Uniform(minimum=-2.0, maximum=0.0, name='timeshift', latex_label='$t_0$', unit=None, boundary=None)
17:15 INFO    : log10_mej_dyn=Uniform(minimum=-3.0, maximum=-1.0, name='log10_mej_dyn', latex_label='$\\log_{10}M^{\\rm{dyn}}_{\\rm{ej}}$', unit=None, boundary=None)
17:15 INFO    : log10_mej_wind=Uniform(minimum=-3.0, maximum=-0.5, name='log10_mej_wind', latex_label='$\\log_{10}M^{\\rm{wind}}_{\\rm{ej}}$', unit=None, boundary=None)
17:15 INFO    : Ebv=0.0
17:15 INFO    : Analysis likelihood class: <class 'nmma.em.likelihood.OpticalLightCurve'>
17:15 INFO    : Analysis likelihood noise evidence: 0.0
17:15 INFO    : Single likelihood evaluation took 1.497e-01 s
17:15 WARNING : Supplied argument 'queue_size' not an argument of 'Pymultinest', removing.
17:15 WARNING : Supplied argument 'check_point_delta_t' not an argument of 'Pymultinest', removing.
17:15 INFO    : Using sampler Pymultinest with kwargs {'importance_nested_sampling': False, 'resume': True, 'verbose': True, 'sampling_efficiency': 'parameter', 'n_live_points': 256, 'n_params': 7, 'n_clustering_params': None, 'wrapped_params': None, 'multimodal': True, 'const_efficiency_mode': False, 'evidence_tolerance': 0.5, 'n_iter_before_update': 100, 'null_log_evidence': -1e+90, 'max_modes': 100, 'mode_tolerance': -1e+90, 'seed': 42, 'context': 0, 'write_output': True, 'log_zero': -1e+100, 'max_iter': 0, 'init_MPI': False, 'dump_callback': <bound method Pymultinest._dump_callback of <bilby.core.sampler.pymultinest.Pymultinest object at 0x973569cd8a0>>}
17:15 INFO    : Global meta data was removed from the result object for compatibility. Use the `BILBY_INCLUDE_GLOBAL_METADATA` environment variable to include it. This behaviour will be removed in a future release. For more details see: https://bilby-dev.github.io/bilby/faq.html#global-meta-data
17:15 INFO    : Using temporary file /tmp/tmp47d1izud
17:21 INFO    : Overwriting /home/stu_jamsin/jamsin/grid_4_perday/20/minus1/pm_minus1_20/ with /tmp/tmp47d1izud/
17:28 INFO    : Overwriting /home/stu_jamsin/jamsin/grid_4_perday/20/minus1/pm_minus1_20/ with /tmp/tmp47d1izud/
17:37 INFO    : Overwriting /home/stu_jamsin/jamsin/grid_4_perday/20/minus1/pm_minus1_20/ with /tmp/tmp47d1izud/
17:38 INFO    : Overwriting /home/stu_jamsin/jamsin/grid_4_perday/20/minus1/pm_minus1_20/ with /tmp/tmp47d1izud/
17:38 INFO    : Overwriting /home/stu_jamsin/jamsin/grid_4_perday/20/minus1/pm_minus1_20/ with /tmp/tmp47d1izud/
17:38 INFO    : Overwriting /home/stu_jamsin/jamsin/grid_4_perday/20/minus1/pm_minus1_20/ with /tmp/tmp47d1izud/
17:38 INFO    : Sampling time: 0:22:27.738102
17:38 INFO    : Summary of results:
nsamples: 1471
ln_noise_evidence:  0.000
ln_evidence: -42.872 +/-  0.185
ln_bayes_factor: -42.872 +/-  0.185

17:38 INFO    : Writing samples file to /home/stu_jamsin/jamsin/grid_4_perday/20/minus1/minus1_20_posterior_samples.dat
16:50 INFO    : Running for label 'minus1_20', output will be saved to '/home/stu_jamsin/jamsin/grid_4_perday/20/minus1'
16:50 INFO    : Analysis priors:
16:50 INFO    : luminosity_distance=Uniform(minimum=0.0, maximum=200.0, name='luminosity_distance', latex_label='$D_L$', unit=None, boundary=None)
16:50 INFO    : KNphi=Uniform(minimum=15.0, maximum=75.0, name='KNphi', latex_label='$\\Phi$', unit=None, boundary=None)
16:50 INFO    : KNtheta=Uniform(minimum=0.0, maximum=90.0, name='KNtheta', latex_label='$\\Theta$', unit=None, boundary=None)
16:50 INFO    : inclination_EM=Sine(minimum=0.0, maximum=1.5707963267948966, name='inclination_EM', latex_label='$\\iota$', unit=None, boundary=None)
16:50 INFO    : timeshift=Uniform(minimum=-2.0, maximum=0.0, name='timeshift', latex_label='$t_0$', unit=None, boundary=None)
16:50 INFO    : log10_mej_dyn=Uniform(minimum=-3.0, maximum=-1.0, name='log10_mej_dyn', latex_label='$\\log_{10}M^{\\rm{dyn}}_{\\rm{ej}}$', unit=None, boundary=None)
16:50 INFO    : log10_mej_wind=Uniform(minimum=-3.0, maximum=-0.5, name='log10_mej_wind', latex_label='$\\log_{10}M^{\\rm{wind}}_{\\rm{ej}}$', unit=None, boundary=None)
16:50 INFO    : Ebv=0.0
16:50 INFO    : Analysis likelihood class: <class 'nmma.em.likelihood.OpticalLightCurve'>
16:50 INFO    : Analysis likelihood noise evidence: 0.0
16:50 INFO    : Single likelihood evaluation took 1.154e-01 s
16:50 WARNING : Supplied argument 'queue_size' not an argument of 'Pymultinest', removing.
16:50 WARNING : Supplied argument 'check_point_delta_t' not an argument of 'Pymultinest', removing.
16:50 INFO    : Global meta data was removed from the result object for compatibility. Use the `BILBY_INCLUDE_GLOBAL_METADATA` environment variable to include it. This behaviour will be removed in a future release. For more details see: https://bilby-dev.github.io/bilby/faq.html#global-meta-data
16:50 WARNING : Using cached result
16:50 INFO    : Summary of results:
nsamples: 1471
ln_noise_evidence:  0.000
ln_evidence: -42.872 +/-  0.185
ln_bayes_factor: -42.872 +/-  0.185

16:50 INFO    : Writing samples file to /home/stu_jamsin/jamsin/grid_4_perday/20/minus1/minus1_20_posterior_samples.dat
16:52 INFO    : Running for label 'minus1_20', output will be saved to '/home/stu_jamsin/jamsin/grid_4_perday/20/minus1'
16:52 INFO    : Analysis priors:
16:52 INFO    : luminosity_distance=Uniform(minimum=0.0, maximum=200.0, name='luminosity_distance', latex_label='$D_L$', unit=None, boundary=None)
16:52 INFO    : KNphi=Uniform(minimum=15.0, maximum=75.0, name='KNphi', latex_label='$\\Phi$', unit=None, boundary=None)
16:52 INFO    : KNtheta=Uniform(minimum=0.0, maximum=90.0, name='KNtheta', latex_label='$\\Theta$', unit=None, boundary=None)
16:52 INFO    : inclination_EM=Sine(minimum=0.0, maximum=1.5707963267948966, name='inclination_EM', latex_label='$\\iota$', unit=None, boundary=None)
16:52 INFO    : timeshift=Uniform(minimum=-2.0, maximum=0.0, name='timeshift', latex_label='$t_0$', unit=None, boundary=None)
16:52 INFO    : log10_mej_dyn=Uniform(minimum=-3.0, maximum=-1.0, name='log10_mej_dyn', latex_label='$\\log_{10}M^{\\rm{dyn}}_{\\rm{ej}}$', unit=None, boundary=None)
16:52 INFO    : log10_mej_wind=Uniform(minimum=-3.0, maximum=-0.5, name='log10_mej_wind', latex_label='$\\log_{10}M^{\\rm{wind}}_{\\rm{ej}}$', unit=None, boundary=None)
16:52 INFO    : Ebv=0.0
16:52 INFO    : Analysis likelihood class: <class 'nmma.em.likelihood.OpticalLightCurve'>
16:52 INFO    : Analysis likelihood noise evidence: 0.0
16:52 INFO    : Single likelihood evaluation took 1.329e-01 s
16:52 WARNING : Supplied argument 'queue_size' not an argument of 'Pymultinest', removing.
16:52 WARNING : Supplied argument 'check_point_delta_t' not an argument of 'Pymultinest', removing.
16:52 INFO    : Global meta data was removed from the result object for compatibility. Use the `BILBY_INCLUDE_GLOBAL_METADATA` environment variable to include it. This behaviour will be removed in a future release. For more details see: https://bilby-dev.github.io/bilby/faq.html#global-meta-data
16:52 WARNING : Using cached result
16:52 INFO    : Summary of results:
nsamples: 1471
ln_noise_evidence:  0.000
ln_evidence: -42.872 +/-  0.185
ln_bayes_factor: -42.872 +/-  0.185

16:52 INFO    : Writing samples file to /home/stu_jamsin/jamsin/grid_4_perday/20/minus1/minus1_20_posterior_samples.dat
17:13 INFO    : Running for label 'minus1_20', output will be saved to '/home/stu_jamsin/jamsin/grid_4_perday/20/minus1'
17:13 INFO    : Analysis priors:
17:13 INFO    : luminosity_distance=Uniform(minimum=0.0, maximum=200.0, name='luminosity_distance', latex_label='$D_L$', unit=None, boundary=None)
17:13 INFO    : KNphi=Uniform(minimum=15.0, maximum=75.0, name='KNphi', latex_label='$\\Phi$', unit=None, boundary=None)
17:13 INFO    : KNtheta=Uniform(minimum=0.0, maximum=90.0, name='KNtheta', latex_label='$\\Theta$', unit=None, boundary=None)
17:13 INFO    : inclination_EM=Sine(minimum=0.0, maximum=1.5707963267948966, name='inclination_EM', latex_label='$\\iota$', unit=None, boundary=None)
17:13 INFO    : timeshift=Uniform(minimum=-2.0, maximum=0.0, name='timeshift', latex_label='$t_0$', unit=None, boundary=None)
17:13 INFO    : log10_mej_dyn=Uniform(minimum=-3.0, maximum=-1.0, name='log10_mej_dyn', latex_label='$\\log_{10}M^{\\rm{dyn}}_{\\rm{ej}}$', unit=None, boundary=None)
17:13 INFO    : log10_mej_wind=Uniform(minimum=-3.0, maximum=-0.5, name='log10_mej_wind', latex_label='$\\log_{10}M^{\\rm{wind}}_{\\rm{ej}}$', unit=None, boundary=None)
17:13 INFO    : Ebv=0.0
17:13 INFO    : Analysis likelihood class: <class 'nmma.em.likelihood.OpticalLightCurve'>
17:13 INFO    : Analysis likelihood noise evidence: 0.0
17:14 INFO    : Single likelihood evaluation took 6.526e-02 s
17:14 WARNING : Supplied argument 'queue_size' not an argument of 'Pymultinest', removing.
17:14 WARNING : Supplied argument 'check_point_delta_t' not an argument of 'Pymultinest', removing.
17:14 INFO    : Global meta data was removed from the result object for compatibility. Use the `BILBY_INCLUDE_GLOBAL_METADATA` environment variable to include it. This behaviour will be removed in a future release. For more details see: https://bilby-dev.github.io/bilby/faq.html#global-meta-data
17:14 WARNING : Using cached result
17:14 INFO    : Summary of results:
nsamples: 1471
ln_noise_evidence:  0.000
ln_evidence: -42.872 +/-  0.185
ln_bayes_factor: -42.872 +/-  0.185

17:14 INFO    : Writing samples file to /home/stu_jamsin/jamsin/grid_4_perday/20/minus1/minus1_20_posterior_samples.dat
17:16 INFO    : Running for label 'minus1_20', output will be saved to '/home/stu_jamsin/jamsin/grid_4_perday/20/minus1'
17:16 INFO    : Analysis priors:
17:16 INFO    : luminosity_distance=Uniform(minimum=0.0, maximum=200.0, name='luminosity_distance', latex_label='$D_L$', unit=None, boundary=None)
17:16 INFO    : KNphi=Uniform(minimum=15.0, maximum=75.0, name='KNphi', latex_label='$\\Phi$', unit=None, boundary=None)
17:16 INFO    : KNtheta=Uniform(minimum=0.0, maximum=90.0, name='KNtheta', latex_label='$\\Theta$', unit=None, boundary=None)
17:16 INFO    : inclination_EM=Sine(minimum=0.0, maximum=1.5707963267948966, name='inclination_EM', latex_label='$\\iota$', unit=None, boundary=None)
17:16 INFO    : timeshift=Uniform(minimum=-2.0, maximum=0.0, name='timeshift', latex_label='$t_0$', unit=None, boundary=None)
17:16 INFO    : log10_mej_dyn=Uniform(minimum=-3.0, maximum=-1.0, name='log10_mej_dyn', latex_label='$\\log_{10}M^{\\rm{dyn}}_{\\rm{ej}}$', unit=None, boundary=None)
17:16 INFO    : log10_mej_wind=Uniform(minimum=-3.0, maximum=-0.5, name='log10_mej_wind', latex_label='$\\log_{10}M^{\\rm{wind}}_{\\rm{ej}}$', unit=None, boundary=None)
17:16 INFO    : Ebv=0.0
17:16 INFO    : Analysis likelihood class: <class 'nmma.em.likelihood.OpticalLightCurve'>
17:16 INFO    : Analysis likelihood noise evidence: 0.0
17:17 INFO    : Single likelihood evaluation took 1.309e-01 s
17:17 WARNING : Supplied argument 'queue_size' not an argument of 'Pymultinest', removing.
17:17 WARNING : Supplied argument 'check_point_delta_t' not an argument of 'Pymultinest', removing.
17:17 INFO    : Global meta data was removed from the result object for compatibility. Use the `BILBY_INCLUDE_GLOBAL_METADATA` environment variable to include it. This behaviour will be removed in a future release. For more details see: https://bilby-dev.github.io/bilby/faq.html#global-meta-data
17:17 WARNING : Using cached result
17:17 INFO    : Summary of results:
nsamples: 1471
ln_noise_evidence:  0.000
ln_evidence: -42.872 +/-  0.185
ln_bayes_factor: -42.872 +/-  0.185

17:17 INFO    : Writing samples file to /home/stu_jamsin/jamsin/grid_4_perday/20/minus1/minus1_20_posterior_samples.dat
17:20 INFO    : Running for label 'minus1_20', output will be saved to '/home/stu_jamsin/jamsin/grid_4_perday/20/minus1'
17:20 INFO    : Analysis priors:
17:20 INFO    : luminosity_distance=Uniform(minimum=0.0, maximum=200.0, name='luminosity_distance', latex_label='$D_L$', unit=None, boundary=None)
17:20 INFO    : KNphi=Uniform(minimum=15.0, maximum=75.0, name='KNphi', latex_label='$\\Phi$', unit=None, boundary=None)
17:20 INFO    : KNtheta=Uniform(minimum=0.0, maximum=90.0, name='KNtheta', latex_label='$\\Theta$', unit=None, boundary=None)
17:20 INFO    : inclination_EM=Sine(minimum=0.0, maximum=1.5707963267948966, name='inclination_EM', latex_label='$\\iota$', unit=None, boundary=None)
17:20 INFO    : timeshift=Uniform(minimum=-2.0, maximum=0.0, name='timeshift', latex_label='$t_0$', unit=None, boundary=None)
17:20 INFO    : log10_mej_dyn=Uniform(minimum=-3.0, maximum=-1.0, name='log10_mej_dyn', latex_label='$\\log_{10}M^{\\rm{dyn}}_{\\rm{ej}}$', unit=None, boundary=None)
17:20 INFO    : log10_mej_wind=Uniform(minimum=-3.0, maximum=-0.5, name='log10_mej_wind', latex_label='$\\log_{10}M^{\\rm{wind}}_{\\rm{ej}}$', unit=None, boundary=None)
17:20 INFO    : Ebv=0.0
17:20 INFO    : Analysis likelihood class: <class 'nmma.em.likelihood.OpticalLightCurve'>
17:20 INFO    : Analysis likelihood noise evidence: 0.0
17:20 INFO    : Single likelihood evaluation took 9.765e-02 s
17:20 WARNING : Supplied argument 'queue_size' not an argument of 'Pymultinest', removing.
17:20 WARNING : Supplied argument 'check_point_delta_t' not an argument of 'Pymultinest', removing.
17:20 INFO    : Global meta data was removed from the result object for compatibility. Use the `BILBY_INCLUDE_GLOBAL_METADATA` environment variable to include it. This behaviour will be removed in a future release. For more details see: https://bilby-dev.github.io/bilby/faq.html#global-meta-data
17:20 WARNING : Using cached result
17:20 INFO    : Summary of results:
nsamples: 1471
ln_noise_evidence:  0.000
ln_evidence: -42.872 +/-  0.185
ln_bayes_factor: -42.872 +/-  0.185

17:20 INFO    : Writing samples file to /home/stu_jamsin/jamsin/grid_4_perday/20/minus1/minus1_20_posterior_samples.dat
17:23 INFO    : Running for label 'minus1_20', output will be saved to '/home/stu_jamsin/jamsin/grid_4_perday/20/minus1'
17:23 INFO    : Analysis priors:
17:23 INFO    : luminosity_distance=Uniform(minimum=0.0, maximum=200.0, name='luminosity_distance', latex_label='$D_L$', unit=None, boundary=None)
17:23 INFO    : KNphi=Uniform(minimum=15.0, maximum=75.0, name='KNphi', latex_label='$\\Phi$', unit=None, boundary=None)
17:23 INFO    : KNtheta=Uniform(minimum=0.0, maximum=90.0, name='KNtheta', latex_label='$\\Theta$', unit=None, boundary=None)
17:23 INFO    : inclination_EM=Sine(minimum=0.0, maximum=1.5707963267948966, name='inclination_EM', latex_label='$\\iota$', unit=None, boundary=None)
17:23 INFO    : timeshift=Uniform(minimum=-2.0, maximum=0.0, name='timeshift', latex_label='$t_0$', unit=None, boundary=None)
17:23 INFO    : log10_mej_dyn=Uniform(minimum=-3.0, maximum=-1.0, name='log10_mej_dyn', latex_label='$\\log_{10}M^{\\rm{dyn}}_{\\rm{ej}}$', unit=None, boundary=None)
17:23 INFO    : log10_mej_wind=Uniform(minimum=-3.0, maximum=-0.5, name='log10_mej_wind', latex_label='$\\log_{10}M^{\\rm{wind}}_{\\rm{ej}}$', unit=None, boundary=None)
17:23 INFO    : Ebv=0.0
17:23 INFO    : Analysis likelihood class: <class 'nmma.em.likelihood.OpticalLightCurve'>
17:23 INFO    : Analysis likelihood noise evidence: 0.0
17:23 INFO    : Single likelihood evaluation took 8.386e-02 s
17:23 WARNING : Supplied argument 'queue_size' not an argument of 'Pymultinest', removing.
17:23 WARNING : Supplied argument 'check_point_delta_t' not an argument of 'Pymultinest', removing.
17:23 INFO    : Global meta data was removed from the result object for compatibility. Use the `BILBY_INCLUDE_GLOBAL_METADATA` environment variable to include it. This behaviour will be removed in a future release. For more details see: https://bilby-dev.github.io/bilby/faq.html#global-meta-data
17:23 WARNING : Using cached result
17:23 INFO    : Summary of results:
nsamples: 1471
ln_noise_evidence:  0.000
ln_evidence: -42.872 +/-  0.185
ln_bayes_factor: -42.872 +/-  0.185

17:23 INFO    : Writing samples file to /home/stu_jamsin/jamsin/grid_4_perday/20/minus1/minus1_20_posterior_samples.dat
17:38 INFO    : Running for label 'minus1_20', output will be saved to '/home/stu_jamsin/jamsin/grid_4_perday/20/minus1'
17:38 INFO    : Analysis priors:
17:38 INFO    : luminosity_distance=Uniform(minimum=0.0, maximum=200.0, name='luminosity_distance', latex_label='$D_L$', unit=None, boundary=None)
17:38 INFO    : KNphi=Uniform(minimum=15.0, maximum=75.0, name='KNphi', latex_label='$\\Phi$', unit=None, boundary=None)
17:38 INFO    : KNtheta=Uniform(minimum=0.0, maximum=90.0, name='KNtheta', latex_label='$\\Theta$', unit=None, boundary=None)
17:38 INFO    : inclination_EM=Sine(minimum=0.0, maximum=1.5707963267948966, name='inclination_EM', latex_label='$\\iota$', unit=None, boundary=None)
17:38 INFO    : timeshift=Uniform(minimum=-2.0, maximum=0.0, name='timeshift', latex_label='$t_0$', unit=None, boundary=None)
17:38 INFO    : log10_mej_dyn=Uniform(minimum=-3.0, maximum=-1.0, name='log10_mej_dyn', latex_label='$\\log_{10}M^{\\rm{dyn}}_{\\rm{ej}}$', unit=None, boundary=None)
17:38 INFO    : log10_mej_wind=Uniform(minimum=-3.0, maximum=-0.5, name='log10_mej_wind', latex_label='$\\log_{10}M^{\\rm{wind}}_{\\rm{ej}}$', unit=None, boundary=None)
17:38 INFO    : Ebv=0.0
17:38 INFO    : Analysis likelihood class: <class 'nmma.em.likelihood.OpticalLightCurve'>
17:38 INFO    : Analysis likelihood noise evidence: 0.0
17:39 INFO    : Single likelihood evaluation took 1.037e-01 s
17:39 WARNING : Supplied argument 'queue_size' not an argument of 'Pymultinest', removing.
17:39 WARNING : Supplied argument 'check_point_delta_t' not an argument of 'Pymultinest', removing.
17:39 INFO    : Global meta data was removed from the result object for compatibility. Use the `BILBY_INCLUDE_GLOBAL_METADATA` environment variable to include it. This behaviour will be removed in a future release. For more details see: https://bilby-dev.github.io/bilby/faq.html#global-meta-data
17:39 WARNING : Using cached result
17:39 INFO    : Summary of results:
nsamples: 1471
ln_noise_evidence:  0.000
ln_evidence: -42.872 +/-  0.185
ln_bayes_factor: -42.872 +/-  0.185

17:39 INFO    : Writing samples file to /home/stu_jamsin/jamsin/grid_4_perday/20/minus1/minus1_20_posterior_samples.dat
