18:14 INFO    : Running for label 'minus5_6', output will be saved to '/home/stu_jamsin/jamsin/grid_4_perday/6/minus5'
18:15 INFO    : Analysis priors:
18:15 INFO    : luminosity_distance=Uniform(minimum=0.0, maximum=200.0, name='luminosity_distance', latex_label='$D_L$', unit=None, boundary=None)
18:15 INFO    : KNphi=Uniform(minimum=15.0, maximum=75.0, name='KNphi', latex_label='$\\Phi$', unit=None, boundary=None)
18:15 INFO    : KNtheta=Uniform(minimum=0.0, maximum=90.0, name='KNtheta', latex_label='$\\Theta$', unit=None, boundary=None)
18:15 INFO    : inclination_EM=Sine(minimum=0.0, maximum=1.5707963267948966, name='inclination_EM', latex_label='$\\iota$', unit=None, boundary=None)
18:15 INFO    : timeshift=Uniform(minimum=-2.0, maximum=0.0, name='timeshift', latex_label='$t_0$', unit=None, boundary=None)
18:15 INFO    : log10_mej_dyn=Uniform(minimum=-3.0, maximum=-1.0, name='log10_mej_dyn', latex_label='$\\log_{10}M^{\\rm{dyn}}_{\\rm{ej}}$', unit=None, boundary=None)
18:15 INFO    : log10_mej_wind=Uniform(minimum=-3.0, maximum=-0.5, name='log10_mej_wind', latex_label='$\\log_{10}M^{\\rm{wind}}_{\\rm{ej}}$', unit=None, boundary=None)
18:15 INFO    : Ebv=0.0
18:15 INFO    : Analysis likelihood class: <class 'nmma.em.likelihood.OpticalLightCurve'>
18:15 INFO    : Analysis likelihood noise evidence: 0.0
18:15 INFO    : Single likelihood evaluation took 1.645e-01 s
18:15 WARNING : Supplied argument 'queue_size' not an argument of 'Pymultinest', removing.
18:15 WARNING : Supplied argument 'check_point_delta_t' not an argument of 'Pymultinest', removing.
18:15 INFO    : Using sampler Pymultinest with kwargs {'importance_nested_sampling': False, 'resume': True, 'verbose': True, 'sampling_efficiency': 'parameter', 'n_live_points': 256, 'n_params': 7, 'n_clustering_params': None, 'wrapped_params': None, 'multimodal': True, 'const_efficiency_mode': False, 'evidence_tolerance': 0.5, 'n_iter_before_update': 100, 'null_log_evidence': -1e+90, 'max_modes': 100, 'mode_tolerance': -1e+90, 'seed': 42, 'context': 0, 'write_output': True, 'log_zero': -1e+100, 'max_iter': 0, 'init_MPI': False, 'dump_callback': <bound method Pymultinest._dump_callback of <bilby.core.sampler.pymultinest.Pymultinest object at 0x10f00e3f85e0>>}
18:15 INFO    : Global meta data was removed from the result object for compatibility. Use the `BILBY_INCLUDE_GLOBAL_METADATA` environment variable to include it. This behaviour will be removed in a future release. For more details see: https://bilby-dev.github.io/bilby/faq.html#global-meta-data
18:15 INFO    : Using temporary file /tmp/tmpffng0glr
18:20 INFO    : Overwriting /home/stu_jamsin/jamsin/grid_4_perday/6/minus5/pm_minus5_6/ with /tmp/tmpffng0glr/
18:26 INFO    : Overwriting /home/stu_jamsin/jamsin/grid_4_perday/6/minus5/pm_minus5_6/ with /tmp/tmpffng0glr/
18:28 INFO    : Overwriting /home/stu_jamsin/jamsin/grid_4_perday/6/minus5/pm_minus5_6/ with /tmp/tmpffng0glr/
18:28 INFO    : Overwriting /home/stu_jamsin/jamsin/grid_4_perday/6/minus5/pm_minus5_6/ with /tmp/tmpffng0glr/
18:28 INFO    : Overwriting /home/stu_jamsin/jamsin/grid_4_perday/6/minus5/pm_minus5_6/ with /tmp/tmpffng0glr/
18:28 INFO    : Sampling time: 0:12:37.836505
18:28 INFO    : Summary of results:
nsamples: 1120
ln_noise_evidence:  0.000
ln_evidence: -30.289 +/-  0.149
ln_bayes_factor: -30.289 +/-  0.149

18:28 INFO    : Writing samples file to /home/stu_jamsin/jamsin/grid_4_perday/6/minus5/minus5_6_posterior_samples.dat
16:54 INFO    : Running for label 'minus5_6', output will be saved to '/home/stu_jamsin/jamsin/grid_4_perday/6/minus5'
16:54 INFO    : Analysis priors:
16:54 INFO    : luminosity_distance=Uniform(minimum=0.0, maximum=200.0, name='luminosity_distance', latex_label='$D_L$', unit=None, boundary=None)
16:54 INFO    : KNphi=Uniform(minimum=15.0, maximum=75.0, name='KNphi', latex_label='$\\Phi$', unit=None, boundary=None)
16:54 INFO    : KNtheta=Uniform(minimum=0.0, maximum=90.0, name='KNtheta', latex_label='$\\Theta$', unit=None, boundary=None)
16:54 INFO    : inclination_EM=Sine(minimum=0.0, maximum=1.5707963267948966, name='inclination_EM', latex_label='$\\iota$', unit=None, boundary=None)
16:54 INFO    : timeshift=Uniform(minimum=-2.0, maximum=0.0, name='timeshift', latex_label='$t_0$', unit=None, boundary=None)
16:54 INFO    : log10_mej_dyn=Uniform(minimum=-3.0, maximum=-1.0, name='log10_mej_dyn', latex_label='$\\log_{10}M^{\\rm{dyn}}_{\\rm{ej}}$', unit=None, boundary=None)
16:54 INFO    : log10_mej_wind=Uniform(minimum=-3.0, maximum=-0.5, name='log10_mej_wind', latex_label='$\\log_{10}M^{\\rm{wind}}_{\\rm{ej}}$', unit=None, boundary=None)
16:54 INFO    : Ebv=0.0
16:54 INFO    : Analysis likelihood class: <class 'nmma.em.likelihood.OpticalLightCurve'>
16:54 INFO    : Analysis likelihood noise evidence: 0.0
16:55 INFO    : Single likelihood evaluation took 1.004e-01 s
16:55 WARNING : Supplied argument 'queue_size' not an argument of 'Pymultinest', removing.
16:55 WARNING : Supplied argument 'check_point_delta_t' not an argument of 'Pymultinest', removing.
16:55 INFO    : Global meta data was removed from the result object for compatibility. Use the `BILBY_INCLUDE_GLOBAL_METADATA` environment variable to include it. This behaviour will be removed in a future release. For more details see: https://bilby-dev.github.io/bilby/faq.html#global-meta-data
16:55 WARNING : Using cached result
16:55 INFO    : Summary of results:
nsamples: 1120
ln_noise_evidence:  0.000
ln_evidence: -30.289 +/-  0.149
ln_bayes_factor: -30.289 +/-  0.149

16:55 INFO    : Writing samples file to /home/stu_jamsin/jamsin/grid_4_perday/6/minus5/minus5_6_posterior_samples.dat
17:18 INFO    : Running for label 'minus5_6', output will be saved to '/home/stu_jamsin/jamsin/grid_4_perday/6/minus5'
17:19 INFO    : Analysis priors:
17:19 INFO    : luminosity_distance=Uniform(minimum=0.0, maximum=200.0, name='luminosity_distance', latex_label='$D_L$', unit=None, boundary=None)
17:19 INFO    : KNphi=Uniform(minimum=15.0, maximum=75.0, name='KNphi', latex_label='$\\Phi$', unit=None, boundary=None)
17:19 INFO    : KNtheta=Uniform(minimum=0.0, maximum=90.0, name='KNtheta', latex_label='$\\Theta$', unit=None, boundary=None)
17:19 INFO    : inclination_EM=Sine(minimum=0.0, maximum=1.5707963267948966, name='inclination_EM', latex_label='$\\iota$', unit=None, boundary=None)
17:19 INFO    : timeshift=Uniform(minimum=-2.0, maximum=0.0, name='timeshift', latex_label='$t_0$', unit=None, boundary=None)
17:19 INFO    : log10_mej_dyn=Uniform(minimum=-3.0, maximum=-1.0, name='log10_mej_dyn', latex_label='$\\log_{10}M^{\\rm{dyn}}_{\\rm{ej}}$', unit=None, boundary=None)
17:19 INFO    : log10_mej_wind=Uniform(minimum=-3.0, maximum=-0.5, name='log10_mej_wind', latex_label='$\\log_{10}M^{\\rm{wind}}_{\\rm{ej}}$', unit=None, boundary=None)
17:19 INFO    : Ebv=0.0
17:19 INFO    : Analysis likelihood class: <class 'nmma.em.likelihood.OpticalLightCurve'>
17:19 INFO    : Analysis likelihood noise evidence: 0.0
17:19 INFO    : Single likelihood evaluation took 5.621e-02 s
17:19 WARNING : Supplied argument 'queue_size' not an argument of 'Pymultinest', removing.
17:19 WARNING : Supplied argument 'check_point_delta_t' not an argument of 'Pymultinest', removing.
17:19 INFO    : Global meta data was removed from the result object for compatibility. Use the `BILBY_INCLUDE_GLOBAL_METADATA` environment variable to include it. This behaviour will be removed in a future release. For more details see: https://bilby-dev.github.io/bilby/faq.html#global-meta-data
17:19 WARNING : Using cached result
17:19 INFO    : Summary of results:
nsamples: 1120
ln_noise_evidence:  0.000
ln_evidence: -30.289 +/-  0.149
ln_bayes_factor: -30.289 +/-  0.149

17:19 INFO    : Writing samples file to /home/stu_jamsin/jamsin/grid_4_perday/6/minus5/minus5_6_posterior_samples.dat
17:26 INFO    : Running for label 'minus5_6', output will be saved to '/home/stu_jamsin/jamsin/grid_4_perday/6/minus5'
17:26 INFO    : Analysis priors:
17:26 INFO    : luminosity_distance=Uniform(minimum=0.0, maximum=200.0, name='luminosity_distance', latex_label='$D_L$', unit=None, boundary=None)
17:26 INFO    : KNphi=Uniform(minimum=15.0, maximum=75.0, name='KNphi', latex_label='$\\Phi$', unit=None, boundary=None)
17:26 INFO    : KNtheta=Uniform(minimum=0.0, maximum=90.0, name='KNtheta', latex_label='$\\Theta$', unit=None, boundary=None)
17:26 INFO    : inclination_EM=Sine(minimum=0.0, maximum=1.5707963267948966, name='inclination_EM', latex_label='$\\iota$', unit=None, boundary=None)
17:26 INFO    : timeshift=Uniform(minimum=-2.0, maximum=0.0, name='timeshift', latex_label='$t_0$', unit=None, boundary=None)
17:26 INFO    : log10_mej_dyn=Uniform(minimum=-3.0, maximum=-1.0, name='log10_mej_dyn', latex_label='$\\log_{10}M^{\\rm{dyn}}_{\\rm{ej}}$', unit=None, boundary=None)
17:26 INFO    : log10_mej_wind=Uniform(minimum=-3.0, maximum=-0.5, name='log10_mej_wind', latex_label='$\\log_{10}M^{\\rm{wind}}_{\\rm{ej}}$', unit=None, boundary=None)
17:26 INFO    : Ebv=0.0
17:26 INFO    : Analysis likelihood class: <class 'nmma.em.likelihood.OpticalLightCurve'>
17:26 INFO    : Analysis likelihood noise evidence: 0.0
17:26 INFO    : Single likelihood evaluation took 8.360e-02 s
17:26 WARNING : Supplied argument 'queue_size' not an argument of 'Pymultinest', removing.
17:26 WARNING : Supplied argument 'check_point_delta_t' not an argument of 'Pymultinest', removing.
17:26 INFO    : Global meta data was removed from the result object for compatibility. Use the `BILBY_INCLUDE_GLOBAL_METADATA` environment variable to include it. This behaviour will be removed in a future release. For more details see: https://bilby-dev.github.io/bilby/faq.html#global-meta-data
17:26 WARNING : Using cached result
17:26 INFO    : Summary of results:
nsamples: 1120
ln_noise_evidence:  0.000
ln_evidence: -30.289 +/-  0.149
ln_bayes_factor: -30.289 +/-  0.149

17:26 INFO    : Writing samples file to /home/stu_jamsin/jamsin/grid_4_perday/6/minus5/minus5_6_posterior_samples.dat
17:40 INFO    : Running for label 'minus5_6', output will be saved to '/home/stu_jamsin/jamsin/grid_4_perday/6/minus5'
17:40 INFO    : Analysis priors:
17:40 INFO    : luminosity_distance=Uniform(minimum=0.0, maximum=200.0, name='luminosity_distance', latex_label='$D_L$', unit=None, boundary=None)
17:40 INFO    : KNphi=Uniform(minimum=15.0, maximum=75.0, name='KNphi', latex_label='$\\Phi$', unit=None, boundary=None)
17:40 INFO    : KNtheta=Uniform(minimum=0.0, maximum=90.0, name='KNtheta', latex_label='$\\Theta$', unit=None, boundary=None)
17:40 INFO    : inclination_EM=Sine(minimum=0.0, maximum=1.5707963267948966, name='inclination_EM', latex_label='$\\iota$', unit=None, boundary=None)
17:40 INFO    : timeshift=Uniform(minimum=-2.0, maximum=0.0, name='timeshift', latex_label='$t_0$', unit=None, boundary=None)
17:40 INFO    : log10_mej_dyn=Uniform(minimum=-3.0, maximum=-1.0, name='log10_mej_dyn', latex_label='$\\log_{10}M^{\\rm{dyn}}_{\\rm{ej}}$', unit=None, boundary=None)
17:40 INFO    : log10_mej_wind=Uniform(minimum=-3.0, maximum=-0.5, name='log10_mej_wind', latex_label='$\\log_{10}M^{\\rm{wind}}_{\\rm{ej}}$', unit=None, boundary=None)
17:40 INFO    : Ebv=0.0
17:40 INFO    : Analysis likelihood class: <class 'nmma.em.likelihood.OpticalLightCurve'>
17:40 INFO    : Analysis likelihood noise evidence: 0.0
17:41 INFO    : Single likelihood evaluation took 5.623e-02 s
17:41 WARNING : Supplied argument 'queue_size' not an argument of 'Pymultinest', removing.
17:41 WARNING : Supplied argument 'check_point_delta_t' not an argument of 'Pymultinest', removing.
17:41 INFO    : Global meta data was removed from the result object for compatibility. Use the `BILBY_INCLUDE_GLOBAL_METADATA` environment variable to include it. This behaviour will be removed in a future release. For more details see: https://bilby-dev.github.io/bilby/faq.html#global-meta-data
17:41 WARNING : Using cached result
17:41 INFO    : Summary of results:
nsamples: 1120
ln_noise_evidence:  0.000
ln_evidence: -30.289 +/-  0.149
ln_bayes_factor: -30.289 +/-  0.149

17:41 INFO    : Writing samples file to /home/stu_jamsin/jamsin/grid_4_perday/6/minus5/minus5_6_posterior_samples.dat
