17:59 INFO    : Running for label 'minus1_0', output will be saved to '/home/stu_jamsin/memoir_grid/bu19_copy/0/minus1'
17:59 INFO    : Analysis priors:
17:59 INFO    : timeshift=Uniform(minimum=-8.0, maximum=0.0, name='trigger_time', latex_label='$t_0$', unit=None, boundary=None)
17:59 INFO    : KNphi=Uniform(minimum=15.0, maximum=75.0, name='KNphi', latex_label='$\\Phi$', unit=None, boundary=None)
17:59 INFO    : inclination_EM=Uniform(minimum=0.0, maximum=1.5707963267948966, name='inclination_EM', latex_label='$\\iota$', unit=None, boundary=None)
17:59 INFO    : log10_mej_dyn=Uniform(minimum=-3.0, maximum=-1.69, name='log10_mej_dyn', latex_label='$\\log_{10}M^{\\rm{dyn}}_{\\rm{ej}}$', unit=None, boundary=None)
17:59 INFO    : log10_mej_wind=Uniform(minimum=-2.0, maximum=-0.89, name='log10_mej_wind', latex_label='$\\log_{10}M^{\\rm{wind}}_{\\rm{ej}}$', unit=None, boundary=None)
17:59 INFO    : em_syserr=Uniform(minimum=0.3, maximum=3, name='em_syserr', latex_label='$\\sigma^{\\rm{err}}_{\\rm{ej}}$', unit=None, boundary=None)
17:59 INFO    : luminosity_distance=Uniform(minimum=10, maximum=200, name='luminosity_distance', latex_label='$D_L$', unit=None, boundary=None)
17:59 INFO    : Ebv=0.0
17:59 INFO    : Analysis likelihood class: <class 'nmma.em.em_likelihood.EMTransientLikelihood'>
17:59 INFO    : Analysis likelihood noise evidence: 0.0
17:59 INFO    : Single likelihood evaluation took 1.825e-02 s
17:59 WARNING : Supplied argument 'queue_size' not an argument of 'Pymultinest', removing.
17:59 WARNING : Supplied argument 'check_point_delta_t' not an argument of 'Pymultinest', removing.
17:59 INFO    : Using sampler Pymultinest with kwargs {'importance_nested_sampling': False, 'resume': True, 'verbose': True, 'sampling_efficiency': 'parameter', 'n_live_points': 512, 'n_params': 7, 'n_clustering_params': None, 'wrapped_params': None, 'multimodal': True, 'const_efficiency_mode': False, 'evidence_tolerance': 0.5, 'n_iter_before_update': 100, 'null_log_evidence': -1e+90, 'max_modes': 100, 'mode_tolerance': -1e+90, 'seed': 42, 'context': 0, 'write_output': True, 'log_zero': -1e+100, 'max_iter': 0, 'init_MPI': False, 'dump_callback': <bound method Pymultinest._dump_callback of <bilby.core.sampler.pymultinest.Pymultinest object at 0x5e5057bdc70>>}
17:59 INFO    : Global meta data was removed from the result object for compatibility. Use the `BILBY_INCLUDE_GLOBAL_METADATA` environment variable to include it. This behaviour will be removed in a future release. For more details see: https://bilby-dev.github.io/bilby/faq.html#global-meta-data
17:59 INFO    : Using temporary file /tmp/tmpno5pe45m
17:59 INFO    : Overwriting /home/stu_jamsin/memoir_grid/bu19_copy/0/minus1/pm_minus1_0/ with /tmp/tmpno5pe45m/
18:00 INFO    : Overwriting /home/stu_jamsin/memoir_grid/bu19_copy/0/minus1/pm_minus1_0/ with /tmp/tmpno5pe45m/
18:00 INFO    : Overwriting /home/stu_jamsin/memoir_grid/bu19_copy/0/minus1/pm_minus1_0/ with /tmp/tmpno5pe45m/
18:01 INFO    : Overwriting /home/stu_jamsin/memoir_grid/bu19_copy/0/minus1/pm_minus1_0/ with /tmp/tmpno5pe45m/
18:01 INFO    : Overwriting /home/stu_jamsin/memoir_grid/bu19_copy/0/minus1/pm_minus1_0/ with /tmp/tmpno5pe45m/
18:02 INFO    : Overwriting /home/stu_jamsin/memoir_grid/bu19_copy/0/minus1/pm_minus1_0/ with /tmp/tmpno5pe45m/
18:02 INFO    : Overwriting /home/stu_jamsin/memoir_grid/bu19_copy/0/minus1/pm_minus1_0/ with /tmp/tmpno5pe45m/
18:02 INFO    : Overwriting /home/stu_jamsin/memoir_grid/bu19_copy/0/minus1/pm_minus1_0/ with /tmp/tmpno5pe45m/
18:02 INFO    : Overwriting /home/stu_jamsin/memoir_grid/bu19_copy/0/minus1/pm_minus1_0/ with /tmp/tmpno5pe45m/
18:02 INFO    : Sampling time: 0:03:50.424624
18:02 INFO    : Summary of results:
nsamples: 3193
ln_noise_evidence:  0.000
ln_evidence: -16.031 +/-  0.131
ln_bayes_factor: -16.031 +/-  0.131

18:02 INFO    : No extension given, defaulting to JSON.
18:03 INFO    : Writing samples file to /home/stu_jamsin/memoir_grid/bu19_copy/0/minus1/minus1_0_posterior_samples.dat
22:11 INFO    : Running for label 'minus1_0', output will be saved to '/home/stu_jamsin/memoir_grid/bu19_copy/0/minus1'
22:11 INFO    : Analysis priors:
22:11 INFO    : timeshift=Uniform(minimum=-8.0, maximum=0.0, name='trigger_time', latex_label='$t_0$', unit=None, boundary=None)
22:11 INFO    : KNphi=Uniform(minimum=15.0, maximum=75.0, name='KNphi', latex_label='$\\Phi$', unit=None, boundary=None)
22:11 INFO    : inclination_EM=Uniform(minimum=0.0, maximum=1.5707963267948966, name='inclination_EM', latex_label='$\\iota$', unit=None, boundary=None)
22:11 INFO    : log10_mej_dyn=Uniform(minimum=-3.0, maximum=-1.69, name='log10_mej_dyn', latex_label='$\\log_{10}M^{\\rm{dyn}}_{\\rm{ej}}$', unit=None, boundary=None)
22:11 INFO    : log10_mej_wind=Uniform(minimum=-2.0, maximum=-0.89, name='log10_mej_wind', latex_label='$\\log_{10}M^{\\rm{wind}}_{\\rm{ej}}$', unit=None, boundary=None)
22:11 INFO    : em_syserr=Uniform(minimum=0.3, maximum=3, name='em_syserr', latex_label='$\\sigma^{\\rm{err}}_{\\rm{ej}}$', unit=None, boundary=None)
22:11 INFO    : luminosity_distance=Uniform(minimum=10, maximum=200, name='luminosity_distance', latex_label='$D_L$', unit=None, boundary=None)
22:11 INFO    : Ebv=0.0
22:11 INFO    : Analysis likelihood class: <class 'nmma.em.em_likelihood.EMTransientLikelihood'>
22:11 INFO    : Analysis likelihood noise evidence: 0.0
22:11 INFO    : Single likelihood evaluation took 1.935e-02 s
22:11 WARNING : Supplied argument 'queue_size' not an argument of 'Pymultinest', removing.
22:11 WARNING : Supplied argument 'check_point_delta_t' not an argument of 'Pymultinest', removing.
22:11 INFO    : Global meta data was removed from the result object for compatibility. Use the `BILBY_INCLUDE_GLOBAL_METADATA` environment variable to include it. This behaviour will be removed in a future release. For more details see: https://bilby-dev.github.io/bilby/faq.html#global-meta-data
22:11 WARNING : Using cached result
22:11 INFO    : Summary of results:
nsamples: 3193
ln_noise_evidence:  0.000
ln_evidence: -16.031 +/-  0.131
ln_bayes_factor: -16.031 +/-  0.131

22:11 INFO    : No extension given, defaulting to JSON.
22:11 INFO    : Writing samples file to /home/stu_jamsin/memoir_grid/bu19_copy/0/minus1/minus1_0_posterior_samples.dat
