00:12 INFO    : Running for label '11', output will be saved to '/home/stu_jamsin/jamsin/condor_synth_large/11'
00:12 INFO    : Analysis priors:
00:12 INFO    : luminosity_distance=Uniform(minimum=0.0, maximum=500.0, name='luminosity_distance', latex_label='$D_L$', unit=None, boundary=None)
00:12 INFO    : KNphi=Uniform(minimum=15.0, maximum=75.0, name='KNphi', latex_label='$\\Phi$', unit=None, boundary=None)
00:12 INFO    : KNtheta=Uniform(minimum=0.0, maximum=90.0, name='KNtheta', latex_label='$\\Phi$', unit=None, boundary=None)
00:12 INFO    : inclination_EM=Sine(minimum=0.0, maximum=1.5707963267948966, name='inclination_EM', latex_label='$\\iota$', unit=None, boundary=None)
00:12 INFO    : timeshift=Uniform(minimum=-2.0, maximum=0.0, name='timeshift', latex_label='$t_0$', unit=None, boundary=None)
00:12 INFO    : log10_mej_dyn=Uniform(minimum=-3.0, maximum=-1.0, name='log10_mej_dyn', latex_label='$\\log_{10}M^{\\rm{dyn}}_{\\rm{ej}}$', unit=None, boundary=None)
00:12 INFO    : log10_mej_wind=Uniform(minimum=-3.0, maximum=-0.5, name='log10_mej_wind', latex_label='$\\log_{10}M^{\\rm{wind}}_{\\rm{ej}}$', unit=None, boundary=None)
00:12 INFO    : Ebv=0.0
00:12 INFO    : Analysis likelihood class: <class 'nmma.em.likelihood.OpticalLightCurve'>
00:12 INFO    : Analysis likelihood noise evidence: 0.0
00:12 INFO    : Single likelihood evaluation took 1.453e-01 s
00:12 WARNING : Supplied argument 'queue_size' not an argument of 'Pymultinest', removing.
00:12 WARNING : Supplied argument 'check_point_delta_t' not an argument of 'Pymultinest', removing.
00:12 INFO    : Using sampler Pymultinest with kwargs {'importance_nested_sampling': False, 'resume': True, 'verbose': True, 'sampling_efficiency': 'parameter', 'n_live_points': 2048, 'n_params': 7, 'n_clustering_params': None, 'wrapped_params': None, 'multimodal': True, 'const_efficiency_mode': False, 'evidence_tolerance': 0.5, 'n_iter_before_update': 100, 'null_log_evidence': -1e+90, 'max_modes': 100, 'mode_tolerance': -1e+90, 'seed': 42, 'context': 0, 'write_output': True, 'log_zero': -1e+100, 'max_iter': 0, 'init_MPI': False, 'dump_callback': <bound method Pymultinest._dump_callback of <bilby.core.sampler.pymultinest.Pymultinest object at 0xe335081c790>>}
00:12 INFO    : Global meta data was removed from the result object for compatibility. Use the `BILBY_INCLUDE_GLOBAL_METADATA` environment variable to include it. This behaviour will be removed in a future release. For more details see: https://bilby-dev.github.io/bilby/faq.html#global-meta-data
00:12 INFO    : Using temporary file /tmp/tmp04vcbbej
00:30 INFO    : Overwriting /home/stu_jamsin/jamsin/condor_synth_large/11/pm_11/ with /tmp/tmp04vcbbej/
00:38 INFO    : Overwriting /home/stu_jamsin/jamsin/condor_synth_large/11/pm_11/ with /tmp/tmp04vcbbej/
00:47 INFO    : Overwriting /home/stu_jamsin/jamsin/condor_synth_large/11/pm_11/ with /tmp/tmp04vcbbej/
00:57 INFO    : Overwriting /home/stu_jamsin/jamsin/condor_synth_large/11/pm_11/ with /tmp/tmp04vcbbej/
01:05 INFO    : Overwriting /home/stu_jamsin/jamsin/condor_synth_large/11/pm_11/ with /tmp/tmp04vcbbej/
01:14 INFO    : Overwriting /home/stu_jamsin/jamsin/condor_synth_large/11/pm_11/ with /tmp/tmp04vcbbej/
01:25 INFO    : Overwriting /home/stu_jamsin/jamsin/condor_synth_large/11/pm_11/ with /tmp/tmp04vcbbej/
01:35 INFO    : Overwriting /home/stu_jamsin/jamsin/condor_synth_large/11/pm_11/ with /tmp/tmp04vcbbej/
01:46 INFO    : Overwriting /home/stu_jamsin/jamsin/condor_synth_large/11/pm_11/ with /tmp/tmp04vcbbej/
01:58 INFO    : Overwriting /home/stu_jamsin/jamsin/condor_synth_large/11/pm_11/ with /tmp/tmp04vcbbej/
02:10 INFO    : Overwriting /home/stu_jamsin/jamsin/condor_synth_large/11/pm_11/ with /tmp/tmp04vcbbej/
02:22 INFO    : Overwriting /home/stu_jamsin/jamsin/condor_synth_large/11/pm_11/ with /tmp/tmp04vcbbej/
02:34 INFO    : Overwriting /home/stu_jamsin/jamsin/condor_synth_large/11/pm_11/ with /tmp/tmp04vcbbej/
02:48 INFO    : Overwriting /home/stu_jamsin/jamsin/condor_synth_large/11/pm_11/ with /tmp/tmp04vcbbej/
03:01 INFO    : Overwriting /home/stu_jamsin/jamsin/condor_synth_large/11/pm_11/ with /tmp/tmp04vcbbej/
03:15 INFO    : Overwriting /home/stu_jamsin/jamsin/condor_synth_large/11/pm_11/ with /tmp/tmp04vcbbej/
03:31 INFO    : Overwriting /home/stu_jamsin/jamsin/condor_synth_large/11/pm_11/ with /tmp/tmp04vcbbej/
03:46 INFO    : Overwriting /home/stu_jamsin/jamsin/condor_synth_large/11/pm_11/ with /tmp/tmp04vcbbej/
04:01 INFO    : Overwriting /home/stu_jamsin/jamsin/condor_synth_large/11/pm_11/ with /tmp/tmp04vcbbej/
04:15 INFO    : Overwriting /home/stu_jamsin/jamsin/condor_synth_large/11/pm_11/ with /tmp/tmp04vcbbej/
04:32 INFO    : Overwriting /home/stu_jamsin/jamsin/condor_synth_large/11/pm_11/ with /tmp/tmp04vcbbej/
04:46 INFO    : Overwriting /home/stu_jamsin/jamsin/condor_synth_large/11/pm_11/ with /tmp/tmp04vcbbej/
04:59 INFO    : Overwriting /home/stu_jamsin/jamsin/condor_synth_large/11/pm_11/ with /tmp/tmp04vcbbej/
05:07 INFO    : Overwriting /home/stu_jamsin/jamsin/condor_synth_large/11/pm_11/ with /tmp/tmp04vcbbej/
05:14 INFO    : Overwriting /home/stu_jamsin/jamsin/condor_synth_large/11/pm_11/ with /tmp/tmp04vcbbej/
05:17 INFO    : Overwriting /home/stu_jamsin/jamsin/condor_synth_large/11/pm_11/ with /tmp/tmp04vcbbej/
05:17 INFO    : Overwriting /home/stu_jamsin/jamsin/condor_synth_large/11/pm_11/ with /tmp/tmp04vcbbej/
05:17 INFO    : Overwriting /home/stu_jamsin/jamsin/condor_synth_large/11/pm_11/ with /tmp/tmp04vcbbej/
05:17 INFO    : Sampling time: 5:04:54.993202
05:17 INFO    : Summary of results:
nsamples: 10216
ln_noise_evidence:  0.000
ln_evidence: -40.030 +/-  0.068
ln_bayes_factor: -40.030 +/-  0.068

05:17 INFO    : Writing samples file to /home/stu_jamsin/jamsin/condor_synth_large/11/11_posterior_samples.dat
