18:49 INFO    : Running for label 'minus7_5', output will be saved to '/home/stu_jamsin/jamsin/grid_4_perday/5/minus7'
18:49 INFO    : Analysis priors:
18:49 INFO    : luminosity_distance=Uniform(minimum=0.0, maximum=200.0, name='luminosity_distance', latex_label='$D_L$', unit=None, boundary=None)
18:49 INFO    : KNphi=Uniform(minimum=15.0, maximum=75.0, name='KNphi', latex_label='$\\Phi$', unit=None, boundary=None)
18:49 INFO    : KNtheta=Uniform(minimum=0.0, maximum=90.0, name='KNtheta', latex_label='$\\Theta$', unit=None, boundary=None)
18:49 INFO    : inclination_EM=Sine(minimum=0.0, maximum=1.5707963267948966, name='inclination_EM', latex_label='$\\iota$', unit=None, boundary=None)
18:49 INFO    : timeshift=Uniform(minimum=-2.0, maximum=0.0, name='timeshift', latex_label='$t_0$', unit=None, boundary=None)
18:49 INFO    : log10_mej_dyn=Uniform(minimum=-3.0, maximum=-1.0, name='log10_mej_dyn', latex_label='$\\log_{10}M^{\\rm{dyn}}_{\\rm{ej}}$', unit=None, boundary=None)
18:49 INFO    : log10_mej_wind=Uniform(minimum=-3.0, maximum=-0.5, name='log10_mej_wind', latex_label='$\\log_{10}M^{\\rm{wind}}_{\\rm{ej}}$', unit=None, boundary=None)
18:49 INFO    : Ebv=0.0
18:49 INFO    : Analysis likelihood class: <class 'nmma.em.likelihood.OpticalLightCurve'>
18:49 INFO    : Analysis likelihood noise evidence: 0.0
18:49 INFO    : Single likelihood evaluation took 1.424e-01 s
18:49 WARNING : Supplied argument 'queue_size' not an argument of 'Pymultinest', removing.
18:49 WARNING : Supplied argument 'check_point_delta_t' not an argument of 'Pymultinest', removing.
18:49 INFO    : Using sampler Pymultinest with kwargs {'importance_nested_sampling': False, 'resume': True, 'verbose': True, 'sampling_efficiency': 'parameter', 'n_live_points': 256, 'n_params': 7, 'n_clustering_params': None, 'wrapped_params': None, 'multimodal': True, 'const_efficiency_mode': False, 'evidence_tolerance': 0.5, 'n_iter_before_update': 100, 'null_log_evidence': -1e+90, 'max_modes': 100, 'mode_tolerance': -1e+90, 'seed': 42, 'context': 0, 'write_output': True, 'log_zero': -1e+100, 'max_iter': 0, 'init_MPI': False, 'dump_callback': <bound method Pymultinest._dump_callback of <bilby.core.sampler.pymultinest.Pymultinest object at 0xce40d4c9f30>>}
18:49 INFO    : Global meta data was removed from the result object for compatibility. Use the `BILBY_INCLUDE_GLOBAL_METADATA` environment variable to include it. This behaviour will be removed in a future release. For more details see: https://bilby-dev.github.io/bilby/faq.html#global-meta-data
18:49 INFO    : Using temporary file /tmp/tmp4x46f0_5
18:55 INFO    : Overwriting /home/stu_jamsin/jamsin/grid_4_perday/5/minus7/pm_minus7_5/ with /tmp/tmp4x46f0_5/
19:01 INFO    : Overwriting /home/stu_jamsin/jamsin/grid_4_perday/5/minus7/pm_minus7_5/ with /tmp/tmp4x46f0_5/
19:04 INFO    : Overwriting /home/stu_jamsin/jamsin/grid_4_perday/5/minus7/pm_minus7_5/ with /tmp/tmp4x46f0_5/
19:04 INFO    : Overwriting /home/stu_jamsin/jamsin/grid_4_perday/5/minus7/pm_minus7_5/ with /tmp/tmp4x46f0_5/
19:04 INFO    : Overwriting /home/stu_jamsin/jamsin/grid_4_perday/5/minus7/pm_minus7_5/ with /tmp/tmp4x46f0_5/
19:04 INFO    : Sampling time: 0:14:06.735393
19:04 INFO    : Summary of results:
nsamples: 1106
ln_noise_evidence:  0.000
ln_evidence: -42.839 +/-  0.165
ln_bayes_factor: -42.839 +/-  0.165

19:04 INFO    : Writing samples file to /home/stu_jamsin/jamsin/grid_4_perday/5/minus7/minus7_5_posterior_samples.dat
16:55 INFO    : Running for label 'minus7_5', output will be saved to '/home/stu_jamsin/jamsin/grid_4_perday/5/minus7'
16:56 INFO    : Analysis priors:
16:56 INFO    : luminosity_distance=Uniform(minimum=0.0, maximum=200.0, name='luminosity_distance', latex_label='$D_L$', unit=None, boundary=None)
16:56 INFO    : KNphi=Uniform(minimum=15.0, maximum=75.0, name='KNphi', latex_label='$\\Phi$', unit=None, boundary=None)
16:56 INFO    : KNtheta=Uniform(minimum=0.0, maximum=90.0, name='KNtheta', latex_label='$\\Theta$', unit=None, boundary=None)
16:56 INFO    : inclination_EM=Sine(minimum=0.0, maximum=1.5707963267948966, name='inclination_EM', latex_label='$\\iota$', unit=None, boundary=None)
16:56 INFO    : timeshift=Uniform(minimum=-2.0, maximum=0.0, name='timeshift', latex_label='$t_0$', unit=None, boundary=None)
16:56 INFO    : log10_mej_dyn=Uniform(minimum=-3.0, maximum=-1.0, name='log10_mej_dyn', latex_label='$\\log_{10}M^{\\rm{dyn}}_{\\rm{ej}}$', unit=None, boundary=None)
16:56 INFO    : log10_mej_wind=Uniform(minimum=-3.0, maximum=-0.5, name='log10_mej_wind', latex_label='$\\log_{10}M^{\\rm{wind}}_{\\rm{ej}}$', unit=None, boundary=None)
16:56 INFO    : Ebv=0.0
16:56 INFO    : Analysis likelihood class: <class 'nmma.em.likelihood.OpticalLightCurve'>
16:56 INFO    : Analysis likelihood noise evidence: 0.0
16:56 INFO    : Single likelihood evaluation took 9.778e-02 s
16:56 WARNING : Supplied argument 'queue_size' not an argument of 'Pymultinest', removing.
16:56 WARNING : Supplied argument 'check_point_delta_t' not an argument of 'Pymultinest', removing.
16:56 INFO    : Global meta data was removed from the result object for compatibility. Use the `BILBY_INCLUDE_GLOBAL_METADATA` environment variable to include it. This behaviour will be removed in a future release. For more details see: https://bilby-dev.github.io/bilby/faq.html#global-meta-data
16:56 WARNING : Using cached result
16:56 INFO    : Summary of results:
nsamples: 1106
ln_noise_evidence:  0.000
ln_evidence: -42.839 +/-  0.165
ln_bayes_factor: -42.839 +/-  0.165

16:56 INFO    : Writing samples file to /home/stu_jamsin/jamsin/grid_4_perday/5/minus7/minus7_5_posterior_samples.dat
17:27 INFO    : Running for label 'minus7_5', output will be saved to '/home/stu_jamsin/jamsin/grid_4_perday/5/minus7'
17:27 INFO    : Analysis priors:
17:27 INFO    : luminosity_distance=Uniform(minimum=0.0, maximum=200.0, name='luminosity_distance', latex_label='$D_L$', unit=None, boundary=None)
17:27 INFO    : KNphi=Uniform(minimum=15.0, maximum=75.0, name='KNphi', latex_label='$\\Phi$', unit=None, boundary=None)
17:27 INFO    : KNtheta=Uniform(minimum=0.0, maximum=90.0, name='KNtheta', latex_label='$\\Theta$', unit=None, boundary=None)
17:27 INFO    : inclination_EM=Sine(minimum=0.0, maximum=1.5707963267948966, name='inclination_EM', latex_label='$\\iota$', unit=None, boundary=None)
17:27 INFO    : timeshift=Uniform(minimum=-2.0, maximum=0.0, name='timeshift', latex_label='$t_0$', unit=None, boundary=None)
17:27 INFO    : log10_mej_dyn=Uniform(minimum=-3.0, maximum=-1.0, name='log10_mej_dyn', latex_label='$\\log_{10}M^{\\rm{dyn}}_{\\rm{ej}}$', unit=None, boundary=None)
17:27 INFO    : log10_mej_wind=Uniform(minimum=-3.0, maximum=-0.5, name='log10_mej_wind', latex_label='$\\log_{10}M^{\\rm{wind}}_{\\rm{ej}}$', unit=None, boundary=None)
17:27 INFO    : Ebv=0.0
17:27 INFO    : Analysis likelihood class: <class 'nmma.em.likelihood.OpticalLightCurve'>
17:27 INFO    : Analysis likelihood noise evidence: 0.0
17:27 INFO    : Single likelihood evaluation took 5.771e-02 s
17:27 WARNING : Supplied argument 'queue_size' not an argument of 'Pymultinest', removing.
17:27 WARNING : Supplied argument 'check_point_delta_t' not an argument of 'Pymultinest', removing.
17:27 INFO    : Global meta data was removed from the result object for compatibility. Use the `BILBY_INCLUDE_GLOBAL_METADATA` environment variable to include it. This behaviour will be removed in a future release. For more details see: https://bilby-dev.github.io/bilby/faq.html#global-meta-data
17:27 WARNING : Using cached result
17:27 INFO    : Summary of results:
nsamples: 1106
ln_noise_evidence:  0.000
ln_evidence: -42.839 +/-  0.165
ln_bayes_factor: -42.839 +/-  0.165

17:27 INFO    : Writing samples file to /home/stu_jamsin/jamsin/grid_4_perday/5/minus7/minus7_5_posterior_samples.dat
17:42 INFO    : Running for label 'minus7_5', output will be saved to '/home/stu_jamsin/jamsin/grid_4_perday/5/minus7'
17:42 INFO    : Analysis priors:
17:42 INFO    : luminosity_distance=Uniform(minimum=0.0, maximum=200.0, name='luminosity_distance', latex_label='$D_L$', unit=None, boundary=None)
17:42 INFO    : KNphi=Uniform(minimum=15.0, maximum=75.0, name='KNphi', latex_label='$\\Phi$', unit=None, boundary=None)
17:42 INFO    : KNtheta=Uniform(minimum=0.0, maximum=90.0, name='KNtheta', latex_label='$\\Theta$', unit=None, boundary=None)
17:42 INFO    : inclination_EM=Sine(minimum=0.0, maximum=1.5707963267948966, name='inclination_EM', latex_label='$\\iota$', unit=None, boundary=None)
17:42 INFO    : timeshift=Uniform(minimum=-2.0, maximum=0.0, name='timeshift', latex_label='$t_0$', unit=None, boundary=None)
17:42 INFO    : log10_mej_dyn=Uniform(minimum=-3.0, maximum=-1.0, name='log10_mej_dyn', latex_label='$\\log_{10}M^{\\rm{dyn}}_{\\rm{ej}}$', unit=None, boundary=None)
17:42 INFO    : log10_mej_wind=Uniform(minimum=-3.0, maximum=-0.5, name='log10_mej_wind', latex_label='$\\log_{10}M^{\\rm{wind}}_{\\rm{ej}}$', unit=None, boundary=None)
17:42 INFO    : Ebv=0.0
17:42 INFO    : Analysis likelihood class: <class 'nmma.em.likelihood.OpticalLightCurve'>
17:42 INFO    : Analysis likelihood noise evidence: 0.0
17:42 INFO    : Single likelihood evaluation took 9.375e-02 s
17:42 WARNING : Supplied argument 'queue_size' not an argument of 'Pymultinest', removing.
17:42 WARNING : Supplied argument 'check_point_delta_t' not an argument of 'Pymultinest', removing.
17:42 INFO    : Global meta data was removed from the result object for compatibility. Use the `BILBY_INCLUDE_GLOBAL_METADATA` environment variable to include it. This behaviour will be removed in a future release. For more details see: https://bilby-dev.github.io/bilby/faq.html#global-meta-data
17:42 WARNING : Using cached result
17:42 INFO    : Summary of results:
nsamples: 1106
ln_noise_evidence:  0.000
ln_evidence: -42.839 +/-  0.165
ln_bayes_factor: -42.839 +/-  0.165

17:42 INFO    : Writing samples file to /home/stu_jamsin/jamsin/grid_4_perday/5/minus7/minus7_5_posterior_samples.dat
