13:45 INFO    : Running for label '0', output will be saved to '/home/stu_jamsin/jamsin/condor_synth_shorter_bounds/0'
13:45 INFO    : Analysis priors:
13:45 INFO    : luminosity_distance=Uniform(minimum=0.0, maximum=500.0, name='luminosity_distance', latex_label='$D_L$', unit=None, boundary=None)
13:45 INFO    : KNphi=Uniform(minimum=15.0, maximum=75.0, name='KNphi', latex_label='$\\Phi$', unit=None, boundary=None)
13:45 INFO    : KNtheta=Uniform(minimum=0.0, maximum=90.0, name='KNtheta', latex_label='$\\Phi$', unit=None, boundary=None)
13:45 INFO    : inclination_EM=Sine(minimum=0.0, maximum=1.5707963267948966, name='inclination_EM', latex_label='$\\iota$', unit=None, boundary=None)
13:45 INFO    : timeshift=Uniform(minimum=-2.0, maximum=0.0, name='timeshift', latex_label='$t_0$', unit=None, boundary=None)
13:45 INFO    : log10_mej_dyn=Uniform(minimum=-3.0, maximum=-1.0, name='log10_mej_dyn', latex_label='$\\log_{10}M^{\\rm{dyn}}_{\\rm{ej}}$', unit=None, boundary=None)
13:45 INFO    : log10_mej_wind=Uniform(minimum=-3.0, maximum=-0.5, name='log10_mej_wind', latex_label='$\\log_{10}M^{\\rm{wind}}_{\\rm{ej}}$', unit=None, boundary=None)
13:45 INFO    : Ebv=0.0
13:45 INFO    : Analysis likelihood class: <class 'nmma.em.likelihood.OpticalLightCurve'>
13:45 INFO    : Analysis likelihood noise evidence: 0.0
13:45 INFO    : Single likelihood evaluation took 1.068e-01 s
13:45 WARNING : Supplied argument 'queue_size' not an argument of 'Pymultinest', removing.
13:45 WARNING : Supplied argument 'check_point_delta_t' not an argument of 'Pymultinest', removing.
13:45 INFO    : Using sampler Pymultinest with kwargs {'importance_nested_sampling': False, 'resume': True, 'verbose': True, 'sampling_efficiency': 'parameter', 'n_live_points': 2048, 'n_params': 7, 'n_clustering_params': None, 'wrapped_params': None, 'multimodal': True, 'const_efficiency_mode': False, 'evidence_tolerance': 0.5, 'n_iter_before_update': 100, 'null_log_evidence': -1e+90, 'max_modes': 100, 'mode_tolerance': -1e+90, 'seed': 42, 'context': 0, 'write_output': True, 'log_zero': -1e+100, 'max_iter': 0, 'init_MPI': False, 'dump_callback': <bound method Pymultinest._dump_callback of <bilby.core.sampler.pymultinest.Pymultinest object at 0x115b981eb1f0>>}
13:45 INFO    : Global meta data was removed from the result object for compatibility. Use the `BILBY_INCLUDE_GLOBAL_METADATA` environment variable to include it. This behaviour will be removed in a future release. For more details see: https://bilby-dev.github.io/bilby/faq.html#global-meta-data
13:45 INFO    : Using temporary file /tmp/tmp28c7of8n
13:50 INFO    : Overwriting /home/stu_jamsin/jamsin/condor_synth_shorter_bounds/0/pm_0/ with /tmp/tmp28c7of8n/
13:52 INFO    : Overwriting /home/stu_jamsin/jamsin/condor_synth_shorter_bounds/0/pm_0/ with /tmp/tmp28c7of8n/
13:55 INFO    : Overwriting /home/stu_jamsin/jamsin/condor_synth_shorter_bounds/0/pm_0/ with /tmp/tmp28c7of8n/
13:57 INFO    : Overwriting /home/stu_jamsin/jamsin/condor_synth_shorter_bounds/0/pm_0/ with /tmp/tmp28c7of8n/
14:00 INFO    : Overwriting /home/stu_jamsin/jamsin/condor_synth_shorter_bounds/0/pm_0/ with /tmp/tmp28c7of8n/
14:03 INFO    : Overwriting /home/stu_jamsin/jamsin/condor_synth_shorter_bounds/0/pm_0/ with /tmp/tmp28c7of8n/
14:06 INFO    : Overwriting /home/stu_jamsin/jamsin/condor_synth_shorter_bounds/0/pm_0/ with /tmp/tmp28c7of8n/
14:09 INFO    : Overwriting /home/stu_jamsin/jamsin/condor_synth_shorter_bounds/0/pm_0/ with /tmp/tmp28c7of8n/
14:12 INFO    : Overwriting /home/stu_jamsin/jamsin/condor_synth_shorter_bounds/0/pm_0/ with /tmp/tmp28c7of8n/
14:15 INFO    : Overwriting /home/stu_jamsin/jamsin/condor_synth_shorter_bounds/0/pm_0/ with /tmp/tmp28c7of8n/
14:18 INFO    : Overwriting /home/stu_jamsin/jamsin/condor_synth_shorter_bounds/0/pm_0/ with /tmp/tmp28c7of8n/
14:21 INFO    : Overwriting /home/stu_jamsin/jamsin/condor_synth_shorter_bounds/0/pm_0/ with /tmp/tmp28c7of8n/
14:24 INFO    : Overwriting /home/stu_jamsin/jamsin/condor_synth_shorter_bounds/0/pm_0/ with /tmp/tmp28c7of8n/
14:28 INFO    : Overwriting /home/stu_jamsin/jamsin/condor_synth_shorter_bounds/0/pm_0/ with /tmp/tmp28c7of8n/
14:32 INFO    : Overwriting /home/stu_jamsin/jamsin/condor_synth_shorter_bounds/0/pm_0/ with /tmp/tmp28c7of8n/
14:35 INFO    : Overwriting /home/stu_jamsin/jamsin/condor_synth_shorter_bounds/0/pm_0/ with /tmp/tmp28c7of8n/
14:40 INFO    : Overwriting /home/stu_jamsin/jamsin/condor_synth_shorter_bounds/0/pm_0/ with /tmp/tmp28c7of8n/
14:43 INFO    : Overwriting /home/stu_jamsin/jamsin/condor_synth_shorter_bounds/0/pm_0/ with /tmp/tmp28c7of8n/
14:43 INFO    : Overwriting /home/stu_jamsin/jamsin/condor_synth_shorter_bounds/0/pm_0/ with /tmp/tmp28c7of8n/
14:43 INFO    : Overwriting /home/stu_jamsin/jamsin/condor_synth_shorter_bounds/0/pm_0/ with /tmp/tmp28c7of8n/
14:43 INFO    : Sampling time: 0:58:15.783607
14:43 INFO    : Summary of results:
nsamples: 9845
ln_noise_evidence:  0.000
ln_evidence: -22.796 +/-  0.052
ln_bayes_factor: -22.796 +/-  0.052

14:43 INFO    : Writing samples file to /home/stu_jamsin/jamsin/condor_synth_shorter_bounds/0/0_posterior_samples.dat
