14:20 INFO    : Running for label 'minus2_22', output will be saved to '/home/stu_jamsin/jamsin/grid_LSST_like_nlive512/22/minus2'
14:20 INFO    : Analysis priors:
14:20 INFO    : luminosity_distance=Uniform(minimum=0.0, maximum=200.0, name='luminosity_distance', latex_label='$D_L$', unit=None, boundary=None)
14:20 INFO    : KNphi=Uniform(minimum=15.0, maximum=75.0, name='KNphi', latex_label='$\\Phi$', unit=None, boundary=None)
14:20 INFO    : KNtheta=Uniform(minimum=0.0, maximum=90.0, name='KNtheta', latex_label='$\\Theta$', unit=None, boundary=None)
14:20 INFO    : inclination_EM=Sine(minimum=0.0, maximum=1.5707963267948966, name='inclination_EM', latex_label='$\\iota$', unit=None, boundary=None)
14:20 INFO    : timeshift=Uniform(minimum=-4.5, maximum=0.5, name='timeshift', latex_label='$t_0$', unit=None, boundary=None)
14:20 INFO    : log10_mej_dyn=Uniform(minimum=-3.0, maximum=-1.0, name='log10_mej_dyn', latex_label='$\\log_{10}M^{\\rm{dyn}}_{\\rm{ej}}$', unit=None, boundary=None)
14:20 INFO    : log10_mej_wind=Uniform(minimum=-3.0, maximum=-0.5, name='log10_mej_wind', latex_label='$\\log_{10}M^{\\rm{wind}}_{\\rm{ej}}$', unit=None, boundary=None)
14:20 INFO    : Ebv=0.0
14:20 INFO    : Analysis likelihood class: <class 'nmma.em.likelihood.OpticalLightCurve'>
14:20 INFO    : Analysis likelihood noise evidence: 0.0
14:21 INFO    : Single likelihood evaluation took 3.503e-01 s
14:21 WARNING : Supplied argument 'queue_size' not an argument of 'Pymultinest', removing.
14:21 WARNING : Supplied argument 'check_point_delta_t' not an argument of 'Pymultinest', removing.
14:21 INFO    : Using sampler Pymultinest with kwargs {'importance_nested_sampling': False, 'resume': True, 'verbose': True, 'sampling_efficiency': 'parameter', 'n_live_points': 512, 'n_params': 7, 'n_clustering_params': None, 'wrapped_params': None, 'multimodal': True, 'const_efficiency_mode': False, 'evidence_tolerance': 0.5, 'n_iter_before_update': 100, 'null_log_evidence': -1e+90, 'max_modes': 100, 'mode_tolerance': -1e+90, 'seed': 42, 'context': 0, 'write_output': True, 'log_zero': -1e+100, 'max_iter': 0, 'init_MPI': False, 'dump_callback': <bound method Pymultinest._dump_callback of <bilby.core.sampler.pymultinest.Pymultinest object at 0xe161e0e70d0>>}
14:21 INFO    : Global meta data was removed from the result object for compatibility. Use the `BILBY_INCLUDE_GLOBAL_METADATA` environment variable to include it. This behaviour will be removed in a future release. For more details see: https://bilby-dev.github.io/bilby/faq.html#global-meta-data
14:21 INFO    : Using temporary file /tmp/tmp2nhg7yqb
14:33 INFO    : Overwriting /home/stu_jamsin/jamsin/grid_LSST_like_nlive512/22/minus2/pm_minus2_22/ with /tmp/tmp2nhg7yqb/
14:46 INFO    : Overwriting /home/stu_jamsin/jamsin/grid_LSST_like_nlive512/22/minus2/pm_minus2_22/ with /tmp/tmp2nhg7yqb/
15:01 INFO    : Overwriting /home/stu_jamsin/jamsin/grid_LSST_like_nlive512/22/minus2/pm_minus2_22/ with /tmp/tmp2nhg7yqb/
15:22 INFO    : Overwriting /home/stu_jamsin/jamsin/grid_LSST_like_nlive512/22/minus2/pm_minus2_22/ with /tmp/tmp2nhg7yqb/
15:25 INFO    : Overwriting /home/stu_jamsin/jamsin/grid_LSST_like_nlive512/22/minus2/pm_minus2_22/ with /tmp/tmp2nhg7yqb/
15:25 INFO    : Overwriting /home/stu_jamsin/jamsin/grid_LSST_like_nlive512/22/minus2/pm_minus2_22/ with /tmp/tmp2nhg7yqb/
15:25 INFO    : Overwriting /home/stu_jamsin/jamsin/grid_LSST_like_nlive512/22/minus2/pm_minus2_22/ with /tmp/tmp2nhg7yqb/
15:25 INFO    : Sampling time: 1:03:33.572454
15:25 INFO    : Summary of results:
nsamples: 2621
ln_noise_evidence:  0.000
ln_evidence: -22.653 +/-  0.094
ln_bayes_factor: -22.653 +/-  0.094

15:25 INFO    : Writing samples file to /home/stu_jamsin/jamsin/grid_LSST_like_nlive512/22/minus2/minus2_22_posterior_samples.dat
