18:14 INFO    : Running for label 'minus3_11', output will be saved to '/home/stu_jamsin/jamsin/grid_4_perday/11/minus3'
18:14 INFO    : Analysis priors:
18:14 INFO    : luminosity_distance=Uniform(minimum=0.0, maximum=200.0, name='luminosity_distance', latex_label='$D_L$', unit=None, boundary=None)
18:14 INFO    : KNphi=Uniform(minimum=15.0, maximum=75.0, name='KNphi', latex_label='$\\Phi$', unit=None, boundary=None)
18:14 INFO    : KNtheta=Uniform(minimum=0.0, maximum=90.0, name='KNtheta', latex_label='$\\Theta$', unit=None, boundary=None)
18:14 INFO    : inclination_EM=Sine(minimum=0.0, maximum=1.5707963267948966, name='inclination_EM', latex_label='$\\iota$', unit=None, boundary=None)
18:14 INFO    : timeshift=Uniform(minimum=-2.0, maximum=0.0, name='timeshift', latex_label='$t_0$', unit=None, boundary=None)
18:14 INFO    : log10_mej_dyn=Uniform(minimum=-3.0, maximum=-1.0, name='log10_mej_dyn', latex_label='$\\log_{10}M^{\\rm{dyn}}_{\\rm{ej}}$', unit=None, boundary=None)
18:14 INFO    : log10_mej_wind=Uniform(minimum=-3.0, maximum=-0.5, name='log10_mej_wind', latex_label='$\\log_{10}M^{\\rm{wind}}_{\\rm{ej}}$', unit=None, boundary=None)
18:14 INFO    : Ebv=0.0
18:14 INFO    : Analysis likelihood class: <class 'nmma.em.likelihood.OpticalLightCurve'>
18:14 INFO    : Analysis likelihood noise evidence: 0.0
18:14 INFO    : Single likelihood evaluation took 1.259e-01 s
18:14 WARNING : Supplied argument 'queue_size' not an argument of 'Pymultinest', removing.
18:14 WARNING : Supplied argument 'check_point_delta_t' not an argument of 'Pymultinest', removing.
18:14 INFO    : Using sampler Pymultinest with kwargs {'importance_nested_sampling': False, 'resume': True, 'verbose': True, 'sampling_efficiency': 'parameter', 'n_live_points': 256, 'n_params': 7, 'n_clustering_params': None, 'wrapped_params': None, 'multimodal': True, 'const_efficiency_mode': False, 'evidence_tolerance': 0.5, 'n_iter_before_update': 100, 'null_log_evidence': -1e+90, 'max_modes': 100, 'mode_tolerance': -1e+90, 'seed': 42, 'context': 0, 'write_output': True, 'log_zero': -1e+100, 'max_iter': 0, 'init_MPI': False, 'dump_callback': <bound method Pymultinest._dump_callback of <bilby.core.sampler.pymultinest.Pymultinest object at 0xd25c6fd9720>>}
18:14 INFO    : Global meta data was removed from the result object for compatibility. Use the `BILBY_INCLUDE_GLOBAL_METADATA` environment variable to include it. This behaviour will be removed in a future release. For more details see: https://bilby-dev.github.io/bilby/faq.html#global-meta-data
18:14 INFO    : Using temporary file /tmp/tmp6f4k0e9l
18:19 INFO    : Overwriting /home/stu_jamsin/jamsin/grid_4_perday/11/minus3/pm_minus3_11/ with /tmp/tmp6f4k0e9l/
18:27 INFO    : Overwriting /home/stu_jamsin/jamsin/grid_4_perday/11/minus3/pm_minus3_11/ with /tmp/tmp6f4k0e9l/
18:35 INFO    : Overwriting /home/stu_jamsin/jamsin/grid_4_perday/11/minus3/pm_minus3_11/ with /tmp/tmp6f4k0e9l/
18:38 INFO    : Overwriting /home/stu_jamsin/jamsin/grid_4_perday/11/minus3/pm_minus3_11/ with /tmp/tmp6f4k0e9l/
18:38 INFO    : Overwriting /home/stu_jamsin/jamsin/grid_4_perday/11/minus3/pm_minus3_11/ with /tmp/tmp6f4k0e9l/
18:38 INFO    : Overwriting /home/stu_jamsin/jamsin/grid_4_perday/11/minus3/pm_minus3_11/ with /tmp/tmp6f4k0e9l/
18:38 INFO    : Sampling time: 0:23:43.517104
18:38 INFO    : Summary of results:
nsamples: 1358
ln_noise_evidence:  0.000
ln_evidence: -71.783 +/-  0.190
ln_bayes_factor: -71.783 +/-  0.190

18:38 INFO    : Writing samples file to /home/stu_jamsin/jamsin/grid_4_perday/11/minus3/minus3_11_posterior_samples.dat
16:51 INFO    : Running for label 'minus3_11', output will be saved to '/home/stu_jamsin/jamsin/grid_4_perday/11/minus3'
16:51 INFO    : Analysis priors:
16:51 INFO    : luminosity_distance=Uniform(minimum=0.0, maximum=200.0, name='luminosity_distance', latex_label='$D_L$', unit=None, boundary=None)
16:51 INFO    : KNphi=Uniform(minimum=15.0, maximum=75.0, name='KNphi', latex_label='$\\Phi$', unit=None, boundary=None)
16:51 INFO    : KNtheta=Uniform(minimum=0.0, maximum=90.0, name='KNtheta', latex_label='$\\Theta$', unit=None, boundary=None)
16:51 INFO    : inclination_EM=Sine(minimum=0.0, maximum=1.5707963267948966, name='inclination_EM', latex_label='$\\iota$', unit=None, boundary=None)
16:51 INFO    : timeshift=Uniform(minimum=-2.0, maximum=0.0, name='timeshift', latex_label='$t_0$', unit=None, boundary=None)
16:51 INFO    : log10_mej_dyn=Uniform(minimum=-3.0, maximum=-1.0, name='log10_mej_dyn', latex_label='$\\log_{10}M^{\\rm{dyn}}_{\\rm{ej}}$', unit=None, boundary=None)
16:51 INFO    : log10_mej_wind=Uniform(minimum=-3.0, maximum=-0.5, name='log10_mej_wind', latex_label='$\\log_{10}M^{\\rm{wind}}_{\\rm{ej}}$', unit=None, boundary=None)
16:51 INFO    : Ebv=0.0
16:51 INFO    : Analysis likelihood class: <class 'nmma.em.likelihood.OpticalLightCurve'>
16:51 INFO    : Analysis likelihood noise evidence: 0.0
16:53 INFO    : Running for label 'minus3_11', output will be saved to '/home/stu_jamsin/jamsin/grid_4_perday/11/minus3'
16:53 INFO    : Analysis priors:
16:53 INFO    : luminosity_distance=Uniform(minimum=0.0, maximum=200.0, name='luminosity_distance', latex_label='$D_L$', unit=None, boundary=None)
16:53 INFO    : KNphi=Uniform(minimum=15.0, maximum=75.0, name='KNphi', latex_label='$\\Phi$', unit=None, boundary=None)
16:53 INFO    : KNtheta=Uniform(minimum=0.0, maximum=90.0, name='KNtheta', latex_label='$\\Theta$', unit=None, boundary=None)
16:53 INFO    : inclination_EM=Sine(minimum=0.0, maximum=1.5707963267948966, name='inclination_EM', latex_label='$\\iota$', unit=None, boundary=None)
16:53 INFO    : timeshift=Uniform(minimum=-2.0, maximum=0.0, name='timeshift', latex_label='$t_0$', unit=None, boundary=None)
16:53 INFO    : log10_mej_dyn=Uniform(minimum=-3.0, maximum=-1.0, name='log10_mej_dyn', latex_label='$\\log_{10}M^{\\rm{dyn}}_{\\rm{ej}}$', unit=None, boundary=None)
16:53 INFO    : log10_mej_wind=Uniform(minimum=-3.0, maximum=-0.5, name='log10_mej_wind', latex_label='$\\log_{10}M^{\\rm{wind}}_{\\rm{ej}}$', unit=None, boundary=None)
16:53 INFO    : Ebv=0.0
16:53 INFO    : Analysis likelihood class: <class 'nmma.em.likelihood.OpticalLightCurve'>
16:53 INFO    : Analysis likelihood noise evidence: 0.0
16:53 INFO    : Single likelihood evaluation took 9.550e-02 s
16:53 WARNING : Supplied argument 'queue_size' not an argument of 'Pymultinest', removing.
16:53 WARNING : Supplied argument 'check_point_delta_t' not an argument of 'Pymultinest', removing.
16:53 INFO    : Global meta data was removed from the result object for compatibility. Use the `BILBY_INCLUDE_GLOBAL_METADATA` environment variable to include it. This behaviour will be removed in a future release. For more details see: https://bilby-dev.github.io/bilby/faq.html#global-meta-data
16:53 WARNING : Using cached result
16:53 INFO    : Summary of results:
nsamples: 1358
ln_noise_evidence:  0.000
ln_evidence: -71.783 +/-  0.190
ln_bayes_factor: -71.783 +/-  0.190

16:53 INFO    : Writing samples file to /home/stu_jamsin/jamsin/grid_4_perday/11/minus3/minus3_11_posterior_samples.dat
17:15 INFO    : Running for label 'minus3_11', output will be saved to '/home/stu_jamsin/jamsin/grid_4_perday/11/minus3'
17:15 INFO    : Analysis priors:
17:15 INFO    : luminosity_distance=Uniform(minimum=0.0, maximum=200.0, name='luminosity_distance', latex_label='$D_L$', unit=None, boundary=None)
17:15 INFO    : KNphi=Uniform(minimum=15.0, maximum=75.0, name='KNphi', latex_label='$\\Phi$', unit=None, boundary=None)
17:15 INFO    : KNtheta=Uniform(minimum=0.0, maximum=90.0, name='KNtheta', latex_label='$\\Theta$', unit=None, boundary=None)
17:15 INFO    : inclination_EM=Sine(minimum=0.0, maximum=1.5707963267948966, name='inclination_EM', latex_label='$\\iota$', unit=None, boundary=None)
17:15 INFO    : timeshift=Uniform(minimum=-2.0, maximum=0.0, name='timeshift', latex_label='$t_0$', unit=None, boundary=None)
17:15 INFO    : log10_mej_dyn=Uniform(minimum=-3.0, maximum=-1.0, name='log10_mej_dyn', latex_label='$\\log_{10}M^{\\rm{dyn}}_{\\rm{ej}}$', unit=None, boundary=None)
17:15 INFO    : log10_mej_wind=Uniform(minimum=-3.0, maximum=-0.5, name='log10_mej_wind', latex_label='$\\log_{10}M^{\\rm{wind}}_{\\rm{ej}}$', unit=None, boundary=None)
17:15 INFO    : Ebv=0.0
17:15 INFO    : Analysis likelihood class: <class 'nmma.em.likelihood.OpticalLightCurve'>
17:15 INFO    : Analysis likelihood noise evidence: 0.0
17:15 INFO    : Single likelihood evaluation took 7.284e-02 s
17:15 WARNING : Supplied argument 'queue_size' not an argument of 'Pymultinest', removing.
17:15 WARNING : Supplied argument 'check_point_delta_t' not an argument of 'Pymultinest', removing.
17:15 INFO    : Global meta data was removed from the result object for compatibility. Use the `BILBY_INCLUDE_GLOBAL_METADATA` environment variable to include it. This behaviour will be removed in a future release. For more details see: https://bilby-dev.github.io/bilby/faq.html#global-meta-data
17:15 WARNING : Using cached result
17:15 INFO    : Summary of results:
nsamples: 1358
ln_noise_evidence:  0.000
ln_evidence: -71.783 +/-  0.190
ln_bayes_factor: -71.783 +/-  0.190

17:15 INFO    : Writing samples file to /home/stu_jamsin/jamsin/grid_4_perday/11/minus3/minus3_11_posterior_samples.dat
17:18 INFO    : Running for label 'minus3_11', output will be saved to '/home/stu_jamsin/jamsin/grid_4_perday/11/minus3'
17:18 INFO    : Analysis priors:
17:18 INFO    : luminosity_distance=Uniform(minimum=0.0, maximum=200.0, name='luminosity_distance', latex_label='$D_L$', unit=None, boundary=None)
17:18 INFO    : KNphi=Uniform(minimum=15.0, maximum=75.0, name='KNphi', latex_label='$\\Phi$', unit=None, boundary=None)
17:18 INFO    : KNtheta=Uniform(minimum=0.0, maximum=90.0, name='KNtheta', latex_label='$\\Theta$', unit=None, boundary=None)
17:18 INFO    : inclination_EM=Sine(minimum=0.0, maximum=1.5707963267948966, name='inclination_EM', latex_label='$\\iota$', unit=None, boundary=None)
17:18 INFO    : timeshift=Uniform(minimum=-2.0, maximum=0.0, name='timeshift', latex_label='$t_0$', unit=None, boundary=None)
17:18 INFO    : log10_mej_dyn=Uniform(minimum=-3.0, maximum=-1.0, name='log10_mej_dyn', latex_label='$\\log_{10}M^{\\rm{dyn}}_{\\rm{ej}}$', unit=None, boundary=None)
17:18 INFO    : log10_mej_wind=Uniform(minimum=-3.0, maximum=-0.5, name='log10_mej_wind', latex_label='$\\log_{10}M^{\\rm{wind}}_{\\rm{ej}}$', unit=None, boundary=None)
17:18 INFO    : Ebv=0.0
17:18 INFO    : Analysis likelihood class: <class 'nmma.em.likelihood.OpticalLightCurve'>
17:18 INFO    : Analysis likelihood noise evidence: 0.0
17:18 INFO    : Single likelihood evaluation took 1.164e-01 s
17:18 WARNING : Supplied argument 'queue_size' not an argument of 'Pymultinest', removing.
17:18 WARNING : Supplied argument 'check_point_delta_t' not an argument of 'Pymultinest', removing.
17:18 INFO    : Global meta data was removed from the result object for compatibility. Use the `BILBY_INCLUDE_GLOBAL_METADATA` environment variable to include it. This behaviour will be removed in a future release. For more details see: https://bilby-dev.github.io/bilby/faq.html#global-meta-data
17:18 WARNING : Using cached result
17:18 INFO    : Summary of results:
nsamples: 1358
ln_noise_evidence:  0.000
ln_evidence: -71.783 +/-  0.190
ln_bayes_factor: -71.783 +/-  0.190

17:18 INFO    : Writing samples file to /home/stu_jamsin/jamsin/grid_4_perday/11/minus3/minus3_11_posterior_samples.dat
17:21 INFO    : Running for label 'minus3_11', output will be saved to '/home/stu_jamsin/jamsin/grid_4_perday/11/minus3'
17:21 INFO    : Analysis priors:
17:21 INFO    : luminosity_distance=Uniform(minimum=0.0, maximum=200.0, name='luminosity_distance', latex_label='$D_L$', unit=None, boundary=None)
17:21 INFO    : KNphi=Uniform(minimum=15.0, maximum=75.0, name='KNphi', latex_label='$\\Phi$', unit=None, boundary=None)
17:21 INFO    : KNtheta=Uniform(minimum=0.0, maximum=90.0, name='KNtheta', latex_label='$\\Theta$', unit=None, boundary=None)
17:21 INFO    : inclination_EM=Sine(minimum=0.0, maximum=1.5707963267948966, name='inclination_EM', latex_label='$\\iota$', unit=None, boundary=None)
17:21 INFO    : timeshift=Uniform(minimum=-2.0, maximum=0.0, name='timeshift', latex_label='$t_0$', unit=None, boundary=None)
17:21 INFO    : log10_mej_dyn=Uniform(minimum=-3.0, maximum=-1.0, name='log10_mej_dyn', latex_label='$\\log_{10}M^{\\rm{dyn}}_{\\rm{ej}}$', unit=None, boundary=None)
17:21 INFO    : log10_mej_wind=Uniform(minimum=-3.0, maximum=-0.5, name='log10_mej_wind', latex_label='$\\log_{10}M^{\\rm{wind}}_{\\rm{ej}}$', unit=None, boundary=None)
17:21 INFO    : Ebv=0.0
17:21 INFO    : Analysis likelihood class: <class 'nmma.em.likelihood.OpticalLightCurve'>
17:21 INFO    : Analysis likelihood noise evidence: 0.0
17:21 INFO    : Single likelihood evaluation took 6.923e-02 s
17:21 WARNING : Supplied argument 'queue_size' not an argument of 'Pymultinest', removing.
17:21 WARNING : Supplied argument 'check_point_delta_t' not an argument of 'Pymultinest', removing.
17:21 INFO    : Global meta data was removed from the result object for compatibility. Use the `BILBY_INCLUDE_GLOBAL_METADATA` environment variable to include it. This behaviour will be removed in a future release. For more details see: https://bilby-dev.github.io/bilby/faq.html#global-meta-data
17:21 WARNING : Using cached result
17:21 INFO    : Summary of results:
nsamples: 1358
ln_noise_evidence:  0.000
ln_evidence: -71.783 +/-  0.190
ln_bayes_factor: -71.783 +/-  0.190

17:21 INFO    : Writing samples file to /home/stu_jamsin/jamsin/grid_4_perday/11/minus3/minus3_11_posterior_samples.dat
17:24 INFO    : Running for label 'minus3_11', output will be saved to '/home/stu_jamsin/jamsin/grid_4_perday/11/minus3'
17:24 INFO    : Analysis priors:
17:24 INFO    : luminosity_distance=Uniform(minimum=0.0, maximum=200.0, name='luminosity_distance', latex_label='$D_L$', unit=None, boundary=None)
17:24 INFO    : KNphi=Uniform(minimum=15.0, maximum=75.0, name='KNphi', latex_label='$\\Phi$', unit=None, boundary=None)
17:24 INFO    : KNtheta=Uniform(minimum=0.0, maximum=90.0, name='KNtheta', latex_label='$\\Theta$', unit=None, boundary=None)
17:24 INFO    : inclination_EM=Sine(minimum=0.0, maximum=1.5707963267948966, name='inclination_EM', latex_label='$\\iota$', unit=None, boundary=None)
17:24 INFO    : timeshift=Uniform(minimum=-2.0, maximum=0.0, name='timeshift', latex_label='$t_0$', unit=None, boundary=None)
17:24 INFO    : log10_mej_dyn=Uniform(minimum=-3.0, maximum=-1.0, name='log10_mej_dyn', latex_label='$\\log_{10}M^{\\rm{dyn}}_{\\rm{ej}}$', unit=None, boundary=None)
17:24 INFO    : log10_mej_wind=Uniform(minimum=-3.0, maximum=-0.5, name='log10_mej_wind', latex_label='$\\log_{10}M^{\\rm{wind}}_{\\rm{ej}}$', unit=None, boundary=None)
17:24 INFO    : Ebv=0.0
17:24 INFO    : Analysis likelihood class: <class 'nmma.em.likelihood.OpticalLightCurve'>
17:24 INFO    : Analysis likelihood noise evidence: 0.0
17:25 INFO    : Single likelihood evaluation took 9.644e-02 s
17:25 WARNING : Supplied argument 'queue_size' not an argument of 'Pymultinest', removing.
17:25 WARNING : Supplied argument 'check_point_delta_t' not an argument of 'Pymultinest', removing.
17:25 INFO    : Global meta data was removed from the result object for compatibility. Use the `BILBY_INCLUDE_GLOBAL_METADATA` environment variable to include it. This behaviour will be removed in a future release. For more details see: https://bilby-dev.github.io/bilby/faq.html#global-meta-data
17:25 WARNING : Using cached result
17:25 INFO    : Summary of results:
nsamples: 1358
ln_noise_evidence:  0.000
ln_evidence: -71.783 +/-  0.190
ln_bayes_factor: -71.783 +/-  0.190

17:25 INFO    : Writing samples file to /home/stu_jamsin/jamsin/grid_4_perday/11/minus3/minus3_11_posterior_samples.dat
17:39 INFO    : Running for label 'minus3_11', output will be saved to '/home/stu_jamsin/jamsin/grid_4_perday/11/minus3'
17:40 INFO    : Analysis priors:
17:40 INFO    : luminosity_distance=Uniform(minimum=0.0, maximum=200.0, name='luminosity_distance', latex_label='$D_L$', unit=None, boundary=None)
17:40 INFO    : KNphi=Uniform(minimum=15.0, maximum=75.0, name='KNphi', latex_label='$\\Phi$', unit=None, boundary=None)
17:40 INFO    : KNtheta=Uniform(minimum=0.0, maximum=90.0, name='KNtheta', latex_label='$\\Theta$', unit=None, boundary=None)
17:40 INFO    : inclination_EM=Sine(minimum=0.0, maximum=1.5707963267948966, name='inclination_EM', latex_label='$\\iota$', unit=None, boundary=None)
17:40 INFO    : timeshift=Uniform(minimum=-2.0, maximum=0.0, name='timeshift', latex_label='$t_0$', unit=None, boundary=None)
17:40 INFO    : log10_mej_dyn=Uniform(minimum=-3.0, maximum=-1.0, name='log10_mej_dyn', latex_label='$\\log_{10}M^{\\rm{dyn}}_{\\rm{ej}}$', unit=None, boundary=None)
17:40 INFO    : log10_mej_wind=Uniform(minimum=-3.0, maximum=-0.5, name='log10_mej_wind', latex_label='$\\log_{10}M^{\\rm{wind}}_{\\rm{ej}}$', unit=None, boundary=None)
17:40 INFO    : Ebv=0.0
17:40 INFO    : Analysis likelihood class: <class 'nmma.em.likelihood.OpticalLightCurve'>
17:40 INFO    : Analysis likelihood noise evidence: 0.0
17:40 INFO    : Single likelihood evaluation took 9.875e-02 s
17:40 WARNING : Supplied argument 'queue_size' not an argument of 'Pymultinest', removing.
17:40 WARNING : Supplied argument 'check_point_delta_t' not an argument of 'Pymultinest', removing.
17:40 INFO    : Global meta data was removed from the result object for compatibility. Use the `BILBY_INCLUDE_GLOBAL_METADATA` environment variable to include it. This behaviour will be removed in a future release. For more details see: https://bilby-dev.github.io/bilby/faq.html#global-meta-data
17:40 WARNING : Using cached result
17:40 INFO    : Summary of results:
nsamples: 1358
ln_noise_evidence:  0.000
ln_evidence: -71.783 +/-  0.190
ln_bayes_factor: -71.783 +/-  0.190

17:40 INFO    : Writing samples file to /home/stu_jamsin/jamsin/grid_4_perday/11/minus3/minus3_11_posterior_samples.dat
