23:29 INFO    : Running for label 'inj_3', output will be saved to '/home/liteul/memoir_code/condor_nlive2048/inj_3'
23:29 INFO    : Analysis priors:
23:29 INFO    : luminosity_distance=Uniform(minimum=0.0, maximum=500.0, name='luminosity_distance', latex_label='$D_L$', unit=None, boundary=None)
23:29 INFO    : KNphi=Uniform(minimum=15.0, maximum=75.0, name='KNphi', latex_label='$\\Phi$', unit=None, boundary=None)
23:29 INFO    : KNtheta=Uniform(minimum=0.0, maximum=90.0, name='KNtheta', latex_label='$\\Phi$', unit=None, boundary=None)
23:29 INFO    : inclination_EM=Sine(minimum=0.0, maximum=1.5707963267948966, name='inclination_EM', latex_label='$\\iota$', unit=None, boundary=None)
23:29 INFO    : timeshift=Uniform(minimum=-2.0, maximum=0.0, name='timeshift', latex_label='$t_0$', unit=None, boundary=None)
23:29 INFO    : log10_mej_dyn=Uniform(minimum=-3.0, maximum=-1.0, name='log10_mej_dyn', latex_label='$\\log_{10}M^{\\rm{dyn}}_{\\rm{ej}}$', unit=None, boundary=None)
23:29 INFO    : log10_mej_wind=Uniform(minimum=-3.0, maximum=-0.5, name='log10_mej_wind', latex_label='$\\log_{10}M^{\\rm{wind}}_{\\rm{ej}}$', unit=None, boundary=None)
23:29 INFO    : Ebv=0.0
23:29 INFO    : Analysis likelihood class: <class 'nmma.em.likelihood.OpticalLightCurve'>
23:29 INFO    : Analysis likelihood noise evidence: 0.0
23:29 INFO    : Single likelihood evaluation took 9.958e-02 s
23:29 WARNING : Supplied argument 'queue_size' not an argument of 'Pymultinest', removing.
23:29 WARNING : Supplied argument 'check_point_delta_t' not an argument of 'Pymultinest', removing.
23:29 INFO    : Using sampler Pymultinest with kwargs {'importance_nested_sampling': False, 'resume': True, 'verbose': True, 'sampling_efficiency': 'parameter', 'n_live_points': 2048, 'n_params': 7, 'n_clustering_params': None, 'wrapped_params': None, 'multimodal': True, 'const_efficiency_mode': False, 'evidence_tolerance': 0.5, 'n_iter_before_update': 100, 'null_log_evidence': -1e+90, 'max_modes': 100, 'mode_tolerance': -1e+90, 'seed': 42, 'context': 0, 'write_output': True, 'log_zero': -1e+100, 'max_iter': 0, 'init_MPI': False, 'dump_callback': <bound method Pymultinest._dump_callback of <bilby.core.sampler.pymultinest.Pymultinest object at 0x1480129fbee0>>}
23:29 INFO    : Global meta data was removed from the result object for compatibility. Use the `BILBY_INCLUDE_GLOBAL_METADATA` environment variable to include it. This behaviour will be removed in a future release. For more details see: https://bilby-dev.github.io/bilby/faq.html#global-meta-data
23:29 INFO    : Using temporary file /tmp/tmp5n5u299i
23:35 INFO    : Overwriting /home/liteul/memoir_code/condor_nlive2048/inj_3/pm_inj_3/ with /tmp/tmp5n5u299i/
23:38 INFO    : Overwriting /home/liteul/memoir_code/condor_nlive2048/inj_3/pm_inj_3/ with /tmp/tmp5n5u299i/
23:41 INFO    : Overwriting /home/liteul/memoir_code/condor_nlive2048/inj_3/pm_inj_3/ with /tmp/tmp5n5u299i/
23:57 INFO    : Running for label 'inj_3', output will be saved to '/home/liteul/memoir_code/condor_nlive2048/inj_3'
23:58 INFO    : Analysis priors:
23:58 INFO    : luminosity_distance=Uniform(minimum=0.0, maximum=500.0, name='luminosity_distance', latex_label='$D_L$', unit=None, boundary=None)
23:58 INFO    : KNphi=Uniform(minimum=15.0, maximum=75.0, name='KNphi', latex_label='$\\Phi$', unit=None, boundary=None)
23:58 INFO    : KNtheta=Uniform(minimum=0.0, maximum=90.0, name='KNtheta', latex_label='$\\Phi$', unit=None, boundary=None)
23:58 INFO    : inclination_EM=Sine(minimum=0.0, maximum=1.5707963267948966, name='inclination_EM', latex_label='$\\iota$', unit=None, boundary=None)
23:58 INFO    : timeshift=Uniform(minimum=-2.0, maximum=0.0, name='timeshift', latex_label='$t_0$', unit=None, boundary=None)
23:58 INFO    : log10_mej_dyn=Uniform(minimum=-3.0, maximum=-1.0, name='log10_mej_dyn', latex_label='$\\log_{10}M^{\\rm{dyn}}_{\\rm{ej}}$', unit=None, boundary=None)
23:58 INFO    : log10_mej_wind=Uniform(minimum=-3.0, maximum=-0.5, name='log10_mej_wind', latex_label='$\\log_{10}M^{\\rm{wind}}_{\\rm{ej}}$', unit=None, boundary=None)
23:58 INFO    : Ebv=0.0
23:58 INFO    : Analysis likelihood class: <class 'nmma.em.likelihood.OpticalLightCurve'>
23:58 INFO    : Analysis likelihood noise evidence: 0.0
23:58 INFO    : Single likelihood evaluation took 1.005e-01 s
23:58 WARNING : Supplied argument 'queue_size' not an argument of 'Pymultinest', removing.
23:58 WARNING : Supplied argument 'check_point_delta_t' not an argument of 'Pymultinest', removing.
23:58 INFO    : Using sampler Pymultinest with kwargs {'importance_nested_sampling': False, 'resume': True, 'verbose': True, 'sampling_efficiency': 'parameter', 'n_live_points': 2048, 'n_params': 7, 'n_clustering_params': None, 'wrapped_params': None, 'multimodal': True, 'const_efficiency_mode': False, 'evidence_tolerance': 0.5, 'n_iter_before_update': 100, 'null_log_evidence': -1e+90, 'max_modes': 100, 'mode_tolerance': -1e+90, 'seed': 42, 'context': 0, 'write_output': True, 'log_zero': -1e+100, 'max_iter': 0, 'init_MPI': False, 'dump_callback': <bound method Pymultinest._dump_callback of <bilby.core.sampler.pymultinest.Pymultinest object at 0xfaf342ee950>>}
23:58 INFO    : Global meta data was removed from the result object for compatibility. Use the `BILBY_INCLUDE_GLOBAL_METADATA` environment variable to include it. This behaviour will be removed in a future release. For more details see: https://bilby-dev.github.io/bilby/faq.html#global-meta-data
23:58 INFO    : Using temporary file /tmp/tmp9kfapccm
00:01 INFO    : Overwriting /home/liteul/memoir_code/condor_nlive2048/inj_3/pm_inj_3/ with /tmp/tmp9kfapccm/
00:04 INFO    : Overwriting /home/liteul/memoir_code/condor_nlive2048/inj_3/pm_inj_3/ with /tmp/tmp9kfapccm/
00:08 INFO    : Overwriting /home/liteul/memoir_code/condor_nlive2048/inj_3/pm_inj_3/ with /tmp/tmp9kfapccm/
00:11 INFO    : Overwriting /home/liteul/memoir_code/condor_nlive2048/inj_3/pm_inj_3/ with /tmp/tmp9kfapccm/
00:15 INFO    : Overwriting /home/liteul/memoir_code/condor_nlive2048/inj_3/pm_inj_3/ with /tmp/tmp9kfapccm/
00:18 INFO    : Overwriting /home/liteul/memoir_code/condor_nlive2048/inj_3/pm_inj_3/ with /tmp/tmp9kfapccm/
00:22 INFO    : Overwriting /home/liteul/memoir_code/condor_nlive2048/inj_3/pm_inj_3/ with /tmp/tmp9kfapccm/
00:26 INFO    : Overwriting /home/liteul/memoir_code/condor_nlive2048/inj_3/pm_inj_3/ with /tmp/tmp9kfapccm/
00:30 INFO    : Overwriting /home/liteul/memoir_code/condor_nlive2048/inj_3/pm_inj_3/ with /tmp/tmp9kfapccm/
00:35 INFO    : Overwriting /home/liteul/memoir_code/condor_nlive2048/inj_3/pm_inj_3/ with /tmp/tmp9kfapccm/
00:39 INFO    : Overwriting /home/liteul/memoir_code/condor_nlive2048/inj_3/pm_inj_3/ with /tmp/tmp9kfapccm/
00:44 INFO    : Overwriting /home/liteul/memoir_code/condor_nlive2048/inj_3/pm_inj_3/ with /tmp/tmp9kfapccm/
00:48 INFO    : Overwriting /home/liteul/memoir_code/condor_nlive2048/inj_3/pm_inj_3/ with /tmp/tmp9kfapccm/
00:53 INFO    : Overwriting /home/liteul/memoir_code/condor_nlive2048/inj_3/pm_inj_3/ with /tmp/tmp9kfapccm/
00:59 INFO    : Overwriting /home/liteul/memoir_code/condor_nlive2048/inj_3/pm_inj_3/ with /tmp/tmp9kfapccm/
01:04 INFO    : Overwriting /home/liteul/memoir_code/condor_nlive2048/inj_3/pm_inj_3/ with /tmp/tmp9kfapccm/
01:10 INFO    : Overwriting /home/liteul/memoir_code/condor_nlive2048/inj_3/pm_inj_3/ with /tmp/tmp9kfapccm/
01:16 INFO    : Overwriting /home/liteul/memoir_code/condor_nlive2048/inj_3/pm_inj_3/ with /tmp/tmp9kfapccm/
01:22 INFO    : Overwriting /home/liteul/memoir_code/condor_nlive2048/inj_3/pm_inj_3/ with /tmp/tmp9kfapccm/
01:28 INFO    : Overwriting /home/liteul/memoir_code/condor_nlive2048/inj_3/pm_inj_3/ with /tmp/tmp9kfapccm/
01:35 INFO    : Overwriting /home/liteul/memoir_code/condor_nlive2048/inj_3/pm_inj_3/ with /tmp/tmp9kfapccm/
01:42 INFO    : Overwriting /home/liteul/memoir_code/condor_nlive2048/inj_3/pm_inj_3/ with /tmp/tmp9kfapccm/
01:49 INFO    : Overwriting /home/liteul/memoir_code/condor_nlive2048/inj_3/pm_inj_3/ with /tmp/tmp9kfapccm/
01:56 INFO    : Overwriting /home/liteul/memoir_code/condor_nlive2048/inj_3/pm_inj_3/ with /tmp/tmp9kfapccm/
02:04 INFO    : Overwriting /home/liteul/memoir_code/condor_nlive2048/inj_3/pm_inj_3/ with /tmp/tmp9kfapccm/
02:11 INFO    : Overwriting /home/liteul/memoir_code/condor_nlive2048/inj_3/pm_inj_3/ with /tmp/tmp9kfapccm/
02:19 INFO    : Overwriting /home/liteul/memoir_code/condor_nlive2048/inj_3/pm_inj_3/ with /tmp/tmp9kfapccm/
02:25 INFO    : Overwriting /home/liteul/memoir_code/condor_nlive2048/inj_3/pm_inj_3/ with /tmp/tmp9kfapccm/
02:32 INFO    : Overwriting /home/liteul/memoir_code/condor_nlive2048/inj_3/pm_inj_3/ with /tmp/tmp9kfapccm/
02:38 INFO    : Overwriting /home/liteul/memoir_code/condor_nlive2048/inj_3/pm_inj_3/ with /tmp/tmp9kfapccm/
02:45 INFO    : Overwriting /home/liteul/memoir_code/condor_nlive2048/inj_3/pm_inj_3/ with /tmp/tmp9kfapccm/
02:51 INFO    : Overwriting /home/liteul/memoir_code/condor_nlive2048/inj_3/pm_inj_3/ with /tmp/tmp9kfapccm/
02:57 INFO    : Overwriting /home/liteul/memoir_code/condor_nlive2048/inj_3/pm_inj_3/ with /tmp/tmp9kfapccm/
03:04 INFO    : Overwriting /home/liteul/memoir_code/condor_nlive2048/inj_3/pm_inj_3/ with /tmp/tmp9kfapccm/
03:10 INFO    : Overwriting /home/liteul/memoir_code/condor_nlive2048/inj_3/pm_inj_3/ with /tmp/tmp9kfapccm/
03:16 INFO    : Overwriting /home/liteul/memoir_code/condor_nlive2048/inj_3/pm_inj_3/ with /tmp/tmp9kfapccm/
03:22 INFO    : Overwriting /home/liteul/memoir_code/condor_nlive2048/inj_3/pm_inj_3/ with /tmp/tmp9kfapccm/
03:28 INFO    : Overwriting /home/liteul/memoir_code/condor_nlive2048/inj_3/pm_inj_3/ with /tmp/tmp9kfapccm/
03:32 INFO    : Overwriting /home/liteul/memoir_code/condor_nlive2048/inj_3/pm_inj_3/ with /tmp/tmp9kfapccm/
03:32 INFO    : Overwriting /home/liteul/memoir_code/condor_nlive2048/inj_3/pm_inj_3/ with /tmp/tmp9kfapccm/
03:32 INFO    : Overwriting /home/liteul/memoir_code/condor_nlive2048/inj_3/pm_inj_3/ with /tmp/tmp9kfapccm/
03:32 INFO    : Sampling time: 3:42:37.047496
03:32 INFO    : Summary of results:
nsamples: 12448
ln_noise_evidence:  0.000
ln_evidence: -317.491 +/-  0.090
ln_bayes_factor: -317.491 +/-  0.090

03:32 INFO    : Writing samples file to /home/liteul/memoir_code/condor_nlive2048/inj_3/inj_3_posterior_samples.dat
11:46 INFO    : Running for label 'inj_3', output will be saved to '/home/liteul/memoir_code/condor_nlive2048/inj_3'
11:46 INFO    : Analysis priors:
11:46 INFO    : luminosity_distance=Uniform(minimum=0.0, maximum=500.0, name='luminosity_distance', latex_label='$D_L$', unit=None, boundary=None)
11:46 INFO    : KNphi=Uniform(minimum=15.0, maximum=75.0, name='KNphi', latex_label='$\\Phi$', unit=None, boundary=None)
11:46 INFO    : KNtheta=Uniform(minimum=0.0, maximum=90.0, name='KNtheta', latex_label='$\\Phi$', unit=None, boundary=None)
11:46 INFO    : inclination_EM=Sine(minimum=0.0, maximum=1.5707963267948966, name='inclination_EM', latex_label='$\\iota$', unit=None, boundary=None)
11:46 INFO    : timeshift=Uniform(minimum=-2.0, maximum=0.0, name='timeshift', latex_label='$t_0$', unit=None, boundary=None)
11:46 INFO    : log10_mej_dyn=Uniform(minimum=-3.0, maximum=-1.0, name='log10_mej_dyn', latex_label='$\\log_{10}M^{\\rm{dyn}}_{\\rm{ej}}$', unit=None, boundary=None)
11:46 INFO    : log10_mej_wind=Uniform(minimum=-3.0, maximum=-0.5, name='log10_mej_wind', latex_label='$\\log_{10}M^{\\rm{wind}}_{\\rm{ej}}$', unit=None, boundary=None)
11:46 INFO    : Ebv=0.0
11:46 INFO    : Analysis likelihood class: <class 'nmma.em.likelihood.OpticalLightCurve'>
11:46 INFO    : Analysis likelihood noise evidence: 0.0
11:46 INFO    : Single likelihood evaluation took 1.286e-01 s
11:46 WARNING : Supplied argument 'queue_size' not an argument of 'Pymultinest', removing.
11:46 WARNING : Supplied argument 'check_point_delta_t' not an argument of 'Pymultinest', removing.
11:46 INFO    : Global meta data was removed from the result object for compatibility. Use the `BILBY_INCLUDE_GLOBAL_METADATA` environment variable to include it. This behaviour will be removed in a future release. For more details see: https://bilby-dev.github.io/bilby/faq.html#global-meta-data
11:46 WARNING : Using cached result
11:46 INFO    : Summary of results:
nsamples: 12448
ln_noise_evidence:  0.000
ln_evidence: -317.491 +/-  0.090
ln_bayes_factor: -317.491 +/-  0.090

11:46 INFO    : Writing samples file to /home/liteul/memoir_code/condor_nlive2048/inj_3/inj_3_posterior_samples.dat
13:10 INFO    : Running for label 'inj_3', output will be saved to '/home/liteul/memoir_code/condor_nlive2048/inj_3'
13:10 INFO    : Analysis priors:
13:10 INFO    : luminosity_distance=Uniform(minimum=0.0, maximum=500.0, name='luminosity_distance', latex_label='$D_L$', unit=None, boundary=None)
13:10 INFO    : KNphi=Uniform(minimum=15.0, maximum=75.0, name='KNphi', latex_label='$\\Phi$', unit=None, boundary=None)
13:10 INFO    : KNtheta=Uniform(minimum=0.0, maximum=90.0, name='KNtheta', latex_label='$\\Phi$', unit=None, boundary=None)
13:10 INFO    : inclination_EM=Sine(minimum=0.0, maximum=1.5707963267948966, name='inclination_EM', latex_label='$\\iota$', unit=None, boundary=None)
13:10 INFO    : timeshift=Uniform(minimum=-2.0, maximum=0.0, name='timeshift', latex_label='$t_0$', unit=None, boundary=None)
13:10 INFO    : log10_mej_dyn=Uniform(minimum=-3.0, maximum=-1.0, name='log10_mej_dyn', latex_label='$\\log_{10}M^{\\rm{dyn}}_{\\rm{ej}}$', unit=None, boundary=None)
13:10 INFO    : log10_mej_wind=Uniform(minimum=-3.0, maximum=-0.5, name='log10_mej_wind', latex_label='$\\log_{10}M^{\\rm{wind}}_{\\rm{ej}}$', unit=None, boundary=None)
13:10 INFO    : Ebv=0.0
13:10 INFO    : Analysis likelihood class: <class 'nmma.em.likelihood.OpticalLightCurve'>
13:10 INFO    : Analysis likelihood noise evidence: 0.0
13:10 INFO    : Single likelihood evaluation took 1.330e-01 s
13:10 WARNING : Supplied argument 'queue_size' not an argument of 'Pymultinest', removing.
13:10 WARNING : Supplied argument 'check_point_delta_t' not an argument of 'Pymultinest', removing.
13:10 INFO    : Global meta data was removed from the result object for compatibility. Use the `BILBY_INCLUDE_GLOBAL_METADATA` environment variable to include it. This behaviour will be removed in a future release. For more details see: https://bilby-dev.github.io/bilby/faq.html#global-meta-data
13:10 WARNING : Using cached result
13:11 INFO    : Summary of results:
nsamples: 12448
ln_noise_evidence:  0.000
ln_evidence: -317.491 +/-  0.090
ln_bayes_factor: -317.491 +/-  0.090

13:11 INFO    : Writing samples file to /home/liteul/memoir_code/condor_nlive2048/inj_3/inj_3_posterior_samples.dat
17:20 INFO    : Running for label 'inj_3', output will be saved to '/home/liteul/memoir_code/condor_nlive2048/inj_3'
17:23 INFO    : Analysis priors:
17:23 INFO    : luminosity_distance=Uniform(minimum=0.0, maximum=500.0, name='luminosity_distance', latex_label='$D_L$', unit=None, boundary=None)
17:23 INFO    : KNphi=Uniform(minimum=15.0, maximum=75.0, name='KNphi', latex_label='$\\Phi$', unit=None, boundary=None)
17:23 INFO    : KNtheta=Uniform(minimum=0.0, maximum=90.0, name='KNtheta', latex_label='$\\Phi$', unit=None, boundary=None)
17:23 INFO    : inclination_EM=Sine(minimum=0.0, maximum=1.5707963267948966, name='inclination_EM', latex_label='$\\iota$', unit=None, boundary=None)
17:23 INFO    : timeshift=Uniform(minimum=-2.0, maximum=0.0, name='timeshift', latex_label='$t_0$', unit=None, boundary=None)
17:23 INFO    : log10_mej_dyn=Uniform(minimum=-3.0, maximum=-1.0, name='log10_mej_dyn', latex_label='$\\log_{10}M^{\\rm{dyn}}_{\\rm{ej}}$', unit=None, boundary=None)
17:23 INFO    : log10_mej_wind=Uniform(minimum=-3.0, maximum=-0.5, name='log10_mej_wind', latex_label='$\\log_{10}M^{\\rm{wind}}_{\\rm{ej}}$', unit=None, boundary=None)
17:23 INFO    : Ebv=0.0
17:23 INFO    : Analysis likelihood class: <class 'nmma.em.likelihood.OpticalLightCurve'>
17:23 INFO    : Analysis likelihood noise evidence: 0.0
17:23 INFO    : Single likelihood evaluation took 1.214e-01 s
17:23 WARNING : Supplied argument 'queue_size' not an argument of 'Pymultinest', removing.
17:23 WARNING : Supplied argument 'check_point_delta_t' not an argument of 'Pymultinest', removing.
17:23 INFO    : Global meta data was removed from the result object for compatibility. Use the `BILBY_INCLUDE_GLOBAL_METADATA` environment variable to include it. This behaviour will be removed in a future release. For more details see: https://bilby-dev.github.io/bilby/faq.html#global-meta-data
17:23 WARNING : Using cached result
17:23 INFO    : Summary of results:
nsamples: 12448
ln_noise_evidence:  0.000
ln_evidence: -317.491 +/-  0.090
ln_bayes_factor: -317.491 +/-  0.090

17:23 INFO    : Writing samples file to /home/liteul/memoir_code/condor_nlive2048/inj_3/inj_3_posterior_samples.dat
17:30 INFO    : Running for label 'inj_3', output will be saved to '/home/liteul/memoir_code/condor_nlive2048/inj_3'
17:31 INFO    : Analysis priors:
17:31 INFO    : luminosity_distance=Uniform(minimum=0.0, maximum=500.0, name='luminosity_distance', latex_label='$D_L$', unit=None, boundary=None)
17:31 INFO    : KNphi=Uniform(minimum=15.0, maximum=75.0, name='KNphi', latex_label='$\\Phi$', unit=None, boundary=None)
17:31 INFO    : KNtheta=Uniform(minimum=0.0, maximum=90.0, name='KNtheta', latex_label='$\\Phi$', unit=None, boundary=None)
17:31 INFO    : inclination_EM=Sine(minimum=0.0, maximum=1.5707963267948966, name='inclination_EM', latex_label='$\\iota$', unit=None, boundary=None)
17:31 INFO    : timeshift=Uniform(minimum=-2.0, maximum=0.0, name='timeshift', latex_label='$t_0$', unit=None, boundary=None)
17:31 INFO    : log10_mej_dyn=Uniform(minimum=-3.0, maximum=-1.0, name='log10_mej_dyn', latex_label='$\\log_{10}M^{\\rm{dyn}}_{\\rm{ej}}$', unit=None, boundary=None)
17:31 INFO    : log10_mej_wind=Uniform(minimum=-3.0, maximum=-0.5, name='log10_mej_wind', latex_label='$\\log_{10}M^{\\rm{wind}}_{\\rm{ej}}$', unit=None, boundary=None)
17:31 INFO    : Ebv=0.0
17:31 INFO    : Analysis likelihood class: <class 'nmma.em.likelihood.OpticalLightCurve'>
17:31 INFO    : Analysis likelihood noise evidence: 0.0
17:31 INFO    : Single likelihood evaluation took 1.051e-01 s
17:31 WARNING : Supplied argument 'queue_size' not an argument of 'Pymultinest', removing.
17:31 WARNING : Supplied argument 'check_point_delta_t' not an argument of 'Pymultinest', removing.
17:31 INFO    : Global meta data was removed from the result object for compatibility. Use the `BILBY_INCLUDE_GLOBAL_METADATA` environment variable to include it. This behaviour will be removed in a future release. For more details see: https://bilby-dev.github.io/bilby/faq.html#global-meta-data
17:31 WARNING : Using cached result
17:31 INFO    : Summary of results:
nsamples: 12448
ln_noise_evidence:  0.000
ln_evidence: -317.491 +/-  0.090
ln_bayes_factor: -317.491 +/-  0.090

17:31 INFO    : Writing samples file to /home/liteul/memoir_code/condor_nlive2048/inj_3/inj_3_posterior_samples.dat
