23:15 INFO    : Running for label '0', output will be saved to '/home/stu_jamsin/jamsin/condor_synth_lc/0'
23:15 INFO    : Analysis priors:
23:15 INFO    : luminosity_distance=Uniform(minimum=0.0, maximum=500.0, name='luminosity_distance', latex_label='$D_L$', unit=None, boundary=None)
23:15 INFO    : KNphi=Uniform(minimum=15.0, maximum=75.0, name='KNphi', latex_label='$\\Phi$', unit=None, boundary=None)
23:15 INFO    : KNtheta=Uniform(minimum=0.0, maximum=90.0, name='KNtheta', latex_label='$\\Phi$', unit=None, boundary=None)
23:15 INFO    : inclination_EM=Sine(minimum=0.0, maximum=1.5707963267948966, name='inclination_EM', latex_label='$\\iota$', unit=None, boundary=None)
23:15 INFO    : timeshift=Uniform(minimum=-2.0, maximum=0.0, name='timeshift', latex_label='$t_0$', unit=None, boundary=None)
23:15 INFO    : log10_mej_dyn=Uniform(minimum=-3.0, maximum=-1.0, name='log10_mej_dyn', latex_label='$\\log_{10}M^{\\rm{dyn}}_{\\rm{ej}}$', unit=None, boundary=None)
23:15 INFO    : log10_mej_wind=Uniform(minimum=-3.0, maximum=-0.5, name='log10_mej_wind', latex_label='$\\log_{10}M^{\\rm{wind}}_{\\rm{ej}}$', unit=None, boundary=None)
23:15 INFO    : Ebv=0.0
23:15 INFO    : Analysis likelihood class: <class 'nmma.em.likelihood.OpticalLightCurve'>
23:15 INFO    : Analysis likelihood noise evidence: 0.0
23:15 INFO    : Single likelihood evaluation took 9.143e-02 s
23:15 WARNING : Supplied argument 'queue_size' not an argument of 'Pymultinest', removing.
23:15 WARNING : Supplied argument 'check_point_delta_t' not an argument of 'Pymultinest', removing.
23:15 INFO    : Using sampler Pymultinest with kwargs {'importance_nested_sampling': False, 'resume': True, 'verbose': True, 'sampling_efficiency': 'parameter', 'n_live_points': 2048, 'n_params': 7, 'n_clustering_params': None, 'wrapped_params': None, 'multimodal': True, 'const_efficiency_mode': False, 'evidence_tolerance': 0.5, 'n_iter_before_update': 100, 'null_log_evidence': -1e+90, 'max_modes': 100, 'mode_tolerance': -1e+90, 'seed': 42, 'context': 0, 'write_output': True, 'log_zero': -1e+100, 'max_iter': 0, 'init_MPI': False, 'dump_callback': <bound method Pymultinest._dump_callback of <bilby.core.sampler.pymultinest.Pymultinest object at 0xf6c53c8eda0>>}
23:15 INFO    : Global meta data was removed from the result object for compatibility. Use the `BILBY_INCLUDE_GLOBAL_METADATA` environment variable to include it. This behaviour will be removed in a future release. For more details see: https://bilby-dev.github.io/bilby/faq.html#global-meta-data
23:15 INFO    : Using temporary file /tmp/tmpunj_0nop
23:20 INFO    : Overwriting /home/stu_jamsin/jamsin/condor_synth_lc/0/pm_0/ with /tmp/tmpunj_0nop/
23:23 INFO    : Overwriting /home/stu_jamsin/jamsin/condor_synth_lc/0/pm_0/ with /tmp/tmpunj_0nop/
23:25 INFO    : Overwriting /home/stu_jamsin/jamsin/condor_synth_lc/0/pm_0/ with /tmp/tmpunj_0nop/
23:28 INFO    : Overwriting /home/stu_jamsin/jamsin/condor_synth_lc/0/pm_0/ with /tmp/tmpunj_0nop/
23:32 INFO    : Overwriting /home/stu_jamsin/jamsin/condor_synth_lc/0/pm_0/ with /tmp/tmpunj_0nop/
23:35 INFO    : Overwriting /home/stu_jamsin/jamsin/condor_synth_lc/0/pm_0/ with /tmp/tmpunj_0nop/
23:38 INFO    : Overwriting /home/stu_jamsin/jamsin/condor_synth_lc/0/pm_0/ with /tmp/tmpunj_0nop/
23:42 INFO    : Overwriting /home/stu_jamsin/jamsin/condor_synth_lc/0/pm_0/ with /tmp/tmpunj_0nop/
23:46 INFO    : Overwriting /home/stu_jamsin/jamsin/condor_synth_lc/0/pm_0/ with /tmp/tmpunj_0nop/
23:49 INFO    : Overwriting /home/stu_jamsin/jamsin/condor_synth_lc/0/pm_0/ with /tmp/tmpunj_0nop/
23:53 INFO    : Overwriting /home/stu_jamsin/jamsin/condor_synth_lc/0/pm_0/ with /tmp/tmpunj_0nop/
23:57 INFO    : Overwriting /home/stu_jamsin/jamsin/condor_synth_lc/0/pm_0/ with /tmp/tmpunj_0nop/
00:01 INFO    : Overwriting /home/stu_jamsin/jamsin/condor_synth_lc/0/pm_0/ with /tmp/tmpunj_0nop/
00:05 INFO    : Overwriting /home/stu_jamsin/jamsin/condor_synth_lc/0/pm_0/ with /tmp/tmpunj_0nop/
00:09 INFO    : Overwriting /home/stu_jamsin/jamsin/condor_synth_lc/0/pm_0/ with /tmp/tmpunj_0nop/
00:14 INFO    : Overwriting /home/stu_jamsin/jamsin/condor_synth_lc/0/pm_0/ with /tmp/tmpunj_0nop/
00:18 INFO    : Overwriting /home/stu_jamsin/jamsin/condor_synth_lc/0/pm_0/ with /tmp/tmpunj_0nop/
00:22 INFO    : Overwriting /home/stu_jamsin/jamsin/condor_synth_lc/0/pm_0/ with /tmp/tmpunj_0nop/
00:26 INFO    : Overwriting /home/stu_jamsin/jamsin/condor_synth_lc/0/pm_0/ with /tmp/tmpunj_0nop/
00:31 INFO    : Overwriting /home/stu_jamsin/jamsin/condor_synth_lc/0/pm_0/ with /tmp/tmpunj_0nop/
00:36 INFO    : Overwriting /home/stu_jamsin/jamsin/condor_synth_lc/0/pm_0/ with /tmp/tmpunj_0nop/
00:41 INFO    : Overwriting /home/stu_jamsin/jamsin/condor_synth_lc/0/pm_0/ with /tmp/tmpunj_0nop/
00:45 INFO    : Overwriting /home/stu_jamsin/jamsin/condor_synth_lc/0/pm_0/ with /tmp/tmpunj_0nop/
00:50 INFO    : Overwriting /home/stu_jamsin/jamsin/condor_synth_lc/0/pm_0/ with /tmp/tmpunj_0nop/
00:55 INFO    : Overwriting /home/stu_jamsin/jamsin/condor_synth_lc/0/pm_0/ with /tmp/tmpunj_0nop/
01:00 INFO    : Overwriting /home/stu_jamsin/jamsin/condor_synth_lc/0/pm_0/ with /tmp/tmpunj_0nop/
01:05 INFO    : Overwriting /home/stu_jamsin/jamsin/condor_synth_lc/0/pm_0/ with /tmp/tmpunj_0nop/
01:08 INFO    : Overwriting /home/stu_jamsin/jamsin/condor_synth_lc/0/pm_0/ with /tmp/tmpunj_0nop/
01:08 INFO    : Overwriting /home/stu_jamsin/jamsin/condor_synth_lc/0/pm_0/ with /tmp/tmpunj_0nop/
01:08 INFO    : Overwriting /home/stu_jamsin/jamsin/condor_synth_lc/0/pm_0/ with /tmp/tmpunj_0nop/
01:08 INFO    : Sampling time: 1:53:03.388853
01:08 INFO    : Summary of results:
nsamples: 10819
ln_noise_evidence:  0.000
ln_evidence: -69.993 +/-  0.070
ln_bayes_factor: -69.993 +/-  0.070

01:08 INFO    : Writing samples file to /home/stu_jamsin/jamsin/condor_synth_lc/0/0_posterior_samples.dat
19:30 INFO    : Running for label '0', output will be saved to '/home/stu_jamsin/jamsin/condor_synth_lc/0'
19:30 INFO    : Analysis priors:
19:30 INFO    : luminosity_distance=Uniform(minimum=0.0, maximum=500.0, name='luminosity_distance', latex_label='$D_L$', unit=None, boundary=None)
19:30 INFO    : KNphi=Uniform(minimum=15.0, maximum=75.0, name='KNphi', latex_label='$\\Phi$', unit=None, boundary=None)
19:30 INFO    : KNtheta=Uniform(minimum=0.0, maximum=90.0, name='KNtheta', latex_label='$\\Phi$', unit=None, boundary=None)
19:30 INFO    : inclination_EM=Sine(minimum=0.0, maximum=1.5707963267948966, name='inclination_EM', latex_label='$\\iota$', unit=None, boundary=None)
19:30 INFO    : timeshift=Uniform(minimum=-2.0, maximum=0.0, name='timeshift', latex_label='$t_0$', unit=None, boundary=None)
19:30 INFO    : log10_mej_dyn=Uniform(minimum=-3.0, maximum=-1.0, name='log10_mej_dyn', latex_label='$\\log_{10}M^{\\rm{dyn}}_{\\rm{ej}}$', unit=None, boundary=None)
19:30 INFO    : log10_mej_wind=Uniform(minimum=-3.0, maximum=-0.5, name='log10_mej_wind', latex_label='$\\log_{10}M^{\\rm{wind}}_{\\rm{ej}}$', unit=None, boundary=None)
19:30 INFO    : Ebv=0.0
19:30 INFO    : Analysis likelihood class: <class 'nmma.em.likelihood.OpticalLightCurve'>
19:30 INFO    : Analysis likelihood noise evidence: 0.0
19:31 INFO    : Single likelihood evaluation took 2.732e-01 s
19:31 WARNING : Supplied argument 'queue_size' not an argument of 'Pymultinest', removing.
19:31 WARNING : Supplied argument 'check_point_delta_t' not an argument of 'Pymultinest', removing.
19:31 INFO    : Global meta data was removed from the result object for compatibility. Use the `BILBY_INCLUDE_GLOBAL_METADATA` environment variable to include it. This behaviour will be removed in a future release. For more details see: https://bilby-dev.github.io/bilby/faq.html#global-meta-data
19:31 WARNING : Using cached result
19:31 INFO    : Summary of results:
nsamples: 10819
ln_noise_evidence:  0.000
ln_evidence: -69.993 +/-  0.070
ln_bayes_factor: -69.993 +/-  0.070

19:31 INFO    : Writing samples file to /home/stu_jamsin/jamsin/condor_synth_lc/0/0_posterior_samples.dat
