03:51 INFO    : Running for label '64', output will be saved to '/home/stu_jamsin/jamsin/condor_synth_large/64'
03:51 INFO    : Analysis priors:
03:51 INFO    : luminosity_distance=Uniform(minimum=0.0, maximum=500.0, name='luminosity_distance', latex_label='$D_L$', unit=None, boundary=None)
03:51 INFO    : KNphi=Uniform(minimum=15.0, maximum=75.0, name='KNphi', latex_label='$\\Phi$', unit=None, boundary=None)
03:51 INFO    : KNtheta=Uniform(minimum=0.0, maximum=90.0, name='KNtheta', latex_label='$\\Phi$', unit=None, boundary=None)
03:51 INFO    : inclination_EM=Sine(minimum=0.0, maximum=1.5707963267948966, name='inclination_EM', latex_label='$\\iota$', unit=None, boundary=None)
03:51 INFO    : timeshift=Uniform(minimum=-2.0, maximum=0.0, name='timeshift', latex_label='$t_0$', unit=None, boundary=None)
03:51 INFO    : log10_mej_dyn=Uniform(minimum=-3.0, maximum=-1.0, name='log10_mej_dyn', latex_label='$\\log_{10}M^{\\rm{dyn}}_{\\rm{ej}}$', unit=None, boundary=None)
03:51 INFO    : log10_mej_wind=Uniform(minimum=-3.0, maximum=-0.5, name='log10_mej_wind', latex_label='$\\log_{10}M^{\\rm{wind}}_{\\rm{ej}}$', unit=None, boundary=None)
03:51 INFO    : Ebv=0.0
03:51 INFO    : Analysis likelihood class: <class 'nmma.em.likelihood.OpticalLightCurve'>
03:51 INFO    : Analysis likelihood noise evidence: 0.0
03:52 INFO    : Single likelihood evaluation took 2.714e-01 s
03:52 WARNING : Supplied argument 'queue_size' not an argument of 'Pymultinest', removing.
03:52 WARNING : Supplied argument 'check_point_delta_t' not an argument of 'Pymultinest', removing.
03:52 INFO    : Using sampler Pymultinest with kwargs {'importance_nested_sampling': False, 'resume': True, 'verbose': True, 'sampling_efficiency': 'parameter', 'n_live_points': 2048, 'n_params': 7, 'n_clustering_params': None, 'wrapped_params': None, 'multimodal': True, 'const_efficiency_mode': False, 'evidence_tolerance': 0.5, 'n_iter_before_update': 100, 'null_log_evidence': -1e+90, 'max_modes': 100, 'mode_tolerance': -1e+90, 'seed': 42, 'context': 0, 'write_output': True, 'log_zero': -1e+100, 'max_iter': 0, 'init_MPI': False, 'dump_callback': <bound method Pymultinest._dump_callback of <bilby.core.sampler.pymultinest.Pymultinest object at 0x146c19475810>>}
03:52 INFO    : Global meta data was removed from the result object for compatibility. Use the `BILBY_INCLUDE_GLOBAL_METADATA` environment variable to include it. This behaviour will be removed in a future release. For more details see: https://bilby-dev.github.io/bilby/faq.html#global-meta-data
03:52 INFO    : Using temporary file /tmp/tmperm07o52
04:11 INFO    : Overwriting /home/stu_jamsin/jamsin/condor_synth_large/64/pm_64/ with /tmp/tmperm07o52/
04:18 INFO    : Overwriting /home/stu_jamsin/jamsin/condor_synth_large/64/pm_64/ with /tmp/tmperm07o52/
04:27 INFO    : Overwriting /home/stu_jamsin/jamsin/condor_synth_large/64/pm_64/ with /tmp/tmperm07o52/
04:36 INFO    : Overwriting /home/stu_jamsin/jamsin/condor_synth_large/64/pm_64/ with /tmp/tmperm07o52/
04:44 INFO    : Overwriting /home/stu_jamsin/jamsin/condor_synth_large/64/pm_64/ with /tmp/tmperm07o52/
04:51 INFO    : Overwriting /home/stu_jamsin/jamsin/condor_synth_large/64/pm_64/ with /tmp/tmperm07o52/
04:58 INFO    : Overwriting /home/stu_jamsin/jamsin/condor_synth_large/64/pm_64/ with /tmp/tmperm07o52/
05:05 INFO    : Overwriting /home/stu_jamsin/jamsin/condor_synth_large/64/pm_64/ with /tmp/tmperm07o52/
05:10 INFO    : Overwriting /home/stu_jamsin/jamsin/condor_synth_large/64/pm_64/ with /tmp/tmperm07o52/
05:13 INFO    : Overwriting /home/stu_jamsin/jamsin/condor_synth_large/64/pm_64/ with /tmp/tmperm07o52/
05:17 INFO    : Overwriting /home/stu_jamsin/jamsin/condor_synth_large/64/pm_64/ with /tmp/tmperm07o52/
05:20 INFO    : Overwriting /home/stu_jamsin/jamsin/condor_synth_large/64/pm_64/ with /tmp/tmperm07o52/
05:23 INFO    : Overwriting /home/stu_jamsin/jamsin/condor_synth_large/64/pm_64/ with /tmp/tmperm07o52/
05:27 INFO    : Overwriting /home/stu_jamsin/jamsin/condor_synth_large/64/pm_64/ with /tmp/tmperm07o52/
05:30 INFO    : Overwriting /home/stu_jamsin/jamsin/condor_synth_large/64/pm_64/ with /tmp/tmperm07o52/
05:33 INFO    : Overwriting /home/stu_jamsin/jamsin/condor_synth_large/64/pm_64/ with /tmp/tmperm07o52/
05:37 INFO    : Overwriting /home/stu_jamsin/jamsin/condor_synth_large/64/pm_64/ with /tmp/tmperm07o52/
05:40 INFO    : Overwriting /home/stu_jamsin/jamsin/condor_synth_large/64/pm_64/ with /tmp/tmperm07o52/
05:44 INFO    : Overwriting /home/stu_jamsin/jamsin/condor_synth_large/64/pm_64/ with /tmp/tmperm07o52/
05:48 INFO    : Overwriting /home/stu_jamsin/jamsin/condor_synth_large/64/pm_64/ with /tmp/tmperm07o52/
05:51 INFO    : Overwriting /home/stu_jamsin/jamsin/condor_synth_large/64/pm_64/ with /tmp/tmperm07o52/
05:51 INFO    : Overwriting /home/stu_jamsin/jamsin/condor_synth_large/64/pm_64/ with /tmp/tmperm07o52/
05:51 INFO    : Overwriting /home/stu_jamsin/jamsin/condor_synth_large/64/pm_64/ with /tmp/tmperm07o52/
05:51 INFO    : Sampling time: 1:59:02.387126
05:51 INFO    : Summary of results:
nsamples: 10997
ln_noise_evidence:  0.000
ln_evidence: -34.671 +/-  0.058
ln_bayes_factor: -34.671 +/-  0.058

05:51 INFO    : Writing samples file to /home/stu_jamsin/jamsin/condor_synth_large/64/64_posterior_samples.dat
