04:14 INFO    : Running for label '68', output will be saved to '/home/stu_jamsin/jamsin/condor_synth_large/68'
04:14 INFO    : Analysis priors:
04:14 INFO    : luminosity_distance=Uniform(minimum=0.0, maximum=500.0, name='luminosity_distance', latex_label='$D_L$', unit=None, boundary=None)
04:14 INFO    : KNphi=Uniform(minimum=15.0, maximum=75.0, name='KNphi', latex_label='$\\Phi$', unit=None, boundary=None)
04:14 INFO    : KNtheta=Uniform(minimum=0.0, maximum=90.0, name='KNtheta', latex_label='$\\Phi$', unit=None, boundary=None)
04:14 INFO    : inclination_EM=Sine(minimum=0.0, maximum=1.5707963267948966, name='inclination_EM', latex_label='$\\iota$', unit=None, boundary=None)
04:14 INFO    : timeshift=Uniform(minimum=-2.0, maximum=0.0, name='timeshift', latex_label='$t_0$', unit=None, boundary=None)
04:14 INFO    : log10_mej_dyn=Uniform(minimum=-3.0, maximum=-1.0, name='log10_mej_dyn', latex_label='$\\log_{10}M^{\\rm{dyn}}_{\\rm{ej}}$', unit=None, boundary=None)
04:14 INFO    : log10_mej_wind=Uniform(minimum=-3.0, maximum=-0.5, name='log10_mej_wind', latex_label='$\\log_{10}M^{\\rm{wind}}_{\\rm{ej}}$', unit=None, boundary=None)
04:14 INFO    : Ebv=0.0
04:14 INFO    : Analysis likelihood class: <class 'nmma.em.likelihood.OpticalLightCurve'>
04:14 INFO    : Analysis likelihood noise evidence: 0.0
04:15 INFO    : Single likelihood evaluation took 2.748e-01 s
04:15 WARNING : Supplied argument 'queue_size' not an argument of 'Pymultinest', removing.
04:15 WARNING : Supplied argument 'check_point_delta_t' not an argument of 'Pymultinest', removing.
04:15 INFO    : Using sampler Pymultinest with kwargs {'importance_nested_sampling': False, 'resume': True, 'verbose': True, 'sampling_efficiency': 'parameter', 'n_live_points': 2048, 'n_params': 7, 'n_clustering_params': None, 'wrapped_params': None, 'multimodal': True, 'const_efficiency_mode': False, 'evidence_tolerance': 0.5, 'n_iter_before_update': 100, 'null_log_evidence': -1e+90, 'max_modes': 100, 'mode_tolerance': -1e+90, 'seed': 42, 'context': 0, 'write_output': True, 'log_zero': -1e+100, 'max_iter': 0, 'init_MPI': False, 'dump_callback': <bound method Pymultinest._dump_callback of <bilby.core.sampler.pymultinest.Pymultinest object at 0xb8b641e0850>>}
04:15 INFO    : Global meta data was removed from the result object for compatibility. Use the `BILBY_INCLUDE_GLOBAL_METADATA` environment variable to include it. This behaviour will be removed in a future release. For more details see: https://bilby-dev.github.io/bilby/faq.html#global-meta-data
04:15 INFO    : Using temporary file /tmp/tmppvl8__rn
04:30 INFO    : Overwriting /home/stu_jamsin/jamsin/condor_synth_large/68/pm_68/ with /tmp/tmppvl8__rn/
04:37 INFO    : Overwriting /home/stu_jamsin/jamsin/condor_synth_large/68/pm_68/ with /tmp/tmppvl8__rn/
04:44 INFO    : Overwriting /home/stu_jamsin/jamsin/condor_synth_large/68/pm_68/ with /tmp/tmppvl8__rn/
04:50 INFO    : Overwriting /home/stu_jamsin/jamsin/condor_synth_large/68/pm_68/ with /tmp/tmppvl8__rn/
04:57 INFO    : Overwriting /home/stu_jamsin/jamsin/condor_synth_large/68/pm_68/ with /tmp/tmppvl8__rn/
05:02 INFO    : Overwriting /home/stu_jamsin/jamsin/condor_synth_large/68/pm_68/ with /tmp/tmppvl8__rn/
05:08 INFO    : Overwriting /home/stu_jamsin/jamsin/condor_synth_large/68/pm_68/ with /tmp/tmppvl8__rn/
05:12 INFO    : Overwriting /home/stu_jamsin/jamsin/condor_synth_large/68/pm_68/ with /tmp/tmppvl8__rn/
05:16 INFO    : Overwriting /home/stu_jamsin/jamsin/condor_synth_large/68/pm_68/ with /tmp/tmppvl8__rn/
05:19 INFO    : Overwriting /home/stu_jamsin/jamsin/condor_synth_large/68/pm_68/ with /tmp/tmppvl8__rn/
05:22 INFO    : Overwriting /home/stu_jamsin/jamsin/condor_synth_large/68/pm_68/ with /tmp/tmppvl8__rn/
05:26 INFO    : Overwriting /home/stu_jamsin/jamsin/condor_synth_large/68/pm_68/ with /tmp/tmppvl8__rn/
05:29 INFO    : Overwriting /home/stu_jamsin/jamsin/condor_synth_large/68/pm_68/ with /tmp/tmppvl8__rn/
05:32 INFO    : Overwriting /home/stu_jamsin/jamsin/condor_synth_large/68/pm_68/ with /tmp/tmppvl8__rn/
05:35 INFO    : Overwriting /home/stu_jamsin/jamsin/condor_synth_large/68/pm_68/ with /tmp/tmppvl8__rn/
05:38 INFO    : Overwriting /home/stu_jamsin/jamsin/condor_synth_large/68/pm_68/ with /tmp/tmppvl8__rn/
05:42 INFO    : Overwriting /home/stu_jamsin/jamsin/condor_synth_large/68/pm_68/ with /tmp/tmppvl8__rn/
05:45 INFO    : Overwriting /home/stu_jamsin/jamsin/condor_synth_large/68/pm_68/ with /tmp/tmppvl8__rn/
05:49 INFO    : Overwriting /home/stu_jamsin/jamsin/condor_synth_large/68/pm_68/ with /tmp/tmppvl8__rn/
05:52 INFO    : Overwriting /home/stu_jamsin/jamsin/condor_synth_large/68/pm_68/ with /tmp/tmppvl8__rn/
05:55 INFO    : Overwriting /home/stu_jamsin/jamsin/condor_synth_large/68/pm_68/ with /tmp/tmppvl8__rn/
05:58 INFO    : Overwriting /home/stu_jamsin/jamsin/condor_synth_large/68/pm_68/ with /tmp/tmppvl8__rn/
06:00 INFO    : Overwriting /home/stu_jamsin/jamsin/condor_synth_large/68/pm_68/ with /tmp/tmppvl8__rn/
06:01 INFO    : Overwriting /home/stu_jamsin/jamsin/condor_synth_large/68/pm_68/ with /tmp/tmppvl8__rn/
06:01 INFO    : Overwriting /home/stu_jamsin/jamsin/condor_synth_large/68/pm_68/ with /tmp/tmppvl8__rn/
06:01 INFO    : Overwriting /home/stu_jamsin/jamsin/condor_synth_large/68/pm_68/ with /tmp/tmppvl8__rn/
06:01 INFO    : Sampling time: 1:46:02.852248
06:01 INFO    : Summary of results:
nsamples: 12338
ln_noise_evidence:  0.000
ln_evidence: -39.360 +/-  0.060
ln_bayes_factor: -39.360 +/-  0.060

06:01 INFO    : Writing samples file to /home/stu_jamsin/jamsin/condor_synth_large/68/68_posterior_samples.dat
