00:12 INFO    : Running for label '36', output will be saved to '/home/stu_jamsin/jamsin/condor_synth_large/36'
00:12 INFO    : Analysis priors:
00:12 INFO    : luminosity_distance=Uniform(minimum=0.0, maximum=500.0, name='luminosity_distance', latex_label='$D_L$', unit=None, boundary=None)
00:12 INFO    : KNphi=Uniform(minimum=15.0, maximum=75.0, name='KNphi', latex_label='$\\Phi$', unit=None, boundary=None)
00:12 INFO    : KNtheta=Uniform(minimum=0.0, maximum=90.0, name='KNtheta', latex_label='$\\Phi$', unit=None, boundary=None)
00:12 INFO    : inclination_EM=Sine(minimum=0.0, maximum=1.5707963267948966, name='inclination_EM', latex_label='$\\iota$', unit=None, boundary=None)
00:12 INFO    : timeshift=Uniform(minimum=-2.0, maximum=0.0, name='timeshift', latex_label='$t_0$', unit=None, boundary=None)
00:12 INFO    : log10_mej_dyn=Uniform(minimum=-3.0, maximum=-1.0, name='log10_mej_dyn', latex_label='$\\log_{10}M^{\\rm{dyn}}_{\\rm{ej}}$', unit=None, boundary=None)
00:12 INFO    : log10_mej_wind=Uniform(minimum=-3.0, maximum=-0.5, name='log10_mej_wind', latex_label='$\\log_{10}M^{\\rm{wind}}_{\\rm{ej}}$', unit=None, boundary=None)
00:12 INFO    : Ebv=0.0
00:12 INFO    : Analysis likelihood class: <class 'nmma.em.likelihood.OpticalLightCurve'>
00:12 INFO    : Analysis likelihood noise evidence: 0.0
00:13 INFO    : Single likelihood evaluation took 1.790e-01 s
00:13 WARNING : Supplied argument 'queue_size' not an argument of 'Pymultinest', removing.
00:13 WARNING : Supplied argument 'check_point_delta_t' not an argument of 'Pymultinest', removing.
00:13 INFO    : Using sampler Pymultinest with kwargs {'importance_nested_sampling': False, 'resume': True, 'verbose': True, 'sampling_efficiency': 'parameter', 'n_live_points': 2048, 'n_params': 7, 'n_clustering_params': None, 'wrapped_params': None, 'multimodal': True, 'const_efficiency_mode': False, 'evidence_tolerance': 0.5, 'n_iter_before_update': 100, 'null_log_evidence': -1e+90, 'max_modes': 100, 'mode_tolerance': -1e+90, 'seed': 42, 'context': 0, 'write_output': True, 'log_zero': -1e+100, 'max_iter': 0, 'init_MPI': False, 'dump_callback': <bound method Pymultinest._dump_callback of <bilby.core.sampler.pymultinest.Pymultinest object at 0x1158236b9720>>}
00:13 INFO    : Global meta data was removed from the result object for compatibility. Use the `BILBY_INCLUDE_GLOBAL_METADATA` environment variable to include it. This behaviour will be removed in a future release. For more details see: https://bilby-dev.github.io/bilby/faq.html#global-meta-data
00:13 INFO    : Using temporary file /tmp/tmpot3h_5ef
00:30 INFO    : Overwriting /home/stu_jamsin/jamsin/condor_synth_large/36/pm_36/ with /tmp/tmpot3h_5ef/
00:39 INFO    : Overwriting /home/stu_jamsin/jamsin/condor_synth_large/36/pm_36/ with /tmp/tmpot3h_5ef/
00:47 INFO    : Overwriting /home/stu_jamsin/jamsin/condor_synth_large/36/pm_36/ with /tmp/tmpot3h_5ef/
00:56 INFO    : Overwriting /home/stu_jamsin/jamsin/condor_synth_large/36/pm_36/ with /tmp/tmpot3h_5ef/
01:07 INFO    : Overwriting /home/stu_jamsin/jamsin/condor_synth_large/36/pm_36/ with /tmp/tmpot3h_5ef/
01:18 INFO    : Overwriting /home/stu_jamsin/jamsin/condor_synth_large/36/pm_36/ with /tmp/tmpot3h_5ef/
01:27 INFO    : Overwriting /home/stu_jamsin/jamsin/condor_synth_large/36/pm_36/ with /tmp/tmpot3h_5ef/
01:37 INFO    : Overwriting /home/stu_jamsin/jamsin/condor_synth_large/36/pm_36/ with /tmp/tmpot3h_5ef/
01:48 INFO    : Overwriting /home/stu_jamsin/jamsin/condor_synth_large/36/pm_36/ with /tmp/tmpot3h_5ef/
01:58 INFO    : Overwriting /home/stu_jamsin/jamsin/condor_synth_large/36/pm_36/ with /tmp/tmpot3h_5ef/
02:09 INFO    : Overwriting /home/stu_jamsin/jamsin/condor_synth_large/36/pm_36/ with /tmp/tmpot3h_5ef/
02:19 INFO    : Overwriting /home/stu_jamsin/jamsin/condor_synth_large/36/pm_36/ with /tmp/tmpot3h_5ef/
02:30 INFO    : Overwriting /home/stu_jamsin/jamsin/condor_synth_large/36/pm_36/ with /tmp/tmpot3h_5ef/
02:42 INFO    : Overwriting /home/stu_jamsin/jamsin/condor_synth_large/36/pm_36/ with /tmp/tmpot3h_5ef/
02:52 INFO    : Overwriting /home/stu_jamsin/jamsin/condor_synth_large/36/pm_36/ with /tmp/tmpot3h_5ef/
03:04 INFO    : Overwriting /home/stu_jamsin/jamsin/condor_synth_large/36/pm_36/ with /tmp/tmpot3h_5ef/
03:16 INFO    : Overwriting /home/stu_jamsin/jamsin/condor_synth_large/36/pm_36/ with /tmp/tmpot3h_5ef/
03:29 INFO    : Overwriting /home/stu_jamsin/jamsin/condor_synth_large/36/pm_36/ with /tmp/tmpot3h_5ef/
03:37 INFO    : Overwriting /home/stu_jamsin/jamsin/condor_synth_large/36/pm_36/ with /tmp/tmpot3h_5ef/
03:37 INFO    : Overwriting /home/stu_jamsin/jamsin/condor_synth_large/36/pm_36/ with /tmp/tmpot3h_5ef/
03:37 INFO    : Overwriting /home/stu_jamsin/jamsin/condor_synth_large/36/pm_36/ with /tmp/tmpot3h_5ef/
03:37 INFO    : Sampling time: 3:24:44.070694
03:37 INFO    : Summary of results:
nsamples: 9957
ln_noise_evidence:  0.000
ln_evidence: -29.222 +/-  0.054
ln_bayes_factor: -29.222 +/-  0.054

03:37 INFO    : Writing samples file to /home/stu_jamsin/jamsin/condor_synth_large/36/36_posterior_samples.dat
