12:53 INFO    : Running for label 'minus6_12', output will be saved to '/home/stu_jamsin/jamsin/grid_lc12_2/12/minus6'
12:53 INFO    : Analysis priors:
12:53 INFO    : luminosity_distance=Uniform(minimum=0.0, maximum=200.0, name='luminosity_distance', latex_label='$D_L$', unit=None, boundary=None)
12:53 INFO    : KNphi=Uniform(minimum=15.0, maximum=75.0, name='KNphi', latex_label='$\\Phi$', unit=None, boundary=None)
12:53 INFO    : KNtheta=Uniform(minimum=0.0, maximum=90.0, name='KNtheta', latex_label='$\\Theta$', unit=None, boundary=None)
12:53 INFO    : inclination_EM=Sine(minimum=0.0, maximum=1.5707963267948966, name='inclination_EM', latex_label='$\\iota$', unit=None, boundary=None)
12:53 INFO    : timeshift=Uniform(minimum=-2.0, maximum=0.0, name='timeshift', latex_label='$t_0$', unit=None, boundary=None)
12:53 INFO    : log10_mej_dyn=Uniform(minimum=-3.0, maximum=-1.0, name='log10_mej_dyn', latex_label='$\\log_{10}M^{\\rm{dyn}}_{\\rm{ej}}$', unit=None, boundary=None)
12:53 INFO    : log10_mej_wind=Uniform(minimum=-3.0, maximum=-0.5, name='log10_mej_wind', latex_label='$\\log_{10}M^{\\rm{wind}}_{\\rm{ej}}$', unit=None, boundary=None)
12:53 INFO    : Ebv=0.0
12:53 INFO    : Analysis likelihood class: <class 'nmma.em.likelihood.OpticalLightCurve'>
12:53 INFO    : Analysis likelihood noise evidence: 0.0
12:53 INFO    : Single likelihood evaluation took 5.105e-02 s
12:53 WARNING : Supplied argument 'queue_size' not an argument of 'Pymultinest', removing.
12:53 WARNING : Supplied argument 'check_point_delta_t' not an argument of 'Pymultinest', removing.
12:53 INFO    : Using sampler Pymultinest with kwargs {'importance_nested_sampling': False, 'resume': True, 'verbose': True, 'sampling_efficiency': 'parameter', 'n_live_points': 256, 'n_params': 7, 'n_clustering_params': None, 'wrapped_params': None, 'multimodal': True, 'const_efficiency_mode': False, 'evidence_tolerance': 0.5, 'n_iter_before_update': 100, 'null_log_evidence': -1e+90, 'max_modes': 100, 'mode_tolerance': -1e+90, 'seed': 42, 'context': 0, 'write_output': True, 'log_zero': -1e+100, 'max_iter': 0, 'init_MPI': False, 'dump_callback': <bound method Pymultinest._dump_callback of <bilby.core.sampler.pymultinest.Pymultinest object at 0xf2c35c279a0>>}
12:53 INFO    : Global meta data was removed from the result object for compatibility. Use the `BILBY_INCLUDE_GLOBAL_METADATA` environment variable to include it. This behaviour will be removed in a future release. For more details see: https://bilby-dev.github.io/bilby/faq.html#global-meta-data
12:53 INFO    : Using temporary file /tmp/tmpbkmp_9ul
12:55 INFO    : Overwriting /home/stu_jamsin/jamsin/grid_lc12_2/12/minus6/pm_minus6_12/ with /tmp/tmpbkmp_9ul/
12:57 INFO    : Overwriting /home/stu_jamsin/jamsin/grid_lc12_2/12/minus6/pm_minus6_12/ with /tmp/tmpbkmp_9ul/
12:59 INFO    : Overwriting /home/stu_jamsin/jamsin/grid_lc12_2/12/minus6/pm_minus6_12/ with /tmp/tmpbkmp_9ul/
12:59 INFO    : Overwriting /home/stu_jamsin/jamsin/grid_lc12_2/12/minus6/pm_minus6_12/ with /tmp/tmpbkmp_9ul/
12:59 INFO    : Overwriting /home/stu_jamsin/jamsin/grid_lc12_2/12/minus6/pm_minus6_12/ with /tmp/tmpbkmp_9ul/
12:59 INFO    : Overwriting /home/stu_jamsin/jamsin/grid_lc12_2/12/minus6/pm_minus6_12/ with /tmp/tmpbkmp_9ul/
12:59 INFO    : Sampling time: 0:06:17.339409
12:59 INFO    : Summary of results:
nsamples: 1323
ln_noise_evidence:  0.000
ln_evidence: -32.782 +/-  0.192
ln_bayes_factor: -32.782 +/-  0.192

12:59 INFO    : Writing samples file to /home/stu_jamsin/jamsin/grid_lc12_2/12/minus6/minus6_12_posterior_samples.dat
