13:11 INFO    : Running for label 'minus1_22', output will be saved to '/home/stu_jamsin/jamsin/grid_LSST_like_nlive512/22/minus1'
13:11 INFO    : Analysis priors:
13:11 INFO    : luminosity_distance=Uniform(minimum=0.0, maximum=200.0, name='luminosity_distance', latex_label='$D_L$', unit=None, boundary=None)
13:11 INFO    : KNphi=Uniform(minimum=15.0, maximum=75.0, name='KNphi', latex_label='$\\Phi$', unit=None, boundary=None)
13:11 INFO    : KNtheta=Uniform(minimum=0.0, maximum=90.0, name='KNtheta', latex_label='$\\Theta$', unit=None, boundary=None)
13:11 INFO    : inclination_EM=Sine(minimum=0.0, maximum=1.5707963267948966, name='inclination_EM', latex_label='$\\iota$', unit=None, boundary=None)
13:11 INFO    : timeshift=Uniform(minimum=-4.5, maximum=0.5, name='timeshift', latex_label='$t_0$', unit=None, boundary=None)
13:11 INFO    : log10_mej_dyn=Uniform(minimum=-3.0, maximum=-1.0, name='log10_mej_dyn', latex_label='$\\log_{10}M^{\\rm{dyn}}_{\\rm{ej}}$', unit=None, boundary=None)
13:11 INFO    : log10_mej_wind=Uniform(minimum=-3.0, maximum=-0.5, name='log10_mej_wind', latex_label='$\\log_{10}M^{\\rm{wind}}_{\\rm{ej}}$', unit=None, boundary=None)
13:11 INFO    : Ebv=0.0
13:11 INFO    : Analysis likelihood class: <class 'nmma.em.likelihood.OpticalLightCurve'>
13:11 INFO    : Analysis likelihood noise evidence: 0.0
13:11 INFO    : Single likelihood evaluation took 3.552e-01 s
13:11 WARNING : Supplied argument 'queue_size' not an argument of 'Pymultinest', removing.
13:11 WARNING : Supplied argument 'check_point_delta_t' not an argument of 'Pymultinest', removing.
13:11 INFO    : Using sampler Pymultinest with kwargs {'importance_nested_sampling': False, 'resume': True, 'verbose': True, 'sampling_efficiency': 'parameter', 'n_live_points': 512, 'n_params': 7, 'n_clustering_params': None, 'wrapped_params': None, 'multimodal': True, 'const_efficiency_mode': False, 'evidence_tolerance': 0.5, 'n_iter_before_update': 100, 'null_log_evidence': -1e+90, 'max_modes': 100, 'mode_tolerance': -1e+90, 'seed': 42, 'context': 0, 'write_output': True, 'log_zero': -1e+100, 'max_iter': 0, 'init_MPI': False, 'dump_callback': <bound method Pymultinest._dump_callback of <bilby.core.sampler.pymultinest.Pymultinest object at 0x1474c01f7370>>}
13:11 INFO    : Global meta data was removed from the result object for compatibility. Use the `BILBY_INCLUDE_GLOBAL_METADATA` environment variable to include it. This behaviour will be removed in a future release. For more details see: https://bilby-dev.github.io/bilby/faq.html#global-meta-data
13:11 INFO    : Using temporary file /tmp/tmppjtpiskf
13:24 INFO    : Overwriting /home/stu_jamsin/jamsin/grid_LSST_like_nlive512/22/minus1/pm_minus1_22/ with /tmp/tmppjtpiskf/
13:36 INFO    : Overwriting /home/stu_jamsin/jamsin/grid_LSST_like_nlive512/22/minus1/pm_minus1_22/ with /tmp/tmppjtpiskf/
13:51 INFO    : Overwriting /home/stu_jamsin/jamsin/grid_LSST_like_nlive512/22/minus1/pm_minus1_22/ with /tmp/tmppjtpiskf/
14:09 INFO    : Overwriting /home/stu_jamsin/jamsin/grid_LSST_like_nlive512/22/minus1/pm_minus1_22/ with /tmp/tmppjtpiskf/
14:19 INFO    : Overwriting /home/stu_jamsin/jamsin/grid_LSST_like_nlive512/22/minus1/pm_minus1_22/ with /tmp/tmppjtpiskf/
14:19 INFO    : Overwriting /home/stu_jamsin/jamsin/grid_LSST_like_nlive512/22/minus1/pm_minus1_22/ with /tmp/tmppjtpiskf/
14:19 INFO    : Overwriting /home/stu_jamsin/jamsin/grid_LSST_like_nlive512/22/minus1/pm_minus1_22/ with /tmp/tmppjtpiskf/
14:19 INFO    : Sampling time: 1:07:46.050001
14:19 INFO    : Summary of results:
nsamples: 2815
ln_noise_evidence:  0.000
ln_evidence: -25.525 +/-  0.100
ln_bayes_factor: -25.525 +/-  0.100

14:19 INFO    : Writing samples file to /home/stu_jamsin/jamsin/grid_LSST_like_nlive512/22/minus1/minus1_22_posterior_samples.dat
