14:01 INFO    : Running for label 'inj_27', output will be saved to '/home/liteul/memoir_code/condor_other_eos_small_nlive128/inj_27'
14:01 INFO    : Analysis priors:
14:01 INFO    : luminosity_distance=Uniform(minimum=0.0, maximum=500.0, name='luminosity_distance', latex_label='$D_L$', unit=None, boundary=None)
14:01 INFO    : KNphi=Uniform(minimum=15.0, maximum=75.0, name='KNphi', latex_label='$\\Phi$', unit=None, boundary=None)
14:01 INFO    : KNtheta=Uniform(minimum=0.0, maximum=90.0, name='KNtheta', latex_label='$\\Phi$', unit=None, boundary=None)
14:01 INFO    : timeshift=Uniform(minimum=-2.0, maximum=0.0, name='timeshift', latex_label='$t_0$', unit=None, boundary=None)
14:01 INFO    : log10_mej_dyn=Uniform(minimum=-3.0, maximum=-1.0, name='log10_mej_dyn', latex_label='$\\log_{10}M^{\\rm{dyn}}_{\\rm{ej}}$', unit=None, boundary=None)
14:01 INFO    : log10_mej_wind=Uniform(minimum=-3.0, maximum=-0.5, name='log10_mej_wind', latex_label='$\\log_{10}M^{\\rm{wind}}_{\\rm{ej}}$', unit=None, boundary=None)
14:01 INFO    : Ebv=0.0
14:01 INFO    : Analysis likelihood class: <class 'nmma.em.likelihood.OpticalLightCurve'>
14:01 INFO    : Analysis likelihood noise evidence: 0.0
14:01 INFO    : Single likelihood evaluation took 9.841e-02 s
14:01 WARNING : Supplied argument 'queue_size' not an argument of 'Pymultinest', removing.
14:01 WARNING : Supplied argument 'check_point_delta_t' not an argument of 'Pymultinest', removing.
14:01 INFO    : Using sampler Pymultinest with kwargs {'importance_nested_sampling': False, 'resume': True, 'verbose': True, 'sampling_efficiency': 'parameter', 'n_live_points': 128, 'n_params': 6, 'n_clustering_params': None, 'wrapped_params': None, 'multimodal': True, 'const_efficiency_mode': False, 'evidence_tolerance': 0.5, 'n_iter_before_update': 100, 'null_log_evidence': -1e+90, 'max_modes': 100, 'mode_tolerance': -1e+90, 'seed': 42, 'context': 0, 'write_output': True, 'log_zero': -1e+100, 'max_iter': 0, 'init_MPI': False, 'dump_callback': <bound method Pymultinest._dump_callback of <bilby.core.sampler.pymultinest.Pymultinest object at 0x78d10a5f670>>}
14:01 INFO    : Global meta data was removed from the result object for compatibility. Use the `BILBY_INCLUDE_GLOBAL_METADATA` environment variable to include it. This behaviour will be removed in a future release. For more details see: https://bilby-dev.github.io/bilby/faq.html#global-meta-data
14:01 INFO    : Using temporary file /tmp/tmpzr0s_9gh
14:05 INFO    : Overwriting /home/liteul/memoir_code/condor_other_eos_small_nlive128/inj_27/pm_inj_27/ with /tmp/tmpzr0s_9gh/
14:11 INFO    : Overwriting /home/liteul/memoir_code/condor_other_eos_small_nlive128/inj_27/pm_inj_27/ with /tmp/tmpzr0s_9gh/
14:12 INFO    : Overwriting /home/liteul/memoir_code/condor_other_eos_small_nlive128/inj_27/pm_inj_27/ with /tmp/tmpzr0s_9gh/
14:12 INFO    : Overwriting /home/liteul/memoir_code/condor_other_eos_small_nlive128/inj_27/pm_inj_27/ with /tmp/tmpzr0s_9gh/
14:12 INFO    : Overwriting /home/liteul/memoir_code/condor_other_eos_small_nlive128/inj_27/pm_inj_27/ with /tmp/tmpzr0s_9gh/
14:12 INFO    : Sampling time: 0:10:57.211479
14:12 INFO    : Summary of results:
nsamples: 763
ln_noise_evidence:  0.000
ln_evidence: -330.125 +/-  0.322
ln_bayes_factor: -330.125 +/-  0.322

14:12 INFO    : Writing samples file to /home/liteul/memoir_code/condor_other_eos_small_nlive128/inj_27/inj_27_posterior_samples.dat
