00:13 INFO    : Running for label '53', output will be saved to '/home/stu_jamsin/jamsin/condor_synth_large/53'
00:13 INFO    : Analysis priors:
00:13 INFO    : luminosity_distance=Uniform(minimum=0.0, maximum=500.0, name='luminosity_distance', latex_label='$D_L$', unit=None, boundary=None)
00:13 INFO    : KNphi=Uniform(minimum=15.0, maximum=75.0, name='KNphi', latex_label='$\\Phi$', unit=None, boundary=None)
00:13 INFO    : KNtheta=Uniform(minimum=0.0, maximum=90.0, name='KNtheta', latex_label='$\\Phi$', unit=None, boundary=None)
00:13 INFO    : inclination_EM=Sine(minimum=0.0, maximum=1.5707963267948966, name='inclination_EM', latex_label='$\\iota$', unit=None, boundary=None)
00:13 INFO    : timeshift=Uniform(minimum=-2.0, maximum=0.0, name='timeshift', latex_label='$t_0$', unit=None, boundary=None)
00:13 INFO    : log10_mej_dyn=Uniform(minimum=-3.0, maximum=-1.0, name='log10_mej_dyn', latex_label='$\\log_{10}M^{\\rm{dyn}}_{\\rm{ej}}$', unit=None, boundary=None)
00:13 INFO    : log10_mej_wind=Uniform(minimum=-3.0, maximum=-0.5, name='log10_mej_wind', latex_label='$\\log_{10}M^{\\rm{wind}}_{\\rm{ej}}$', unit=None, boundary=None)
00:13 INFO    : Ebv=0.0
00:13 INFO    : Analysis likelihood class: <class 'nmma.em.likelihood.OpticalLightCurve'>
00:13 INFO    : Analysis likelihood noise evidence: 0.0
00:14 INFO    : Single likelihood evaluation took 4.230e-01 s
00:14 WARNING : Supplied argument 'queue_size' not an argument of 'Pymultinest', removing.
00:14 WARNING : Supplied argument 'check_point_delta_t' not an argument of 'Pymultinest', removing.
00:14 INFO    : Using sampler Pymultinest with kwargs {'importance_nested_sampling': False, 'resume': True, 'verbose': True, 'sampling_efficiency': 'parameter', 'n_live_points': 2048, 'n_params': 7, 'n_clustering_params': None, 'wrapped_params': None, 'multimodal': True, 'const_efficiency_mode': False, 'evidence_tolerance': 0.5, 'n_iter_before_update': 100, 'null_log_evidence': -1e+90, 'max_modes': 100, 'mode_tolerance': -1e+90, 'seed': 42, 'context': 0, 'write_output': True, 'log_zero': -1e+100, 'max_iter': 0, 'init_MPI': False, 'dump_callback': <bound method Pymultinest._dump_callback of <bilby.core.sampler.pymultinest.Pymultinest object at 0x8a3922b17b0>>}
00:14 INFO    : Global meta data was removed from the result object for compatibility. Use the `BILBY_INCLUDE_GLOBAL_METADATA` environment variable to include it. This behaviour will be removed in a future release. For more details see: https://bilby-dev.github.io/bilby/faq.html#global-meta-data
00:14 INFO    : Using temporary file /tmp/tmp2t58_07n
00:32 INFO    : Overwriting /home/stu_jamsin/jamsin/condor_synth_large/53/pm_53/ with /tmp/tmp2t58_07n/
00:40 INFO    : Overwriting /home/stu_jamsin/jamsin/condor_synth_large/53/pm_53/ with /tmp/tmp2t58_07n/
00:48 INFO    : Overwriting /home/stu_jamsin/jamsin/condor_synth_large/53/pm_53/ with /tmp/tmp2t58_07n/
00:57 INFO    : Overwriting /home/stu_jamsin/jamsin/condor_synth_large/53/pm_53/ with /tmp/tmp2t58_07n/
01:07 INFO    : Overwriting /home/stu_jamsin/jamsin/condor_synth_large/53/pm_53/ with /tmp/tmp2t58_07n/
01:17 INFO    : Overwriting /home/stu_jamsin/jamsin/condor_synth_large/53/pm_53/ with /tmp/tmp2t58_07n/
01:29 INFO    : Overwriting /home/stu_jamsin/jamsin/condor_synth_large/53/pm_53/ with /tmp/tmp2t58_07n/
01:40 INFO    : Overwriting /home/stu_jamsin/jamsin/condor_synth_large/53/pm_53/ with /tmp/tmp2t58_07n/
01:54 INFO    : Overwriting /home/stu_jamsin/jamsin/condor_synth_large/53/pm_53/ with /tmp/tmp2t58_07n/
02:08 INFO    : Overwriting /home/stu_jamsin/jamsin/condor_synth_large/53/pm_53/ with /tmp/tmp2t58_07n/
02:22 INFO    : Overwriting /home/stu_jamsin/jamsin/condor_synth_large/53/pm_53/ with /tmp/tmp2t58_07n/
02:37 INFO    : Overwriting /home/stu_jamsin/jamsin/condor_synth_large/53/pm_53/ with /tmp/tmp2t58_07n/
02:52 INFO    : Overwriting /home/stu_jamsin/jamsin/condor_synth_large/53/pm_53/ with /tmp/tmp2t58_07n/
03:07 INFO    : Overwriting /home/stu_jamsin/jamsin/condor_synth_large/53/pm_53/ with /tmp/tmp2t58_07n/
03:24 INFO    : Overwriting /home/stu_jamsin/jamsin/condor_synth_large/53/pm_53/ with /tmp/tmp2t58_07n/
03:40 INFO    : Overwriting /home/stu_jamsin/jamsin/condor_synth_large/53/pm_53/ with /tmp/tmp2t58_07n/
03:57 INFO    : Overwriting /home/stu_jamsin/jamsin/condor_synth_large/53/pm_53/ with /tmp/tmp2t58_07n/
04:13 INFO    : Overwriting /home/stu_jamsin/jamsin/condor_synth_large/53/pm_53/ with /tmp/tmp2t58_07n/
04:30 INFO    : Overwriting /home/stu_jamsin/jamsin/condor_synth_large/53/pm_53/ with /tmp/tmp2t58_07n/
04:46 INFO    : Overwriting /home/stu_jamsin/jamsin/condor_synth_large/53/pm_53/ with /tmp/tmp2t58_07n/
04:46 INFO    : Overwriting /home/stu_jamsin/jamsin/condor_synth_large/53/pm_53/ with /tmp/tmp2t58_07n/
04:46 INFO    : Overwriting /home/stu_jamsin/jamsin/condor_synth_large/53/pm_53/ with /tmp/tmp2t58_07n/
04:46 INFO    : Overwriting /home/stu_jamsin/jamsin/condor_synth_large/53/pm_53/ with /tmp/tmp2t58_07n/
04:46 INFO    : Sampling time: 4:32:43.599164
04:46 INFO    : Summary of results:
nsamples: 10981
ln_noise_evidence:  0.000
ln_evidence: -38.403 +/-  0.056
ln_bayes_factor: -38.403 +/-  0.056

04:46 INFO    : Writing samples file to /home/stu_jamsin/jamsin/condor_synth_large/53/53_posterior_samples.dat
